Archive member included because of file (symbol)

c:/altera/13.0sp1/nios2eds/bin/gnu/h-i686-mingw32/bin/../lib/gcc/nios2-elf/4.1.2\libgcc.a(_fixunsdfsi.o)
                              obj/default/dm9000a.o (__fixunsdfsi)
c:/altera/13.0sp1/nios2eds/bin/gnu/h-i686-mingw32/bin/../lib/gcc/nios2-elf/4.1.2\libgcc.a(_addsub_df.o)
                              c:/altera/13.0sp1/nios2eds/bin/gnu/h-i686-mingw32/bin/../lib/gcc/nios2-elf/4.1.2\libgcc.a(_fixunsdfsi.o) (__subdf3)
c:/altera/13.0sp1/nios2eds/bin/gnu/h-i686-mingw32/bin/../lib/gcc/nios2-elf/4.1.2\libgcc.a(_mul_df.o)
                              obj/default/dm9000a.o (__muldf3)
c:/altera/13.0sp1/nios2eds/bin/gnu/h-i686-mingw32/bin/../lib/gcc/nios2-elf/4.1.2\libgcc.a(_ge_df.o)
                              c:/altera/13.0sp1/nios2eds/bin/gnu/h-i686-mingw32/bin/../lib/gcc/nios2-elf/4.1.2\libgcc.a(_fixunsdfsi.o) (__gedf2)
c:/altera/13.0sp1/nios2eds/bin/gnu/h-i686-mingw32/bin/../lib/gcc/nios2-elf/4.1.2\libgcc.a(_df_to_si.o)
                              c:/altera/13.0sp1/nios2eds/bin/gnu/h-i686-mingw32/bin/../lib/gcc/nios2-elf/4.1.2\libgcc.a(_fixunsdfsi.o) (__fixdfsi)
c:/altera/13.0sp1/nios2eds/bin/gnu/h-i686-mingw32/bin/../lib/gcc/nios2-elf/4.1.2\libgcc.a(_thenan_df.o)
                              c:/altera/13.0sp1/nios2eds/bin/gnu/h-i686-mingw32/bin/../lib/gcc/nios2-elf/4.1.2\libgcc.a(_addsub_df.o) (__thenan_df)
c:/altera/13.0sp1/nios2eds/bin/gnu/h-i686-mingw32/bin/../lib/gcc/nios2-elf/4.1.2\libgcc.a(_usi_to_df.o)
                              obj/default/dm9000a.o (__floatunsidf)
c:/altera/13.0sp1/nios2eds/bin/gnu/h-i686-mingw32/bin/../lib/gcc/nios2-elf/4.1.2\libgcc.a(_muldi3.o)
                              c:/altera/13.0sp1/nios2eds/bin/gnu/h-i686-mingw32/bin/../lib/gcc/nios2-elf/4.1.2\libgcc.a(_mul_df.o) (__muldi3)
c:/altera/13.0sp1/nios2eds/bin/gnu/h-i686-mingw32/bin/../lib/gcc/nios2-elf/4.1.2\libgcc.a(_clzsi2.o)
                              c:/altera/13.0sp1/nios2eds/bin/gnu/h-i686-mingw32/bin/../lib/gcc/nios2-elf/4.1.2\libgcc.a(_usi_to_df.o) (__clzsi2)
c:/altera/13.0sp1/nios2eds/bin/gnu/h-i686-mingw32/bin/../lib/gcc/nios2-elf/4.1.2\libgcc.a(_pack_df.o)
                              c:/altera/13.0sp1/nios2eds/bin/gnu/h-i686-mingw32/bin/../lib/gcc/nios2-elf/4.1.2\libgcc.a(_addsub_df.o) (__pack_d)
c:/altera/13.0sp1/nios2eds/bin/gnu/h-i686-mingw32/bin/../lib/gcc/nios2-elf/4.1.2\libgcc.a(_unpack_df.o)
                              c:/altera/13.0sp1/nios2eds/bin/gnu/h-i686-mingw32/bin/../lib/gcc/nios2-elf/4.1.2\libgcc.a(_addsub_df.o) (__unpack_d)
c:/altera/13.0sp1/nios2eds/bin/gnu/h-i686-mingw32/bin/../lib/gcc/nios2-elf/4.1.2\libgcc.a(_fpcmp_parts_df.o)
                              c:/altera/13.0sp1/nios2eds/bin/gnu/h-i686-mingw32/bin/../lib/gcc/nios2-elf/4.1.2\libgcc.a(_ge_df.o) (__fpcmp_parts_d)
c:/altera/13.0sp1/nios2eds/bin/gnu/h-i686-mingw32/bin/../lib/gcc/nios2-elf/4.1.2\libgcc.a(_clz.o)
                              c:/altera/13.0sp1/nios2eds/bin/gnu/h-i686-mingw32/bin/../lib/gcc/nios2-elf/4.1.2\libgcc.a(_clzsi2.o) (__clz_tab)
c:/altera/13.0sp1/nios2eds/bin/gnu/h-i686-mingw32/bin/../lib/gcc/nios2-elf/4.1.2/../../../../nios2-elf/lib\libc.a(lib_a-ctype_.o)
                              obj/default/network_utilities.o (__ctype_ptr)
c:/altera/13.0sp1/nios2eds/bin/gnu/h-i686-mingw32/bin/../lib/gcc/nios2-elf/4.1.2/../../../../nios2-elf/lib\libc.a(lib_a-exit.o)
                              obj/default/iniche_init.o (exit)
c:/altera/13.0sp1/nios2eds/bin/gnu/h-i686-mingw32/bin/../lib/gcc/nios2-elf/4.1.2/../../../../nios2-elf/lib\libc.a(lib_a-fprintf.o)
                              obj/default/alt_error_handler.o (fprintf)
c:/altera/13.0sp1/nios2eds/bin/gnu/h-i686-mingw32/bin/../lib/gcc/nios2-elf/4.1.2/../../../../nios2-elf/lib\libc.a(lib_a-fwrite.o)
                              obj/default/alt_error_handler.o (fwrite)
c:/altera/13.0sp1/nios2eds/bin/gnu/h-i686-mingw32/bin/../lib/gcc/nios2-elf/4.1.2/../../../../nios2-elf/lib\libc.a(lib_a-getc.o)
                              obj/default/network_utilities.o (getc)
c:/altera/13.0sp1/nios2eds/bin/gnu/h-i686-mingw32/bin/../lib/gcc/nios2-elf/4.1.2/../../../../nios2-elf/lib\libc.a(lib_a-impure.o)
                              obj/default/alt_error_handler.o (_impure_ptr)
c:/altera/13.0sp1/nios2eds/bin/gnu/h-i686-mingw32/bin/../lib/gcc/nios2-elf/4.1.2/../../../../nios2-elf/lib\libc.a(lib_a-memcpy.o)
                              obj/default/iniche_init.o (memcpy)
c:/altera/13.0sp1/nios2eds/bin/gnu/h-i686-mingw32/bin/../lib/gcc/nios2-elf/4.1.2/../../../../nios2-elf/lib\libc.a(lib_a-memmove.o)
                              obj/default/simple_socket_server.o (memmove)
c:/altera/13.0sp1/nios2eds/bin/gnu/h-i686-mingw32/bin/../lib/gcc/nios2-elf/4.1.2/../../../../nios2-elf/lib\libc.a(lib_a-memset.o)
                              obj/default/simple_socket_server.o (memset)
c:/altera/13.0sp1/nios2eds/bin/gnu/h-i686-mingw32/bin/../lib/gcc/nios2-elf/4.1.2/../../../../nios2-elf/lib\libc.a(lib_a-perror.o)
[...]
Memory Configuration

Name             Origin             Length             Attributes
sdram_0_BEFORE_EXCEPTION 0x00800000         0x00000020
sdram_0          0x00800020         0x007fffe0
reset            0x01400000         0x00000020
cfi_flash_0      0x01400020         0x003fffe0
sram_0           0x01a00000         0x00080000
epcs_controller  0x01a81800         0x00000800
*default*        0x00000000         0xffffffff

Linker script and memory map

LOAD ../simple_socket_bsp//obj/HAL/src/crt0.o
LOAD obj/default/LCD.o
LOAD obj/default/SSS_DE2_115.o
LOAD obj/default/alt_error_handler.o
LOAD obj/default/dm9000a.o
LOAD obj/default/iniche_init.o
LOAD obj/default/led.o
LOAD obj/default/network_utilities.o
LOAD obj/default/simple_socket_server.o
LOAD obj/default/tse_my_system.o
LOAD c:/altera/13.0sp1/nios2eds/bin/gnu/h-i686-mingw32/bin/../lib/gcc/nios2-elf/4.1.2/../../../../nios2-elf/lib\libstdc++.a
LOAD c:/altera/13.0sp1/nios2eds/bin/gnu/h-i686-mingw32/bin/../lib/gcc/nios2-elf/4.1.2/../../../../nios2-elf/lib\libm.a
LOAD c:/altera/13.0sp1/nios2eds/bin/gnu/h-i686-mingw32/bin/../lib/gcc/nios2-elf/4.1.2\libgcc.a
START GROUP
LOAD c:/altera/13.0sp1/nios2eds/bin/gnu/h-i686-mingw32/bin/../lib/gcc/nios2-elf/4.1.2/../../../../nios2-elf/lib\libc.a
LOAD c:/altera/13.0sp1/nios2eds/bin/gnu/h-i686-mingw32/bin/../lib/gcc/nios2-elf/4.1.2\libgcc.a
LOAD ../simple_socket_bsp/\libucosii_bsp.a
END GROUP
LOAD c:/altera/13.0sp1/nios2eds/bin/gnu/h-i686-mingw32/bin/../lib/gcc/nios2-elf/4.1.2\libgcc.a
                0x00800000                __alt_mem_sdram_0 = 0x800000
                0x01400000                __alt_mem_cfi_flash_0 = 0x1400000
                0x01a00000                __alt_mem_sram_0 = 0x1a00000
                0x01a81800                __alt_mem_epcs_controller = 0x1a81800

.entry          0x01400000        0x0
 *(.entry)
 .entry         0x01400000        0x0 ../simple_socket_bsp//obj/HAL/src/crt0.o
                0x01400000                __reset

.exceptions     0x00800020      0x19c
                0x00800020                PROVIDE (__ram_exceptions_start, ABSOLUTE (.))
                0x00800020                . = ALIGN (0x20)
 *(.irq)
 *(.exceptions.entry.label)
 .exceptions.entry.label
                0x00800020        0x0 ../simple_socket_bsp/\libucosii_bsp.a(alt_irq_entry.o)
                0x00800020                alt_irq_entry
 .exceptions.entry.label
                0x00800020        0x0 ../simple_socket_bsp/\libucosii_bsp.a(alt_exception_entry.o)
                0x00800020                alt_exception
 *(.exceptions.entry.user)
 *(.exceptions.entry)
 .exceptions.entry
                0x00800020       0x54 ../simple_socket_bsp/\libucosii_bsp.a(alt_exception_entry.o)
 *(.exceptions.irqtest.user)
 *(.exceptions.irqtest)
 .exceptions.irqtest
                0x00800074       0x10 ../simple_socket_bsp/\libucosii_bsp.a(alt_irq_entry.o)
 *(.exceptions.irqhandler.user)
 *(.exceptions.irqhandler)
 .exceptions.irqhandler
                0x00800084        0x4 ../simple_socket_bsp/\libucosii_bsp.a(alt_irq_entry.o)
 *(.exceptions.irqreturn.user)
 *(.exceptions.irqreturn)
 .exceptions.irqreturn
                0x00800088        0x4 ../simple_socket_bsp/\libucosii_bsp.a(alt_irq_entry.o)
 *(.exceptions.notirq.label)
 .exceptions.notirq.label
                0x0080008c        0x0 ../simple_socket_bsp/\libucosii_bsp.a(alt_irq_entry.o)
 *(.exceptions.notirq.user)
 *(.exceptions.notirq)
 .exceptions.notirq
                0x0080008c        0x8 ../simple_socket_bsp/\libucosii_bsp.a(alt_exception_entry.o)
 *(.exceptions.soft.user)
 *(.exceptions.soft)
 *(.exceptions.unknown.user)
 *(.exceptions.unknown)
 .exceptions.unknown
                0x00800094        0x4 ../simple_socket_bsp/\libucosii_bsp.a(alt_exception_entry.o)
 *(.exceptions.exit.label)
 .exceptions.exit.label
                0x00800098        0x0 ../simple_socket_bsp/\libucosii_bsp.a(alt_irq_entry.o)
 .exceptions.exit.label
                0x00800098        0x0 ../simple_socket_bsp/\libucosii_bsp.a(alt_exception_entry.o)
 *(.exceptions.exit.user)
 *(.exceptions.exit)
 .exceptions.exit
                0x00800098       0x54 ../simple_socket_bsp/\libucosii_bsp.a(alt_exception_entry.o)
 *(.exceptions)
 .exceptions    0x008000ec       0xd0 ../simple_socket_bsp/\libucosii_bsp.a(alt_irq_handler.o)
                0x008000ec                alt_irq_handler
                0x008001bc                PROVIDE (__ram_exceptions_end, ABSOLUTE (.))
                0x00800020                PROVIDE (__flash_exceptions_start, LOADADDR (.exceptions))

.text           0x008001bc    0x46e30
                0x008001bc                PROVIDE (stext, ABSOLUTE (.))
 *(.interp)
 *(.hash)
 *(.dynsym)
 *(.dynstr)
 *(.gnu.version)
 *(.gnu.version_d)
 *(.gnu.version_r)
 *(.rel.init)
 *(.rela.init)
 *(.rel.text .rel.text.* .rel.gnu.linkonce.t.*)
 *(.rela.text .rela.text.* .rela.gnu.linkonce.t.*)
 *(.rel.fini)
 *(.rela.fini)
 *(.rel.rodata .rel.rodata.* .rel.gnu.linkonce.r.*)
 *(.rela.rodata .rela.rodata.* .rela.gnu.linkonce.r.*)
 *(.rel.data .rel.data.* .rel.gnu.linkonce.d.*)
 *(.rela.data .rela.data.* .rela.gnu.linkonce.d.*)
 *(.rel.tdata .rel.tdata.* .rel.gnu.linkonce.td.*)
 *(.rela.tdata .rela.tdata.* .rela.gnu.linkonce.td.*)
 *(.rel.tbss .rel.tbss.* .rel.gnu.linkonce.tb.*)
 *(.rela.tbss .rela.tbss.* .rela.gnu.linkonce.tb.*)
 *(.rel.ctors)
 *(.rela.ctors)
 *(.rel.dtors)
 *(.rela.dtors)
 *(.rel.got)
 *(.rela.got)
 *(.rel.sdata .rel.sdata.* .rel.gnu.linkonce.s.*)
 *(.rela.sdata .rela.sdata.* .rela.gnu.linkonce.s.*)
 *(.rel.sbss .rel.sbss.* .rel.gnu.linkonce.sb.*)
 *(.rela.sbss .rela.sbss.* .rela.gnu.linkonce.sb.*)
 *(.rel.sdata2 .rel.sdata2.* .rel.gnu.linkonce.s2.*)
 *(.rela.sdata2 .rela.sdata2.* .rela.gnu.linkonce.s2.*)
 *(.rel.sbss2 .rel.sbss2.* .rel.gnu.linkonce.sb2.*)
 *(.rela.sbss2 .rela.sbss2.* .rela.gnu.linkonce.sb2.*)
 *(.rel.bss .rel.bss.* .rel.gnu.linkonce.b.*)
 *(.rela.bss .rela.bss.* .rela.gnu.linkonce.b.*)
 *(.rel.plt)
 *(.rela.plt)
 *(.rel.dyn)
 *(.init)
 *(.plt)
 *(.text .stub .text.* .gnu.linkonce.t.*)
 .text          0x008001bc       0x48 ../simple_socket_bsp//obj/HAL/src/crt0.o
                0x008001bc                _start
 .text          0x00800204      0x31c obj/default/LCD.o
                0x00800204                LCD_Init
                0x008002a0                LCD_Show_Text
                0x00800328                LCD_Line2
                0x00800364                LCD_Line1
                0x008003a0                LCD_Clear
                0x008003dc                LCD_Test
 .text          0x00800520      0x2ec obj/default/SSS_DE2_115.o
                0x00800520                get_DE2_115_mac_addr
                0x008006c8                FindLastFlashSectorOffset
 .text          0x0080080c      0xba8 obj/default/alt_error_handler.o
                0x0080080c                alt_uCOSIIErrorHandler
                0x00800e30                alt_NetworkErrorHandler
                0x008010c8                alt_SSSErrorHandler
 .text          0x008013b4      0xe48 obj/default/dm9000a.o
                0x008013b4                dm9000a_iow
                0x00801408                dm9000a_ior
                0x00801454                phy_write
                0x008014f0                dm9000a_reset
                0x008016b4                TransmitPacket
                0x008017d0                prep_dm9000a
                0x008019ec                dm9000a_init
                0x00801e3c                dm9Ka_isr_wrap
                0x00801e7c                dm9ka_init
                0x00801f74                dm9ka_close
                0x00802084                dm9ka_stats
                0x008020e0                dm9ka_pkt_send
 .text          0x008021fc      0x520 obj/default/iniche_init.o
                0x008021fc                SSSInitialTask
                0x0080252c                main
                0x00802628                toInt
 .text          0x0080271c      0x324 obj/default/led.o
                0x0080271c                led_bit_toggle
                0x008027e8                LED7SegLightshowTask
                0x0080285c                LEDManagementTask
 .text          0x00802a40      0x73c obj/default/network_utilities.o
                0x00802a40                get_mac_addr
                0x00802a98                get_ip_addr
                0x00802b04                get_serial_number
                0x00802ce0                generate_and_store_mac_addr
                0x00802eac                generate_mac_addr
                0x00802fe8                get_board_mac_addr
 .text          0x0080317c      0x9f8 obj/default/simple_socket_server.o
                0x0080317c                SSSCreateOSDataStructs
                0x00803224                SSSCreateTasks
                0x008032e8                sss_reset_connection
                0x00803358                sss_send_menu
                0x008034e8                sss_handle_accept
                0x008035a8                sss_exec_command
                0x0080371c                sss_handle_receive
                0x00803908                SSSSimpleSocketServerTask
 .text          0x00803b74        0x0 obj/default/tse_my_system.o
 .text          0x00803b74       0xa4 c:/altera/13.0sp1/nios2eds/bin/gnu/h-i686-mingw32/bin/../lib/gcc/nios2-elf/4.1.2\libgcc.a(_fixunsdfsi.o)
                0x00803b74                __fixunsdfsi
 .text          0x00803c18      0x504 c:/altera/13.0sp1/nios2eds/bin/gnu/h-i686-mingw32/bin/../lib/gcc/nios2-elf/4.1.2\libgcc.a(_addsub_df.o)
                0x00804028                __subdf3
                0x008040a8                __adddf3
 .text          0x0080411c      0x3c4 c:/altera/13.0sp1/nios2eds/bin/gnu/h-i686-mingw32/bin/../lib/gcc/nios2-elf/4.1.2\libgcc.a(_mul_df.o)
                0x0080411c                __muldf3
 .text          0x008044e0       0x88 c:/altera/13.0sp1/nios2eds/bin/gnu/h-i686-mingw32/bin/../lib/gcc/nios2-elf/4.1.2\libgcc.a(_ge_df.o)
                0x008044e0                __gedf2
 .text          0x00804568       0xd8 c:/altera/13.0sp1/nios2eds/bin/gnu/h-i686-mingw32/bin/../lib/gcc/nios2-elf/4.1.2\libgcc.a(_df_to_si.o)
                0x00804568                __fixdfsi
 .text          0x00804640        0x0 c:/altera/13.0sp1/nios2eds/bin/gnu/h-i686-mingw32/bin/../lib/gcc/nios2-elf/4.1.2\libgcc.a(_thenan_df.o)
 .text          0x00804640      0x194 c:/altera/13.0sp1/nios2eds/bin/gnu/h-i686-mingw32/bin/../lib/gcc/nios2-elf/4.1.2\libgcc.a(_usi_to_df.o)
                0x00804640                __floatunsidf
 .text          0x008047d4       0x98 c:/altera/13.0sp1/nios2eds/bin/gnu/h-i686-mingw32/bin/../lib/gcc/nios2-elf/4.1.2\libgcc.a(_muldi3.o)
                0x008047d4                __muldi3
 .text          0x0080486c       0x80 c:/altera/13.0sp1/nios2eds/bin/gnu/h-i686-mingw32/bin/../lib/gcc/nios2-elf/4.1.2\libgcc.a(_clzsi2.o)
                0x0080486c                __clzsi2
 .text          0x008048ec      0x314 c:/altera/13.0sp1/nios2eds/bin/gnu/h-i686-mingw32/bin/../lib/gcc/nios2-elf/4.1.2\libgcc.a(_pack_df.o)
                0x008048ec                __pack_d
 .text          0x00804c00      0x138 c:/altera/13.0sp1/nios2eds/bin/gnu/h-i686-mingw32/bin/../lib/gcc/nios2-elf/4.1.2\libgcc.a(_unpack_df.o)
                0x00804c00                __unpack_d
 .text          0x00804d38       0xc8 c:/altera/13.0sp1/nios2eds/bin/gnu/h-i686-mingw32/bin/../lib/gcc/nios2-elf/4.1.2\libgcc.a(_fpcmp_parts_df.o)
                0x00804d38                __fpcmp_parts_d
 .text          0x00804e00        0x0 c:/altera/13.0sp1/nios2eds/bin/gnu/h-i686-mingw32/bin/../lib/gcc/nios2-elf/4.1.2\libgcc.a(_clz.o)
 .text          0x00804e00        0x0 c:/altera/13.0sp1/nios2eds/bin/gnu/h-i686-mingw32/bin/../lib/gcc/nios2-elf/4.1.2/../../../../nios2-elf/lib\libc.a(lib_a-ctype_.o)
 .text          0x00804e00       0x38 c:/altera/13.0sp1/nios2eds/bin/gnu/h-i686-mingw32/bin/../lib/gcc/nios2-elf/4.1.2/../../../../nios2-elf/lib\libc.a(lib_a-exit.o)
                0x00804e00                exit
 .text          0x00804e38       0x60 c:/altera/13.0sp1/nios2eds/bin/gnu/h-i686-mingw32/bin/../lib/gcc/nios2-elf/4.1.2/../../../../nios2-elf/lib\libc.a(lib_a-fprintf.o)
                0x00804e38                fprintf
                0x00804e64                _fprintf_r
 .text          0x00804e98       0xdc c:/altera/13.0sp1/nios2eds/bin/gnu/h-i686-mingw32/bin/../lib/gcc/nios2-elf/4.1.2/../../../../nios2-elf/lib\libc.a(lib_a-fwrite.o)
                0x00804e98                _fwrite_r
                0x00804f34                fwrite
 .text          0x00804f74      0x128 c:/altera/13.0sp1/nios2eds/bin/gnu/h-i686-mingw32/bin/../lib/gcc/nios2-elf/4.1.2/../../../../nios2-elf/lib\libc.a(lib_a-getc.o)
                0x00804f74                getc
                0x0080500c                _getc_r
 .text          0x0080509c        0x0 c:/altera/13.0sp1/nios2eds/bin/gnu/h-i686-mingw32/bin/../lib/gcc/nios2-elf/4.1.2/../../../../nios2-elf/lib\libc.a(lib_a-impure.o)
 .text          0x0080509c       0xa0 c:/altera/13.0sp1/nios2eds/bin/gnu/h-i686-mingw32/bin/../lib/gcc/nios2-elf/4.1.2/../../../../nios2-elf/lib\libc.a(lib_a-memcpy.o)
                0x0080509c                memcpy
 .text          0x0080513c       0xe0 c:/altera/13.0sp1/nios2eds/bin/gnu/h-i686-mingw32/bin/../lib/gcc/nios2-elf/4.1.2/../../../../nios2-elf/lib\libc.a(lib_a-memmove.o)
                0x0080513c                memmove
 .text          0x0080521c       0x98 c:/altera/13.0sp1/nios2eds/bin/gnu/h-i686-mingw32/bin/../lib/gcc/nios2-elf/4.1.2/../../../../nios2-elf/lib\libc.a(lib_a-memset.o)
                0x0080521c                memset
 .text          0x008052b4       0x80 c:/altera/13.0sp1/nios2eds/bin/gnu/h-i686-mingw32/bin/../lib/gcc/nios2-elf/4.1.2/../../../../nios2-elf/lib\libc.a(lib_a-perror.o)
                0x008052b4                _perror_r
                0x00805320                perror
 .text          0x00805334       0x78 c:/altera/13.0sp1/nios2eds/bin/gnu/h-i686-mingw32/bin/../lib/gcc/nios2-elf/4.1.2/../../../../nios2-elf/lib\libc.a(lib_a-printf.o)
                0x00805334                printf
                0x00805378                _printf_r
 .text          0x008053ac      0x1ec c:/altera/13.0sp1/nios2eds/bin/gnu/h-i686-mingw32/bin/../lib/gcc/nios2-elf/4.1.2/../../../../nios2-elf/lib\libc.a(lib_a-putc.o)
                0x008053ac                putc
                0x008054b0                _putc_r
 .text          0x00805598       0x24 c:/altera/13.0sp1/nios2eds/bin/gnu/h-i686-mingw32/bin/../lib/gcc/nios2-elf/4.1.2/../../../../nios2-elf/lib\libc.a(lib_a-putchar.o)
                0x00805598                putchar
                0x008055b4                _putchar_r
 .text          0x008055bc       0xb4 c:/altera/13.0sp1/nios2eds/bin/gnu/h-i686-mingw32/bin/../lib/gcc/nios2-elf/4.1.2/../../../../nios2-elf/lib\libc.a(lib_a-puts.o)
                0x008055bc                _puts_r
                0x0080565c                puts
 .text          0x00805670       0x60 c:/altera/13.0sp1/nios2eds/bin/gnu/h-i686-mingw32/bin/../lib/gcc/nios2-elf/4.1.2/../../../../nios2-elf/lib\libc.a(lib_a-rget.o)
                0x00805670                __srget_r
                0x008056bc                __srget
 .text          0x008056d0       0xe0 c:/altera/13.0sp1/nios2eds/bin/gnu/h-i686-mingw32/bin/../lib/gcc/nios2-elf/4.1.2/../../../../nios2-elf/lib\libc.a(lib_a-strchr.o)
                0x008056d0                strchr
 .text          0x008057b0      0x674 c:/altera/13.0sp1/nios2eds/bin/gnu/h-i686-mingw32/bin/../lib/gcc/nios2-elf/4.1.2/../../../../nios2-elf/lib\libc.a(lib_a-strerror.o)
                0x008057b0                strerror
 .text          0x00805e24       0x74 c:/altera/13.0sp1/nios2eds/bin/gnu/h-i686-mingw32/bin/../lib/gcc/nios2-elf/4.1.2/../../../../nios2-elf/lib\libc.a(lib_a-strlen.o)
                0x00805e24                strlen
 .text          0x00805e98        0x8 c:/altera/13.0sp1/nios2eds/bin/gnu/h-i686-mingw32/bin/../lib/gcc/nios2-elf/4.1.2/../../../../nios2-elf/lib\libc.a(lib_a-u_strerr.o)
                0x00805e98                _user_strerror
 .text          0x00805ea0     0x1f28 c:/altera/13.0sp1/nios2eds/bin/gnu/h-i686-mingw32/bin/../lib/gcc/nios2-elf/4.1.2/../../../../nios2-elf/lib\libc.a(lib_a-vfprintf.o)
                0x00805ef8                ___vfprintf_internal_r
                0x00807da4                __vfprintf_internal
 .text          0x00807dc8      0x14c c:/altera/13.0sp1/nios2eds/bin/gnu/h-i686-mingw32/bin/../lib/gcc/nios2-elf/4.1.2/../../../../nios2-elf/lib\libc.a(lib_a-wbuf.o)
                0x00807dc8                __swbuf_r
                0x00807ef8                __swbuf
 .text          0x00807f14      0x13c c:/altera/13.0sp1/nios2eds/bin/gnu/h-i686-mingw32/bin/../lib/gcc/nios2-elf/4.1.2/../../../../nios2-elf/lib\libc.a(lib_a-wsetup.o)
                0x00807f14                __swsetup_r
 .text          0x00808050      0x1b4 c:/altera/13.0sp1/nios2eds/bin/gnu/h-i686-mingw32/bin/../lib/gcc/nios2-elf/4.1.2/../../../../nios2-elf/lib\libc.a(lib_a-__call_atexit.o)
                0x00808054                __call_exitprocs
 .text          0x00808204     0x17cc c:/altera/13.0sp1/nios2eds/bin/gnu/h-i686-mingw32/bin/../lib/gcc/nios2-elf/4.1.2/../../../../nios2-elf/lib\libc.a(lib_a-dtoa.o)
                0x0080841c                _dtoa_r
 .text          0x008099d0      0x230 c:/altera/13.0sp1/nios2eds/bin/gnu/h-i686-mingw32/bin/../lib/gcc/nios2-elf/4.1.2/../../../../nios2-elf/lib\libc.a(lib_a-fflush.o)
                0x008099d0                _fflush_r
                0x00809bcc                fflush
 .text          0x00809c00      0x2c0 c:/altera/13.0sp1/nios2eds/bin/gnu/h-i686-mingw32/bin/../lib/gcc/nios2-elf/4.1.2/../../../../nios2-elf/lib\libc.a(lib_a-findfp.o)
                0x00809c58                __sfp_lock_acquire
                0x00809c5c                __sfp_lock_release
                0x00809c60                __sinit_lock_acquire
                0x00809c64                __sinit_lock_release
                0x00809c68                __sinit
                0x00809d1c                __fp_unlock_all
                0x00809d34                __fp_lock_all
                0x00809d4c                _cleanup_r
                0x00809d58                _cleanup
                0x00809d68                __sfmoreglue
                0x00809dd0                __sfp
 .text          0x00809ec0       0xbc c:/altera/13.0sp1/nios2eds/bin/gnu/h-i686-mingw32/bin/../lib/gcc/nios2-elf/4.1.2/../../../../nios2-elf/lib\libc.a(lib_a-fputc.o)
                0x00809ec0                fputc
                0x00809f24                _fputc_r
 .text          0x00809f7c       0x90 c:/altera/13.0sp1/nios2eds/bin/gnu/h-i686-mingw32/bin/../lib/gcc/nios2-elf/4.1.2/../../../../nios2-elf/lib\libc.a(lib_a-fputs.o)
                0x00809f7c                _fputs_r
                0x00809ff0                fputs
 .text          0x0080a00c      0x440 c:/altera/13.0sp1/nios2eds/bin/gnu/h-i686-mingw32/bin/../lib/gcc/nios2-elf/4.1.2/../../../../nios2-elf/lib\libc.a(lib_a-freer.o)
                0x0080a00c                _malloc_trim_r
                0x0080a138                _free_r
 .text          0x0080a44c      0x49c c:/altera/13.0sp1/nios2eds/bin/gnu/h-i686-mingw32/bin/../lib/gcc/nios2-elf/4.1.2/../../../../nios2-elf/lib\libc.a(lib_a-fvwrite.o)
                0x0080a44c                __sfvwrite_r
 .text          0x0080a8e8      0x180 c:/altera/13.0sp1/nios2eds/bin/gnu/h-i686-mingw32/bin/../lib/gcc/nios2-elf/4.1.2/../../../../nios2-elf/lib\libc.a(lib_a-fwalk.o)
                0x0080a8e8                _fwalk_reent
                0x0080a9b0                _fwalk
 .text          0x0080aa68       0xc4 c:/altera/13.0sp1/nios2eds/bin/gnu/h-i686-mingw32/bin/../lib/gcc/nios2-elf/4.1.2/../../../../nios2-elf/lib\libc.a(lib_a-locale.o)
                0x0080aa68                __locale_charset
                0x0080aa70                _localeconv_r
                0x0080aa7c                localeconv
                0x0080aa8c                _setlocale_r
                0x0080ab10                setlocale
 .text          0x0080ab2c      0x194 c:/altera/13.0sp1/nios2eds/bin/gnu/h-i686-mingw32/bin/../lib/gcc/nios2-elf/4.1.2/../../../../nios2-elf/lib\libc.a(lib_a-makebuf.o)
                0x0080ab2c                __smakebuf_r
 .text          0x0080acc0      0x740 c:/altera/13.0sp1/nios2eds/bin/gnu/h-i686-mingw32/bin/../lib/gcc/nios2-elf/4.1.2/../../../../nios2-elf/lib\libc.a(lib_a-mallocr.o)
                0x0080acc0                _malloc_r
 .text          0x0080b400       0xe4 c:/altera/13.0sp1/nios2eds/bin/gnu/h-i686-mingw32/bin/../lib/gcc/nios2-elf/4.1.2/../../../../nios2-elf/lib\libc.a(lib_a-memchr.o)
                0x0080b400                memchr
 .text          0x0080b4e4      0xff4 c:/altera/13.0sp1/nios2eds/bin/gnu/h-i686-mingw32/bin/../lib/gcc/nios2-elf/4.1.2/../../../../nios2-elf/lib\libc.a(lib_a-mprec.o)
                0x0080b4e4                _Bfree
                0x0080b50c                __hi0bits
                0x0080b57c                __lo0bits
                0x0080b640                __mcmp
                0x0080b6a0                __ulp
                0x0080b720                __b2d
                0x0080b840                __ratio
                0x0080b8f0                _mprec_log10
                0x0080b984                __copybits
                0x0080b9dc                __any_on
                0x0080ba64                _Balloc
                0x0080bb20                __d2b
                0x0080bc9c                __mdiff
                0x0080be28                __lshift
                0x0080bf74                __multiply
                0x0080c15c                __i2b
                0x0080c198                __multadd
                0x0080c298                __pow5mult
                0x0080c3b8                __s2b
 .text          0x0080c4d8      0x5f4 c:/altera/13.0sp1/nios2eds/bin/gnu/h-i686-mingw32/bin/../lib/gcc/nios2-elf/4.1.2/../../../../nios2-elf/lib\libc.a(lib_a-reallocr.o)
                0x0080c4d8                _realloc_r
 .text          0x0080cacc      0x1e0 c:/altera/13.0sp1/nios2eds/bin/gnu/h-i686-mingw32/bin/../lib/gcc/nios2-elf/4.1.2/../../../../nios2-elf/lib\libc.a(lib_a-refill.o)
                0x0080cacc                __srefill_r
 .text          0x0080ccac       0x40 c:/altera/13.0sp1/nios2eds/bin/gnu/h-i686-mingw32/bin/../lib/gcc/nios2-elf/4.1.2/../../../../nios2-elf/lib\libc.a(lib_a-s_isinfd.o)
                0x0080ccac                __isinfd
 .text          0x0080ccec       0x30 c:/altera/13.0sp1/nios2eds/bin/gnu/h-i686-mingw32/bin/../lib/gcc/nios2-elf/4.1.2/../../../../nios2-elf/lib\libc.a(lib_a-s_isnand.o)
                0x0080ccec                __isnand
 .text          0x0080cd1c       0x70 c:/altera/13.0sp1/nios2eds/bin/gnu/h-i686-mingw32/bin/../lib/gcc/nios2-elf/4.1.2/../../../../nios2-elf/lib\libc.a(lib_a-sbrkr.o)
                0x0080cd1c                _sbrk_r
 .text          0x0080cd8c      0x14c c:/altera/13.0sp1/nios2eds/bin/gnu/h-i686-mingw32/bin/../lib/gcc/nios2-elf/4.1.2/../../../../nios2-elf/lib\libc.a(lib_a-stdio.o)
                0x0080cd8c                __sclose
                0x0080cd94                __sseek
                0x0080cdfc                __swrite
                0x0080ce78                __sread
 .text          0x0080ced8       0xbc c:/altera/13.0sp1/nios2eds/bin/gnu/h-i686-mingw32/bin/../lib/gcc/nios2-elf/4.1.2/../../../../nios2-elf/lib\libc.a(lib_a-strcmp.o)
                0x0080ced8                strcmp
 .text          0x0080cf94       0x78 c:/altera/13.0sp1/nios2eds/bin/gnu/h-i686-mingw32/bin/../lib/gcc/nios2-elf/4.1.2/../../../../nios2-elf/lib\libc.a(lib_a-writer.o)
                0x0080cf94                _write_r
 .text          0x0080d00c       0xb4 c:/altera/13.0sp1/nios2eds/bin/gnu/h-i686-mingw32/bin/../lib/gcc/nios2-elf/4.1.2/../../../../nios2-elf/lib\libc.a(lib_a-callocr.o)
                0x0080d00c                _calloc_r
 .text          0x0080d0c0       0x70 c:/altera/13.0sp1/nios2eds/bin/gnu/h-i686-mingw32/bin/../lib/gcc/nios2-elf/4.1.2/../../../../nios2-elf/lib\libc.a(lib_a-closer.o)
                0x0080d0c0                _close_r
 .text          0x0080d130      0x124 c:/altera/13.0sp1/nios2eds/bin/gnu/h-i686-mingw32/bin/../lib/gcc/nios2-elf/4.1.2/../../../../nios2-elf/lib\libc.a(lib_a-fclose.o)
                0x0080d130                _fclose_r
                0x0080d240                fclose
 .text          0x0080d254       0x74 c:/altera/13.0sp1/nios2eds/bin/gnu/h-i686-mingw32/bin/../lib/gcc/nios2-elf/4.1.2/../../../../nios2-elf/lib\libc.a(lib_a-fstatr.o)
                0x0080d254                _fstat_r
 .text          0x0080d2c8        0x0 c:/altera/13.0sp1/nios2eds/bin/gnu/h-i686-mingw32/bin/../lib/gcc/nios2-elf/4.1.2/../../../../nios2-elf/lib\libc.a(lib_a-int_errno.o)
 .text          0x0080d2c8       0x70 c:/altera/13.0sp1/nios2eds/bin/gnu/h-i686-mingw32/bin/../lib/gcc/nios2-elf/4.1.2/../../../../nios2-elf/lib\libc.a(lib_a-isattyr.o)
                0x0080d2c8                _isatty_r
 .text          0x0080d338       0x78 c:/altera/13.0sp1/nios2eds/bin/gnu/h-i686-mingw32/bin/../lib/gcc/nios2-elf/4.1.2/../../../../nios2-elf/lib\libc.a(lib_a-lseekr.o)
                0x0080d338                _lseek_r
 .text          0x0080d3b0       0x78 c:/altera/13.0sp1/nios2eds/bin/gnu/h-i686-mingw32/bin/../lib/gcc/nios2-elf/4.1.2/../../../../nios2-elf/lib\libc.a(lib_a-readr.o)
                0x0080d3b0                _read_r
 .text          0x0080d428      0x5dc c:/altera/13.0sp1/nios2eds/bin/gnu/h-i686-mingw32/bin/../lib/gcc/nios2-elf/4.1.2\libgcc.a(_udivdi3.o)
                0x0080d428                __udivdi3
 .text          0x0080da04      0x5b0 c:/altera/13.0sp1/nios2eds/bin/gnu/h-i686-mingw32/bin/../lib/gcc/nios2-elf/4.1.2\libgcc.a(_umoddi3.o)
                0x0080da04                __umoddi3
 .text          0x0080dfb4      0x258 c:/altera/13.0sp1/nios2eds/bin/gnu/h-i686-mingw32/bin/../lib/gcc/nios2-elf/4.1.2\libgcc.a(_div_df.o)
                0x0080dfb4                __divdf3
 .text          0x0080e20c       0x88 c:/altera/13.0sp1/nios2eds/bin/gnu/h-i686-mingw32/bin/../lib/gcc/nios2-elf/4.1.2\libgcc.a(_eq_df.o)
                0x0080e20c                __eqdf2
 .text          0x0080e294       0x88 c:/altera/13.0sp1/nios2eds/bin/gnu/h-i686-mingw32/bin/../lib/gcc/nios2-elf/4.1.2\libgcc.a(_ne_df.o)
                0x0080e294                __nedf2
 .text          0x0080e31c       0x88 c:/altera/13.0sp1/nios2eds/bin/gnu/h-i686-mingw32/bin/../lib/gcc/nios2-elf/4.1.2\libgcc.a(_gt_df.o)
                0x0080e31c                __gtdf2
 .text          0x0080e3a4       0x88 c:/altera/13.0sp1/nios2eds/bin/gnu/h-i686-mingw32/bin/../lib/gcc/nios2-elf/4.1.2\libgcc.a(_lt_df.o)
                0x0080e3a4                __ltdf2
 .text          0x0080e42c       0xf8 c:/altera/13.0sp1/nios2eds/bin/gnu/h-i686-mingw32/bin/../lib/gcc/nios2-elf/4.1.2\libgcc.a(_si_to_df.o)
                0x0080e42c                __floatsidf
 .text          0x0080e524      0x14c c:/altera/13.0sp1/nios2eds/bin/gnu/h-i686-mingw32/bin/../lib/gcc/nios2-elf/4.1.2\libgcc.a(lib2-divmod.o)
                0x0080e5a0                __divsi3
                0x0080e600                __modsi3
                0x0080e660                __udivsi3
                0x0080e668                __umodsi3
 .text          0x0080e670       0x6c ../simple_socket_bsp/\libucosii_bsp.a(alt_exit.o)
                0x0080e6b0                _exit
 .text          0x0080e6dc       0xd0 ../simple_socket_bsp/\libucosii_bsp.a(alt_flash_dev.o)
                0x0080e6dc                alt_flash_open_dev
                0x0080e758                alt_flash_close_dev
 .text          0x0080e7ac      0x134 ../simple_socket_bsp/\libucosii_bsp.a(alt_fstat.o)
                0x0080e7ac                fstat
 .text          0x0080e8e0      0x1c0 ../simple_socket_bsp/\libucosii_bsp.a(alt_irq_register.o)
                0x0080e8e0                alt_irq_register
 .text          0x0080eaa0        0x0 ../simple_socket_bsp/\libucosii_bsp.a(alt_irq_vars.o)
 .text          0x0080eaa0      0x120 ../simple_socket_bsp/\libucosii_bsp.a(alt_isatty.o)
                0x0080eaa0                isatty
 .text          0x0080ebc0      0x150 ../simple_socket_bsp/\libucosii_bsp.a(alt_lseek.o)
                0x0080ebc0                lseek
 .text          0x0080ed10       0xc8 ../simple_socket_bsp/\libucosii_bsp.a(alt_main.o)
                0x0080ed10                alt_main
 .text          0x0080edd8       0xbc ../simple_socket_bsp/\libucosii_bsp.a(alt_sbrk.o)
                0x0080edd8                sbrk
 .text          0x0080ee94      0x118 ../simple_socket_bsp/\libucosii_bsp.a(alt_usleep.o)
                0x0080ee94                usleep
 .text          0x0080efac      0x108 ../simple_socket_bsp/\libucosii_bsp.a(alt_env_lock.o)
                0x0080efac                __env_lock
                0x0080f058                __env_unlock
 .text          0x0080f0b4      0x1d8 ../simple_socket_bsp/\libucosii_bsp.a(alt_malloc_lock.o)
                0x0080f0b4                __malloc_lock
                0x0080f1bc                __malloc_unlock
 .text          0x0080f28c     0x2128 ../simple_socket_bsp/\libucosii_bsp.a(os_core.o)
                0x0080f28c                OSEventNameGet
                0x0080f3bc                OSEventNameSet
                0x0080f500                OSEventPendMulti
                0x0080fbb4                OSInit
                0x0080fc08                OSIntEnter
                0x0080fc84                OSIntExit
                0x0080fd84                OSSchedLock
                0x0080fe10                OSSchedUnlock
                0x0080fef4                OSStart
                0x0080ff64                OSStatInit
                0x00810010                OSTimeTick
                0x00810250                OSVersion
                0x00810270                OS_Dummy
                0x0081028c                OS_EventTaskRdy
                0x00810420                OS_EventTaskWait
                0x00810530                OS_EventTaskWaitMulti
                0x00810684                OS_EventTaskRemove
                0x0081073c                OS_EventTaskRemoveMulti
                0x00810840                OS_EventWaitListInit
                0x00810c0c                OS_MemClr
                0x00810c60                OS_MemCopy
                0x00810ccc                OS_Sched
                0x00810e10                OS_StrCopy
                0x00810e90                OS_StrLen
                0x00810ee8                OS_TaskIdle
                0x00810f44                OS_TaskStat
                0x0081100c                OS_TaskStatStkChk
                0x008110d4                OS_TCBInit
 .text          0x008113b4      0x18c ../simple_socket_bsp/\libucosii_bsp.a(os_dbg.o)
                0x008113b4                OSDebugInit
 .text          0x00811540     0x193c ../simple_socket_bsp/\libucosii_bsp.a(os_flag.o)
                0x00811540                OSFlagAccept
                0x00811874                OSFlagCreate
                0x008119b0                OSFlagDel
                0x00811c58                OSFlagNameGet
                0x00811d9c                OSFlagNameSet
                0x00811ef0                OSFlagPend
                0x00812534                OSFlagPendGetFlagsRdy
                0x0081259c                OSFlagPost
                0x00812944                OSFlagQuery
                0x00812bdc                OS_FlagInit
                0x00812dd0                OS_FlagUnlink
 .text          0x00812e7c      0x808 ../simple_socket_bsp/\libucosii_bsp.a(os_mem.o)
                0x00812e7c                OSMemCreate
                0x00813098                OSMemGet
                0x0081319c                OSMemNameGet
                0x008132a8                OSMemNameSet
                0x008133c8                OSMemPut
                0x008134b8                OSMemQuery
                0x008135b4                OS_MemInit
 .text          0x00813684     0x1334 ../simple_socket_bsp/\libucosii_bsp.a(os_q.o)
                0x00813684                OSQAccept
                0x008137d8                OSQCreate
                0x008139ec                OSQDel
                0x00813cec                OSQFlush
                0x00813db4                OSQPend
                0x008140d4                OSQPendAbort
                0x00814250                OSQPost
                0x008143d0                OSQPostFront
                0x00814558                OSQPostOpt
                0x0081478c                OSQQuery
                0x0081490c                OS_QInit
 .text          0x008149b8      0xbc8 ../simple_socket_bsp/\libucosii_bsp.a(os_sem.o)
                0x008149b8                OSSemAccept
                0x00814a78                OSSemCreate
                0x00814b8c                OSSemDel
                0x00814e2c                OSSemPend
                0x008150a8                OSSemPendAbort
                0x00815224                OSSemPost
                0x0081534c                OSSemQuery
                0x0081547c                OSSemSet
 .text          0x00815580     0x1a40 ../simple_socket_bsp/\libucosii_bsp.a(os_task.o)
                0x00815580                OSTaskChangePrio
                0x00815af4                OSTaskCreate
                0x00815cc8                OSTaskCreateExt
                0x00815ec8                OSTaskDel
                0x008162d4                OSTaskDelReq
                0x00816444                OSTaskNameGet
                0x008165fc                OSTaskNameSet
                0x008167c0                OSTaskResume
                0x008169d8                OSTaskStkChk
                0x00816bd4                OSTaskSuspend
                0x00816e00                OSTaskQuery
                0x00816f44                OS_TaskStkClr
 .text          0x00816fc0      0x670 ../simple_socket_bsp/\libucosii_bsp.a(os_time.o)
                0x00816fc0                OSTimeDly
                0x0081710c                OSTimeDlyHMSM
                0x00817358                OSTimeDlyResume
                0x00817568                OSTimeGet
                0x008175cc                OSTimeSet
 .text          0x00817630      0x118 ../simple_socket_bsp/\libucosii_bsp.a(alt_sys_init.o)
                0x00817630                alt_irq_init
                0x00817664                alt_sys_init
 .text          0x00817748      0x8c8 ../simple_socket_bsp/\libucosii_bsp.a(altera_avalon_cfi_flash.o)
                0x00817748                alt_flash_cfi_init
                0x0081781c                alt_flash_cfi_write
                0x00817adc                alt_flash_cfi_get_info
                0x00817b6c                alt_flash_cfi_read
                0x00817bd4                alt_write_value_to_flash
                0x00817d38                alt_flash_program_block
 .text          0x00818010     0x14a8 ../simple_socket_bsp/\libucosii_bsp.a(altera_avalon_cfi_flash_table.o)
                0x00818010                alt_read_query_entry_8bit
                0x00818050                alt_read_query_entry_16bit
                0x00818094                alt_read_query_entry_32bit
                0x008180dc                alt_write_flash_command_8bit_device_8bit_mode
                0x00818118                alt_write_flash_command_16bit_device_8bit_mode
                0x00818194                alt_write_flash_command_32bit_device_8bit_mode
                0x008181dc                alt_write_flash_command_16bit_device_16bit_mode
                0x00818220                alt_write_flash_command_32bit_device_16bit_mode
                0x00818268                alt_write_flash_command_32bit_device_32bit_mode
                0x008182b0                alt_write_native_8bit
                0x008182e4                alt_write_native_16bit
                0x00818318                alt_write_native_32bit
                0x00818348                alt_set_flash_width_func
                0x00818528                alt_set_flash_algorithm_func
                0x00818650                alt_read_cfi_table
                0x00818c30                alt_read_cfi_width
                0x008193dc                alt_check_primary_table
 .text          0x008194b8      0x9e4 ../simple_socket_bsp/\libucosii_bsp.a(altera_avalon_epcs_flash_controller.o)
                0x008194b8                alt_epcs_flash_init
                0x008198d4                alt_epcs_flash_write
                0x00819b54                alt_epcs_flash_get_info
                0x00819be4                alt_epcs_flash_erase_block
                0x00819ce8                alt_epcs_flash_write_block
                0x00819e04                alt_epcs_flash_read
 .text          0x00819e9c      0x148 ../simple_socket_bsp/\libucosii_bsp.a(altera_avalon_jtag_uart_fd.o)
                0x00819e9c                altera_avalon_jtag_uart_read_fd
                0x00819ef4                altera_avalon_jtag_uart_write_fd
                0x00819f4c                altera_avalon_jtag_uart_close_fd
                0x00819f94                altera_avalon_jtag_uart_ioctl_fd
 .text          0x00819fe4      0x584 ../simple_socket_bsp/\libucosii_bsp.a(altera_avalon_jtag_uart_init.o)
                0x00819fe4                altera_avalon_jtag_uart_init
                0x0081a4f4                altera_avalon_jtag_uart_close
 .text          0x0081a568       0xf4 ../simple_socket_bsp/\libucosii_bsp.a(altera_avalon_jtag_uart_ioctl.o)
                0x0081a568                altera_avalon_jtag_uart_ioctl
 .text          0x0081a65c      0x2c0 ../simple_socket_bsp/\libucosii_bsp.a(altera_avalon_jtag_uart_read.o)
                0x0081a65c                altera_avalon_jtag_uart_read
 .text          0x0081a91c      0x2dc ../simple_socket_bsp/\libucosii_bsp.a(altera_avalon_jtag_uart_write.o)
                0x0081a91c                altera_avalon_jtag_uart_write
 .text          0x0081abf8      0xf3c ../simple_socket_bsp/\libucosii_bsp.a(altera_avalon_lcd_16207.o)
                0x0081b3cc                altera_avalon_lcd_16207_write
                0x0081b9d0                altera_avalon_lcd_16207_init
 .text          0x0081bb34       0x58 ../simple_socket_bsp/\libucosii_bsp.a(altera_avalon_lcd_16207_fd.o)
                0x0081bb34                altera_avalon_lcd_16207_write_fd
 .text          0x0081bb8c      0x100 ../simple_socket_bsp/\libucosii_bsp.a(altera_avalon_timer_sc.o)
                0x0081bbfc                alt_avalon_timer_sc_init
 .text          0x0081bc8c       0xf8 ../simple_socket_bsp/\libucosii_bsp.a(altera_avalon_uart_fd.o)
                0x0081bc8c                altera_avalon_uart_read_fd
                0x0081bce4                altera_avalon_uart_write_fd
                0x0081bd3c                altera_avalon_uart_close_fd
 .text          0x0081bd84      0x57c ../simple_socket_bsp/\libucosii_bsp.a(altera_avalon_uart_init.o)
                0x0081bd84                altera_avalon_uart_init
                0x0081c2a0                altera_avalon_uart_close
 .text          0x0081c300      0x310 ../simple_socket_bsp/\libucosii_bsp.a(altera_avalon_uart_read.o)
                0x0081c300                altera_avalon_uart_read
 .text          0x0081c610      0x2a8 ../simple_socket_bsp/\libucosii_bsp.a(altera_avalon_uart_write.o)
                0x0081c610                altera_avalon_uart_write
 .text          0x0081c8b8      0x6d4 ../simple_socket_bsp/\libucosii_bsp.a(epcs_commands.o)
                0x0081c8b8                epcs_read_status_register
                0x0081c918                epcs_sector_erase
                0x0081ca80                epcs_read_buffer
                0x0081cbcc                epcs_write_enable
                0x0081cc1c                epcs_write_status_register
                0x0081cc80                epcs_write_buffer
                0x0081cdf0                epcs_read_electronic_signature
                0x0081ce5c                epcs_read_device_id
                0x0081cedc                epcs_enter_4_bytes_mode
                0x0081cf34                epcs_exit_4_bytes_mode
 .text          0x0081cf8c       0x54 ../simple_socket_bsp/\libucosii_bsp.a(alt_iniche_close.o)
                0x0081cf8c                close
 .text          0x0081cfe0      0x144 ../simple_socket_bsp/\libucosii_bsp.a(alt_iniche_dev.o)
                0x0081cfe0                iniche_devices_init
 .text          0x0081d124       0x78 ../simple_socket_bsp/\libucosii_bsp.a(alt_iniche_read.o)
                0x0081d124                read
 .text          0x0081d19c       0x70 ../simple_socket_bsp/\libucosii_bsp.a(alt_iniche_write.o)
                0x0081d19c                write
 .text          0x0081d20c      0xedc ../simple_socket_bsp/\libucosii_bsp.a(ipnet.o)
                0x0081d20c                Netinit
                0x0081d858                fixup_subnet_mask
                0x0081d9b8                netclose
                0x0081daa0                pktdemux
                0x0081de74                c_older
                0x0081df44                ip2mac
 .text          0x0081e0e8      0x4b0 ../simple_socket_bsp/\libucosii_bsp.a(ipstart.o)
                0x0081e0e8                ip_startup
                0x0081e3cc                exit_hook
                0x0081e438                ip_exit
                0x0081e508                if_netnumber
 .text          0x0081e598     0x10e8 ../simple_socket_bsp/\libucosii_bsp.a(igmp_cmn.o)
                0x0081e598                igmp_init
                0x0081e688                igmp_input
                0x0081e780                igmp_fasttimo
                0x0081e9b4                igmp_send
                0x0081ec5c                igmp_joingroup
                0x0081eec8                igmp_leavegroup
                0x0081ef44                igmp_validate
                0x0081f2a0                igmp_print_stats
 .text          0x0081f680      0xbc8 ../simple_socket_bsp/\libucosii_bsp.a(bsdsock.o)
                0x0081f680                bsd_accept
                0x0081f7b8                bsd_getpeername
                0x0081f8e4                bsd_getsockname
                0x0081fa10                bsd_i_sockoptlen
                0x0081fbc8                bsd_getsockopt
                0x0081fce8                bsd_ioctl
                0x0081fdec                bsd_inet_ntoa
                0x0081fe1c                bsd_recvfrom
                0x0081ff7c                bsd_select
                0x0082015c                bsd_setsockopt
 .text          0x00820248      0x118 ../simple_socket_bsp/\libucosii_bsp.a(cksum.o)
                0x00820248                ccksum
                0x008202f8                cksum
 .text          0x00820360      0xa9c ../simple_socket_bsp/\libucosii_bsp.a(in_utils.o)
                0x00820360                do_trap
                0x0082038c                nextarg
                0x00820408                hexdump
                0x00820550                print_ipad
                0x008205c4                print_uptime
                0x008206f0                panic
                0x00820734                print_eth
                0x00820898                uslash
                0x00820918                ns_printf
                0x00820a9c                std_out
                0x00820ae0                con_page
                0x00820bd0                parse_args
 .text          0x00820dfc      0x1c8 ../simple_socket_bsp/\libucosii_bsp.a(netmain.o)
                0x00820dfc                netmain
                0x00820ef0                tk_netmain
                0x00820f78                tk_nettick
 .text          0x00820fc4      0x810 ../simple_socket_bsp/\libucosii_bsp.a(parseip.o)
                0x00820fc4                parse_ipad
                0x008212e0                inet_addr
                0x00821348                hextoa
                0x008213b8                inet_pton
                0x00821464                inet_ntop
                0x008214f0                print46_addr
                0x00821550                inet46_addr
                0x00821614                inet_setport
                0x00821688                convert_ip
 .text          0x008217d4      0x5e8 ../simple_socket_bsp/\libucosii_bsp.a(tk_crnos.o)
                0x008217d4                TK_OSTimeDly
                0x00821800                TK_OSTaskResume
                0x00821870                tcp_sleep
                0x00821a10                tcp_wakeup
                0x00821b14                TK_OSTaskQuery
                0x00821b88                tk_yield
                0x00821bb4                tk_stats
 .text          0x00821dbc     0x3294 ../simple_socket_bsp/\libucosii_bsp.a(dhcpclnt.o)
                0x00821dbc                dhc_get_srv_ipaddr
                0x00821e4c                dhc_init
                0x00821f08                dhc_set_callback
                0x00821f4c                dhc_upcall
                0x0082277c                dhc_buildheader
                0x00822998                dhc_discover
                0x00822eb0                dhc_rx_offer
                0x00822fb4                dhc_request
                0x00823af0                dhc_setip
                0x00823d70                dhc_resetip
                0x00823e54                dhc_decline
                0x00824038                dhc_extract_opts
                0x008242f4                dhc_second
                0x00824be4                dhc_halt
                0x00824c6c                dhc_reclaim
                0x00824e3c                dhc_state_init
                0x00824e9c                dhc_alldone
                0x00824f2c                dhc_ifacedone
                0x00824fa0                dhc_set_state
 .text          0x00825050       0xcc ../simple_socket_bsp/\libucosii_bsp.a(dhcputil.o)
                0x00825050                find_opt
 .text          0x0082511c      0x79c ../simple_socket_bsp/\libucosii_bsp.a(pktalloc.o)
                0x0082511c                pk_init
                0x008253ac                pk_alloc
                0x00825488                pk_validate
                0x00825740                pk_free
                0x008257ec                pk_get_max_intrsafe_buf_len
                0x0082580c                dump_buf_estats
 .text          0x008258b8      0x288 ../simple_socket_bsp/\libucosii_bsp.a(q.o)
                0x008258b8                getq
                0x00825980                putq
                0x00825a30                qdel
 .text          0x00825b40      0x31c ../simple_socket_bsp/\libucosii_bsp.a(udp_open.o)
                0x00825b40                udp_open
                0x00825d78                udp_close
 .text          0x00825e5c      0x194 ../simple_socket_bsp/\libucosii_bsp.a(asm_cksum.o)
                0x00825e5c                asm_cksum
 .text          0x00825ff0      0x2e4 ../simple_socket_bsp/\libucosii_bsp.a(brdutils.o)
                0x00825ff0                dtrap
                0x00826020                kbhit
                0x008260cc                getch
                0x0082612c                clock_init
                0x00826168                clock_c
                0x00826184                cticks_hook
                0x00826234                irq_Mask
                0x00826290                irq_Unmask
 .text          0x008262d4      0x488 ../simple_socket_bsp/\libucosii_bsp.a(osportco.o)
                0x008262d4                LOCK_NET_RESOURCE
                0x00826394                UNLOCK_NET_RESOURCE
                0x0082641c                TK_NEWTASK
                0x00826630                wait_app_sem
                0x008266e4                post_app_sem
 .text          0x0082675c      0x568 ../simple_socket_bsp/\libucosii_bsp.a(targnios.o)
                0x0082675c                alt_iniche_init
                0x00826978                pre_task_setup
                0x008269ec                post_task_setup
                0x00826a0c                prep_armintcp
                0x00826a44                calloc2
                0x00826a78                npalloc
                0x00826b6c                npfree
                0x00826c24                ncpalloc
                0x00826c78                ncpfree
 .text          0x00826cc4     0x19b8 ../simple_socket_bsp/\libucosii_bsp.a(nptcp.o)
                0x00826cc4                pffindtype
                0x00826d64                pffindproto
                0x00826e34                m_getnbuf
                0x00826fdc                m_free
                0x00827110                m_freem
                0x00827154                m_copy
                0x00827478                m_adj
                0x00827648                mbuf_len
                0x008276a0                dtom
                0x00827748                remque
                0x008277b8                insque
                0x00827834                nptcp_init
                0x00827958                tcp_rcv
                0x00827b44                ip_output
                0x0082813c                in_broadcast
                0x0082817c                np_stripoptions
                0x00828264                so_icmpdu
                0x008285bc                tcp_tick
 .text          0x0082867c      0xa2c ../simple_socket_bsp/\libucosii_bsp.a(rawsock.o)
                0x0082867c                rawip_lookup
                0x008286ec                rawip_soinput
                0x008288c0                rawip_usrreq
 .text          0x008290a8     0x17fc ../simple_socket_bsp/\libucosii_bsp.a(sockcall.o)
                0x008290a8                DOMAIN_CHECK
                0x008290f4                t_socket
                0x00829184                t_bind
                0x00829300                t_listen
                0x008293e4                t_accept
                0x0082967c                t_connect
                0x00829924                t_getpeername
                0x00829968                t_getsockname
                0x00829ba8                t_setsockopt
                0x00829d84                t_getsockopt
                0x00829f28                t_recv
                0x0082a018                t_recvfrom
                0x0082a168                t_sendto
                0x0082a394                t_send
                0x0082a5bc                t_shutdown
                0x0082a6a0                t_socketclose
                0x0082a808                t_errno
 .text          0x0082a8a4     0x23ec ../simple_socket_bsp/\libucosii_bsp.a(socket.o)
                0x0082a8a4                socreate
                0x0082aa70                sobind
                0x0082aacc                solisten
                0x0082abbc                sofree
                0x0082acec                soclose
                0x0082b058                soabort
                0x0082b0a8                soaccept
                0x0082b144                soconnect
                0x0082b218                sodisconnect
                0x0082b2b8                sosend
                0x0082b8c0                soreceive
                0x0082c0a4                soshutdown
                0x0082c14c                sorflush
                0x0082c24c                sosetopt
                0x0082c70c                sogetopt
                0x0082cc4c                sohasoutofband
 .text          0x0082cc90     0x1318 ../simple_socket_bsp/\libucosii_bsp.a(socket2.o)
                0x0082cc90                soisconnecting
                0x0082ccfc                soisconnected
                0x0082cdf8                soisdisconnecting
                0x0082ce84                soisdisconnected
                0x0082cf40                sonewconn
                0x0082d15c                soqinsque
                0x0082d208                soqremque
                0x0082d328                socantsendmore
                0x0082d378                socantrcvmore
                0x0082d3c8                sbselqueue
                0x0082d400                sbwait
                0x0082d468                sbwakeup
                0x0082d504                soreserve
                0x0082d584                sbreserve
                0x0082d5e4                sbrelease
                0x0082d62c                sbappend
                0x0082d6d4                sbappendrecord
                0x0082d7b4                sbappendaddr
                0x0082d9bc                sbcompress
                0x0082dba4                sbflush
                0x0082dc34                sbdrop
                0x0082de04                sbdropend
                0x0082df14                sbdroprecord
 .text          0x0082dfa8      0x914 ../simple_socket_bsp/\libucosii_bsp.a(soselect.o)
                0x0082dfa8                t_select
                0x0082e1c8                sock_selscan
                0x0082e320                sock_select
                0x0082e534                in_pcbnotify
                0x0082e600                tcp_notify
                0x0082e668                ifd_clr
                0x0082e758                ifd_set
                0x0082e7cc                ifd_isset
                0x0082e84c                ifd_get
 .text          0x0082e8bc     0x3020 ../simple_socket_bsp/\libucosii_bsp.a(tcp_in.o)
                0x0082e8bc                tcp_reass
                0x0082ecc4                tcp_input
                0x00831218                tcp_dooptions
                0x008313a8                tcp_pulloutofband
                0x008314d4                tcp_xmit_timer
                0x00831778                ip4_tcpmss
                0x008317c0                tcp_mss
 .text          0x008318dc     0x1360 ../simple_socket_bsp/\libucosii_bsp.a(tcp_out.o)
                0x008318dc                tcp_output
                0x00832a58                tcp_setpersist
 .text          0x00832c3c      0x9e8 ../simple_socket_bsp/\libucosii_bsp.a(tcp_subr.o)
                0x00832c3c                tcp_init
                0x00832c94                tcp_template
                0x00832dac                tcp_respond
                0x00833234                tcp_newtcpcb
                0x0083334c                tcp_drop
                0x008333f8                tcp_close
                0x008334e0                tcp_quench
                0x0083352c                tcp_putseq
                0x008335ac                tcp_getseq
 .text          0x00833624      0x798 ../simple_socket_bsp/\libucosii_bsp.a(tcp_timr.o)
                0x00833624                tcp_slowtimo
                0x008338c4                tcp_canceltimers
                0x00833920                tcp_timers
 .text          0x00833dbc      0x9ec ../simple_socket_bsp/\libucosii_bsp.a(tcp_usr.o)
                0x00833dbc                tcp_usrreq
                0x008344c0                tcp_attach
                0x008345f4                tcp_disconnect
                0x008346c8                tcp_usrclosed
 .text          0x008347a8       0x4c ../simple_socket_bsp/\libucosii_bsp.a(tcpport.o)
                0x008347a8                tcpinit
 .text          0x008347f4      0xd20 ../simple_socket_bsp/\libucosii_bsp.a(udpsock.o)
                0x008347f4                udp_lookup
                0x00834864                udp_soinput
                0x00834a1c                udp_usrreq
                0x00834ca0                udp4_sockbind
                0x00834fdc                udp4_socksend
                0x008353b8                udp4_sockaddr
 .text          0x00835514      0x154 ../simple_socket_bsp/\libucosii_bsp.a(alt_alarm_start.o)
                0x00835514                alt_alarm_start
 .text          0x00835668      0x14c ../simple_socket_bsp/\libucosii_bsp.a(alt_busy_sleep.o)
                0x00835668                alt_busy_sleep
 .text          0x008357b4      0x15c ../simple_socket_bsp/\libucosii_bsp.a(alt_close.o)
                0x008357b4                alt_close
 .text          0x00835910       0x78 ../simple_socket_bsp/\libucosii_bsp.a(alt_dcache_flush.o)
                0x00835910                alt_dcache_flush
 .text          0x00835988       0x2c ../simple_socket_bsp/\libucosii_bsp.a(alt_dev.o)
 .text          0x008359b4      0x114 ../simple_socket_bsp/\libucosii_bsp.a(alt_dev_llist_insert.o)
                0x008359b4                alt_dev_llist_insert
 .text          0x00835ac8       0x64 ../simple_socket_bsp/\libucosii_bsp.a(alt_do_ctors.o)
                0x00835ac8                _do_ctors
 .text          0x00835b2c       0x64 ../simple_socket_bsp/\libucosii_bsp.a(alt_do_dtors.o)
                0x00835b2c                _do_dtors
 .text          0x00835b90        0x0 ../simple_socket_bsp/\libucosii_bsp.a(alt_errno.o)
 .text          0x00835b90       0x94 ../simple_socket_bsp/\libucosii_bsp.a(alt_find_dev.o)
                0x00835b90                alt_find_dev
 .text          0x00835c24      0x1d4 ../simple_socket_bsp/\libucosii_bsp.a(alt_iic.o)
                0x00835c24                alt_ic_isr_register
                0x00835c74                alt_ic_irq_enable
                0x00835d10                alt_ic_irq_disable
                0x00835db0                alt_ic_irq_enabled
 .text          0x00835df8       0xf8 ../simple_socket_bsp/\libucosii_bsp.a(alt_iic_isr_register.o)
                0x00835df8                alt_iic_isr_register
 .text          0x00835ef0      0x13c ../simple_socket_bsp/\libucosii_bsp.a(alt_io_redirect.o)
                0x00835fb4                alt_io_redirect
 .text          0x0083602c        0x0 ../simple_socket_bsp/\libucosii_bsp.a(alt_irq_entry.o)
 .text          0x0083602c        0x0 ../simple_socket_bsp/\libucosii_bsp.a(alt_irq_handler.o)
 .text          0x0083602c      0x2c4 ../simple_socket_bsp/\libucosii_bsp.a(alt_open.o)
                0x00836108                open
 .text          0x008362f0      0x180 ../simple_socket_bsp/\libucosii_bsp.a(alt_read.o)
                0x008362f0                alt_read
 .text          0x00836470       0x60 ../simple_socket_bsp/\libucosii_bsp.a(alt_release_fd.o)
                0x00836470                alt_release_fd
 .text          0x008364d0       0x38 ../simple_socket_bsp/\libucosii_bsp.a(alt_remap_cached.o)
                0x008364d0                alt_remap_cached
 .text          0x00836508       0x40 ../simple_socket_bsp/\libucosii_bsp.a(alt_remap_uncached.o)
                0x00836508                alt_remap_uncached
 .text          0x00836548      0x1a8 ../simple_socket_bsp/\libucosii_bsp.a(alt_tick.o)
                0x00836548                alt_alarm_stop
                0x008365e0                alt_tick
 .text          0x008366f0      0x180 ../simple_socket_bsp/\libucosii_bsp.a(alt_write.o)
                0x008366f0                alt_write
 .text          0x00836870       0x20 ../simple_socket_bsp/\libucosii_bsp.a(altera_nios2_qsys_irq.o)
                0x00836870                altera_nios2_qsys_irq_init
 .text          0x00836890       0xd0 ../simple_socket_bsp/\libucosii_bsp.a(os_cpu_a.o)
                0x00836890                OSCtxSw
                0x00836890                OSIntCtxSw
                0x0083691c                OSStartHighRdy
                0x0083693c                OSStartTsk
 .text          0x00836960      0x424 ../simple_socket_bsp/\libucosii_bsp.a(os_cpu_c.o)
                0x00836960                OSTaskStkInit
                0x00836c70                OSTaskCreateHook
                0x00836c90                OSTaskDelHook
                0x00836cb0                OSTaskSwHook
                0x00836ccc                OSTaskStatHook
                0x00836ce8                OSTimeTickHook
                0x00836d10                OSInitHookBegin
                0x00836d2c                OSInitHookEnd
                0x00836d48                OSTaskIdleHook
                0x00836d64                OSTCBInitHook
 .text          0x00836d84      0x460 ../simple_socket_bsp/\libucosii_bsp.a(altera_avalon_cfi_flash_amd.o)
                0x00836d84                alt_program_amd
                0x00836dec                alt_erase_block_amd
 .text          0x008371e4      0x460 ../simple_socket_bsp/\libucosii_bsp.a(altera_avalon_cfi_flash_intel.o)
                0x008371e4                alt_program_intel
                0x00837268                alt_erase_block_intel
 .text          0x00837644      0x238 ../simple_socket_bsp/\libucosii_bsp.a(altera_avalon_spi.o)
                0x00837644                alt_avalon_spi_command
 .text          0x0083787c      0x444 ../simple_socket_bsp/\libucosii_bsp.a(allports.o)
                0x0083787c                netmain_init
                0x00837978                icmp_port_du
                0x00837a00                station_state
                0x00837b64                sysuptime
                0x00837bf8                packet_check
                0x00837c44                mcastlist
                0x00837c68                prep_modules
 .text          0x00837cc0      0x580 ../simple_socket_bsp/\libucosii_bsp.a(timeouts.o)
                0x00837cc0                inet_timer
                0x00837fc0                in_timerset
                0x00838198                in_timerkill
 .text          0x00838240       0xa4 ../simple_socket_bsp/\libucosii_bsp.a(tk_misc.o)
                0x00838240                create_apptasks
                0x00838264                task_stats
 .text          0x008382e4       0xb0 ../simple_socket_bsp/\libucosii_bsp.a(alt_iniche_fcntl.o)
                0x008382e4                fcntl
 .text          0x00838394     0x15b0 ../simple_socket_bsp/\libucosii_bsp.a(et_arp.o)
                0x00838394                etainit
                0x008383e8                et_send
                0x00838564                arp_free_pending
                0x008385ec                arp_send_pending
                0x00838660                send_arp
                0x00838af8                find_oldest_arp
                0x00838cf4                make_arp_entry
                0x00838e08                arpReply
                0x0083909c                arprcv
                0x008392fc                send_via_arp
                0x008394cc                cb_arpent_tmo
                0x00839678                grat_arp
 .text          0x00839944      0x298 ../simple_socket_bsp/\libucosii_bsp.a(iface.o)
                0x00839944                if_getbynum
                0x008399c8                isbcast
                0x00839aa8                reg_type
                0x00839b44                if_killsocks
 .text          0x00839bdc     0x22a4 ../simple_socket_bsp/\libucosii_bsp.a(ip.o)
                0x00839bdc                ip_init
                0x00839cd8                ip_bldhead
                0x00839e7c                ip_write_internal
                0x0083a5fc                ip_write
                0x0083a844                ip_write2
                0x0083abf4                ip_raw_write
                0x0083accc                ip_fragment_lc
                0x0083b154                ip_fragment
                0x0083b778                ip_mymach
                0x0083b824                ip_dump
                0x0083badc                iproute
                0x0083bd48                ip_copypkt
 .text          0x0083be80     0x1e08 ../simple_socket_bsp/\libucosii_bsp.a(ip_reasm.o)
                0x0083be80                ip_reasm_match_frag_with_ire
                0x0083bf50                ip_reasm_determine_type_of_frag
                0x0083c03c                ip_reasm_check_mem_useage
                0x0083c0d4                ip_reasm_incr_mem_useage
                0x0083c17c                ip_reasm_decr_mem_useage
                0x0083c21c                ip_reasm_process_first_fragment
                0x0083c4fc                ip_reassm
                0x0083c59c                ip_reasm_compute_overlap
                0x0083cb2c                ip_reasm_process_subsequent_fragments
                0x0083d0c0                ip_reasm_find_ire
                0x0083d124                ip_reasm_copy_queued_fragments_into_reassy_buffer
                0x0083d480                ip_reasm_process_timer_tick
                0x0083d5a0                ip_reasm_delete_ire
                0x0083d768                ip_reasm_mark_compact_rfq
                0x0083d8b0                ipr_stats
                0x0083dc34                ip_reasm_send_icmp_timex
 .text          0x0083dc88      0xe3c ../simple_socket_bsp/\libucosii_bsp.a(ipdemux.o)
                0x0083dc88                ip_rcv
                0x0083e088                ip_rcv_phase2
                0x0083e694                ip_demux
 .text          0x0083eac4      0x2f0 ../simple_socket_bsp/\libucosii_bsp.a(ipmc.o)
                0x0083eac4                in_addmulti
                0x0083ec2c                in_delmulti
                0x0083ed44                lookup_mcast
 .text          0x0083edb4       0xe4 ../simple_socket_bsp/\libucosii_bsp.a(ipport.o)
                0x0083edb4                prep_ifaces
                0x0083ee48                netexit
                0x0083ee70                evtmap_setup
 .text          0x0083ee98      0x550 ../simple_socket_bsp/\libucosii_bsp.a(ipraw.o)
                0x0083ee98                ip_raw_open
                0x0083ef88                ip_raw_close
                0x0083f048                ip_raw_input
                0x0083f280                ip_raw_alloc
                0x0083f34c                ip_raw_free
                0x0083f38c                ip_raw_maxalloc
 .text          0x0083f3e8      0x6f0 ../simple_socket_bsp/\libucosii_bsp.a(iproute.o)
                0x0083f3e8                rt_lookup
                0x0083f56c                add_route
                0x0083f994                del_route
 .text          0x0083fad8      0xe3c ../simple_socket_bsp/\libucosii_bsp.a(udp.o)
                0x0083fad8                udpdemux
                0x00840330                udp_send
                0x008405e8                udpswap
                0x00840718                udp_socket
                0x008407e8                udp_alloc
                0x008408a8                udp_maxalloc
                0x008408d4                udp_free
 .text          0x00840914      0x2e8 ../simple_socket_bsp/\libucosii_bsp.a(igmp.o)
                0x00840914                igmpv1_input
 .text          0x00840bfc      0x7c0 ../simple_socket_bsp/\libucosii_bsp.a(igmp2.o)
                0x00840bfc                igmpv2_input
                0x00840d5c                igmpv2_process_report
                0x00840ea8                igmpv2_process_query
                0x008410f4                igmpv2_chk_set_timer
                0x0084124c                igmpv2_chk4_rtr_alert_opt
 .text          0x008413bc      0x8fc ../simple_socket_bsp/\libucosii_bsp.a(ipopt.o)
                0x008413bc                IPADDR_TO_NETP
                0x00841504                ip_setmoptions
                0x00841af4                ip_getmoptions
                0x00841c34                ip_freemoptions
 .text          0x00841cb8      0x6e8 ../simple_socket_bsp/\libucosii_bsp.a(u_mctest.o)
                0x00841cb8                u_mctest_init
                0x00841ce8                u_mctest_run
 .text          0x008423a0      0x3d0 ../simple_socket_bsp/\libucosii_bsp.a(dhcsetup.o)
                0x008423a0                dhc_setup
                0x0084266c                dhc_main_ipset
 .text          0x00842770      0x40c ../simple_socket_bsp/\libucosii_bsp.a(memdev.o)
                0x00842770                init_memdev
                0x008427e8                md_fopen
                0x00842810                md_fclose
                0x00842830                md_fread
                0x008429b0                md_fwrite
                0x00842a30                md_fseek
                0x00842a5c                md_ftell
                0x00842a80                md_fgetc
                0x00842b58                md_unlink
 .text          0x00842b7c      0x1cc ../simple_socket_bsp/\libucosii_bsp.a(tcpcksum.o)
                0x00842b7c                tcp_cksum
 .text          0x00842d48      0x900 ../simple_socket_bsp/\libucosii_bsp.a(in_pcb.o)
                0x00842d48                in_pcballoc
                0x00842ddc                in_pcbdetach
                0x00842e30                in_pcbbind
                0x00843084                in_pcbconnect
                0x00843294                in_pcbdisconnect
                0x008432f4                in_setsockaddr
                0x00843370                in_setpeeraddr
                0x008433ec                in_pcblookup
 .text          0x00843648     0x1a74 ../simple_socket_bsp/\libucosii_bsp.a(vfsfiles.o)
                0x00843648                set_vfopen_error
                0x00843670                get_vfopen_error
                0x00843690                vf_alloc_and_link_vop
                0x0084370c                vf_alloc_buffer
                0x008437e4                vf_free_buffer
                0x00843834                vfopen_locked
                0x00843b9c                vfopen
                0x00843bec                vfclose_locked
                0x00843d94                vfclose
                0x00843dd4                vfflush
                0x00843e1c                vfgets
                0x00843f00                vfeof
                0x00843f58                vunlink_flag_open_files
                0x00843fb4                vunlink
                0x008441d4                vfread
                0x00844380                vfwrite_locked
                0x00844768                vfwrite
                0x008447c8                vfseek
                0x00844944                vftell
                0x00844a78                vgetc_locked
                0x00844b98                vgetc
                0x00844be0                vfslookup_locked
                0x00844d18                vfslookup
                0x00844d60                strippath
                0x00844f48                isvfile_locked
                0x00844fac                isvfile
                0x00844ff4                vferror
                0x00845060                vclearerr
 .text          0x008450bc       0x24 ../simple_socket_bsp/\libucosii_bsp.a(vfsport.o)
                0x008450bc                prep_vfs
 .text          0x008450e0        0x0 ../simple_socket_bsp/\libucosii_bsp.a(alt_exception_entry.o)
 .text          0x008450e0      0x1b4 ../simple_socket_bsp/\libucosii_bsp.a(alt_fcntl.o)
                0x008450e0                alt_fcntl
 .text          0x00845294      0x120 ../simple_socket_bsp/\libucosii_bsp.a(alt_find_file.o)
                0x00845294                alt_find_file
 .text          0x008453b4       0xf4 ../simple_socket_bsp/\libucosii_bsp.a(alt_get_fd.o)
                0x008453b4                alt_get_fd
 .text          0x008454a8     0x130c ../simple_socket_bsp/\libucosii_bsp.a(icmp.o)
                0x008454a8                icmprcv
                0x008460dc                icmp_destun
                0x0084642c                icmp_timex
                0x00846760                icmp_du
 .text          0x008467b4       0x14 c:/altera/13.0sp1/nios2eds/bin/gnu/h-i686-mingw32/bin/../lib/gcc/nios2-elf/4.1.2/../../../../nios2-elf/lib\libc.a(lib_a-atexit.o)
                0x008467b4                atexit
 .text          0x008467c8       0x18 c:/altera/13.0sp1/nios2eds/bin/gnu/h-i686-mingw32/bin/../lib/gcc/nios2-elf/4.1.2/../../../../nios2-elf/lib\libc.a(lib_a-atoi.o)
                0x008467c8                _atoi_r
                0x008467d4                atoi
 .text          0x008467e0       0x1c c:/altera/13.0sp1/nios2eds/bin/gnu/h-i686-mingw32/bin/../lib/gcc/nios2-elf/4.1.2/../../../../nios2-elf/lib\libc.a(lib_a-calloc.o)
                0x008467e0                calloc
 .text          0x008467fc       0x28 c:/altera/13.0sp1/nios2eds/bin/gnu/h-i686-mingw32/bin/../lib/gcc/nios2-elf/4.1.2/../../../../nios2-elf/lib\libc.a(lib_a-malloc.o)
                0x008467fc                free
                0x00846810                malloc
 .text          0x00846824       0x74 c:/altera/13.0sp1/nios2eds/bin/gnu/h-i686-mingw32/bin/../lib/gcc/nios2-elf/4.1.2/../../../../nios2-elf/lib\libc.a(lib_a-memcmp.o)
                0x00846824                memcmp
 .text          0x00846898       0xd4 c:/altera/13.0sp1/nios2eds/bin/gnu/h-i686-mingw32/bin/../lib/gcc/nios2-elf/4.1.2/../../../../nios2-elf/lib\libc.a(lib_a-sprintf.o)
                0x00846898                sprintf
                0x0084690c                _sprintf_r
 .text          0x0084696c       0x8c c:/altera/13.0sp1/nios2eds/bin/gnu/h-i686-mingw32/bin/../lib/gcc/nios2-elf/4.1.2/../../../../nios2-elf/lib\libc.a(lib_a-strcpy.o)
                0x0084696c                strcpy
 .text          0x008469f8       0xf0 c:/altera/13.0sp1/nios2eds/bin/gnu/h-i686-mingw32/bin/../lib/gcc/nios2-elf/4.1.2/../../../../nios2-elf/lib\libc.a(lib_a-strncmp.o)
                0x008469f8                strncmp
 .text          0x00846ae8       0xbc c:/altera/13.0sp1/nios2eds/bin/gnu/h-i686-mingw32/bin/../lib/gcc/nios2-elf/4.1.2/../../../../nios2-elf/lib\libc.a(lib_a-strncpy.o)
                0x00846ae8                strncpy
 .text          0x00846ba4      0x268 c:/altera/13.0sp1/nios2eds/bin/gnu/h-i686-mingw32/bin/../lib/gcc/nios2-elf/4.1.2/../../../../nios2-elf/lib\libc.a(lib_a-strtol.o)
                0x00846ba4                _strtol_r
                0x00846de8                strtol
 .text          0x00846e0c       0x34 c:/altera/13.0sp1/nios2eds/bin/gnu/h-i686-mingw32/bin/../lib/gcc/nios2-elf/4.1.2/../../../../nios2-elf/lib\libc.a(lib_a-vprintf.o)
                0x00846e0c                _vprintf_r
                0x00846e20                vprintf
 .text          0x00846e40       0x74 c:/altera/13.0sp1/nios2eds/bin/gnu/h-i686-mingw32/bin/../lib/gcc/nios2-elf/4.1.2/../../../../nios2-elf/lib\libc.a(lib_a-vsprintf.o)
                0x00846e40                _vsprintf_r
                0x00846e90                vsprintf
 .text          0x00846eb4      0x134 c:/altera/13.0sp1/nios2eds/bin/gnu/h-i686-mingw32/bin/../lib/gcc/nios2-elf/4.1.2/../../../../nios2-elf/lib\libc.a(lib_a-__atexit.o)
                0x00846eb4                __register_exitproc
 *(.gnu.warning.*)
 *(.fini)
                0x00846fe8                PROVIDE (__etext, ABSOLUTE (.))
                0x00846fe8                PROVIDE (_etext, ABSOLUTE (.))
                0x00846fe8                PROVIDE (etext, ABSOLUTE (.))
 *(.eh_frame_hdr)
                0x00846fe8                . = ALIGN (0x4)
                0x00846fe8                PROVIDE (__preinit_array_start, ABSOLUTE (.))
 *(.preinit_array)
                0x00846fe8                PROVIDE (__preinit_array_end, ABSOLUTE (.))
                0x00846fe8                PROVIDE (__init_array_start, ABSOLUTE (.))
 *(.init_array)
                0x00846fe8                PROVIDE (__init_array_end, ABSOLUTE (.))
                0x00846fe8                PROVIDE (__fini_array_start, ABSOLUTE (.))
 *(.fini_array)
                0x00846fe8                PROVIDE (__fini_array_end, ABSOLUTE (.))
 *(.eh_frame)
 *(.gcc_except_table)
 *(.dynamic)
                0x00846fe8                PROVIDE (__CTOR_LIST__, ABSOLUTE (.))
 *(.ctors)
 *(SORT(.ctors.*))
 .ctors.65535   0x00846fe8        0x4 c:/altera/13.0sp1/nios2eds/bin/gnu/h-i686-mingw32/bin/../lib/gcc/nios2-elf/4.1.2/../../../../nios2-elf/lib\libc.a(lib_a-__call_atexit.o)
                0x00846fec                PROVIDE (__CTOR_END__, ABSOLUTE (.))
                0x00846fec                PROVIDE (__DTOR_LIST__, ABSOLUTE (.))
 *(.dtors)
 *(SORT(.dtors.*))
                0x00846fec                PROVIDE (__DTOR_END__, ABSOLUTE (.))
 *(.jcr)
                0x00846fec                . = ALIGN (0x4)

.rodata         0x00846fec     0x4320
                0x00846fec                PROVIDE (__ram_rodata_start, ABSOLUTE (.))
                0x00846fec                . = ALIGN (0x4)
 *(.rodata .rodata.* .gnu.linkonce.r.*)
 .rodata        0x00846fec       0x60 obj/default/LCD.o
 .rodata        0x0084704c       0xa8 obj/default/SSS_DE2_115.o
 .rodata        0x008470f4      0xba4 obj/default/alt_error_handler.o
 .rodata        0x00847c98       0x64 obj/default/dm9000a.o
 .rodata        0x00847cfc      0x204 obj/default/iniche_init.o
 .rodata        0x00847f00      0x234 obj/default/network_utilities.o
 .rodata        0x00848134      0x2e0 obj/default/simple_socket_server.o
 .rodata        0x00848414       0x14 c:/altera/13.0sp1/nios2eds/bin/gnu/h-i686-mingw32/bin/../lib/gcc/nios2-elf/4.1.2\libgcc.a(_thenan_df.o)
                0x00848414                __thenan_df
 .rodata        0x00848428      0x100 c:/altera/13.0sp1/nios2eds/bin/gnu/h-i686-mingw32/bin/../lib/gcc/nios2-elf/4.1.2\libgcc.a(_clz.o)
                0x00848428                __clz_tab
 .rodata        0x00848528      0x281 c:/altera/13.0sp1/nios2eds/bin/gnu/h-i686-mingw32/bin/../lib/gcc/nios2-elf/4.1.2/../../../../nios2-elf/lib\libc.a(lib_a-ctype_.o)
                0x00848528                _ctype_
 *fill*         0x008487a9        0x3 00
 .rodata.str1.4
                0x008487ac        0x2 c:/altera/13.0sp1/nios2eds/bin/gnu/h-i686-mingw32/bin/../lib/gcc/nios2-elf/4.1.2/../../../../nios2-elf/lib\libc.a(lib_a-impure.o)
                                  0x4 (size before relaxing)
 *fill*         0x008487ae        0x2 00
 .rodata.str1.4
                0x008487b0        0x3 c:/altera/13.0sp1/nios2eds/bin/gnu/h-i686-mingw32/bin/../lib/gcc/nios2-elf/4.1.2/../../../../nios2-elf/lib\libc.a(lib_a-perror.o)
                                  0x4 (size before relaxing)
 *fill*         0x008487b3        0x1 00
 .rodata.str1.4
                0x008487b4        0x2 c:/altera/13.0sp1/nios2eds/bin/gnu/h-i686-mingw32/bin/../lib/gcc/nios2-elf/4.1.2/../../../../nios2-elf/lib\libc.a(lib_a-puts.o)
                                  0x4 (size before relaxing)
 *fill*         0x008487b6        0x2 00
 .rodata.str1.4
                0x008487b8      0x7a2 c:/altera/13.0sp1/nios2eds/bin/gnu/h-i686-mingw32/bin/../lib/gcc/nios2-elf/4.1.2/../../../../nios2-elf/lib\libc.a(lib_a-strerror.o)
                                0x7a8 (size before relaxing)
 *fill*         0x00848f5a        0x2 00
 .rodata.str1.4
                0x00848f5c       0x5e c:/altera/13.0sp1/nios2eds/bin/gnu/h-i686-mingw32/bin/../lib/gcc/nios2-elf/4.1.2/../../../../nios2-elf/lib\libc.a(lib_a-vfprintf.o)
                                 0x60 (size before relaxing)
 .rodata        0x00848fba       0x20 c:/altera/13.0sp1/nios2eds/bin/gnu/h-i686-mingw32/bin/../lib/gcc/nios2-elf/4.1.2/../../../../nios2-elf/lib\libc.a(lib_a-vfprintf.o)
 *fill*         0x00848fda        0x2 00
 .rodata.str1.4
                0x00848fdc       0x10 c:/altera/13.0sp1/nios2eds/bin/gnu/h-i686-mingw32/bin/../lib/gcc/nios2-elf/4.1.2/../../../../nios2-elf/lib\libc.a(lib_a-dtoa.o)
                                 0x14 (size before relaxing)
 .rodata.str1.4
                0x00848fec       0x10 c:/altera/13.0sp1/nios2eds/bin/gnu/h-i686-mingw32/bin/../lib/gcc/nios2-elf/4.1.2/../../../../nios2-elf/lib\libc.a(lib_a-locale.o)
                                 0x18 (size before relaxing)
 .rodata        0x00848ffc       0x30 c:/altera/13.0sp1/nios2eds/bin/gnu/h-i686-mingw32/bin/../lib/gcc/nios2-elf/4.1.2/../../../../nios2-elf/lib\libc.a(lib_a-locale.o)
 .rodata        0x0084902c      0x124 c:/altera/13.0sp1/nios2eds/bin/gnu/h-i686-mingw32/bin/../lib/gcc/nios2-elf/4.1.2/../../../../nios2-elf/lib\libc.a(lib_a-mprec.o)
                0x0084902c                __mprec_tens
                0x008490f4                __mprec_bigtens
                0x0084911c                __mprec_tinytens
 .rodata        0x00849150       0x14 ../simple_socket_bsp/\libucosii_bsp.a(alt_main.o)
 .rodata        0x00849164      0x120 ../simple_socket_bsp/\libucosii_bsp.a(os_core.o)
                0x00849164                OSUnMapTbl
 .rodata        0x00849284       0x60 ../simple_socket_bsp/\libucosii_bsp.a(alt_sys_init.o)
 .rodata        0x008492e4       0xd8 ../simple_socket_bsp/\libucosii_bsp.a(ipnet.o)
 .rodata        0x008493bc       0xec ../simple_socket_bsp/\libucosii_bsp.a(ipstart.o)
 .rodata        0x008494a8      0x54c ../simple_socket_bsp/\libucosii_bsp.a(igmp_cmn.o)
 .rodata        0x008499f4       0xb8 ../simple_socket_bsp/\libucosii_bsp.a(in_utils.o)
 .rodata        0x00849aac       0x34 ../simple_socket_bsp/\libucosii_bsp.a(netmain.o)
 .rodata        0x00849ae0       0x94 ../simple_socket_bsp/\libucosii_bsp.a(parseip.o)
 .rodata        0x00849b74      0x1a8 ../simple_socket_bsp/\libucosii_bsp.a(tk_crnos.o)
 .rodata        0x00849d1c        0x8 ../simple_socket_bsp/\libucosii_bsp.a(dhcpclnt.o)
 .rodata        0x00849d24      0x118 ../simple_socket_bsp/\libucosii_bsp.a(pktalloc.o)
 .rodata        0x00849e3c       0x84 ../simple_socket_bsp/\libucosii_bsp.a(udp_open.o)
 .rodata        0x00849ec0       0x2c ../simple_socket_bsp/\libucosii_bsp.a(brdutils.o)
 .rodata        0x00849eec      0x26c ../simple_socket_bsp/\libucosii_bsp.a(osportco.o)
 .rodata        0x0084a158       0xa0 ../simple_socket_bsp/\libucosii_bsp.a(targnios.o)
 .rodata        0x0084a1f8       0x90 ../simple_socket_bsp/\libucosii_bsp.a(nptcp.o)
 .rodata        0x0084a288        0x8 ../simple_socket_bsp/\libucosii_bsp.a(sockcall.o)
 .rodata        0x0084a290       0x50 ../simple_socket_bsp/\libucosii_bsp.a(socket.o)
 .rodata        0x0084a2e0       0x40 ../simple_socket_bsp/\libucosii_bsp.a(socket2.o)
 .rodata        0x0084a320       0x20 ../simple_socket_bsp/\libucosii_bsp.a(tcp_in.o)
 .rodata        0x0084a340       0x40 ../simple_socket_bsp/\libucosii_bsp.a(tcp_out.o)
 .rodata        0x0084a380       0x24 ../simple_socket_bsp/\libucosii_bsp.a(tcp_subr.o)
 .rodata        0x0084a3a4       0x2c ../simple_socket_bsp/\libucosii_bsp.a(tcp_usr.o)
 .rodata        0x0084a3d0        0xc ../simple_socket_bsp/\libucosii_bsp.a(alt_dev.o)
 .rodata        0x0084a3dc        0x4 ../simple_socket_bsp/\libucosii_bsp.a(os_cpu_c.o)
 .rodata        0x0084a3e0      0x1d4 ../simple_socket_bsp/\libucosii_bsp.a(allports.o)
 .rodata        0x0084a5b4       0x34 ../simple_socket_bsp/\libucosii_bsp.a(tk_misc.o)
 .rodata        0x0084a5e8       0x44 ../simple_socket_bsp/\libucosii_bsp.a(et_arp.o)
 .rodata        0x0084a62c      0x1dc ../simple_socket_bsp/\libucosii_bsp.a(ip.o)
 .rodata        0x0084a808      0x158 ../simple_socket_bsp/\libucosii_bsp.a(ip_reasm.o)
 .rodata        0x0084a960      0x120 ../simple_socket_bsp/\libucosii_bsp.a(ipdemux.o)
 .rodata        0x0084aa80       0x34 ../simple_socket_bsp/\libucosii_bsp.a(ipport.o)
 .rodata        0x0084aab4       0x24 ../simple_socket_bsp/\libucosii_bsp.a(ipraw.o)
 .rodata        0x0084aad8       0x38 ../simple_socket_bsp/\libucosii_bsp.a(iproute.o)
 .rodata        0x0084ab10       0xe8 ../simple_socket_bsp/\libucosii_bsp.a(udp.o)
 .rodata        0x0084abf8      0x2d0 ../simple_socket_bsp/\libucosii_bsp.a(u_mctest.o)
 .rodata        0x0084aec8       0xf8 ../simple_socket_bsp/\libucosii_bsp.a(dhcsetup.o)
 .rodata        0x0084afc0       0x34 ../simple_socket_bsp/\libucosii_bsp.a(vfsfiles.o)
 .rodata        0x0084aff4      0x318 ../simple_socket_bsp/\libucosii_bsp.a(icmp.o)
 *(.rodata1)
                0x0084b30c                . = ALIGN (0x4)
                0x0084b30c                PROVIDE (__ram_rodata_end, ABSOLUTE (.))
                0x00846fec                PROVIDE (__flash_rodata_start, LOADADDR (.rodata))

.rwdata         0x0084b30c     0x213c
                0x0084b30c                PROVIDE (__ram_rwdata_start, ABSOLUTE (.))
                0x0084b30c                . = ALIGN (0x4)
 *(.got.plt)
 *(.got)
 *(.data1)
 *(.data .data.* .gnu.linkonce.d.*)
 .data          0x0084b30c        0x0 ../simple_socket_bsp//obj/HAL/src/crt0.o
 .data          0x0084b30c        0x0 obj/default/LCD.o
 .data          0x0084b30c        0x0 obj/default/SSS_DE2_115.o
 .data          0x0084b30c        0x0 obj/default/alt_error_handler.o
 .data          0x0084b30c        0x0 obj/default/dm9000a.o
 .data          0x0084b30c       0x18 obj/default/iniche_init.o
                0x0084b30c                ssstask
 .data          0x0084b324        0x0 obj/default/led.o
 .data          0x0084b324        0x0 obj/default/network_utilities.o
 .data          0x0084b324        0x0 obj/default/simple_socket_server.o
 .data          0x0084b324        0x0 obj/default/tse_my_system.o
 .data          0x0084b324        0x0 c:/altera/13.0sp1/nios2eds/bin/gnu/h-i686-mingw32/bin/../lib/gcc/nios2-elf/4.1.2\libgcc.a(_fixunsdfsi.o)
 .data          0x0084b324        0x0 c:/altera/13.0sp1/nios2eds/bin/gnu/h-i686-mingw32/bin/../lib/gcc/nios2-elf/4.1.2\libgcc.a(_addsub_df.o)
 .data          0x0084b324        0x0 c:/altera/13.0sp1/nios2eds/bin/gnu/h-i686-mingw32/bin/../lib/gcc/nios2-elf/4.1.2\libgcc.a(_mul_df.o)
 .data          0x0084b324        0x0 c:/altera/13.0sp1/nios2eds/bin/gnu/h-i686-mingw32/bin/../lib/gcc/nios2-elf/4.1.2\libgcc.a(_ge_df.o)
 .data          0x0084b324        0x0 c:/altera/13.0sp1/nios2eds/bin/gnu/h-i686-mingw32/bin/../lib/gcc/nios2-elf/4.1.2\libgcc.a(_df_to_si.o)
 .data          0x0084b324        0x0 c:/altera/13.0sp1/nios2eds/bin/gnu/h-i686-mingw32/bin/../lib/gcc/nios2-elf/4.1.2\libgcc.a(_thenan_df.o)
 .data          0x0084b324        0x0 c:/altera/13.0sp1/nios2eds/bin/gnu/h-i686-mingw32/bin/../lib/gcc/nios2-elf/4.1.2\libgcc.a(_usi_to_df.o)
 .data          0x0084b324        0x0 c:/altera/13.0sp1/nios2eds/bin/gnu/h-i686-mingw32/bin/../lib/gcc/nios2-elf/4.1.2\libgcc.a(_muldi3.o)
 .data          0x0084b324        0x0 c:/altera/13.0sp1/nios2eds/bin/gnu/h-i686-mingw32/bin/../lib/gcc/nios2-elf/4.1.2\libgcc.a(_clzsi2.o)
 .data          0x0084b324        0x0 c:/altera/13.0sp1/nios2eds/bin/gnu/h-i686-mingw32/bin/../lib/gcc/nios2-elf/4.1.2\libgcc.a(_pack_df.o)
 .data          0x0084b324        0x0 c:/altera/13.0sp1/nios2eds/bin/gnu/h-i686-mingw32/bin/../lib/gcc/nios2-elf/4.1.2\libgcc.a(_unpack_df.o)
 .data          0x0084b324        0x0 c:/altera/13.0sp1/nios2eds/bin/gnu/h-i686-mingw32/bin/../lib/gcc/nios2-elf/4.1.2\libgcc.a(_fpcmp_parts_df.o)
 .data          0x0084b324        0x0 c:/altera/13.0sp1/nios2eds/bin/gnu/h-i686-mingw32/bin/../lib/gcc/nios2-elf/4.1.2\libgcc.a(_clz.o)
 .data          0x0084b324        0x0 c:/altera/13.0sp1/nios2eds/bin/gnu/h-i686-mingw32/bin/../lib/gcc/nios2-elf/4.1.2/../../../../nios2-elf/lib\libc.a(lib_a-ctype_.o)
 .data          0x0084b324        0x0 c:/altera/13.0sp1/nios2eds/bin/gnu/h-i686-mingw32/bin/../lib/gcc/nios2-elf/4.1.2/../../../../nios2-elf/lib\libc.a(lib_a-exit.o)
 .data          0x0084b324        0x0 c:/altera/13.0sp1/nios2eds/bin/gnu/h-i686-mingw32/bin/../lib/gcc/nios2-elf/4.1.2/../../../../nios2-elf/lib\libc.a(lib_a-fprintf.o)
 .data          0x0084b324        0x0 c:/altera/13.0sp1/nios2eds/bin/gnu/h-i686-mingw32/bin/../lib/gcc/nios2-elf/4.1.2/../../../../nios2-elf/lib\libc.a(lib_a-fwrite.o)
 .data          0x0084b324        0x0 c:/altera/13.0sp1/nios2eds/bin/gnu/h-i686-mingw32/bin/../lib/gcc/nios2-elf/4.1.2/../../../../nios2-elf/lib\libc.a(lib_a-getc.o)
 .data          0x0084b324      0x400 c:/altera/13.0sp1/nios2eds/bin/gnu/h-i686-mingw32/bin/../lib/gcc/nios2-elf/4.1.2/../../../../nios2-elf/lib\libc.a(lib_a-impure.o)
 .data          0x0084b724        0x0 c:/altera/13.0sp1/nios2eds/bin/gnu/h-i686-mingw32/bin/../lib/gcc/nios2-elf/4.1.2/../../../../nios2-elf/lib\libc.a(lib_a-memcpy.o)
 .data          0x0084b724        0x0 c:/altera/13.0sp1/nios2eds/bin/gnu/h-i686-mingw32/bin/../lib/gcc/nios2-elf/4.1.2/../../../../nios2-elf/lib\libc.a(lib_a-memmove.o)
 .data          0x0084b724        0x0 c:/altera/13.0sp1/nios2eds/bin/gnu/h-i686-mingw32/bin/../lib/gcc/nios2-elf/4.1.2/../../../../nios2-elf/lib\libc.a(lib_a-memset.o)
 .data          0x0084b724        0x0 c:/altera/13.0sp1/nios2eds/bin/gnu/h-i686-mingw32/bin/../lib/gcc/nios2-elf/4.1.2/../../../../nios2-elf/lib\libc.a(lib_a-perror.o)
 .data          0x0084b724        0x0 c:/altera/13.0sp1/nios2eds/bin/gnu/h-i686-mingw32/bin/../lib/gcc/nios2-elf/4.1.2/../../../../nios2-elf/lib\libc.a(lib_a-printf.o)
 .data          0x0084b724        0x0 c:/altera/13.0sp1/nios2eds/bin/gnu/h-i686-mingw32/bin/../lib/gcc/nios2-elf/4.1.2/../../../../nios2-elf/lib\libc.a(lib_a-putc.o)
 .data          0x0084b724        0x0 c:/altera/13.0sp1/nios2eds/bin/gnu/h-i686-mingw32/bin/../lib/gcc/nios2-elf/4.1.2/../../../../nios2-elf/lib\libc.a(lib_a-putchar.o)
 .data          0x0084b724        0x0 c:/altera/13.0sp1/nios2eds/bin/gnu/h-i686-mingw32/bin/../lib/gcc/nios2-elf/4.1.2/../../../../nios2-elf/lib\libc.a(lib_a-puts.o)
 .data          0x0084b724        0x0 c:/altera/13.0sp1/nios2eds/bin/gnu/h-i686-mingw32/bin/../lib/gcc/nios2-elf/4.1.2/../../../../nios2-elf/lib\libc.a(lib_a-rget.o)
 .data          0x0084b724        0x0 c:/altera/13.0sp1/nios2eds/bin/gnu/h-i686-mingw32/bin/../lib/gcc/nios2-elf/4.1.2/../../../../nios2-elf/lib\libc.a(lib_a-strchr.o)
 .data          0x0084b724        0x0 c:/altera/13.0sp1/nios2eds/bin/gnu/h-i686-mingw32/bin/../lib/gcc/nios2-elf/4.1.2/../../../../nios2-elf/lib\libc.a(lib_a-strerror.o)
 .data          0x0084b724        0x0 c:/altera/13.0sp1/nios2eds/bin/gnu/h-i686-mingw32/bin/../lib/gcc/nios2-elf/4.1.2/../../../../nios2-elf/lib\libc.a(lib_a-strlen.o)
 .data          0x0084b724        0x0 c:/altera/13.0sp1/nios2eds/bin/gnu/h-i686-mingw32/bin/../lib/gcc/nios2-elf/4.1.2/../../../../nios2-elf/lib\libc.a(lib_a-u_strerr.o)
 .data          0x0084b724        0x0 c:/altera/13.0sp1/nios2eds/bin/gnu/h-i686-mingw32/bin/../lib/gcc/nios2-elf/4.1.2/../../../../nios2-elf/lib\libc.a(lib_a-vfprintf.o)
 .data          0x0084b724        0x0 c:/altera/13.0sp1/nios2eds/bin/gnu/h-i686-mingw32/bin/../lib/gcc/nios2-elf/4.1.2/../../../../nios2-elf/lib\libc.a(lib_a-wbuf.o)
 .data          0x0084b724        0x0 c:/altera/13.0sp1/nios2eds/bin/gnu/h-i686-mingw32/bin/../lib/gcc/nios2-elf/4.1.2/../../../../nios2-elf/lib\libc.a(lib_a-wsetup.o)
 .data          0x0084b724        0x0 c:/altera/13.0sp1/nios2eds/bin/gnu/h-i686-mingw32/bin/../lib/gcc/nios2-elf/4.1.2/../../../../nios2-elf/lib\libc.a(lib_a-__call_atexit.o)
 .data          0x0084b724        0x0 c:/altera/13.0sp1/nios2eds/bin/gnu/h-i686-mingw32/bin/../lib/gcc/nios2-elf/4.1.2/../../../../nios2-elf/lib\libc.a(lib_a-dtoa.o)
 .data          0x0084b724        0x0 c:/altera/13.0sp1/nios2eds/bin/gnu/h-i686-mingw32/bin/../lib/gcc/nios2-elf/4.1.2/../../../../nios2-elf/lib\libc.a(lib_a-fflush.o)
 .data          0x0084b724        0x0 c:/altera/13.0sp1/nios2eds/bin/gnu/h-i686-mingw32/bin/../lib/gcc/nios2-elf/4.1.2/../../../../nios2-elf/lib\libc.a(lib_a-findfp.o)
 .data          0x0084b724        0x0 c:/altera/13.0sp1/nios2eds/bin/gnu/h-i686-mingw32/bin/../lib/gcc/nios2-elf/4.1.2/../../../../nios2-elf/lib\libc.a(lib_a-fputc.o)
 .data          0x0084b724        0x0 c:/altera/13.0sp1/nios2eds/bin/gnu/h-i686-mingw32/bin/../lib/gcc/nios2-elf/4.1.2/../../../../nios2-elf/lib\libc.a(lib_a-fputs.o)
 .data          0x0084b724        0x0 c:/altera/13.0sp1/nios2eds/bin/gnu/h-i686-mingw32/bin/../lib/gcc/nios2-elf/4.1.2/../../../../nios2-elf/lib\libc.a(lib_a-freer.o)
 .data          0x0084b724        0x0 c:/altera/13.0sp1/nios2eds/bin/gnu/h-i686-mingw32/bin/../lib/gcc/nios2-elf/4.1.2/../../../../nios2-elf/lib\libc.a(lib_a-fvwrite.o)
 .data          0x0084b724        0x0 c:/altera/13.0sp1/nios2eds/bin/gnu/h-i686-mingw32/bin/../lib/gcc/nios2-elf/4.1.2/../../../../nios2-elf/lib\libc.a(lib_a-fwalk.o)
 .data          0x0084b724        0xc c:/altera/13.0sp1/nios2eds/bin/gnu/h-i686-mingw32/bin/../lib/gcc/nios2-elf/4.1.2/../../../../nios2-elf/lib\libc.a(lib_a-locale.o)
                0x0084b724                __lc_ctype
 .data          0x0084b730        0x0 c:/altera/13.0sp1/nios2eds/bin/gnu/h-i686-mingw32/bin/../lib/gcc/nios2-elf/4.1.2/../../../../nios2-elf/lib\libc.a(lib_a-makebuf.o)
 .data          0x0084b730      0x408 c:/altera/13.0sp1/nios2eds/bin/gnu/h-i686-mingw32/bin/../lib/gcc/nios2-elf/4.1.2/../../../../nios2-elf/lib\libc.a(lib_a-mallocr.o)
                0x0084b730                __malloc_av_
 .data          0x0084bb38        0x0 c:/altera/13.0sp1/nios2eds/bin/gnu/h-i686-mingw32/bin/../lib/gcc/nios2-elf/4.1.2/../../../../nios2-elf/lib\libc.a(lib_a-memchr.o)
 .data          0x0084bb38        0x0 c:/altera/13.0sp1/nios2eds/bin/gnu/h-i686-mingw32/bin/../lib/gcc/nios2-elf/4.1.2/../../../../nios2-elf/lib\libc.a(lib_a-mprec.o)
 .data          0x0084bb38        0x0 c:/altera/13.0sp1/nios2eds/bin/gnu/h-i686-mingw32/bin/../lib/gcc/nios2-elf/4.1.2/../../../../nios2-elf/lib\libc.a(lib_a-reallocr.o)
 .data          0x0084bb38        0x0 c:/altera/13.0sp1/nios2eds/bin/gnu/h-i686-mingw32/bin/../lib/gcc/nios2-elf/4.1.2/../../../../nios2-elf/lib\libc.a(lib_a-refill.o)
 .data          0x0084bb38        0x0 c:/altera/13.0sp1/nios2eds/bin/gnu/h-i686-mingw32/bin/../lib/gcc/nios2-elf/4.1.2/../../../../nios2-elf/lib\libc.a(lib_a-s_isinfd.o)
 .data          0x0084bb38        0x0 c:/altera/13.0sp1/nios2eds/bin/gnu/h-i686-mingw32/bin/../lib/gcc/nios2-elf/4.1.2/../../../../nios2-elf/lib\libc.a(lib_a-s_isnand.o)
 .data          0x0084bb38        0x0 c:/altera/13.0sp1/nios2eds/bin/gnu/h-i686-mingw32/bin/../lib/gcc/nios2-elf/4.1.2/../../../../nios2-elf/lib\libc.a(lib_a-sbrkr.o)
 .data          0x0084bb38        0x0 c:/altera/13.0sp1/nios2eds/bin/gnu/h-i686-mingw32/bin/../lib/gcc/nios2-elf/4.1.2/../../../../nios2-elf/lib\libc.a(lib_a-stdio.o)
 .data          0x0084bb38        0x0 c:/altera/13.0sp1/nios2eds/bin/gnu/h-i686-mingw32/bin/../lib/gcc/nios2-elf/4.1.2/../../../../nios2-elf/lib\libc.a(lib_a-strcmp.o)
 .data          0x0084bb38        0x0 c:/altera/13.0sp1/nios2eds/bin/gnu/h-i686-mingw32/bin/../lib/gcc/nios2-elf/4.1.2/../../../../nios2-elf/lib\libc.a(lib_a-writer.o)
 .data          0x0084bb38        0x0 c:/altera/13.0sp1/nios2eds/bin/gnu/h-i686-mingw32/bin/../lib/gcc/nios2-elf/4.1.2/../../../../nios2-elf/lib\libc.a(lib_a-callocr.o)