Archive member included because of file (symbol)

c:/altera/13.0/nios2eds/bin/gnu/h-i686-mingw32/bin/../lib/gcc/nios2-elf/4.1.2/mno-hw-mul\libgcc.a(_fixunsdfsi.o)
                              obj/default/dm9000a.o (__fixunsdfsi)
c:/altera/13.0/nios2eds/bin/gnu/h-i686-mingw32/bin/../lib/gcc/nios2-elf/4.1.2/mno-hw-mul\libgcc.a(_addsub_df.o)
                              c:/altera/13.0/nios2eds/bin/gnu/h-i686-mingw32/bin/../lib/gcc/nios2-elf/4.1.2/mno-hw-mul\libgcc.a(_fixunsdfsi.o) (__subdf3)
c:/altera/13.0/nios2eds/bin/gnu/h-i686-mingw32/bin/../lib/gcc/nios2-elf/4.1.2/mno-hw-mul\libgcc.a(_mul_df.o)
                              obj/default/dm9000a.o (__muldf3)
c:/altera/13.0/nios2eds/bin/gnu/h-i686-mingw32/bin/../lib/gcc/nios2-elf/4.1.2/mno-hw-mul\libgcc.a(_ge_df.o)
                              c:/altera/13.0/nios2eds/bin/gnu/h-i686-mingw32/bin/../lib/gcc/nios2-elf/4.1.2/mno-hw-mul\libgcc.a(_fixunsdfsi.o) (__gedf2)
c:/altera/13.0/nios2eds/bin/gnu/h-i686-mingw32/bin/../lib/gcc/nios2-elf/4.1.2/mno-hw-mul\libgcc.a(_df_to_si.o)
                              c:/altera/13.0/nios2eds/bin/gnu/h-i686-mingw32/bin/../lib/gcc/nios2-elf/4.1.2/mno-hw-mul\libgcc.a(_fixunsdfsi.o) (__fixdfsi)
c:/altera/13.0/nios2eds/bin/gnu/h-i686-mingw32/bin/../lib/gcc/nios2-elf/4.1.2/mno-hw-mul\libgcc.a(_thenan_df.o)
                              c:/altera/13.0/nios2eds/bin/gnu/h-i686-mingw32/bin/../lib/gcc/nios2-elf/4.1.2/mno-hw-mul\libgcc.a(_addsub_df.o) (__thenan_df)
c:/altera/13.0/nios2eds/bin/gnu/h-i686-mingw32/bin/../lib/gcc/nios2-elf/4.1.2/mno-hw-mul\libgcc.a(_usi_to_df.o)
                              obj/default/dm9000a.o (__floatunsidf)
c:/altera/13.0/nios2eds/bin/gnu/h-i686-mingw32/bin/../lib/gcc/nios2-elf/4.1.2/mno-hw-mul\libgcc.a(lib2-mul.o)
                              obj/default/iniche_init.o (__mulsi3)
c:/altera/13.0/nios2eds/bin/gnu/h-i686-mingw32/bin/../lib/gcc/nios2-elf/4.1.2/mno-hw-mul\libgcc.a(_muldi3.o)
                              c:/altera/13.0/nios2eds/bin/gnu/h-i686-mingw32/bin/../lib/gcc/nios2-elf/4.1.2/mno-hw-mul\libgcc.a(_mul_df.o) (__muldi3)
c:/altera/13.0/nios2eds/bin/gnu/h-i686-mingw32/bin/../lib/gcc/nios2-elf/4.1.2/mno-hw-mul\libgcc.a(_clzsi2.o)
                              c:/altera/13.0/nios2eds/bin/gnu/h-i686-mingw32/bin/../lib/gcc/nios2-elf/4.1.2/mno-hw-mul\libgcc.a(_usi_to_df.o) (__clzsi2)
c:/altera/13.0/nios2eds/bin/gnu/h-i686-mingw32/bin/../lib/gcc/nios2-elf/4.1.2/mno-hw-mul\libgcc.a(_pack_df.o)
                              c:/altera/13.0/nios2eds/bin/gnu/h-i686-mingw32/bin/../lib/gcc/nios2-elf/4.1.2/mno-hw-mul\libgcc.a(_addsub_df.o) (__pack_d)
c:/altera/13.0/nios2eds/bin/gnu/h-i686-mingw32/bin/../lib/gcc/nios2-elf/4.1.2/mno-hw-mul\libgcc.a(_unpack_df.o)
                              c:/altera/13.0/nios2eds/bin/gnu/h-i686-mingw32/bin/../lib/gcc/nios2-elf/4.1.2/mno-hw-mul\libgcc.a(_addsub_df.o) (__unpack_d)
c:/altera/13.0/nios2eds/bin/gnu/h-i686-mingw32/bin/../lib/gcc/nios2-elf/4.1.2/mno-hw-mul\libgcc.a(_fpcmp_parts_df.o)
                              c:/altera/13.0/nios2eds/bin/gnu/h-i686-mingw32/bin/../lib/gcc/nios2-elf/4.1.2/mno-hw-mul\libgcc.a(_ge_df.o) (__fpcmp_parts_d)
c:/altera/13.0/nios2eds/bin/gnu/h-i686-mingw32/bin/../lib/gcc/nios2-elf/4.1.2/mno-hw-mul\libgcc.a(_clz.o)
                              c:/altera/13.0/nios2eds/bin/gnu/h-i686-mingw32/bin/../lib/gcc/nios2-elf/4.1.2/mno-hw-mul\libgcc.a(_clzsi2.o) (__clz_tab)
c:/altera/13.0/nios2eds/bin/gnu/h-i686-mingw32/bin/../lib/gcc/nios2-elf/4.1.2/../../../../nios2-elf/lib/mno-hw-mul\libc.a(lib_a-ctype_.o)
                              obj/default/network_utilities.o (__ctype_ptr)
c:/altera/13.0/nios2eds/bin/gnu/h-i686-mingw32/bin/../lib/gcc/nios2-elf/4.1.2/../../../../nios2-elf/lib/mno-hw-mul\libc.a(lib_a-exit.o)
                              obj/default/simple_socket_server.o (exit)
c:/altera/13.0/nios2eds/bin/gnu/h-i686-mingw32/bin/../lib/gcc/nios2-elf/4.1.2/../../../../nios2-elf/lib/mno-hw-mul\libc.a(lib_a-fprintf.o)
                              obj/default/alt_error_handler.o (fprintf)
c:/altera/13.0/nios2eds/bin/gnu/h-i686-mingw32/bin/../lib/gcc/nios2-elf/4.1.2/../../../../nios2-elf/lib/mno-hw-mul\libc.a(lib_a-fwrite.o)
                              obj/default/alt_error_handler.o (fwrite)
c:/altera/13.0/nios2eds/bin/gnu/h-i686-mingw32/bin/../lib/gcc/nios2-elf/4.1.2/../../../../nios2-elf/lib/mno-hw-mul\libc.a(lib_a-getc.o)
                              obj/default/network_utilities.o (getc)
c:/altera/13.0/nios2eds/bin/gnu/h-i686-mingw32/bin/../lib/gcc/nios2-elf/4.1.2/../../../../nios2-elf/lib/mno-hw-mul\libc.a(lib_a-impure.o)
                              obj/default/alt_error_handler.o (_impure_ptr)
c:/altera/13.0/nios2eds/bin/gnu/h-i686-mingw32/bin/../lib/gcc/nios2-elf/4.1.2/../../../../nios2-elf/lib/mno-hw-mul\libc.a(lib_a-memcpy.o)
                              obj/default/simple_socket_server.o (memcpy)
[...]
Memory Configuration

Name             Origin             Length             Attributes
sdram_0_BEFORE_EXCEPTION 0x00800000         0x00000020
sdram_0          0x00800020         0x007fffe0
reset            0x01400000         0x00000020
cfi_flash_0      0x01400020         0x003fffe0
sram_0           0x01800000         0x00080000
epcs_controller  0x01881000         0x00000800
*default*        0x00000000         0xffffffff

Linker script and memory map

LOAD ../cool_bsp//obj/HAL/src/crt0.o
LOAD obj/default/SSS_DE2_115.o
LOAD obj/default/alt_error_handler.o
LOAD obj/default/dm9000a.o
LOAD obj/default/iniche_init.o
LOAD obj/default/led.o
LOAD obj/default/network_utilities.o
LOAD obj/default/simple_socket_server.o
LOAD obj/default/tse_my_system.o
LOAD c:/altera/13.0/nios2eds/bin/gnu/h-i686-mingw32/bin/../lib/gcc/nios2-elf/4.1.2/../../../../nios2-elf/lib/mno-hw-mul\libstdc++.a
LOAD c:/altera/13.0/nios2eds/bin/gnu/h-i686-mingw32/bin/../lib/gcc/nios2-elf/4.1.2/../../../../nios2-elf/lib/mno-hw-mul\libm.a
LOAD c:/altera/13.0/nios2eds/bin/gnu/h-i686-mingw32/bin/../lib/gcc/nios2-elf/4.1.2/mno-hw-mul\libgcc.a
START GROUP
LOAD c:/altera/13.0/nios2eds/bin/gnu/h-i686-mingw32/bin/../lib/gcc/nios2-elf/4.1.2/../../../../nios2-elf/lib/mno-hw-mul\libc.a
LOAD c:/altera/13.0/nios2eds/bin/gnu/h-i686-mingw32/bin/../lib/gcc/nios2-elf/4.1.2/mno-hw-mul\libgcc.a
LOAD ../cool_bsp/\libucosii_bsp.a
END GROUP
LOAD c:/altera/13.0/nios2eds/bin/gnu/h-i686-mingw32/bin/../lib/gcc/nios2-elf/4.1.2/mno-hw-mul\libgcc.a
                0x00800000                __alt_mem_sdram_0 = 0x800000
                0x01400000                __alt_mem_cfi_flash_0 = 0x1400000
                0x01800000                __alt_mem_sram_0 = 0x1800000
                0x01881000                __alt_mem_epcs_controller = 0x1881000

.entry          0x01400000        0x0
 *(.entry)
 .entry         0x01400000        0x0 ../cool_bsp//obj/HAL/src/crt0.o
                0x01400000                __reset

.exceptions     0x00800020      0x19c
                0x00800020                PROVIDE (__ram_exceptions_start, ABSOLUTE (.))
                0x00800020                . = ALIGN (0x20)
 *(.irq)
 *(.exceptions.entry.label)
 .exceptions.entry.label
                0x00800020        0x0 ../cool_bsp/\libucosii_bsp.a(alt_irq_entry.o)
                0x00800020                alt_irq_entry
 .exceptions.entry.label
                0x00800020        0x0 ../cool_bsp/\libucosii_bsp.a(alt_exception_entry.o)
                0x00800020                alt_exception
 *(.exceptions.entry.user)
 *(.exceptions.entry)
 .exceptions.entry
                0x00800020       0x54 ../cool_bsp/\libucosii_bsp.a(alt_exception_entry.o)
 *(.exceptions.irqtest.user)
 *(.exceptions.irqtest)
 .exceptions.irqtest
                0x00800074       0x10 ../cool_bsp/\libucosii_bsp.a(alt_irq_entry.o)
 *(.exceptions.irqhandler.user)
 *(.exceptions.irqhandler)
 .exceptions.irqhandler
                0x00800084        0x4 ../cool_bsp/\libucosii_bsp.a(alt_irq_entry.o)
 *(.exceptions.irqreturn.user)
 *(.exceptions.irqreturn)
 .exceptions.irqreturn
                0x00800088        0x4 ../cool_bsp/\libucosii_bsp.a(alt_irq_entry.o)
 *(.exceptions.notirq.label)
 .exceptions.notirq.label
                0x0080008c        0x0 ../cool_bsp/\libucosii_bsp.a(alt_irq_entry.o)
 *(.exceptions.notirq.user)
 *(.exceptions.notirq)
 .exceptions.notirq
                0x0080008c        0x8 ../cool_bsp/\libucosii_bsp.a(alt_exception_entry.o)
 *(.exceptions.soft.user)
 *(.exceptions.soft)
 *(.exceptions.unknown.user)
 *(.exceptions.unknown)
 .exceptions.unknown
                0x00800094        0x4 ../cool_bsp/\libucosii_bsp.a(alt_exception_entry.o)
 *(.exceptions.exit.label)
 .exceptions.exit.label
                0x00800098        0x0 ../cool_bsp/\libucosii_bsp.a(alt_irq_entry.o)
 .exceptions.exit.label
                0x00800098        0x0 ../cool_bsp/\libucosii_bsp.a(alt_exception_entry.o)
 *(.exceptions.exit.user)
 *(.exceptions.exit)
 .exceptions.exit
                0x00800098       0x54 ../cool_bsp/\libucosii_bsp.a(alt_exception_entry.o)
 *(.exceptions)
 .exceptions    0x008000ec       0xd0 ../cool_bsp/\libucosii_bsp.a(alt_irq_handler.o)
                0x008000ec                alt_irq_handler
                0x008001bc                PROVIDE (__ram_exceptions_end, ABSOLUTE (.))
                0x00800020                PROVIDE (__flash_exceptions_start, LOADADDR (.exceptions))

.text           0x008001bc    0x45670
                0x008001bc                PROVIDE (stext, ABSOLUTE (.))
 *(.interp)
 *(.hash)
 *(.dynsym)
 *(.dynstr)
 *(.gnu.version)
 *(.gnu.version_d)
 *(.gnu.version_r)
 *(.rel.init)
 *(.rela.init)
 *(.rel.text .rel.text.* .rel.gnu.linkonce.t.*)
 *(.rela.text .rela.text.* .rela.gnu.linkonce.t.*)
 *(.rel.fini)
 *(.rela.fini)
 *(.rel.rodata .rel.rodata.* .rel.gnu.linkonce.r.*)
 *(.rela.rodata .rela.rodata.* .rela.gnu.linkonce.r.*)
 *(.rel.data .rel.data.* .rel.gnu.linkonce.d.*)
 *(.rela.data .rela.data.* .rela.gnu.linkonce.d.*)
 *(.rel.tdata .rel.tdata.* .rel.gnu.linkonce.td.*)
 *(.rela.tdata .rela.tdata.* .rela.gnu.linkonce.td.*)
 *(.rel.tbss .rel.tbss.* .rel.gnu.linkonce.tb.*)
 *(.rela.tbss .rela.tbss.* .rela.gnu.linkonce.tb.*)
 *(.rel.ctors)
 *(.rela.ctors)
 *(.rel.dtors)
 *(.rela.dtors)
 *(.rel.got)
 *(.rela.got)
 *(.rel.sdata .rel.sdata.* .rel.gnu.linkonce.s.*)
 *(.rela.sdata .rela.sdata.* .rela.gnu.linkonce.s.*)
 *(.rel.sbss .rel.sbss.* .rel.gnu.linkonce.sb.*)
 *(.rela.sbss .rela.sbss.* .rela.gnu.linkonce.sb.*)
 *(.rel.sdata2 .rel.sdata2.* .rel.gnu.linkonce.s2.*)
 *(.rela.sdata2 .rela.sdata2.* .rela.gnu.linkonce.s2.*)
 *(.rel.sbss2 .rel.sbss2.* .rel.gnu.linkonce.sb2.*)
 *(.rela.sbss2 .rela.sbss2.* .rela.gnu.linkonce.sb2.*)
 *(.rel.bss .rel.bss.* .rel.gnu.linkonce.b.*)
 *(.rela.bss .rela.bss.* .rela.gnu.linkonce.b.*)
 *(.rel.plt)
 *(.rela.plt)
 *(.rel.dyn)
 *(.init)
 *(.plt)
 *(.text .stub .text.* .gnu.linkonce.t.*)
 .text          0x008001bc       0x38 ../cool_bsp//obj/HAL/src/crt0.o
                0x008001bc                _start
 .text          0x008001f4      0x2ec obj/default/SSS_DE2_115.o
                0x008001f4                get_DE2_115_mac_addr
                0x0080039c                FindLastFlashSectorOffset
 .text          0x008004e0      0xba8 obj/default/alt_error_handler.o
                0x008004e0                alt_uCOSIIErrorHandler
                0x00800b04                alt_NetworkErrorHandler
                0x00800d9c                alt_SSSErrorHandler
 .text          0x00801088      0xe48 obj/default/dm9000a.o
                0x00801088                dm9000a_iow
                0x008010dc                dm9000a_ior
                0x00801128                phy_write
                0x008011c4                dm9000a_reset
                0x00801388                TransmitPacket
                0x008014a4                prep_dm9000a
                0x008016c0                dm9000a_init
                0x00801b10                dm9Ka_isr_wrap
                0x00801b50                dm9ka_init
                0x00801c48                dm9ka_close
                0x00801d58                dm9ka_stats
                0x00801db4                dm9ka_pkt_send
 .text          0x00801ed0      0x464 obj/default/iniche_init.o
                0x00801ed0                SSSInitialTask
                0x008020dc                main
                0x008021d8                delay
                0x00802230                toInt
 .text          0x00802334      0x324 obj/default/led.o
                0x00802334                led_bit_toggle
                0x00802400                LED7SegLightshowTask
                0x00802474                LEDManagementTask
 .text          0x00802658      0x740 obj/default/network_utilities.o
                0x00802658                get_mac_addr
                0x008026b0                get_ip_addr
                0x0080271c                get_serial_number
                0x008028fc                generate_and_store_mac_addr
                0x00802ac8                generate_mac_addr
                0x00802c04                get_board_mac_addr
 .text          0x00802d98      0x9f8 obj/default/simple_socket_server.o
                0x00802d98                SSSCreateOSDataStructs
                0x00802e40                SSSCreateTasks
                0x00802f04                sss_reset_connection
                0x00802f74                sss_send_menu
                0x00803104                sss_handle_accept
                0x008031c4                sss_exec_command
                0x00803338                sss_handle_receive
                0x00803524                SSSSimpleSocketServerTask
 .text          0x00803790        0x0 obj/default/tse_my_system.o
 .text          0x00803790       0xa4 c:/altera/13.0/nios2eds/bin/gnu/h-i686-mingw32/bin/../lib/gcc/nios2-elf/4.1.2/mno-hw-mul\libgcc.a(_fixunsdfsi.o)
                0x00803790                __fixunsdfsi
 .text          0x00803834      0x504 c:/altera/13.0/nios2eds/bin/gnu/h-i686-mingw32/bin/../lib/gcc/nios2-elf/4.1.2/mno-hw-mul\libgcc.a(_addsub_df.o)
                0x00803c44                __subdf3
                0x00803cc4                __adddf3
 .text          0x00803d38      0x3c4 c:/altera/13.0/nios2eds/bin/gnu/h-i686-mingw32/bin/../lib/gcc/nios2-elf/4.1.2/mno-hw-mul\libgcc.a(_mul_df.o)
                0x00803d38                __muldf3
 .text          0x008040fc       0x88 c:/altera/13.0/nios2eds/bin/gnu/h-i686-mingw32/bin/../lib/gcc/nios2-elf/4.1.2/mno-hw-mul\libgcc.a(_ge_df.o)
                0x008040fc                __gedf2
 .text          0x00804184       0xd8 c:/altera/13.0/nios2eds/bin/gnu/h-i686-mingw32/bin/../lib/gcc/nios2-elf/4.1.2/mno-hw-mul\libgcc.a(_df_to_si.o)
                0x00804184                __fixdfsi
 .text          0x0080425c        0x0 c:/altera/13.0/nios2eds/bin/gnu/h-i686-mingw32/bin/../lib/gcc/nios2-elf/4.1.2/mno-hw-mul\libgcc.a(_thenan_df.o)
 .text          0x0080425c      0x194 c:/altera/13.0/nios2eds/bin/gnu/h-i686-mingw32/bin/../lib/gcc/nios2-elf/4.1.2/mno-hw-mul\libgcc.a(_usi_to_df.o)
                0x0080425c                __floatunsidf
 .text          0x008043f0       0x38 c:/altera/13.0/nios2eds/bin/gnu/h-i686-mingw32/bin/../lib/gcc/nios2-elf/4.1.2/mno-hw-mul\libgcc.a(lib2-mul.o)
                0x008043f0                __mulsi3
 .text          0x00804428      0x124 c:/altera/13.0/nios2eds/bin/gnu/h-i686-mingw32/bin/../lib/gcc/nios2-elf/4.1.2/mno-hw-mul\libgcc.a(_muldi3.o)
                0x00804428                __muldi3
 .text          0x0080454c       0x80 c:/altera/13.0/nios2eds/bin/gnu/h-i686-mingw32/bin/../lib/gcc/nios2-elf/4.1.2/mno-hw-mul\libgcc.a(_clzsi2.o)
                0x0080454c                __clzsi2
 .text          0x008045cc      0x314 c:/altera/13.0/nios2eds/bin/gnu/h-i686-mingw32/bin/../lib/gcc/nios2-elf/4.1.2/mno-hw-mul\libgcc.a(_pack_df.o)
                0x008045cc                __pack_d
 .text          0x008048e0      0x138 c:/altera/13.0/nios2eds/bin/gnu/h-i686-mingw32/bin/../lib/gcc/nios2-elf/4.1.2/mno-hw-mul\libgcc.a(_unpack_df.o)
                0x008048e0                __unpack_d
 .text          0x00804a18       0xc8 c:/altera/13.0/nios2eds/bin/gnu/h-i686-mingw32/bin/../lib/gcc/nios2-elf/4.1.2/mno-hw-mul\libgcc.a(_fpcmp_parts_df.o)
                0x00804a18                __fpcmp_parts_d
 .text          0x00804ae0        0x0 c:/altera/13.0/nios2eds/bin/gnu/h-i686-mingw32/bin/../lib/gcc/nios2-elf/4.1.2/mno-hw-mul\libgcc.a(_clz.o)
 .text          0x00804ae0        0x0 c:/altera/13.0/nios2eds/bin/gnu/h-i686-mingw32/bin/../lib/gcc/nios2-elf/4.1.2/../../../../nios2-elf/lib/mno-hw-mul\libc.a(lib_a-ctype_.o)
 .text          0x00804ae0       0x38 c:/altera/13.0/nios2eds/bin/gnu/h-i686-mingw32/bin/../lib/gcc/nios2-elf/4.1.2/../../../../nios2-elf/lib/mno-hw-mul\libc.a(lib_a-exit.o)
                0x00804ae0                exit
 .text          0x00804b18       0x60 c:/altera/13.0/nios2eds/bin/gnu/h-i686-mingw32/bin/../lib/gcc/nios2-elf/4.1.2/../../../../nios2-elf/lib/mno-hw-mul\libc.a(lib_a-fprintf.o)
                0x00804b18                fprintf
                0x00804b44                _fprintf_r
 .text          0x00804b78       0xec c:/altera/13.0/nios2eds/bin/gnu/h-i686-mingw32/bin/../lib/gcc/nios2-elf/4.1.2/../../../../nios2-elf/lib/mno-hw-mul\libc.a(lib_a-fwrite.o)
                0x00804b78                _fwrite_r
                0x00804c24                fwrite
 .text          0x00804c64      0x128 c:/altera/13.0/nios2eds/bin/gnu/h-i686-mingw32/bin/../lib/gcc/nios2-elf/4.1.2/../../../../nios2-elf/lib/mno-hw-mul\libc.a(lib_a-getc.o)
                0x00804c64                getc
                0x00804cfc                _getc_r
 .text          0x00804d8c        0x0 c:/altera/13.0/nios2eds/bin/gnu/h-i686-mingw32/bin/../lib/gcc/nios2-elf/4.1.2/../../../../nios2-elf/lib/mno-hw-mul\libc.a(lib_a-impure.o)
 .text          0x00804d8c       0xa0 c:/altera/13.0/nios2eds/bin/gnu/h-i686-mingw32/bin/../lib/gcc/nios2-elf/4.1.2/../../../../nios2-elf/lib/mno-hw-mul\libc.a(lib_a-memcpy.o)
                0x00804d8c                memcpy
 .text          0x00804e2c       0xe0 c:/altera/13.0/nios2eds/bin/gnu/h-i686-mingw32/bin/../lib/gcc/nios2-elf/4.1.2/../../../../nios2-elf/lib/mno-hw-mul\libc.a(lib_a-memmove.o)
                0x00804e2c                memmove
 .text          0x00804f0c       0x98 c:/altera/13.0/nios2eds/bin/gnu/h-i686-mingw32/bin/../lib/gcc/nios2-elf/4.1.2/../../../../nios2-elf/lib/mno-hw-mul\libc.a(lib_a-memset.o)
                0x00804f0c                memset
 .text          0x00804fa4       0x80 c:/altera/13.0/nios2eds/bin/gnu/h-i686-mingw32/bin/../lib/gcc/nios2-elf/4.1.2/../../../../nios2-elf/lib/mno-hw-mul\libc.a(lib_a-perror.o)
                0x00804fa4                _perror_r
                0x00805010                perror
 .text          0x00805024       0x78 c:/altera/13.0/nios2eds/bin/gnu/h-i686-mingw32/bin/../lib/gcc/nios2-elf/4.1.2/../../../../nios2-elf/lib/mno-hw-mul\libc.a(lib_a-printf.o)
                0x00805024                printf
                0x00805068                _printf_r
 .text          0x0080509c      0x1ec c:/altera/13.0/nios2eds/bin/gnu/h-i686-mingw32/bin/../lib/gcc/nios2-elf/4.1.2/../../../../nios2-elf/lib/mno-hw-mul\libc.a(lib_a-putc.o)
                0x0080509c                putc
                0x008051a0                _putc_r
 .text          0x00805288       0x24 c:/altera/13.0/nios2eds/bin/gnu/h-i686-mingw32/bin/../lib/gcc/nios2-elf/4.1.2/../../../../nios2-elf/lib/mno-hw-mul\libc.a(lib_a-putchar.o)
                0x00805288                putchar
                0x008052a4                _putchar_r
 .text          0x008052ac       0xb4 c:/altera/13.0/nios2eds/bin/gnu/h-i686-mingw32/bin/../lib/gcc/nios2-elf/4.1.2/../../../../nios2-elf/lib/mno-hw-mul\libc.a(lib_a-puts.o)
                0x008052ac                _puts_r
                0x0080534c                puts
 .text          0x00805360       0x60 c:/altera/13.0/nios2eds/bin/gnu/h-i686-mingw32/bin/../lib/gcc/nios2-elf/4.1.2/../../../../nios2-elf/lib/mno-hw-mul\libc.a(lib_a-rget.o)
                0x00805360                __srget_r
                0x008053ac                __srget
 .text          0x008053c0       0xe0 c:/altera/13.0/nios2eds/bin/gnu/h-i686-mingw32/bin/../lib/gcc/nios2-elf/4.1.2/../../../../nios2-elf/lib/mno-hw-mul\libc.a(lib_a-strchr.o)
                0x008053c0                strchr
 .text          0x008054a0      0x674 c:/altera/13.0/nios2eds/bin/gnu/h-i686-mingw32/bin/../lib/gcc/nios2-elf/4.1.2/../../../../nios2-elf/lib/mno-hw-mul\libc.a(lib_a-strerror.o)
                0x008054a0                strerror
 .text          0x00805b14       0x74 c:/altera/13.0/nios2eds/bin/gnu/h-i686-mingw32/bin/../lib/gcc/nios2-elf/4.1.2/../../../../nios2-elf/lib/mno-hw-mul\libc.a(lib_a-strlen.o)
                0x00805b14                strlen
 .text          0x00805b88        0x8 c:/altera/13.0/nios2eds/bin/gnu/h-i686-mingw32/bin/../lib/gcc/nios2-elf/4.1.2/../../../../nios2-elf/lib/mno-hw-mul\libc.a(lib_a-u_strerr.o)
                0x00805b88                _user_strerror
 .text          0x00805b90     0x1f40 c:/altera/13.0/nios2eds/bin/gnu/h-i686-mingw32/bin/../lib/gcc/nios2-elf/4.1.2/../../../../nios2-elf/lib/mno-hw-mul\libc.a(lib_a-vfprintf.o)
                0x00805be8                ___vfprintf_internal_r
                0x00807aac                __vfprintf_internal
 .text          0x00807ad0      0x14c c:/altera/13.0/nios2eds/bin/gnu/h-i686-mingw32/bin/../lib/gcc/nios2-elf/4.1.2/../../../../nios2-elf/lib/mno-hw-mul\libc.a(lib_a-wbuf.o)
                0x00807ad0                __swbuf_r
                0x00807c00                __swbuf
 .text          0x00807c1c      0x13c c:/altera/13.0/nios2eds/bin/gnu/h-i686-mingw32/bin/../lib/gcc/nios2-elf/4.1.2/../../../../nios2-elf/lib/mno-hw-mul\libc.a(lib_a-wsetup.o)
                0x00807c1c                __swsetup_r
 .text          0x00807d58      0x1b4 c:/altera/13.0/nios2eds/bin/gnu/h-i686-mingw32/bin/../lib/gcc/nios2-elf/4.1.2/../../../../nios2-elf/lib/mno-hw-mul\libc.a(lib_a-__call_atexit.o)
                0x00807d5c                __call_exitprocs
 .text          0x00807f0c     0x17f8 c:/altera/13.0/nios2eds/bin/gnu/h-i686-mingw32/bin/../lib/gcc/nios2-elf/4.1.2/../../../../nios2-elf/lib/mno-hw-mul\libc.a(lib_a-dtoa.o)
                0x00808150                _dtoa_r
 .text          0x00809704      0x230 c:/altera/13.0/nios2eds/bin/gnu/h-i686-mingw32/bin/../lib/gcc/nios2-elf/4.1.2/../../../../nios2-elf/lib/mno-hw-mul\libc.a(lib_a-fflush.o)
                0x00809704                _fflush_r
                0x00809900                fflush
 .text          0x00809934      0x2f4 c:/altera/13.0/nios2eds/bin/gnu/h-i686-mingw32/bin/../lib/gcc/nios2-elf/4.1.2/../../../../nios2-elf/lib/mno-hw-mul\libc.a(lib_a-findfp.o)
                0x0080998c                __sfp_lock_acquire
                0x00809990                __sfp_lock_release
                0x00809994                __sinit_lock_acquire
                0x00809998                __sinit_lock_release
                0x0080999c                __sinit
                0x00809a50                __fp_unlock_all
                0x00809a68                __fp_lock_all
                0x00809a80                _cleanup_r
                0x00809a8c                _cleanup
                0x00809a9c                __sfmoreglue
                0x00809b38                __sfp
 .text          0x00809c28       0xbc c:/altera/13.0/nios2eds/bin/gnu/h-i686-mingw32/bin/../lib/gcc/nios2-elf/4.1.2/../../../../nios2-elf/lib/mno-hw-mul\libc.a(lib_a-fputc.o)
                0x00809c28                fputc
                0x00809c8c                _fputc_r
 .text          0x00809ce4       0x90 c:/altera/13.0/nios2eds/bin/gnu/h-i686-mingw32/bin/../lib/gcc/nios2-elf/4.1.2/../../../../nios2-elf/lib/mno-hw-mul\libc.a(lib_a-fputs.o)
                0x00809ce4                _fputs_r
                0x00809d58                fputs
 .text          0x00809d74      0x440 c:/altera/13.0/nios2eds/bin/gnu/h-i686-mingw32/bin/../lib/gcc/nios2-elf/4.1.2/../../../../nios2-elf/lib/mno-hw-mul\libc.a(lib_a-freer.o)
                0x00809d74                _malloc_trim_r
                0x00809ea0                _free_r
 .text          0x0080a1b4      0x49c c:/altera/13.0/nios2eds/bin/gnu/h-i686-mingw32/bin/../lib/gcc/nios2-elf/4.1.2/../../../../nios2-elf/lib/mno-hw-mul\libc.a(lib_a-fvwrite.o)
                0x0080a1b4                __sfvwrite_r
 .text          0x0080a650      0x180 c:/altera/13.0/nios2eds/bin/gnu/h-i686-mingw32/bin/../lib/gcc/nios2-elf/4.1.2/../../../../nios2-elf/lib/mno-hw-mul\libc.a(lib_a-fwalk.o)
                0x0080a650                _fwalk_reent
                0x0080a718                _fwalk
 .text          0x0080a7d0       0xc4 c:/altera/13.0/nios2eds/bin/gnu/h-i686-mingw32/bin/../lib/gcc/nios2-elf/4.1.2/../../../../nios2-elf/lib/mno-hw-mul\libc.a(lib_a-locale.o)
                0x0080a7d0                __locale_charset
                0x0080a7d8                _localeconv_r
                0x0080a7e4                localeconv
                0x0080a7f4                _setlocale_r
                0x0080a878                setlocale
 .text          0x0080a894      0x194 c:/altera/13.0/nios2eds/bin/gnu/h-i686-mingw32/bin/../lib/gcc/nios2-elf/4.1.2/../../../../nios2-elf/lib/mno-hw-mul\libc.a(lib_a-makebuf.o)
                0x0080a894                __smakebuf_r
 .text          0x0080aa28      0x740 c:/altera/13.0/nios2eds/bin/gnu/h-i686-mingw32/bin/../lib/gcc/nios2-elf/4.1.2/../../../../nios2-elf/lib/mno-hw-mul\libc.a(lib_a-mallocr.o)
                0x0080aa28                _malloc_r
 .text          0x0080b168       0xe4 c:/altera/13.0/nios2eds/bin/gnu/h-i686-mingw32/bin/../lib/gcc/nios2-elf/4.1.2/../../../../nios2-elf/lib/mno-hw-mul\libc.a(lib_a-memchr.o)
                0x0080b168                memchr
 .text          0x0080b24c     0x108c c:/altera/13.0/nios2eds/bin/gnu/h-i686-mingw32/bin/../lib/gcc/nios2-elf/4.1.2/../../../../nios2-elf/lib/mno-hw-mul\libc.a(lib_a-mprec.o)
                0x0080b24c                _Bfree
                0x0080b274                __hi0bits
                0x0080b2e4                __lo0bits
                0x0080b3a8                __mcmp
                0x0080b408                __ulp
                0x0080b488                __b2d
                0x0080b5a8                __ratio
                0x0080b658                _mprec_log10
                0x0080b6ec                __copybits
                0x0080b744                __any_on
                0x0080b7cc                _Balloc
                0x0080b888                __d2b
                0x0080ba04                __mdiff
                0x0080bb90                __lshift
                0x0080bcdc                __multiply
                0x0080bf30                __i2b
                0x0080bf6c                __multadd
                0x0080c098                __pow5mult
                0x0080c1b8                __s2b
 .text          0x0080c2d8      0x5f4 c:/altera/13.0/nios2eds/bin/gnu/h-i686-mingw32/bin/../lib/gcc/nios2-elf/4.1.2/../../../../nios2-elf/lib/mno-hw-mul\libc.a(lib_a-reallocr.o)
                0x0080c2d8                _realloc_r
 .text          0x0080c8cc      0x1e0 c:/altera/13.0/nios2eds/bin/gnu/h-i686-mingw32/bin/../lib/gcc/nios2-elf/4.1.2/../../../../nios2-elf/lib/mno-hw-mul\libc.a(lib_a-refill.o)
                0x0080c8cc                __srefill_r
 .text          0x0080caac       0x40 c:/altera/13.0/nios2eds/bin/gnu/h-i686-mingw32/bin/../lib/gcc/nios2-elf/4.1.2/../../../../nios2-elf/lib/mno-hw-mul\libc.a(lib_a-s_isinfd.o)
                0x0080caac                __isinfd
 .text          0x0080caec       0x30 c:/altera/13.0/nios2eds/bin/gnu/h-i686-mingw32/bin/../lib/gcc/nios2-elf/4.1.2/../../../../nios2-elf/lib/mno-hw-mul\libc.a(lib_a-s_isnand.o)
                0x0080caec                __isnand
 .text          0x0080cb1c       0x70 c:/altera/13.0/nios2eds/bin/gnu/h-i686-mingw32/bin/../lib/gcc/nios2-elf/4.1.2/../../../../nios2-elf/lib/mno-hw-mul\libc.a(lib_a-sbrkr.o)
                0x0080cb1c                _sbrk_r
 .text          0x0080cb8c      0x14c c:/altera/13.0/nios2eds/bin/gnu/h-i686-mingw32/bin/../lib/gcc/nios2-elf/4.1.2/../../../../nios2-elf/lib/mno-hw-mul\libc.a(lib_a-stdio.o)
                0x0080cb8c                __sclose
                0x0080cb94                __sseek
                0x0080cbfc                __swrite
                0x0080cc78                __sread
 .text          0x0080ccd8       0xbc c:/altera/13.0/nios2eds/bin/gnu/h-i686-mingw32/bin/../lib/gcc/nios2-elf/4.1.2/../../../../nios2-elf/lib/mno-hw-mul\libc.a(lib_a-strcmp.o)
                0x0080ccd8                strcmp
 .text          0x0080cd94       0x78 c:/altera/13.0/nios2eds/bin/gnu/h-i686-mingw32/bin/../lib/gcc/nios2-elf/4.1.2/../../../../nios2-elf/lib/mno-hw-mul\libc.a(lib_a-writer.o)
                0x0080cd94                _write_r
 .text          0x0080ce0c       0xc8 c:/altera/13.0/nios2eds/bin/gnu/h-i686-mingw32/bin/../lib/gcc/nios2-elf/4.1.2/../../../../nios2-elf/lib/mno-hw-mul\libc.a(lib_a-callocr.o)
                0x0080ce0c                _calloc_r
 .text          0x0080ced4       0x70 c:/altera/13.0/nios2eds/bin/gnu/h-i686-mingw32/bin/../lib/gcc/nios2-elf/4.1.2/../../../../nios2-elf/lib/mno-hw-mul\libc.a(lib_a-closer.o)
                0x0080ced4                _close_r
 .text          0x0080cf44      0x124 c:/altera/13.0/nios2eds/bin/gnu/h-i686-mingw32/bin/../lib/gcc/nios2-elf/4.1.2/../../../../nios2-elf/lib/mno-hw-mul\libc.a(lib_a-fclose.o)
                0x0080cf44                _fclose_r
                0x0080d054                fclose
 .text          0x0080d068       0x74 c:/altera/13.0/nios2eds/bin/gnu/h-i686-mingw32/bin/../lib/gcc/nios2-elf/4.1.2/../../../../nios2-elf/lib/mno-hw-mul\libc.a(lib_a-fstatr.o)
                0x0080d068                _fstat_r
 .text          0x0080d0dc        0x0 c:/altera/13.0/nios2eds/bin/gnu/h-i686-mingw32/bin/../lib/gcc/nios2-elf/4.1.2/../../../../nios2-elf/lib/mno-hw-mul\libc.a(lib_a-int_errno.o)
 .text          0x0080d0dc       0x70 c:/altera/13.0/nios2eds/bin/gnu/h-i686-mingw32/bin/../lib/gcc/nios2-elf/4.1.2/../../../../nios2-elf/lib/mno-hw-mul\libc.a(lib_a-isattyr.o)
                0x0080d0dc                _isatty_r
 .text          0x0080d14c       0x78 c:/altera/13.0/nios2eds/bin/gnu/h-i686-mingw32/bin/../lib/gcc/nios2-elf/4.1.2/../../../../nios2-elf/lib/mno-hw-mul\libc.a(lib_a-lseekr.o)
                0x0080d14c                _lseek_r
 .text          0x0080d1c4       0x78 c:/altera/13.0/nios2eds/bin/gnu/h-i686-mingw32/bin/../lib/gcc/nios2-elf/4.1.2/../../../../nios2-elf/lib/mno-hw-mul\libc.a(lib_a-readr.o)
                0x0080d1c4                _read_r
 .text          0x0080d23c      0x66c c:/altera/13.0/nios2eds/bin/gnu/h-i686-mingw32/bin/../lib/gcc/nios2-elf/4.1.2/mno-hw-mul\libgcc.a(_udivdi3.o)
                0x0080d23c                __udivdi3
 .text          0x0080d8a8      0x660 c:/altera/13.0/nios2eds/bin/gnu/h-i686-mingw32/bin/../lib/gcc/nios2-elf/4.1.2/mno-hw-mul\libgcc.a(_umoddi3.o)
                0x0080d8a8                __umoddi3
 .text          0x0080df08      0x258 c:/altera/13.0/nios2eds/bin/gnu/h-i686-mingw32/bin/../lib/gcc/nios2-elf/4.1.2/mno-hw-mul\libgcc.a(_div_df.o)
                0x0080df08                __divdf3
 .text          0x0080e160       0x88 c:/altera/13.0/nios2eds/bin/gnu/h-i686-mingw32/bin/../lib/gcc/nios2-elf/4.1.2/mno-hw-mul\libgcc.a(_eq_df.o)
                0x0080e160                __eqdf2
 .text          0x0080e1e8       0x88 c:/altera/13.0/nios2eds/bin/gnu/h-i686-mingw32/bin/../lib/gcc/nios2-elf/4.1.2/mno-hw-mul\libgcc.a(_ne_df.o)
                0x0080e1e8                __nedf2
 .text          0x0080e270       0x88 c:/altera/13.0/nios2eds/bin/gnu/h-i686-mingw32/bin/../lib/gcc/nios2-elf/4.1.2/mno-hw-mul\libgcc.a(_gt_df.o)
                0x0080e270                __gtdf2
 .text          0x0080e2f8       0x88 c:/altera/13.0/nios2eds/bin/gnu/h-i686-mingw32/bin/../lib/gcc/nios2-elf/4.1.2/mno-hw-mul\libgcc.a(_lt_df.o)
                0x0080e2f8                __ltdf2
 .text          0x0080e380       0xf8 c:/altera/13.0/nios2eds/bin/gnu/h-i686-mingw32/bin/../lib/gcc/nios2-elf/4.1.2/mno-hw-mul\libgcc.a(_si_to_df.o)
                0x0080e380                __floatsidf
 .text          0x0080e478      0x14c c:/altera/13.0/nios2eds/bin/gnu/h-i686-mingw32/bin/../lib/gcc/nios2-elf/4.1.2/mno-hw-mul\libgcc.a(lib2-divmod.o)
                0x0080e4f4                __divsi3
                0x0080e554                __modsi3
                0x0080e5b4                __udivsi3
                0x0080e5bc                __umodsi3
 .text          0x0080e5c4       0x6c ../cool_bsp/\libucosii_bsp.a(alt_exit.o)
                0x0080e604                _exit
 .text          0x0080e630       0xd0 ../cool_bsp/\libucosii_bsp.a(alt_flash_dev.o)
                0x0080e630                alt_flash_open_dev
                0x0080e6ac                alt_flash_close_dev
 .text          0x0080e700      0x138 ../cool_bsp/\libucosii_bsp.a(alt_fstat.o)
                0x0080e700                fstat
 .text          0x0080e838      0x1c0 ../cool_bsp/\libucosii_bsp.a(alt_irq_register.o)
                0x0080e838                alt_irq_register
 .text          0x0080e9f8        0x0 ../cool_bsp/\libucosii_bsp.a(alt_irq_vars.o)
 .text          0x0080e9f8      0x124 ../cool_bsp/\libucosii_bsp.a(alt_isatty.o)
                0x0080e9f8                isatty
 .text          0x0080eb1c      0x154 ../cool_bsp/\libucosii_bsp.a(alt_lseek.o)
                0x0080eb1c                lseek
 .text          0x0080ec70       0xc8 ../cool_bsp/\libucosii_bsp.a(alt_main.o)
                0x0080ec70                alt_main
 .text          0x0080ed38       0xbc ../cool_bsp/\libucosii_bsp.a(alt_sbrk.o)
                0x0080ed38                sbrk
 .text          0x0080edf4      0x120 ../cool_bsp/\libucosii_bsp.a(alt_usleep.o)
                0x0080edf4                usleep
 .text          0x0080ef14      0x108 ../cool_bsp/\libucosii_bsp.a(alt_env_lock.o)
                0x0080ef14                __env_lock
                0x0080efc0                __env_unlock
 .text          0x0080f01c      0x1d8 ../cool_bsp/\libucosii_bsp.a(alt_malloc_lock.o)
                0x0080f01c                __malloc_lock
                0x0080f124                __malloc_unlock
 .text          0x0080f1f4     0x2128 ../cool_bsp/\libucosii_bsp.a(os_core.o)
                0x0080f1f4                OSEventNameGet
                0x0080f324                OSEventNameSet
                0x0080f468                OSEventPendMulti
                0x0080fb1c                OSInit
                0x0080fb70                OSIntEnter
                0x0080fbec                OSIntExit
                0x0080fcec                OSSchedLock
                0x0080fd78                OSSchedUnlock
                0x0080fe5c                OSStart
                0x0080fecc                OSStatInit
                0x0080ff78                OSTimeTick
                0x008101b8                OSVersion
                0x008101d8                OS_Dummy
                0x008101f4                OS_EventTaskRdy
                0x00810388                OS_EventTaskWait
                0x00810498                OS_EventTaskWaitMulti
                0x008105ec                OS_EventTaskRemove
                0x008106a4                OS_EventTaskRemoveMulti
                0x008107a8                OS_EventWaitListInit
                0x00810b74                OS_MemClr
                0x00810bc8                OS_MemCopy
                0x00810c34                OS_Sched
                0x00810d78                OS_StrCopy
                0x00810df8                OS_StrLen
                0x00810e50                OS_TaskIdle
                0x00810eac                OS_TaskStat
                0x00810f74                OS_TaskStatStkChk
                0x0081103c                OS_TCBInit
 .text          0x0081131c      0x18c ../cool_bsp/\libucosii_bsp.a(os_dbg.o)
                0x0081131c                OSDebugInit
 .text          0x008114a8     0x193c ../cool_bsp/\libucosii_bsp.a(os_flag.o)
                0x008114a8                OSFlagAccept
                0x008117dc                OSFlagCreate
                0x00811918                OSFlagDel
                0x00811bc0                OSFlagNameGet
                0x00811d04                OSFlagNameSet
                0x00811e58                OSFlagPend
                0x0081249c                OSFlagPendGetFlagsRdy
                0x00812504                OSFlagPost
                0x008128ac                OSFlagQuery
                0x00812b44                OS_FlagInit
                0x00812d38                OS_FlagUnlink
 .text          0x00812de4      0x80c ../cool_bsp/\libucosii_bsp.a(os_mem.o)
                0x00812de4                OSMemCreate
                0x00813000                OSMemGet
                0x00813104                OSMemNameGet
                0x00813210                OSMemNameSet
                0x00813330                OSMemPut
                0x00813420                OSMemQuery
                0x0081351c                OS_MemInit
 .text          0x008135f0     0x1334 ../cool_bsp/\libucosii_bsp.a(os_q.o)
                0x008135f0                OSQAccept
                0x00813744                OSQCreate
                0x00813958                OSQDel
                0x00813c58                OSQFlush
                0x00813d20                OSQPend
                0x00814040                OSQPendAbort
                0x008141bc                OSQPost
                0x0081433c                OSQPostFront
                0x008144c4                OSQPostOpt
                0x008146f8                OSQQuery
                0x00814878                OS_QInit
 .text          0x00814924      0xbc8 ../cool_bsp/\libucosii_bsp.a(os_sem.o)
                0x00814924                OSSemAccept
                0x008149e4                OSSemCreate
                0x00814af8                OSSemDel
                0x00814d98                OSSemPend
                0x00815014                OSSemPendAbort
                0x00815190                OSSemPost
                0x008152b8                OSSemQuery
                0x008153e8                OSSemSet
 .text          0x008154ec     0x1a40 ../cool_bsp/\libucosii_bsp.a(os_task.o)
                0x008154ec                OSTaskChangePrio
                0x00815a60                OSTaskCreate
                0x00815c34                OSTaskCreateExt
                0x00815e34                OSTaskDel
                0x00816240                OSTaskDelReq
                0x008163b0                OSTaskNameGet
                0x00816568                OSTaskNameSet
                0x0081672c                OSTaskResume
                0x00816944                OSTaskStkChk
                0x00816b40                OSTaskSuspend
                0x00816d6c                OSTaskQuery
                0x00816eb0                OS_TaskStkClr
 .text          0x00816f2c      0x67c ../cool_bsp/\libucosii_bsp.a(os_time.o)
                0x00816f2c                OSTimeDly
                0x00817078                OSTimeDlyHMSM
                0x008172d0                OSTimeDlyResume
                0x008174e0                OSTimeGet
                0x00817544                OSTimeSet
 .text          0x008175a8       0xe0 ../cool_bsp/\libucosii_bsp.a(alt_sys_init.o)
                0x008175a8                alt_irq_init
                0x008175dc                alt_sys_init
 .text          0x00817688      0x8c8 ../cool_bsp/\libucosii_bsp.a(altera_avalon_cfi_flash.o)
                0x00817688                alt_flash_cfi_init
                0x0081775c                alt_flash_cfi_write
                0x00817a1c                alt_flash_cfi_get_info
                0x00817aac                alt_flash_cfi_read
                0x00817b14                alt_write_value_to_flash
                0x00817c78                alt_flash_program_block
 .text          0x00817f50     0x14b4 ../cool_bsp/\libucosii_bsp.a(altera_avalon_cfi_flash_table.o)
                0x00817f50                alt_read_query_entry_8bit
                0x00817f90                alt_read_query_entry_16bit
                0x00817fd4                alt_read_query_entry_32bit
                0x0081801c                alt_write_flash_command_8bit_device_8bit_mode
                0x00818058                alt_write_flash_command_16bit_device_8bit_mode
                0x008180d4                alt_write_flash_command_32bit_device_8bit_mode
                0x0081811c                alt_write_flash_command_16bit_device_16bit_mode
                0x00818160                alt_write_flash_command_32bit_device_16bit_mode
                0x008181a8                alt_write_flash_command_32bit_device_32bit_mode
                0x008181f0                alt_write_native_8bit
                0x00818224                alt_write_native_16bit
                0x00818258                alt_write_native_32bit
                0x00818288                alt_set_flash_width_func
                0x00818468                alt_set_flash_algorithm_func
                0x00818590                alt_read_cfi_table
                0x00818b7c                alt_read_cfi_width
                0x00819328                alt_check_primary_table
 .text          0x00819404      0x9e4 ../cool_bsp/\libucosii_bsp.a(altera_avalon_epcs_flash_controller.o)
                0x00819404                alt_epcs_flash_init
                0x00819820                alt_epcs_flash_write
                0x00819aa0                alt_epcs_flash_get_info
                0x00819b30                alt_epcs_flash_erase_block
                0x00819c34                alt_epcs_flash_write_block
                0x00819d50                alt_epcs_flash_read
 .text          0x00819de8      0x148 ../cool_bsp/\libucosii_bsp.a(altera_avalon_jtag_uart_fd.o)
                0x00819de8                altera_avalon_jtag_uart_read_fd
                0x00819e40                altera_avalon_jtag_uart_write_fd
                0x00819e98                altera_avalon_jtag_uart_close_fd
                0x00819ee0                altera_avalon_jtag_uart_ioctl_fd
 .text          0x00819f30      0x584 ../cool_bsp/\libucosii_bsp.a(altera_avalon_jtag_uart_init.o)
                0x00819f30                altera_avalon_jtag_uart_init
                0x0081a440                altera_avalon_jtag_uart_close
 .text          0x0081a4b4       0xf4 ../cool_bsp/\libucosii_bsp.a(altera_avalon_jtag_uart_ioctl.o)
                0x0081a4b4                altera_avalon_jtag_uart_ioctl
 .text          0x0081a5a8      0x2c0 ../cool_bsp/\libucosii_bsp.a(altera_avalon_jtag_uart_read.o)
                0x0081a5a8                altera_avalon_jtag_uart_read
 .text          0x0081a868      0x2dc ../cool_bsp/\libucosii_bsp.a(altera_avalon_jtag_uart_write.o)
                0x0081a868                altera_avalon_jtag_uart_write
 .text          0x0081ab44      0x100 ../cool_bsp/\libucosii_bsp.a(altera_avalon_timer_sc.o)
                0x0081abb4                alt_avalon_timer_sc_init
 .text          0x0081ac44      0x6d4 ../cool_bsp/\libucosii_bsp.a(epcs_commands.o)
                0x0081ac44                epcs_read_status_register
                0x0081aca4                epcs_sector_erase
                0x0081ae0c                epcs_read_buffer
                0x0081af58                epcs_write_enable
                0x0081afa8                epcs_write_status_register
                0x0081b00c                epcs_write_buffer
                0x0081b17c                epcs_read_electronic_signature
                0x0081b1e8                epcs_read_device_id
                0x0081b268                epcs_enter_4_bytes_mode
                0x0081b2c0                epcs_exit_4_bytes_mode
 .text          0x0081b318       0x54 ../cool_bsp/\libucosii_bsp.a(alt_iniche_close.o)
                0x0081b318                close
 .text          0x0081b36c      0x144 ../cool_bsp/\libucosii_bsp.a(alt_iniche_dev.o)
                0x0081b36c                iniche_devices_init
 .text          0x0081b4b0       0x78 ../cool_bsp/\libucosii_bsp.a(alt_iniche_read.o)
                0x0081b4b0                read
 .text          0x0081b528       0x70 ../cool_bsp/\libucosii_bsp.a(alt_iniche_write.o)
                0x0081b528                write
 .text          0x0081b598      0xedc ../cool_bsp/\libucosii_bsp.a(ipnet.o)
                0x0081b598                Netinit
                0x0081bbe4                fixup_subnet_mask
                0x0081bd44                netclose
                0x0081be2c                pktdemux
                0x0081c200                c_older
                0x0081c2d0                ip2mac
 .text          0x0081c474      0x4bc ../cool_bsp/\libucosii_bsp.a(ipstart.o)
                0x0081c474                ip_startup
                0x0081c764                exit_hook
                0x0081c7d0                ip_exit
                0x0081c8a0                if_netnumber
 .text          0x0081c930     0x10e8 ../cool_bsp/\libucosii_bsp.a(igmp_cmn.o)
                0x0081c930                igmp_init
                0x0081ca20                igmp_input
                0x0081cb18                igmp_fasttimo
                0x0081cd4c                igmp_send
                0x0081cff4                igmp_joingroup
                0x0081d260                igmp_leavegroup
                0x0081d2dc                igmp_validate
                0x0081d638                igmp_print_stats
 .text          0x0081da18      0xbd8 ../cool_bsp/\libucosii_bsp.a(bsdsock.o)
                0x0081da18                bsd_accept
                0x0081db50                bsd_getpeername
                0x0081dc7c                bsd_getsockname
                0x0081dda8                bsd_i_sockoptlen
                0x0081df60                bsd_getsockopt
                0x0081e080                bsd_ioctl
                0x0081e184                bsd_inet_ntoa
                0x0081e1b4                bsd_recvfrom
                0x0081e314                bsd_select
                0x0081e504                bsd_setsockopt
 .text          0x0081e5f0      0x118 ../cool_bsp/\libucosii_bsp.a(cksum.o)
                0x0081e5f0                ccksum
                0x0081e6a0                cksum
 .text          0x0081e708      0xa9c ../cool_bsp/\libucosii_bsp.a(in_utils.o)
                0x0081e708                do_trap
                0x0081e734                nextarg
                0x0081e7b0                hexdump
                0x0081e8f8                print_ipad
                0x0081e96c                print_uptime
                0x0081ea98                panic
                0x0081eadc                print_eth
                0x0081ec40                uslash
                0x0081ecc0                ns_printf
                0x0081ee44                std_out
                0x0081ee88                con_page
                0x0081ef78                parse_args
 .text          0x0081f1a4      0x1d0 ../cool_bsp/\libucosii_bsp.a(netmain.o)
                0x0081f1a4                netmain
                0x0081f2a0                tk_netmain
                0x0081f328                tk_nettick
 .text          0x0081f374      0x81c ../cool_bsp/\libucosii_bsp.a(parseip.o)
                0x0081f374                parse_ipad
                0x0081f690                inet_addr
                0x0081f6f8                hextoa
                0x0081f768                inet_pton
                0x0081f814                inet_ntop
                0x0081f8a0                print46_addr
                0x0081f900                inet46_addr
                0x0081f9c4                inet_setport
                0x0081fa38                convert_ip
 .text          0x0081fb90      0x62c ../cool_bsp/\libucosii_bsp.a(tk_crnos.o)
                0x0081fb90                TK_OSTimeDly
                0x0081fbbc                TK_OSTaskResume
                0x0081fc2c                tcp_sleep
                0x0081fdf4                tcp_wakeup
                0x0081ff14                TK_OSTaskQuery
                0x0081ff88                tk_yield
                0x0081ffb4                tk_stats
 .text          0x008201bc     0x3598 ../cool_bsp/\libucosii_bsp.a(dhcpclnt.o)
                0x008201bc                dhc_get_srv_ipaddr
                0x0082024c                dhc_init
                0x00820318                dhc_set_callback
                0x00820370                dhc_upcall
                0x00820c30                dhc_buildheader
                0x00820e60                dhc_discover
                0x008213b0                dhc_rx_offer
                0x008214cc                dhc_request
                0x008220c0                dhc_setip
                0x00822360                dhc_resetip
                0x00822444                dhc_decline
                0x00822628                dhc_extract_opts
                0x00822910                dhc_second
                0x00823258                dhc_halt
                0x008232f0                dhc_reclaim
                0x008234f0                dhc_state_init
                0x00823550                dhc_alldone
                0x008235f8                dhc_ifacedone
                0x00823684                dhc_set_state
 .text          0x00823754       0xcc ../cool_bsp/\libucosii_bsp.a(dhcputil.o)
                0x00823754                find_opt
 .text          0x00823820      0x79c ../cool_bsp/\libucosii_bsp.a(pktalloc.o)
                0x00823820                pk_init
                0x00823ab0                pk_alloc
                0x00823b8c                pk_validate
                0x00823e44                pk_free
                0x00823ef0                pk_get_max_intrsafe_buf_len
                0x00823f10                dump_buf_estats
 .text          0x00823fbc      0x288 ../cool_bsp/\libucosii_bsp.a(q.o)
                0x00823fbc                getq
                0x00824084                putq
                0x00824134                qdel
 .text          0x00824244      0x31c ../cool_bsp/\libucosii_bsp.a(udp_open.o)
                0x00824244                udp_open
                0x0082447c                udp_close
 .text          0x00824560      0x194 ../cool_bsp/\libucosii_bsp.a(asm_cksum.o)
                0x00824560                asm_cksum
 .text          0x008246f4      0x2e4 ../cool_bsp/\libucosii_bsp.a(brdutils.o)
                0x008246f4                dtrap
                0x00824724                kbhit
                0x008247d0                getch
                0x00824830                clock_init
                0x0082486c                clock_c
                0x00824888                cticks_hook
                0x00824938                irq_Mask
                0x00824994                irq_Unmask
 .text          0x008249d8      0x488 ../cool_bsp/\libucosii_bsp.a(osportco.o)
                0x008249d8                LOCK_NET_RESOURCE
                0x00824a98                UNLOCK_NET_RESOURCE
                0x00824b20                TK_NEWTASK
                0x00824d34                wait_app_sem
                0x00824de8                post_app_sem
 .text          0x00824e60      0x58c ../cool_bsp/\libucosii_bsp.a(targnios.o)
                0x00824e60                alt_iniche_init
                0x008250a0                pre_task_setup
                0x00825114                post_task_setup
                0x00825134                prep_armintcp
                0x0082516c                calloc2
                0x008251a0                npalloc
                0x00825294                npfree
                0x0082534c                ncpalloc
                0x008253a0                ncpfree
 .text          0x008253ec     0x19b8 ../cool_bsp/\libucosii_bsp.a(nptcp.o)
                0x008253ec                pffindtype
                0x0082548c                pffindproto
                0x0082555c                m_getnbuf
                0x00825704                m_free
                0x00825838                m_freem
                0x0082587c                m_copy
                0x00825ba0                m_adj
                0x00825d70                mbuf_len
                0x00825dc8                dtom
                0x00825e70                remque
                0x00825ee0                insque
                0x00825f5c                nptcp_init
                0x00826080                tcp_rcv
                0x0082626c                ip_output
                0x00826864                in_broadcast
                0x008268a4                np_stripoptions
                0x0082698c                so_icmpdu
                0x00826ce4                tcp_tick
 .text          0x00826da4      0xa2c ../cool_bsp/\libucosii_bsp.a(rawsock.o)
                0x00826da4                rawip_lookup
                0x00826e14                rawip_soinput
                0x00826fe8                rawip_usrreq
 .text          0x008277d0     0x17fc ../cool_bsp/\libucosii_bsp.a(sockcall.o)
                0x008277d0                DOMAIN_CHECK
                0x0082781c                t_socket
                0x008278ac                t_bind
                0x00827a28                t_listen
                0x00827b0c                t_accept
                0x00827da4                t_connect
                0x0082804c                t_getpeername
                0x00828090                t_getsockname
                0x008282d0                t_setsockopt
                0x008284ac                t_getsockopt
                0x00828650                t_recv
                0x00828740                t_recvfrom
                0x00828890                t_sendto
                0x00828abc                t_send
                0x00828ce4                t_shutdown
                0x00828dc8                t_socketclose
                0x00828f30                t_errno
 .text          0x00828fcc     0x23ec ../cool_bsp/\libucosii_bsp.a(socket.o)
                0x00828fcc                socreate
                0x00829198                sobind
                0x008291f4                solisten
                0x008292e4                sofree
                0x00829414                soclose
                0x00829780                soabort
                0x008297d0                soaccept
                0x0082986c                soconnect
                0x00829940                sodisconnect
                0x008299e0                sosend
                0x00829fe8                soreceive
                0x0082a7cc                soshutdown
                0x0082a874                sorflush
                0x0082a974                sosetopt
                0x0082ae34                sogetopt
                0x0082b374                sohasoutofband
 .text          0x0082b3b8     0x12f8 ../cool_bsp/\libucosii_bsp.a(socket2.o)
                0x0082b3b8                soisconnecting
                0x0082b424                soisconnected
                0x0082b520                soisdisconnecting
                0x0082b5ac                soisdisconnected
                0x0082b668                sonewconn
                0x0082b884                soqinsque
                0x0082b930                soqremque
                0x0082ba50                socantsendmore
                0x0082baa0                socantrcvmore
                0x0082baf0                sbselqueue
                0x0082bb28                sbwait
                0x0082bb90                sbwakeup
                0x0082bc2c                soreserve
                0x0082bcac                sbreserve
                0x0082bd0c                sbrelease
                0x0082bd54                sbappend
                0x0082bdfc                sbappendrecord
                0x0082bedc                sbappendaddr
                0x0082c0c4                sbcompress
                0x0082c2ac                sbflush
                0x0082c33c                sbdrop
                0x0082c50c                sbdropend
                0x0082c61c                sbdroprecord
 .text          0x0082c6b0      0x91c ../cool_bsp/\libucosii_bsp.a(soselect.o)
                0x0082c6b0                t_select
                0x0082c8d0                sock_selscan
                0x0082ca30                sock_select
                0x0082cc44                in_pcbnotify
                0x0082cd10                tcp_notify
                0x0082cd78                ifd_clr
                0x0082ce68                ifd_set
                0x0082cedc                ifd_isset
                0x0082cf5c                ifd_get
 .text          0x0082cfcc     0x3028 ../cool_bsp/\libucosii_bsp.a(tcp_in.o)
                0x0082cfcc                tcp_reass
                0x0082d3d4                tcp_input
                0x0082f930                tcp_dooptions
                0x0082fac0                tcp_pulloutofband
                0x0082fbec                tcp_xmit_timer
                0x0082fe90                ip4_tcpmss
                0x0082fed8                tcp_mss
 .text          0x0082fff4     0x1370 ../cool_bsp/\libucosii_bsp.a(tcp_out.o)
                0x0082fff4                tcp_output
                0x00831180                tcp_setpersist
 .text          0x00831364      0x9e8 ../cool_bsp/\libucosii_bsp.a(tcp_subr.o)
                0x00831364                tcp_init
                0x008313bc                tcp_template
                0x008314d4                tcp_respond
                0x0083195c                tcp_newtcpcb
                0x00831a74                tcp_drop
                0x00831b20                tcp_close
                0x00831c08                tcp_quench
                0x00831c54                tcp_putseq
                0x00831cd4                tcp_getseq
 .text          0x00831d4c      0x798 ../cool_bsp/\libucosii_bsp.a(tcp_timr.o)
                0x00831d4c                tcp_slowtimo
                0x00831fec                tcp_canceltimers
                0x00832048                tcp_timers
 .text          0x008324e4      0x9ec ../cool_bsp/\libucosii_bsp.a(tcp_usr.o)
                0x008324e4                tcp_usrreq
                0x00832be8                tcp_attach
                0x00832d1c                tcp_disconnect
                0x00832df0                tcp_usrclosed
 .text          0x00832ed0       0x4c ../cool_bsp/\libucosii_bsp.a(tcpport.o)
                0x00832ed0                tcpinit
 .text          0x00832f1c      0xd20 ../cool_bsp/\libucosii_bsp.a(udpsock.o)
                0x00832f1c                udp_lookup
                0x00832f8c                udp_soinput
                0x00833144                udp_usrreq
                0x008333c8                udp4_sockbind
                0x00833704                udp4_socksend
                0x00833ae0                udp4_sockaddr
 .text          0x00833c3c      0x154 ../cool_bsp/\libucosii_bsp.a(alt_alarm_start.o)
                0x00833c3c                alt_alarm_start
 .text          0x00833d90      0x15c ../cool_bsp/\libucosii_bsp.a(alt_busy_sleep.o)
                0x00833d90                alt_busy_sleep
 .text          0x00833eec      0x160 ../cool_bsp/\libucosii_bsp.a(alt_close.o)
                0x00833eec                alt_close
 .text          0x0083404c       0x24 ../cool_bsp/\libucosii_bsp.a(alt_dcache_flush.o)
                0x0083404c                alt_dcache_flush
 .text          0x00834070       0x2c ../cool_bsp/\libucosii_bsp.a(alt_dev.o)
 .text          0x0083409c      0x114 ../cool_bsp/\libucosii_bsp.a(alt_dev_llist_insert.o)
                0x0083409c                alt_dev_llist_insert
 .text          0x008341b0       0x64 ../cool_bsp/\libucosii_bsp.a(alt_do_ctors.o)
                0x008341b0                _do_ctors
 .text          0x00834214       0x64 ../cool_bsp/\libucosii_bsp.a(alt_do_dtors.o)
                0x00834214                _do_dtors
 .text          0x00834278        0x0 ../cool_bsp/\libucosii_bsp.a(alt_errno.o)
 .text          0x00834278       0x94 ../cool_bsp/\libucosii_bsp.a(alt_find_dev.o)
                0x00834278                alt_find_dev
 .text          0x0083430c      0x1d4 ../cool_bsp/\libucosii_bsp.a(alt_iic.o)
                0x0083430c                alt_ic_isr_register
                0x0083435c                alt_ic_irq_enable
                0x008343f8                alt_ic_irq_disable
                0x00834498                alt_ic_irq_enabled
 .text          0x008344e0       0xf8 ../cool_bsp/\libucosii_bsp.a(alt_iic_isr_register.o)
                0x008344e0                alt_iic_isr_register
 .text          0x008345d8      0x150 ../cool_bsp/\libucosii_bsp.a(alt_io_redirect.o)
                0x008346b0                alt_io_redirect
 .text          0x00834728        0x0 ../cool_bsp/\libucosii_bsp.a(alt_irq_entry.o)
 .text          0x00834728        0x0 ../cool_bsp/\libucosii_bsp.a(alt_irq_handler.o)
 .text          0x00834728      0x2e4 ../cool_bsp/\libucosii_bsp.a(alt_open.o)
                0x00834820                open
 .text          0x00834a0c      0x184 ../cool_bsp/\libucosii_bsp.a(alt_read.o)
                0x00834a0c                alt_read
 .text          0x00834b90       0x78 ../cool_bsp/\libucosii_bsp.a(alt_release_fd.o)
                0x00834b90                alt_release_fd
 .text          0x00834c08       0x38 ../cool_bsp/\libucosii_bsp.a(alt_remap_cached.o)
                0x00834c08                alt_remap_cached
 .text          0x00834c40       0x40 ../cool_bsp/\libucosii_bsp.a(alt_remap_uncached.o)
                0x00834c40                alt_remap_uncached
 .text          0x00834c80      0x1a8 ../cool_bsp/\libucosii_bsp.a(alt_tick.o)
                0x00834c80                alt_alarm_stop
                0x00834d18                alt_tick
 .text          0x00834e28      0x184 ../cool_bsp/\libucosii_bsp.a(alt_write.o)
                0x00834e28                alt_write
 .text          0x00834fac       0x20 ../cool_bsp/\libucosii_bsp.a(altera_nios2_qsys_irq.o)
                0x00834fac                altera_nios2_qsys_irq_init
 .text          0x00834fcc       0xd0 ../cool_bsp/\libucosii_bsp.a(os_cpu_a.o)
                0x00834fcc                OSCtxSw
                0x00834fcc                OSIntCtxSw
                0x00835058                OSStartHighRdy
                0x00835078                OSStartTsk
 .text          0x0083509c      0x424 ../cool_bsp/\libucosii_bsp.a(os_cpu_c.o)
                0x0083509c                OSTaskStkInit
                0x008353ac                OSTaskCreateHook
                0x008353cc                OSTaskDelHook
                0x008353ec                OSTaskSwHook
                0x00835408                OSTaskStatHook
                0x00835424                OSTimeTickHook
                0x0083544c                OSInitHookBegin
                0x00835468                OSInitHookEnd
                0x00835484                OSTaskIdleHook
                0x008354a0                OSTCBInitHook
 .text          0x008354c0      0x464 ../cool_bsp/\libucosii_bsp.a(altera_avalon_cfi_flash_amd.o)
                0x008354c0                alt_program_amd
                0x00835528                alt_erase_block_amd
 .text          0x00835924      0x464 ../cool_bsp/\libucosii_bsp.a(altera_avalon_cfi_flash_intel.o)
                0x00835924                alt_program_intel
                0x008359a8                alt_erase_block_intel
 .text          0x00835d88      0x238 ../cool_bsp/\libucosii_bsp.a(altera_avalon_spi.o)
                0x00835d88                alt_avalon_spi_command
 .text          0x00835fc0      0x444 ../cool_bsp/\libucosii_bsp.a(allports.o)
                0x00835fc0                netmain_init
                0x008360bc                icmp_port_du
                0x00836144                station_state
                0x008362a8                sysuptime
                0x0083633c                packet_check
                0x00836388                mcastlist
                0x008363ac                prep_modules
 .text          0x00836404      0x608 ../cool_bsp/\libucosii_bsp.a(timeouts.o)
                0x00836404                inet_timer
                0x00836744                in_timerset
                0x00836954                in_timerkill
 .text          0x00836a0c       0xa4 ../cool_bsp/\libucosii_bsp.a(tk_misc.o)
                0x00836a0c                create_apptasks
                0x00836a30                task_stats
 .text          0x00836ab0       0xb0 ../cool_bsp/\libucosii_bsp.a(alt_iniche_fcntl.o)
                0x00836ab0                fcntl
 .text          0x00836b60     0x15b0 ../cool_bsp/\libucosii_bsp.a(et_arp.o)
                0x00836b60                etainit
                0x00836bb4                et_send
                0x00836d30                arp_free_pending
                0x00836db8                arp_send_pending
                0x00836e2c                send_arp
                0x008372c4                find_oldest_arp
                0x008374c0                make_arp_entry
                0x008375d4                arpReply
                0x00837868                arprcv
                0x00837ac8                send_via_arp
                0x00837c98                cb_arpent_tmo
                0x00837e44                grat_arp
 .text          0x00838110      0x298 ../cool_bsp/\libucosii_bsp.a(iface.o)
                0x00838110                if_getbynum
                0x00838194                isbcast
                0x00838274                reg_type
                0x00838310                if_killsocks
 .text          0x008383a8     0x22c8 ../cool_bsp/\libucosii_bsp.a(ip.o)
                0x008383a8                ip_init
                0x008384b8                ip_bldhead
                0x0083865c                ip_write_internal
                0x00838ddc                ip_write
                0x00839024                ip_write2
                0x008393d4                ip_raw_write
                0x008394ac                ip_fragment_lc
                0x00839934                ip_fragment
                0x00839f68                ip_mymach
                0x0083a014                ip_dump
                0x0083a2cc                iproute
                0x0083a538                ip_copypkt
 .text          0x0083a670     0x1e08 ../cool_bsp/\libucosii_bsp.a(ip_reasm.o)
                0x0083a670                ip_reasm_match_frag_with_ire
                0x0083a740                ip_reasm_determine_type_of_frag
                0x0083a82c                ip_reasm_check_mem_useage
                0x0083a8c4                ip_reasm_incr_mem_useage
                0x0083a96c                ip_reasm_decr_mem_useage
                0x0083aa0c                ip_reasm_process_first_fragment
                0x0083acec                ip_reassm
                0x0083ad8c                ip_reasm_compute_overlap
                0x0083b31c                ip_reasm_process_subsequent_fragments
                0x0083b8b0                ip_reasm_find_ire
                0x0083b914                ip_reasm_copy_queued_fragments_into_reassy_buffer
                0x0083bc70                ip_reasm_process_timer_tick
                0x0083bd90                ip_reasm_delete_ire
                0x0083bf58                ip_reasm_mark_compact_rfq
                0x0083c0a0                ipr_stats
                0x0083c424                ip_reasm_send_icmp_timex
 .text          0x0083c478      0xe3c ../cool_bsp/\libucosii_bsp.a(ipdemux.o)
                0x0083c478                ip_rcv
                0x0083c878                ip_rcv_phase2
                0x0083ce84                ip_demux
 .text          0x0083d2b4      0x2f0 ../cool_bsp/\libucosii_bsp.a(ipmc.o)
                0x0083d2b4                in_addmulti
                0x0083d41c                in_delmulti
                0x0083d534                lookup_mcast
 .text          0x0083d5a4       0xe4 ../cool_bsp/\libucosii_bsp.a(ipport.o)
                0x0083d5a4                prep_ifaces
                0x0083d638                netexit
                0x0083d660                evtmap_setup
 .text          0x0083d688      0x550 ../cool_bsp/\libucosii_bsp.a(ipraw.o)
                0x0083d688                ip_raw_open
                0x0083d778                ip_raw_close
                0x0083d838                ip_raw_input
                0x0083da70                ip_raw_alloc
                0x0083db3c                ip_raw_free
                0x0083db7c                ip_raw_maxalloc
 .text          0x0083dbd8      0x704 ../cool_bsp/\libucosii_bsp.a(iproute.o)
                0x0083dbd8                rt_lookup
                0x0083dd68                add_route
                0x0083e194                del_route
 .text          0x0083e2dc      0xe3c ../cool_bsp/\libucosii_bsp.a(udp.o)
                0x0083e2dc                udpdemux
                0x0083eb34                udp_send
                0x0083edec                udpswap
                0x0083ef1c                udp_socket
                0x0083efec                udp_alloc
                0x0083f0ac                udp_maxalloc
                0x0083f0d8                udp_free
 .text          0x0083f118      0x2e8 ../cool_bsp/\libucosii_bsp.a(igmp.o)
                0x0083f118                igmpv1_input
 .text          0x0083f400      0x7c0 ../cool_bsp/\libucosii_bsp.a(igmp2.o)
                0x0083f400                igmpv2_input
                0x0083f560                igmpv2_process_report
                0x0083f6ac                igmpv2_process_query
                0x0083f8f8                igmpv2_chk_set_timer
                0x0083fa50                igmpv2_chk4_rtr_alert_opt
 .text          0x0083fbc0      0x8fc ../cool_bsp/\libucosii_bsp.a(ipopt.o)
                0x0083fbc0                IPADDR_TO_NETP
                0x0083fd08                ip_setmoptions
                0x008402f8                ip_getmoptions
                0x00840438                ip_freemoptions
 .text          0x008404bc      0x6e8 ../cool_bsp/\libucosii_bsp.a(u_mctest.o)
                0x008404bc                u_mctest_init
                0x008404ec                u_mctest_run
 .text          0x00840ba4      0x3dc ../cool_bsp/\libucosii_bsp.a(dhcsetup.o)
                0x00840ba4                dhc_setup
                0x00840e7c                dhc_main_ipset
 .text          0x00840f80      0x41c ../cool_bsp/\libucosii_bsp.a(memdev.o)
                0x00840f80                init_memdev
                0x00840ff8                md_fopen
                0x00841020                md_fclose
                0x00841040                md_fread
                0x008411c0                md_fwrite
                0x00841250                md_fseek
                0x0084127c                md_ftell
                0x008412a0                md_fgetc
                0x00841378                md_unlink
 .text          0x0084139c      0x1cc ../cool_bsp/\libucosii_bsp.a(tcpcksum.o)
                0x0084139c                tcp_cksum
 .text          0x00841568      0x900 ../cool_bsp/\libucosii_bsp.a(in_pcb.o)
                0x00841568                in_pcballoc
                0x008415fc                in_pcbdetach
                0x00841650                in_pcbbind
                0x008418a4                in_pcbconnect
                0x00841ab4                in_pcbdisconnect
                0x00841b14                in_setsockaddr
                0x00841b90                in_setpeeraddr
                0x00841c0c                in_pcblookup
 .text          0x00841e68     0x1a74 ../cool_bsp/\libucosii_bsp.a(vfsfiles.o)
                0x00841e68                set_vfopen_error
                0x00841e90                get_vfopen_error
                0x00841eb0                vf_alloc_and_link_vop
                0x00841f2c                vf_alloc_buffer
                0x00842004                vf_free_buffer
                0x00842054                vfopen_locked
                0x008423bc                vfopen
                0x0084240c                vfclose_locked
                0x008425b4                vfclose
                0x008425f4                vfflush
                0x0084263c                vfgets
                0x00842720                vfeof
                0x00842778                vunlink_flag_open_files
                0x008427d4                vunlink
                0x008429f4                vfread
                0x00842ba0                vfwrite_locked
                0x00842f88                vfwrite
                0x00842fe8                vfseek
                0x00843164                vftell
                0x00843298                vgetc_locked
                0x008433b8                vgetc
                0x00843400                vfslookup_locked
                0x00843538                vfslookup
                0x00843580                strippath
                0x00843768                isvfile_locked
                0x008437cc                isvfile
                0x00843814                vferror
                0x00843880                vclearerr
 .text          0x008438dc       0x24 ../cool_bsp/\libucosii_bsp.a(vfsport.o)
                0x008438dc                prep_vfs
 .text          0x00843900        0x0 ../cool_bsp/\libucosii_bsp.a(alt_exception_entry.o)
 .text          0x00843900      0x1b8 ../cool_bsp/\libucosii_bsp.a(alt_fcntl.o)
                0x00843900                alt_fcntl
 .text          0x00843ab8      0x120 ../cool_bsp/\libucosii_bsp.a(alt_find_file.o)
                0x00843ab8                alt_find_file
 .text          0x00843bd8      0x104 ../cool_bsp/\libucosii_bsp.a(alt_get_fd.o)
                0x00843bd8                alt_get_fd
 .text          0x00843cdc     0x130c ../cool_bsp/\libucosii_bsp.a(icmp.o)
                0x00843cdc                icmprcv
                0x00844910                icmp_destun
                0x00844c60                icmp_timex
                0x00844f94                icmp_du
 .text          0x00844fe8       0x14 c:/altera/13.0/nios2eds/bin/gnu/h-i686-mingw32/bin/../lib/gcc/nios2-elf/4.1.2/../../../../nios2-elf/lib/mno-hw-mul\libc.a(lib_a-atexit.o)
                0x00844fe8                atexit
 .text          0x00844ffc       0x18 c:/altera/13.0/nios2eds/bin/gnu/h-i686-mingw32/bin/../lib/gcc/nios2-elf/4.1.2/../../../../nios2-elf/lib/mno-hw-mul\libc.a(lib_a-atoi.o)
                0x00844ffc                _atoi_r
                0x00845008                atoi
 .text          0x00845014       0x1c c:/altera/13.0/nios2eds/bin/gnu/h-i686-mingw32/bin/../lib/gcc/nios2-elf/4.1.2/../../../../nios2-elf/lib/mno-hw-mul\libc.a(lib_a-calloc.o)
                0x00845014                calloc
 .text          0x00845030       0x28 c:/altera/13.0/nios2eds/bin/gnu/h-i686-mingw32/bin/../lib/gcc/nios2-elf/4.1.2/../../../../nios2-elf/lib/mno-hw-mul\libc.a(lib_a-malloc.o)
                0x00845030                free
                0x00845044                malloc
 .text          0x00845058       0x74 c:/altera/13.0/nios2eds/bin/gnu/h-i686-mingw32/bin/../lib/gcc/nios2-elf/4.1.2/../../../../nios2-elf/lib/mno-hw-mul\libc.a(lib_a-memcmp.o)
                0x00845058                memcmp
 .text          0x008450cc       0xd4 c:/altera/13.0/nios2eds/bin/gnu/h-i686-mingw32/bin/../lib/gcc/nios2-elf/4.1.2/../../../../nios2-elf/lib/mno-hw-mul\libc.a(lib_a-sprintf.o)
                0x008450cc                sprintf
                0x00845140                _sprintf_r
 .text          0x008451a0       0x8c c:/altera/13.0/nios2eds/bin/gnu/h-i686-mingw32/bin/../lib/gcc/nios2-elf/4.1.2/../../../../nios2-elf/lib/mno-hw-mul\libc.a(lib_a-strcpy.o)
                0x008451a0                strcpy
 .text          0x0084522c       0xf0 c:/altera/13.0/nios2eds/bin/gnu/h-i686-mingw32/bin/../lib/gcc/nios2-elf/4.1.2/../../../../nios2-elf/lib/mno-hw-mul\libc.a(lib_a-strncmp.o)
                0x0084522c                strncmp
 .text          0x0084531c       0xbc c:/altera/13.0/nios2eds/bin/gnu/h-i686-mingw32/bin/../lib/gcc/nios2-elf/4.1.2/../../../../nios2-elf/lib/mno-hw-mul\libc.a(lib_a-strncpy.o)
                0x0084531c                strncpy
 .text          0x008453d8      0x274 c:/altera/13.0/nios2eds/bin/gnu/h-i686-mingw32/bin/../lib/gcc/nios2-elf/4.1.2/../../../../nios2-elf/lib/mno-hw-mul\libc.a(lib_a-strtol.o)
                0x008453d8                _strtol_r
                0x00845628                strtol
 .text          0x0084564c       0x34 c:/altera/13.0/nios2eds/bin/gnu/h-i686-mingw32/bin/../lib/gcc/nios2-elf/4.1.2/../../../../nios2-elf/lib/mno-hw-mul\libc.a(lib_a-vprintf.o)
                0x0084564c                _vprintf_r
                0x00845660                vprintf
 .text          0x00845680       0x74 c:/altera/13.0/nios2eds/bin/gnu/h-i686-mingw32/bin/../lib/gcc/nios2-elf/4.1.2/../../../../nios2-elf/lib/mno-hw-mul\libc.a(lib_a-vsprintf.o)
                0x00845680                _vsprintf_r
                0x008456d0                vsprintf
 .text          0x008456f4      0x134 c:/altera/13.0/nios2eds/bin/gnu/h-i686-mingw32/bin/../lib/gcc/nios2-elf/4.1.2/../../../../nios2-elf/lib/mno-hw-mul\libc.a(lib_a-__atexit.o)
                0x008456f4                __register_exitproc
 *(.gnu.warning.*)
 *(.fini)
                0x00845828                PROVIDE (__etext, ABSOLUTE (.))
                0x00845828                PROVIDE (_etext, ABSOLUTE (.))
                0x00845828                PROVIDE (etext, ABSOLUTE (.))
 *(.eh_frame_hdr)
                0x00845828                . = ALIGN (0x4)
                0x00845828                PROVIDE (__preinit_array_start, ABSOLUTE (.))
 *(.preinit_array)
                0x00845828                PROVIDE (__preinit_array_end, ABSOLUTE (.))
                0x00845828                PROVIDE (__init_array_start, ABSOLUTE (.))
 *(.init_array)
                0x00845828                PROVIDE (__init_array_end, ABSOLUTE (.))
                0x00845828                PROVIDE (__fini_array_start, ABSOLUTE (.))
 *(.fini_array)
                0x00845828                PROVIDE (__fini_array_end, ABSOLUTE (.))
 *(.eh_frame)
 *(.gcc_except_table)
 *(.dynamic)
                0x00845828                PROVIDE (__CTOR_LIST__, ABSOLUTE (.))
 *(.ctors)
 *(SORT(.ctors.*))
 .ctors.65535   0x00845828        0x4 c:/altera/13.0/nios2eds/bin/gnu/h-i686-mingw32/bin/../lib/gcc/nios2-elf/4.1.2/../../../../nios2-elf/lib/mno-hw-mul\libc.a(lib_a-__call_atexit.o)
                0x0084582c                PROVIDE (__CTOR_END__, ABSOLUTE (.))
                0x0084582c                PROVIDE (__DTOR_LIST__, ABSOLUTE (.))
 *(.dtors)
 *(SORT(.dtors.*))
                0x0084582c                PROVIDE (__DTOR_END__, ABSOLUTE (.))
 *(.jcr)
                0x0084582c                . = ALIGN (0x4)

.rodata         0x0084582c     0x4180
                0x0084582c                PROVIDE (__ram_rodata_start, ABSOLUTE (.))
                0x0084582c                . = ALIGN (0x4)
 *(.rodata .rodata.* .gnu.linkonce.r.*)
 .rodata        0x0084582c       0xa8 obj/default/SSS_DE2_115.o
 .rodata        0x008458d4      0xba4 obj/default/alt_error_handler.o
 .rodata        0x00846478       0x64 obj/default/dm9000a.o
 .rodata        0x008464dc       0xe4 obj/default/iniche_init.o
 .rodata        0x008465c0      0x234 obj/default/network_utilities.o
 .rodata        0x008467f4      0x2e0 obj/default/simple_socket_server.o
 .rodata        0x00846ad4       0x14 c:/altera/13.0/nios2eds/bin/gnu/h-i686-mingw32/bin/../lib/gcc/nios2-elf/4.1.2/mno-hw-mul\libgcc.a(_thenan_df.o)
                0x00846ad4                __thenan_df
 .rodata        0x00846ae8      0x100 c:/altera/13.0/nios2eds/bin/gnu/h-i686-mingw32/bin/../lib/gcc/nios2-elf/4.1.2/mno-hw-mul\libgcc.a(_clz.o)
                0x00846ae8                __clz_tab
 .rodata        0x00846be8      0x284 c:/altera/13.0/nios2eds/bin/gnu/h-i686-mingw32/bin/../lib/gcc/nios2-elf/4.1.2/../../../../nios2-elf/lib/mno-hw-mul\libc.a(lib_a-ctype_.o)
                0x00846be8                _ctype_
 .rodata.str1.4
                0x00846e6c        0x2 c:/altera/13.0/nios2eds/bin/gnu/h-i686-mingw32/bin/../lib/gcc/nios2-elf/4.1.2/../../../../nios2-elf/lib/mno-hw-mul\libc.a(lib_a-impure.o)
                                  0x4 (size before relaxing)
 *fill*         0x00846e6e        0x2 00
 .rodata.str1.4
                0x00846e70        0x3 c:/altera/13.0/nios2eds/bin/gnu/h-i686-mingw32/bin/../lib/gcc/nios2-elf/4.1.2/../../../../nios2-elf/lib/mno-hw-mul\libc.a(lib_a-perror.o)
                                  0x4 (size before relaxing)
 *fill*         0x00846e73        0x1 00
 .rodata.str1.4
                0x00846e74        0x2 c:/altera/13.0/nios2eds/bin/gnu/h-i686-mingw32/bin/../lib/gcc/nios2-elf/4.1.2/../../../../nios2-elf/lib/mno-hw-mul\libc.a(lib_a-puts.o)
                                  0x4 (size before relaxing)
 *fill*         0x00846e76        0x2 00
 .rodata.str1.4
                0x00846e78      0x7a2 c:/altera/13.0/nios2eds/bin/gnu/h-i686-mingw32/bin/../lib/gcc/nios2-elf/4.1.2/../../../../nios2-elf/lib/mno-hw-mul\libc.a(lib_a-strerror.o)
                                0x7a8 (size before relaxing)
 *fill*         0x0084761a        0x2 00
 .rodata.str1.4
                0x0084761c       0x5e c:/altera/13.0/nios2eds/bin/gnu/h-i686-mingw32/bin/../lib/gcc/nios2-elf/4.1.2/../../../../nios2-elf/lib/mno-hw-mul\libc.a(lib_a-vfprintf.o)
                                 0x60 (size before relaxing)
 *fill*         0x0084767a        0x2 00
 .rodata        0x0084767c       0x20 c:/altera/13.0/nios2eds/bin/gnu/h-i686-mingw32/bin/../lib/gcc/nios2-elf/4.1.2/../../../../nios2-elf/lib/mno-hw-mul\libc.a(lib_a-vfprintf.o)
 .rodata.str1.4
                0x0084769c       0x10 c:/altera/13.0/nios2eds/bin/gnu/h-i686-mingw32/bin/../lib/gcc/nios2-elf/4.1.2/../../../../nios2-elf/lib/mno-hw-mul\libc.a(lib_a-dtoa.o)
                                 0x14 (size before relaxing)
 .rodata.str1.4
                0x008476ac       0x10 c:/altera/13.0/nios2eds/bin/gnu/h-i686-mingw32/bin/../lib/gcc/nios2-elf/4.1.2/../../../../nios2-elf/lib/mno-hw-mul\libc.a(lib_a-locale.o)
                                 0x18 (size before relaxing)
 .rodata        0x008476bc       0x30 c:/altera/13.0/nios2eds/bin/gnu/h-i686-mingw32/bin/../lib/gcc/nios2-elf/4.1.2/../../../../nios2-elf/lib/mno-hw-mul\libc.a(lib_a-locale.o)
 .rodata        0x008476ec      0x124 c:/altera/13.0/nios2eds/bin/gnu/h-i686-mingw32/bin/../lib/gcc/nios2-elf/4.1.2/../../../../nios2-elf/lib/mno-hw-mul\libc.a(lib_a-mprec.o)
                0x008476ec                __mprec_tens
                0x008477b4                __mprec_bigtens
                0x008477dc                __mprec_tinytens
 .rodata        0x00847810       0x14 ../cool_bsp/\libucosii_bsp.a(alt_main.o)
 .rodata        0x00847824      0x120 ../cool_bsp/\libucosii_bsp.a(os_core.o)
                0x00847824                OSUnMapTbl
 .rodata        0x00847944       0x40 ../cool_bsp/\libucosii_bsp.a(alt_sys_init.o)
 .rodata        0x00847984       0xd8 ../cool_bsp/\libucosii_bsp.a(ipnet.o)
 .rodata        0x00847a5c       0xec ../cool_bsp/\libucosii_bsp.a(ipstart.o)
 .rodata        0x00847b48      0x54c ../cool_bsp/\libucosii_bsp.a(igmp_cmn.o)
 .rodata        0x00848094       0xb8 ../cool_bsp/\libucosii_bsp.a(in_utils.o)
 .rodata        0x0084814c       0x34 ../cool_bsp/\libucosii_bsp.a(netmain.o)
 .rodata        0x00848180       0x94 ../cool_bsp/\libucosii_bsp.a(parseip.o)
 .rodata        0x00848214      0x1a8 ../cool_bsp/\libucosii_bsp.a(tk_crnos.o)
 .rodata        0x008483bc        0x8 ../cool_bsp/\libucosii_bsp.a(dhcpclnt.o)
 .rodata        0x008483c4      0x118 ../cool_bsp/\libucosii_bsp.a(pktalloc.o)
 .rodata        0x008484dc       0x84 ../cool_bsp/\libucosii_bsp.a(udp_open.o)
 .rodata        0x00848560       0x2c ../cool_bsp/\libucosii_bsp.a(brdutils.o)
 .rodata        0x0084858c      0x26c ../cool_bsp/\libucosii_bsp.a(osportco.o)
 .rodata        0x008487f8       0xa0 ../cool_bsp/\libucosii_bsp.a(targnios.o)
 .rodata        0x00848898       0x90 ../cool_bsp/\libucosii_bsp.a(nptcp.o)
 .rodata        0x00848928        0x8 ../cool_bsp/\libucosii_bsp.a(sockcall.o)
 .rodata        0x00848930       0x50 ../cool_bsp/\libucosii_bsp.a(socket.o)
 .rodata        0x00848980       0x40 ../cool_bsp/\libucosii_bsp.a(socket2.o)
 .rodata        0x008489c0       0x20 ../cool_bsp/\libucosii_bsp.a(tcp_in.o)
 .rodata        0x008489e0       0x40 ../cool_bsp/\libucosii_bsp.a(tcp_out.o)
 .rodata        0x00848a20       0x24 ../cool_bsp/\libucosii_bsp.a(tcp_subr.o)
 .rodata        0x00848a44       0x2c ../cool_bsp/\libucosii_bsp.a(tcp_usr.o)
 .rodata        0x00848a70        0xc ../cool_bsp/\libucosii_bsp.a(alt_dev.o)
 .rodata        0x00848a7c        0x4 ../cool_bsp/\libucosii_bsp.a(os_cpu_c.o)
 .rodata        0x00848a80      0x1d4 ../cool_bsp/\libucosii_bsp.a(allports.o)
 .rodata        0x00848c54       0x34 ../cool_bsp/\libucosii_bsp.a(tk_misc.o)
 .rodata        0x00848c88       0x44 ../cool_bsp/\libucosii_bsp.a(et_arp.o)
 .rodata        0x00848ccc      0x1dc ../cool_bsp/\libucosii_bsp.a(ip.o)
 .rodata        0x00848ea8      0x158 ../cool_bsp/\libucosii_bsp.a(ip_reasm.o)
 .rodata        0x00849000      0x120 ../cool_bsp/\libucosii_bsp.a(ipdemux.o)
 .rodata        0x00849120       0x34 ../cool_bsp/\libucosii_bsp.a(ipport.o)
 .rodata        0x00849154       0x24 ../cool_bsp/\libucosii_bsp.a(ipraw.o)
 .rodata        0x00849178       0x38 ../cool_bsp/\libucosii_bsp.a(iproute.o)
 .rodata        0x008491b0       0xe8 ../cool_bsp/\libucosii_bsp.a(udp.o)
 .rodata        0x00849298      0x2d0 ../cool_bsp/\libucosii_bsp.a(u_mctest.o)
 .rodata        0x00849568       0xf8 ../cool_bsp/\libucosii_bsp.a(dhcsetup.o)
 .rodata        0x00849660       0x34 ../cool_bsp/\libucosii_bsp.a(vfsfiles.o)
 .rodata        0x00849694      0x318 ../cool_bsp/\libucosii_bsp.a(icmp.o)
 *(.rodata1)
                0x008499ac                . = ALIGN (0x4)
                0x008499ac                PROVIDE (__ram_rodata_end, ABSOLUTE (.))
                0x0084582c                PROVIDE (__flash_rodata_start, LOADADDR (.rodata))

.rwdata         0x008499ac     0x1f48
                0x008499ac                PROVIDE (__ram_rwdata_start, ABSOLUTE (.))
                0x008499ac                . = ALIGN (0x4)
 *(.got.plt)
 *(.got)
 *(.data1)
 *(.data .data.* .gnu.linkonce.d.*)
 .data          0x008499ac        0x0 ../cool_bsp//obj/HAL/src/crt0.o
 .data          0x008499ac        0x0 obj/default/SSS_DE2_115.o
 .data          0x008499ac        0x0 obj/default/alt_error_handler.o
 .data          0x008499ac        0x0 obj/default/dm9000a.o
 .data          0x008499ac       0x18 obj/default/iniche_init.o
                0x008499ac                ssstask
 .data          0x008499c4        0x0 obj/default/led.o
 .data          0x008499c4        0x0 obj/default/network_utilities.o
 .data          0x008499c4        0x0 obj/default/simple_socket_server.o
 .data          0x008499c4        0x0 obj/default/tse_my_system.o
 .data          0x008499c4        0x0 c:/altera/13.0/nios2eds/bin/gnu/h-i686-mingw32/bin/../lib/gcc/nios2-elf/4.1.2/mno-hw-mul\libgcc.a(_fixunsdfsi.o)
 .data          0x008499c4        0x0 c:/altera/13.0/nios2eds/bin/gnu/h-i686-mingw32/bin/../lib/gcc/nios2-elf/4.1.2/mno-hw-mul\libgcc.a(_addsub_df.o)
 .data          0x008499c4        0x0 c:/altera/13.0/nios2eds/bin/gnu/h-i686-mingw32/bin/../lib/gcc/nios2-elf/4.1.2/mno-hw-mul\libgcc.a(_mul_df.o)
 .data          0x008499c4        0x0 c:/altera/13.0/nios2eds/bin/gnu/h-i686-mingw32/bin/../lib/gcc/nios2-elf/4.1.2/mno-hw-mul\libgcc.a(_ge_df.o)
 .data          0x008499c4        0x0 c:/altera/13.0/nios2eds/bin/gnu/h-i686-mingw32/bin/../lib/gcc/nios2-elf/4.1.2/mno-hw-mul\libgcc.a(_df_to_si.o)
 .data          0x008499c4        0x0 c:/altera/13.0/nios2eds/bin/gnu/h-i686-mingw32/bin/../lib/gcc/nios2-elf/4.1.2/mno-hw-mul\libgcc.a(_thenan_df.o)
 .data          0x008499c4        0x0 c:/altera/13.0/nios2eds/bin/gnu/h-i686-mingw32/bin/../lib/gcc/nios2-elf/4.1.2/mno-hw-mul\libgcc.a(_usi_to_df.o)
 .data          0x008499c4        0x0 c:/altera/13.0/nios2eds/bin/gnu/h-i686-mingw32/bin/../lib/gcc/nios2-elf/4.1.2/mno-hw-mul\libgcc.a(lib2-mul.o)
 .data          0x008499c4        0x0 c:/altera/13.0/nios2eds/bin/gnu/h-i686-mingw32/bin/../lib/gcc/nios2-elf/4.1.2/mno-hw-mul\libgcc.a(_muldi3.o)
 .data          0x008499c4        0x0 c:/altera/13.0/nios2eds/bin/gnu/h-i686-mingw32/bin/../lib/gcc/nios2-elf/4.1.2/mno-hw-mul\libgcc.a(_clzsi2.o)
 .data          0x008499c4        0x0 c:/altera/13.0/nios2eds/bin/gnu/h-i686-mingw32/bin/../lib/gcc/nios2-elf/4.1.2/mno-hw-mul\libgcc.a(_pack_df.o)
 .data          0x008499c4        0x0 c:/altera/13.0/nios2eds/bin/gnu/h-i686-mingw32/bin/../lib/gcc/nios2-elf/4.1.2/mno-hw-mul\libgcc.a(_unpack_df.o)
 .data          0x008499c4        0x0 c:/altera/13.0/nios2eds/bin/gnu/h-i686-mingw32/bin/../lib/gcc/nios2-elf/4.1.2/mno-hw-mul\libgcc.a(_fpcmp_parts_df.o)
 .data          0x008499c4        0x0 c:/altera/13.0/nios2eds/bin/gnu/h-i686-mingw32/bin/../lib/gcc/nios2-elf/4.1.2/mno-hw-mul\libgcc.a(_clz.o)
 .data          0x008499c4        0x0 c:/altera/13.0/nios2eds/bin/gnu/h-i686-mingw32/bin/../lib/gcc/nios2-elf/4.1.2/../../../../nios2-elf/lib/mno-hw-mul\libc.a(lib_a-ctype_.o)
 .data          0x008499c4        0x0 c:/altera/13.0/nios2eds/bin/gnu/h-i686-mingw32/bin/../lib/gcc/nios2-elf/4.1.2/../../../../nios2-elf/lib/mno-hw-mul\libc.a(lib_a-exit.o)
 .data          0x008499c4        0x0 c:/altera/13.0/nios2eds/bin/gnu/h-i686-mingw32/bin/../lib/gcc/nios2-elf/4.1.2/../../../../nios2-elf/lib/mno-hw-mul\libc.a(lib_a-fprintf.o)
 .data          0x008499c4        0x0 c:/altera/13.0/nios2eds/bin/gnu/h-i686-mingw32/bin/../lib/gcc/nios2-elf/4.1.2/../../../../nios2-elf/lib/mno-hw-mul\libc.a(lib_a-fwrite.o)
 .data          0x008499c4        0x0 c:/altera/13.0/nios2eds/bin/gnu/h-i686-mingw32/bin/../lib/gcc/nios2-elf/4.1.2/../../../../nios2-elf/lib/mno-hw-mul\libc.a(lib_a-getc.o)
 .data          0x008499c4      0x400 c:/altera/13.0/nios2eds/bin/gnu/h-i686-mingw32/bin/../lib/gcc/nios2-elf/4.1.2/../../../../nios2-elf/lib/mno-hw-mul\libc.a(lib_a-impure.o)
 .data          0x00849dc4        0x0 c:/altera/13.0/nios2eds/bin/gnu/h-i686-mingw32/bin/../lib/gcc/nios2-elf/4.1.2/../../../../nios2-elf/lib/mno-hw-mul\libc.a(lib_a-memcpy.o)
 .data          0x00849dc4        0x0 c:/altera/13.0/nios2eds/bin/gnu/h-i686-mingw32/bin/../lib/gcc/nios2-elf/4.1.2/../../../../nios2-elf/lib/mno-hw-mul\libc.a(lib_a-memmove.o)
 .data          0x00849dc4        0x0 c:/altera/13.0/nios2eds/bin/gnu/h-i686-mingw32/bin/../lib/gcc/nios2-elf/4.1.2/../../../../nios2-elf/lib/mno-hw-mul\libc.a(lib_a-memset.o)
 .data          0x00849dc4        0x0 c:/altera/13.0/nios2eds/bin/gnu/h-i686-mingw32/bin/../lib/gcc/nios2-elf/4.1.2/../../../../nios2-elf/lib/mno-hw-mul\libc.a(lib_a-perror.o)
 .data          0x00849dc4        0x0 c:/altera/13.0/nios2eds/bin/gnu/h-i686-mingw32/bin/../lib/gcc/nios2-elf/4.1.2/../../../../nios2-elf/lib/mno-hw-mul\libc.a(lib_a-printf.o)
 .data          0x00849dc4        0x0 c:/altera/13.0/nios2eds/bin/gnu/h-i686-mingw32/bin/../lib/gcc/nios2-elf/4.1.2/../../../../nios2-elf/lib/mno-hw-mul\libc.a(lib_a-putc.o)
 .data          0x00849dc4        0x0 c:/altera/13.0/nios2eds/bin/gnu/h-i686-mingw32/bin/../lib/gcc/nios2-elf/4.1.2/../../../../nios2-elf/lib/mno-hw-mul\libc.a(lib_a-putchar.o)
 .data          0x00849dc4        0x0 c:/altera/13.0/nios2eds/bin/gnu/h-i686-mingw32/bin/../lib/gcc/nios2-elf/4.1.2/../../../../nios2-elf/lib/mno-hw-mul\libc.a(lib_a-puts.o)
 .data          0x00849dc4        0x0 c:/altera/13.0/nios2eds/bin/gnu/h-i686-mingw32/bin/../lib/gcc/nios2-elf/4.1.2/../../../../nios2-elf/lib/mno-hw-mul\libc.a(lib_a-rget.o)
 .data          0x00849dc4        0x0 c:/altera/13.0/nios2eds/bin/gnu/h-i686-mingw32/bin/../lib/gcc/nios2-elf/4.1.2/../../../../nios2-elf/lib/mno-hw-mul\libc.a(lib_a-strchr.o)
 .data          0x00849dc4        0x0 c:/altera/13.0/nios2eds/bin/gnu/h-i686-mingw32/bin/../lib/gcc/nios2-elf/4.1.2/../../../../nios2-elf/lib/mno-hw-mul\libc.a(lib_a-strerror.o)
 .data          0x00849dc4        0x0 c:/altera/13.0/nios2eds/bin/gnu/h-i686-mingw32/bin/../lib/gcc/nios2-elf/4.1.2/../../../../nios2-elf/lib/mno-hw-mul\libc.a(lib_a-strlen.o)
 .data          0x00849dc4        0x0 c:/altera/13.0/nios2eds/bin/gnu/h-i686-mingw32/bin/../lib/gcc/nios2-elf/4.1.2/../../../../nios2-elf/lib/mno-hw-mul\libc.a(lib_a-u_strerr.o)
 .data          0x00849dc4        0x0 c:/altera/13.0/nios2eds/bin/gnu/h-i686-mingw32/bin/../lib/gcc/nios2-elf/4.1.2/../../../../nios2-elf/lib/mno-hw-mul\libc.a(lib_a-vfprintf.o)
 .data          0x00849dc4        0x0 c:/altera/13.0/nios2eds/bin/gnu/h-i686-mingw32/bin/../lib/gcc/nios2-elf/4.1.2/../../../../nios2-elf/lib/mno-hw-mul\libc.a(lib_a-wbuf.o)
 .data          0x00849dc4        0x0 c:/altera/13.0/nios2eds/bin/gnu/h-i686-mingw32/bin/../lib/gcc/nios2-elf/4.1.2/../../../../nios2-elf/lib/mno-hw-mul\libc.a(lib_a-wsetup.o)
 .data          0x00849dc4        0x0 c:/altera/13.0/nios2eds/bin/gnu/h-i686-mingw32/bin/../lib/gcc/nios2-elf/4.1.2/../../../../nios2-elf/lib/mno-hw-mul\libc.a(lib_a-__call_atexit.o)
 .data          0x00849dc4        0x0 c:/altera/13.0/nios2eds/bin/gnu/h-i686-mingw32/bin/../lib/gcc/nios2-elf/4.1.2/../../../../nios2-elf/lib/mno-hw-mul\libc.a(lib_a-dtoa.o)
 .data          0x00849dc4        0x0 c:/altera/13.0/nios2eds/bin/gnu/h-i686-mingw32/bin/../lib/gcc/nios2-elf/4.1.2/../../../../nios2-elf/lib/mno-hw-mul\libc.a(lib_a-fflush.o)
 .data          0x00849dc4        0x0 c:/altera/13.0/nios2eds/bin/gnu/h-i686-mingw32/bin/../lib/gcc/nios2-elf/4.1.2/../../../../nios2-elf/lib/mno-hw-mul\libc.a(lib_a-findfp.o)
 .data          0x00849dc4        0x0 c:/altera/13.0/nios2eds/bin/gnu/h-i686-mingw32/bin/../lib/gcc/nios2-elf/4.1.2/../../../../nios2-elf/lib/mno-hw-mul\libc.a(lib_a-fputc.o)
 .data          0x00849dc4        0x0 c:/altera/13.0/nios2eds/bin/gnu/h-i686-mingw32/bin/../lib/gcc/nios2-elf/4.1.2/../../../../nios2-elf/lib/mno-hw-mul\libc.a(lib_a-fputs.o)
 .data          0x00849dc4        0x0 c:/altera/13.0/nios2eds/bin/gnu/h-i686-mingw32/bin/../lib/gcc/nios2-elf/4.1.2/../../../../nios2-elf/lib/mno-hw-mul\libc.a(lib_a-freer.o)
 .data          0x00849dc4        0x0 c:/altera/13.0/nios2eds/bin/gnu/h-i686-mingw32/bin/../lib/gcc/nios2-elf/4.1.2/../../../../nios2-elf/lib/mno-hw-mul\libc.a(lib_a-fvwrite.o)
 .data          0x00849dc4        0x0 c:/altera/13.0/nios2eds/bin/gnu/h-i686-mingw32/bin/../lib/gcc/nios2-elf/4.1.2/../../../../nios2-elf/lib/mno-hw-mul\libc.a(lib_a-fwalk.o)
 .data          0x00849dc4        0xc c:/altera/13.0/nios2eds/bin/gnu/h-i686-mingw32/bin/../lib/gcc/nios2-elf/4.1.2/../../../../nios2-elf/lib/mno-hw-mul\libc.a(lib_a-locale.o)
                0x00849dc4                __lc_ctype
 .data          0x00849dd0        0x0 c:/altera/13.0/nios2eds/bin/gnu/h-i686-mingw32/bin/../lib/gcc/nios2-elf/4.1.2/../../../../nios2-elf/lib/mno-hw-mul\libc.a(lib_a-makebuf.o)
 .data          0x00849dd0      0x408 c:/altera/13.0/nios2eds/bin/gnu/h-i686-mingw32/bin/../lib/gcc/nios2-elf/4.1.2/../../../../nios2-elf/lib/mno-hw-mul\libc.a(lib_a-mallocr.o)
                0x00849dd0                __malloc_av_
 .data          0x0084a1d8        0x0 c:/altera/13.0/nios2eds/bin/gnu/h-i686-mingw32/bin/../lib/gcc/nios2-elf/4.1.2/../../../../nios2-elf/lib/mno-hw-mul\libc.a(lib_a-memchr.o)
 .data          0x0084a1d8        0x0 c:/altera/13.0/nios2eds/bin/gnu/h-i686-mingw32/bin/../lib/gcc/nios2-elf/4.1.2/../../../../nios2-elf/lib/mno-hw-mul\libc.a(lib_a-mprec.o)
 .data          0x0084a1d8        0x0 c:/altera/13.0/nios2eds/bin/gnu/h-i686-mingw32/bin/../lib/gcc/nios2-elf/4.1.2/../../../../nios2-elf/lib/mno-hw-mul\libc.a(lib_a-reallocr.o)
 .data          0x0084a1d8        0x0 c:/altera/13.0/nios2eds/bin/gnu/h-i686-mingw32/bin/../lib/gcc/nios2-elf/4.1.2/../../../../nios2-elf/lib/mno-hw-mul\libc.a(lib_a-refill.o)
 .data          0x0084a1d8        0x0 c:/altera/13.0/nios2eds/bin/gnu/h-i686-mingw32/bin/../lib/gcc/nios2-elf/4.1.2/../../../../nios2-elf/lib/mno-hw-mul\libc.a(lib_a-s_isinfd.o)
 .data          0x0084a1d8        0x0 c:/altera/13.0/nios2eds/bin/gnu/h-i686-mingw32/bin/../lib/gcc/nios2-elf/4.1.2/../../../../nios2-elf/lib/mno-hw-mul\libc.a(lib_a-s_isnand.o)
 .data          0x0084a1d8        0x0 c:/altera/13.0/nios2eds/bin/gnu/h-i686-mingw32/bin/../lib/gcc/nios2-elf/4.1.2/../../../../nios2-elf/lib/mno-hw-mul\libc.a(lib_a-sbrkr.o)
 .data          0x0084a1d8        0x0 c:/altera/13.0/nios2eds/bin/gnu/h-i686-mingw32/bin/../lib/gcc/nios2-elf/4.1.2/../../../../nios2-elf/lib/mno-hw-mul\libc.a(lib_a-stdio.o)
 .data          0x0084a1d8        0x0 c:/altera/13.0/nios2eds/bin/gnu/h-i686-mingw32/bin/../lib/gcc/nios2-elf/4.1.2/../../../../nios2-elf/lib/mno-hw-mul\libc.a(lib_a-strcmp.o)
 .data          0x0084a1d8        0x0 c:/altera/13.0/nios2eds/bin/gnu/h-i686-mingw32/bin/../lib/gcc/nios2-elf/4.1.2/../../../../nios2-elf/lib/mno-hw-mul\libc.a(lib_a-writer.o)
 .data          0x0084a1d8        0x0 c:/altera/13.0/nios2eds/bin/gnu/h-i686-mingw32/bin/../lib/gcc/nios2-elf/4.1.2/../../../../nios2-elf/lib/mno-hw-mul\libc.a(lib_a-callocr.o)
 .data          0x0084a1d8        0x0 c:/altera/13.0/nios2eds/bin/gnu/h-i686-mingw32/bin/../lib/gcc/nios2-elf/4.1.2/../../../../nios2-elf/lib/mno-hw-mul\libc.a(lib_a-closer.o)
 .data          0x0084a1d8        0x0 c:/altera/13.0/nios2eds/bin/gnu/h-i686-mingw32/bin/../lib/gcc/nios2-elf/4.1.2/../../../../nios2-elf/lib/mno-hw-mul\libc.a(lib_a-fclose.o)
 .data          0x0084a1d8        0x0 c:/altera/13.0/nios2eds/bin/gnu/h-i686-mingw32/bin/../lib/gcc/nios2-elf/4.1.2/../../../../nios2-elf/lib/mno-hw-mul\libc.a(lib_a-fstatr.o)
 .data          0x0084a1d8        0x0 c:/altera/13.0/nios2eds/bin/gnu/h-i686-mingw32/bin/../lib/gcc/nios2-elf/4.1.2/../../../../nios2-elf/lib/mno-hw-mul\libc.a(lib_a-int_errno.o)
 .data          0x0084a1d8        0x0 c:/altera/13.0/nios2eds/bin/gnu/h-i686-mingw32/bin/../lib/gcc/nios2-elf/4.1.2/../../../../nios2-elf/lib/mno-hw-mul\libc.a(lib_a-isattyr.o)
 .data          0x0084a1d8        0x0 c:/altera/13.0/nios2eds/bin/gnu/h-i686-mingw32/bin/../lib/gcc/nios2-elf/4.1.2/../../../../nios2-elf/lib/mno-hw-mul\libc.a(lib_a-lseekr.o)
 .data          0x0084a1d8        0x0 c:/altera/13.0/nios2eds/bin/gnu/h-i686-mingw32/bin/../lib/gcc/nios2-elf/4.1.2/../../../../nios2-elf/lib/mno-hw-mul\libc.a(lib_a-readr.o)
 .data          0x0084a1d8        0x0 c:/altera/13.0/nios2eds/bin/gnu/h-i686-mingw32/bin/../lib/gcc/nios2-elf/4.1.2/mno-hw-mul\libgcc.a(_udivdi3.o)
 .data          0x0084a1d8        0x0 c:/altera/13.0/nios2eds/bin/gnu/h-i686-mingw32/bin/../lib/gcc/nios2-elf/4.1.2/mno-hw-mul\libgcc.a(_umoddi3.o)
 .data          0x0084a1d8        0x0 c:/altera/13.0/nios2eds/bin/gnu/h-i686-mingw32/bin/../lib/gcc/nios2-elf/4.1.2/mno-hw-mul\libgcc.a(_div_df.o)