Archive member included because of file (symbol)

c:/altera/13.0/nios2eds/bin/gnu/h-i686-mingw32/bin/../lib/gcc/nios2-elf/4.1.2/mno-hw-mul\libgcc.a(_fixunsdfsi.o)
                              obj/default/dm9000a.o (__fixunsdfsi)
c:/altera/13.0/nios2eds/bin/gnu/h-i686-mingw32/bin/../lib/gcc/nios2-elf/4.1.2/mno-hw-mul\libgcc.a(_addsub_df.o)
                              c:/altera/13.0/nios2eds/bin/gnu/h-i686-mingw32/bin/../lib/gcc/nios2-elf/4.1.2/mno-hw-mul\libgcc.a(_fixunsdfsi.o) (__subdf3)
c:/altera/13.0/nios2eds/bin/gnu/h-i686-mingw32/bin/../lib/gcc/nios2-elf/4.1.2/mno-hw-mul\libgcc.a(_mul_df.o)
                              obj/default/dm9000a.o (__muldf3)
c:/altera/13.0/nios2eds/bin/gnu/h-i686-mingw32/bin/../lib/gcc/nios2-elf/4.1.2/mno-hw-mul\libgcc.a(_ge_df.o)
                              c:/altera/13.0/nios2eds/bin/gnu/h-i686-mingw32/bin/../lib/gcc/nios2-elf/4.1.2/mno-hw-mul\libgcc.a(_fixunsdfsi.o) (__gedf2)
c:/altera/13.0/nios2eds/bin/gnu/h-i686-mingw32/bin/../lib/gcc/nios2-elf/4.1.2/mno-hw-mul\libgcc.a(_df_to_si.o)
                              c:/altera/13.0/nios2eds/bin/gnu/h-i686-mingw32/bin/../lib/gcc/nios2-elf/4.1.2/mno-hw-mul\libgcc.a(_fixunsdfsi.o) (__fixdfsi)
c:/altera/13.0/nios2eds/bin/gnu/h-i686-mingw32/bin/../lib/gcc/nios2-elf/4.1.2/mno-hw-mul\libgcc.a(_thenan_df.o)
                              c:/altera/13.0/nios2eds/bin/gnu/h-i686-mingw32/bin/../lib/gcc/nios2-elf/4.1.2/mno-hw-mul\libgcc.a(_addsub_df.o) (__thenan_df)
c:/altera/13.0/nios2eds/bin/gnu/h-i686-mingw32/bin/../lib/gcc/nios2-elf/4.1.2/mno-hw-mul\libgcc.a(_usi_to_df.o)
                              obj/default/dm9000a.o (__floatunsidf)
c:/altera/13.0/nios2eds/bin/gnu/h-i686-mingw32/bin/../lib/gcc/nios2-elf/4.1.2/mno-hw-mul\libgcc.a(lib2-mul.o)
                              obj/default/iniche_init.o (__mulsi3)
c:/altera/13.0/nios2eds/bin/gnu/h-i686-mingw32/bin/../lib/gcc/nios2-elf/4.1.2/mno-hw-mul\libgcc.a(_muldi3.o)
                              c:/altera/13.0/nios2eds/bin/gnu/h-i686-mingw32/bin/../lib/gcc/nios2-elf/4.1.2/mno-hw-mul\libgcc.a(_mul_df.o) (__muldi3)
c:/altera/13.0/nios2eds/bin/gnu/h-i686-mingw32/bin/../lib/gcc/nios2-elf/4.1.2/mno-hw-mul\libgcc.a(_clzsi2.o)
                              c:/altera/13.0/nios2eds/bin/gnu/h-i686-mingw32/bin/../lib/gcc/nios2-elf/4.1.2/mno-hw-mul\libgcc.a(_usi_to_df.o) (__clzsi2)
c:/altera/13.0/nios2eds/bin/gnu/h-i686-mingw32/bin/../lib/gcc/nios2-elf/4.1.2/mno-hw-mul\libgcc.a(_pack_df.o)
                              c:/altera/13.0/nios2eds/bin/gnu/h-i686-mingw32/bin/../lib/gcc/nios2-elf/4.1.2/mno-hw-mul\libgcc.a(_addsub_df.o) (__pack_d)
c:/altera/13.0/nios2eds/bin/gnu/h-i686-mingw32/bin/../lib/gcc/nios2-elf/4.1.2/mno-hw-mul\libgcc.a(_unpack_df.o)
                              c:/altera/13.0/nios2eds/bin/gnu/h-i686-mingw32/bin/../lib/gcc/nios2-elf/4.1.2/mno-hw-mul\libgcc.a(_addsub_df.o) (__unpack_d)
c:/altera/13.0/nios2eds/bin/gnu/h-i686-mingw32/bin/../lib/gcc/nios2-elf/4.1.2/mno-hw-mul\libgcc.a(_fpcmp_parts_df.o)
                              c:/altera/13.0/nios2eds/bin/gnu/h-i686-mingw32/bin/../lib/gcc/nios2-elf/4.1.2/mno-hw-mul\libgcc.a(_ge_df.o) (__fpcmp_parts_d)
c:/altera/13.0/nios2eds/bin/gnu/h-i686-mingw32/bin/../lib/gcc/nios2-elf/4.1.2/mno-hw-mul\libgcc.a(_clz.o)
                              c:/altera/13.0/nios2eds/bin/gnu/h-i686-mingw32/bin/../lib/gcc/nios2-elf/4.1.2/mno-hw-mul\libgcc.a(_clzsi2.o) (__clz_tab)
c:/altera/13.0/nios2eds/bin/gnu/h-i686-mingw32/bin/../lib/gcc/nios2-elf/4.1.2/../../../../nios2-elf/lib/mno-hw-mul\libc.a(lib_a-ctype_.o)
                              obj/default/network_utilities.o (__ctype_ptr)
c:/altera/13.0/nios2eds/bin/gnu/h-i686-mingw32/bin/../lib/gcc/nios2-elf/4.1.2/../../../../nios2-elf/lib/mno-hw-mul\libc.a(lib_a-exit.o)
                              obj/default/simple_socket_server.o (exit)
c:/altera/13.0/nios2eds/bin/gnu/h-i686-mingw32/bin/../lib/gcc/nios2-elf/4.1.2/../../../../nios2-elf/lib/mno-hw-mul\libc.a(lib_a-fprintf.o)
                              obj/default/alt_error_handler.o (fprintf)
c:/altera/13.0/nios2eds/bin/gnu/h-i686-mingw32/bin/../lib/gcc/nios2-elf/4.1.2/../../../../nios2-elf/lib/mno-hw-mul\libc.a(lib_a-fwrite.o)
                              obj/default/alt_error_handler.o (fwrite)
c:/altera/13.0/nios2eds/bin/gnu/h-i686-mingw32/bin/../lib/gcc/nios2-elf/4.1.2/../../../../nios2-elf/lib/mno-hw-mul\libc.a(lib_a-getc.o)
                              obj/default/network_utilities.o (getc)
c:/altera/13.0/nios2eds/bin/gnu/h-i686-mingw32/bin/../lib/gcc/nios2-elf/4.1.2/../../../../nios2-elf/lib/mno-hw-mul\libc.a(lib_a-impure.o)
                              obj/default/alt_error_handler.o (_impure_ptr)
c:/altera/13.0/nios2eds/bin/gnu/h-i686-mingw32/bin/../lib/gcc/nios2-elf/4.1.2/../../../../nios2-elf/lib/mno-hw-mul\libc.a(lib_a-memcpy.o)
                              obj/default/simple_socket_server.o (memcpy)
[...]
Memory Configuration

Name             Origin             Length             Attributes
sdram_0_BEFORE_EXCEPTION 0x00800000         0x00000020
sdram_0          0x00800020         0x007fffe0
reset            0x01400000         0x00000020
cfi_flash_0      0x01400020         0x003fffe0
sram_0           0x01a00000         0x00080000
epcs_controller  0x01a81800         0x00000800
*default*        0x00000000         0xffffffff

Linker script and memory map

LOAD ../socket_bsp//obj/HAL/src/crt0.o
LOAD obj/default/SSS_DE2_115.o
LOAD obj/default/alt_error_handler.o
LOAD obj/default/dm9000a.o
LOAD obj/default/iniche_init.o
LOAD obj/default/led.o
LOAD obj/default/network_utilities.o
LOAD obj/default/simple_socket_server.o
LOAD obj/default/tse_my_system.o
LOAD c:/altera/13.0/nios2eds/bin/gnu/h-i686-mingw32/bin/../lib/gcc/nios2-elf/4.1.2/../../../../nios2-elf/lib/mno-hw-mul\libstdc++.a
LOAD c:/altera/13.0/nios2eds/bin/gnu/h-i686-mingw32/bin/../lib/gcc/nios2-elf/4.1.2/../../../../nios2-elf/lib/mno-hw-mul\libm.a
LOAD c:/altera/13.0/nios2eds/bin/gnu/h-i686-mingw32/bin/../lib/gcc/nios2-elf/4.1.2/mno-hw-mul\libgcc.a
START GROUP
LOAD c:/altera/13.0/nios2eds/bin/gnu/h-i686-mingw32/bin/../lib/gcc/nios2-elf/4.1.2/../../../../nios2-elf/lib/mno-hw-mul\libc.a
LOAD c:/altera/13.0/nios2eds/bin/gnu/h-i686-mingw32/bin/../lib/gcc/nios2-elf/4.1.2/mno-hw-mul\libgcc.a
LOAD ../socket_bsp/\libucosii_bsp.a
END GROUP
LOAD c:/altera/13.0/nios2eds/bin/gnu/h-i686-mingw32/bin/../lib/gcc/nios2-elf/4.1.2/mno-hw-mul\libgcc.a
                0x00800000                __alt_mem_sdram_0 = 0x800000
                0x01400000                __alt_mem_cfi_flash_0 = 0x1400000
                0x01a00000                __alt_mem_sram_0 = 0x1a00000
                0x01a81800                __alt_mem_epcs_controller = 0x1a81800

.entry          0x01400000        0x0
 *(.entry)
 .entry         0x01400000        0x0 ../socket_bsp//obj/HAL/src/crt0.o
                0x01400000                __reset

.exceptions     0x00800020      0x19c
                0x00800020                PROVIDE (__ram_exceptions_start, ABSOLUTE (.))
                0x00800020                . = ALIGN (0x20)
 *(.irq)
 *(.exceptions.entry.label)
 .exceptions.entry.label
                0x00800020        0x0 ../socket_bsp/\libucosii_bsp.a(alt_irq_entry.o)
                0x00800020                alt_irq_entry
 .exceptions.entry.label
                0x00800020        0x0 ../socket_bsp/\libucosii_bsp.a(alt_exception_entry.o)
                0x00800020                alt_exception
 *(.exceptions.entry.user)
 *(.exceptions.entry)
 .exceptions.entry
                0x00800020       0x54 ../socket_bsp/\libucosii_bsp.a(alt_exception_entry.o)
 *(.exceptions.irqtest.user)
 *(.exceptions.irqtest)
 .exceptions.irqtest
                0x00800074       0x10 ../socket_bsp/\libucosii_bsp.a(alt_irq_entry.o)
 *(.exceptions.irqhandler.user)
 *(.exceptions.irqhandler)
 .exceptions.irqhandler
                0x00800084        0x4 ../socket_bsp/\libucosii_bsp.a(alt_irq_entry.o)
 *(.exceptions.irqreturn.user)
 *(.exceptions.irqreturn)
 .exceptions.irqreturn
                0x00800088        0x4 ../socket_bsp/\libucosii_bsp.a(alt_irq_entry.o)
 *(.exceptions.notirq.label)
 .exceptions.notirq.label
                0x0080008c        0x0 ../socket_bsp/\libucosii_bsp.a(alt_irq_entry.o)
 *(.exceptions.notirq.user)
 *(.exceptions.notirq)
 .exceptions.notirq
                0x0080008c        0x8 ../socket_bsp/\libucosii_bsp.a(alt_exception_entry.o)
 *(.exceptions.soft.user)
 *(.exceptions.soft)
 *(.exceptions.unknown.user)
 *(.exceptions.unknown)
 .exceptions.unknown
                0x00800094        0x4 ../socket_bsp/\libucosii_bsp.a(alt_exception_entry.o)
 *(.exceptions.exit.label)
 .exceptions.exit.label
                0x00800098        0x0 ../socket_bsp/\libucosii_bsp.a(alt_irq_entry.o)
 .exceptions.exit.label
                0x00800098        0x0 ../socket_bsp/\libucosii_bsp.a(alt_exception_entry.o)
 *(.exceptions.exit.user)
 *(.exceptions.exit)
 .exceptions.exit
                0x00800098       0x54 ../socket_bsp/\libucosii_bsp.a(alt_exception_entry.o)
 *(.exceptions)
 .exceptions    0x008000ec       0xd0 ../socket_bsp/\libucosii_bsp.a(alt_irq_handler.o)
                0x008000ec                alt_irq_handler
                0x008001bc                PROVIDE (__ram_exceptions_end, ABSOLUTE (.))
                0x00800020                PROVIDE (__flash_exceptions_start, LOADADDR (.exceptions))

.text           0x008001bc    0x45668
                0x008001bc                PROVIDE (stext, ABSOLUTE (.))
 *(.interp)
 *(.hash)
 *(.dynsym)
 *(.dynstr)
 *(.gnu.version)
 *(.gnu.version_d)
 *(.gnu.version_r)
 *(.rel.init)
 *(.rela.init)
 *(.rel.text .rel.text.* .rel.gnu.linkonce.t.*)
 *(.rela.text .rela.text.* .rela.gnu.linkonce.t.*)
 *(.rel.fini)
 *(.rela.fini)
 *(.rel.rodata .rel.rodata.* .rel.gnu.linkonce.r.*)
 *(.rela.rodata .rela.rodata.* .rela.gnu.linkonce.r.*)
 *(.rel.data .rel.data.* .rel.gnu.linkonce.d.*)
 *(.rela.data .rela.data.* .rela.gnu.linkonce.d.*)
 *(.rel.tdata .rel.tdata.* .rel.gnu.linkonce.td.*)
 *(.rela.tdata .rela.tdata.* .rela.gnu.linkonce.td.*)
 *(.rel.tbss .rel.tbss.* .rel.gnu.linkonce.tb.*)
 *(.rela.tbss .rela.tbss.* .rela.gnu.linkonce.tb.*)
 *(.rel.ctors)
 *(.rela.ctors)
 *(.rel.dtors)
 *(.rela.dtors)
 *(.rel.got)
 *(.rela.got)
 *(.rel.sdata .rel.sdata.* .rel.gnu.linkonce.s.*)
 *(.rela.sdata .rela.sdata.* .rela.gnu.linkonce.s.*)
 *(.rel.sbss .rel.sbss.* .rel.gnu.linkonce.sb.*)
 *(.rela.sbss .rela.sbss.* .rela.gnu.linkonce.sb.*)
 *(.rel.sdata2 .rel.sdata2.* .rel.gnu.linkonce.s2.*)
 *(.rela.sdata2 .rela.sdata2.* .rela.gnu.linkonce.s2.*)
 *(.rel.sbss2 .rel.sbss2.* .rel.gnu.linkonce.sb2.*)
 *(.rela.sbss2 .rela.sbss2.* .rela.gnu.linkonce.sb2.*)
 *(.rel.bss .rel.bss.* .rel.gnu.linkonce.b.*)
 *(.rela.bss .rela.bss.* .rela.gnu.linkonce.b.*)
 *(.rel.plt)
 *(.rela.plt)
 *(.rel.dyn)
 *(.init)
 *(.plt)
 *(.text .stub .text.* .gnu.linkonce.t.*)
 .text          0x008001bc       0x38 ../socket_bsp//obj/HAL/src/crt0.o
                0x008001bc                _start
 .text          0x008001f4      0x2ec obj/default/SSS_DE2_115.o
                0x008001f4                get_DE2_115_mac_addr
                0x0080039c                FindLastFlashSectorOffset
 .text          0x008004e0      0xba8 obj/default/alt_error_handler.o
                0x008004e0                alt_uCOSIIErrorHandler
                0x00800b04                alt_NetworkErrorHandler
                0x00800d9c                alt_SSSErrorHandler
 .text          0x00801088      0xe48 obj/default/dm9000a.o
                0x00801088                dm9000a_iow
                0x008010dc                dm9000a_ior
                0x00801128                phy_write
                0x008011c4                dm9000a_reset
                0x00801388                TransmitPacket
                0x008014a4                prep_dm9000a
                0x008016c0                dm9000a_init
                0x00801b10                dm9Ka_isr_wrap
                0x00801b50                dm9ka_init
                0x00801c48                dm9ka_close
                0x00801d58                dm9ka_stats
                0x00801db4                dm9ka_pkt_send
 .text          0x00801ed0      0x45c obj/default/iniche_init.o
                0x00801ed0                SSSInitialTask
                0x008020d4                main
                0x008021d0                delay
                0x00802228                toInt
 .text          0x0080232c      0x324 obj/default/led.o
                0x0080232c                led_bit_toggle
                0x008023f8                LED7SegLightshowTask
                0x0080246c                LEDManagementTask
 .text          0x00802650      0x740 obj/default/network_utilities.o
                0x00802650                get_mac_addr
                0x008026a8                get_ip_addr
                0x00802714                get_serial_number
                0x008028f4                generate_and_store_mac_addr
                0x00802ac0                generate_mac_addr
                0x00802bfc                get_board_mac_addr
 .text          0x00802d90      0x9f8 obj/default/simple_socket_server.o
                0x00802d90                SSSCreateOSDataStructs
                0x00802e38                SSSCreateTasks
                0x00802efc                sss_reset_connection
                0x00802f6c                sss_send_menu
                0x008030fc                sss_handle_accept
                0x008031bc                sss_exec_command
                0x00803330                sss_handle_receive
                0x0080351c                SSSSimpleSocketServerTask
 .text          0x00803788        0x0 obj/default/tse_my_system.o
 .text          0x00803788       0xa4 c:/altera/13.0/nios2eds/bin/gnu/h-i686-mingw32/bin/../lib/gcc/nios2-elf/4.1.2/mno-hw-mul\libgcc.a(_fixunsdfsi.o)
                0x00803788                __fixunsdfsi
 .text          0x0080382c      0x504 c:/altera/13.0/nios2eds/bin/gnu/h-i686-mingw32/bin/../lib/gcc/nios2-elf/4.1.2/mno-hw-mul\libgcc.a(_addsub_df.o)
                0x00803c3c                __subdf3
                0x00803cbc                __adddf3
 .text          0x00803d30      0x3c4 c:/altera/13.0/nios2eds/bin/gnu/h-i686-mingw32/bin/../lib/gcc/nios2-elf/4.1.2/mno-hw-mul\libgcc.a(_mul_df.o)
                0x00803d30                __muldf3
 .text          0x008040f4       0x88 c:/altera/13.0/nios2eds/bin/gnu/h-i686-mingw32/bin/../lib/gcc/nios2-elf/4.1.2/mno-hw-mul\libgcc.a(_ge_df.o)
                0x008040f4                __gedf2
 .text          0x0080417c       0xd8 c:/altera/13.0/nios2eds/bin/gnu/h-i686-mingw32/bin/../lib/gcc/nios2-elf/4.1.2/mno-hw-mul\libgcc.a(_df_to_si.o)
                0x0080417c                __fixdfsi
 .text          0x00804254        0x0 c:/altera/13.0/nios2eds/bin/gnu/h-i686-mingw32/bin/../lib/gcc/nios2-elf/4.1.2/mno-hw-mul\libgcc.a(_thenan_df.o)
 .text          0x00804254      0x194 c:/altera/13.0/nios2eds/bin/gnu/h-i686-mingw32/bin/../lib/gcc/nios2-elf/4.1.2/mno-hw-mul\libgcc.a(_usi_to_df.o)
                0x00804254                __floatunsidf
 .text          0x008043e8       0x38 c:/altera/13.0/nios2eds/bin/gnu/h-i686-mingw32/bin/../lib/gcc/nios2-elf/4.1.2/mno-hw-mul\libgcc.a(lib2-mul.o)
                0x008043e8                __mulsi3
 .text          0x00804420      0x124 c:/altera/13.0/nios2eds/bin/gnu/h-i686-mingw32/bin/../lib/gcc/nios2-elf/4.1.2/mno-hw-mul\libgcc.a(_muldi3.o)
                0x00804420                __muldi3
 .text          0x00804544       0x80 c:/altera/13.0/nios2eds/bin/gnu/h-i686-mingw32/bin/../lib/gcc/nios2-elf/4.1.2/mno-hw-mul\libgcc.a(_clzsi2.o)
                0x00804544                __clzsi2
 .text          0x008045c4      0x314 c:/altera/13.0/nios2eds/bin/gnu/h-i686-mingw32/bin/../lib/gcc/nios2-elf/4.1.2/mno-hw-mul\libgcc.a(_pack_df.o)
                0x008045c4                __pack_d
 .text          0x008048d8      0x138 c:/altera/13.0/nios2eds/bin/gnu/h-i686-mingw32/bin/../lib/gcc/nios2-elf/4.1.2/mno-hw-mul\libgcc.a(_unpack_df.o)
                0x008048d8                __unpack_d
 .text          0x00804a10       0xc8 c:/altera/13.0/nios2eds/bin/gnu/h-i686-mingw32/bin/../lib/gcc/nios2-elf/4.1.2/mno-hw-mul\libgcc.a(_fpcmp_parts_df.o)
                0x00804a10                __fpcmp_parts_d
 .text          0x00804ad8        0x0 c:/altera/13.0/nios2eds/bin/gnu/h-i686-mingw32/bin/../lib/gcc/nios2-elf/4.1.2/mno-hw-mul\libgcc.a(_clz.o)
 .text          0x00804ad8        0x0 c:/altera/13.0/nios2eds/bin/gnu/h-i686-mingw32/bin/../lib/gcc/nios2-elf/4.1.2/../../../../nios2-elf/lib/mno-hw-mul\libc.a(lib_a-ctype_.o)
 .text          0x00804ad8       0x38 c:/altera/13.0/nios2eds/bin/gnu/h-i686-mingw32/bin/../lib/gcc/nios2-elf/4.1.2/../../../../nios2-elf/lib/mno-hw-mul\libc.a(lib_a-exit.o)
                0x00804ad8                exit
 .text          0x00804b10       0x60 c:/altera/13.0/nios2eds/bin/gnu/h-i686-mingw32/bin/../lib/gcc/nios2-elf/4.1.2/../../../../nios2-elf/lib/mno-hw-mul\libc.a(lib_a-fprintf.o)
                0x00804b10                fprintf
                0x00804b3c                _fprintf_r
 .text          0x00804b70       0xec c:/altera/13.0/nios2eds/bin/gnu/h-i686-mingw32/bin/../lib/gcc/nios2-elf/4.1.2/../../../../nios2-elf/lib/mno-hw-mul\libc.a(lib_a-fwrite.o)
                0x00804b70                _fwrite_r
                0x00804c1c                fwrite
 .text          0x00804c5c      0x128 c:/altera/13.0/nios2eds/bin/gnu/h-i686-mingw32/bin/../lib/gcc/nios2-elf/4.1.2/../../../../nios2-elf/lib/mno-hw-mul\libc.a(lib_a-getc.o)
                0x00804c5c                getc
                0x00804cf4                _getc_r
 .text          0x00804d84        0x0 c:/altera/13.0/nios2eds/bin/gnu/h-i686-mingw32/bin/../lib/gcc/nios2-elf/4.1.2/../../../../nios2-elf/lib/mno-hw-mul\libc.a(lib_a-impure.o)
 .text          0x00804d84       0xa0 c:/altera/13.0/nios2eds/bin/gnu/h-i686-mingw32/bin/../lib/gcc/nios2-elf/4.1.2/../../../../nios2-elf/lib/mno-hw-mul\libc.a(lib_a-memcpy.o)
                0x00804d84                memcpy
 .text          0x00804e24       0xe0 c:/altera/13.0/nios2eds/bin/gnu/h-i686-mingw32/bin/../lib/gcc/nios2-elf/4.1.2/../../../../nios2-elf/lib/mno-hw-mul\libc.a(lib_a-memmove.o)
                0x00804e24                memmove
 .text          0x00804f04       0x98 c:/altera/13.0/nios2eds/bin/gnu/h-i686-mingw32/bin/../lib/gcc/nios2-elf/4.1.2/../../../../nios2-elf/lib/mno-hw-mul\libc.a(lib_a-memset.o)
                0x00804f04                memset
 .text          0x00804f9c       0x80 c:/altera/13.0/nios2eds/bin/gnu/h-i686-mingw32/bin/../lib/gcc/nios2-elf/4.1.2/../../../../nios2-elf/lib/mno-hw-mul\libc.a(lib_a-perror.o)
                0x00804f9c                _perror_r
                0x00805008                perror
 .text          0x0080501c       0x78 c:/altera/13.0/nios2eds/bin/gnu/h-i686-mingw32/bin/../lib/gcc/nios2-elf/4.1.2/../../../../nios2-elf/lib/mno-hw-mul\libc.a(lib_a-printf.o)
                0x0080501c                printf
                0x00805060                _printf_r
 .text          0x00805094      0x1ec c:/altera/13.0/nios2eds/bin/gnu/h-i686-mingw32/bin/../lib/gcc/nios2-elf/4.1.2/../../../../nios2-elf/lib/mno-hw-mul\libc.a(lib_a-putc.o)
                0x00805094                putc
                0x00805198                _putc_r
 .text          0x00805280       0x24 c:/altera/13.0/nios2eds/bin/gnu/h-i686-mingw32/bin/../lib/gcc/nios2-elf/4.1.2/../../../../nios2-elf/lib/mno-hw-mul\libc.a(lib_a-putchar.o)
                0x00805280                putchar
                0x0080529c                _putchar_r
 .text          0x008052a4       0xb4 c:/altera/13.0/nios2eds/bin/gnu/h-i686-mingw32/bin/../lib/gcc/nios2-elf/4.1.2/../../../../nios2-elf/lib/mno-hw-mul\libc.a(lib_a-puts.o)
                0x008052a4                _puts_r
                0x00805344                puts
 .text          0x00805358       0x60 c:/altera/13.0/nios2eds/bin/gnu/h-i686-mingw32/bin/../lib/gcc/nios2-elf/4.1.2/../../../../nios2-elf/lib/mno-hw-mul\libc.a(lib_a-rget.o)
                0x00805358                __srget_r
                0x008053a4                __srget
 .text          0x008053b8       0xe0 c:/altera/13.0/nios2eds/bin/gnu/h-i686-mingw32/bin/../lib/gcc/nios2-elf/4.1.2/../../../../nios2-elf/lib/mno-hw-mul\libc.a(lib_a-strchr.o)
                0x008053b8                strchr
 .text          0x00805498      0x674 c:/altera/13.0/nios2eds/bin/gnu/h-i686-mingw32/bin/../lib/gcc/nios2-elf/4.1.2/../../../../nios2-elf/lib/mno-hw-mul\libc.a(lib_a-strerror.o)
                0x00805498                strerror
 .text          0x00805b0c       0x74 c:/altera/13.0/nios2eds/bin/gnu/h-i686-mingw32/bin/../lib/gcc/nios2-elf/4.1.2/../../../../nios2-elf/lib/mno-hw-mul\libc.a(lib_a-strlen.o)
                0x00805b0c                strlen
 .text          0x00805b80        0x8 c:/altera/13.0/nios2eds/bin/gnu/h-i686-mingw32/bin/../lib/gcc/nios2-elf/4.1.2/../../../../nios2-elf/lib/mno-hw-mul\libc.a(lib_a-u_strerr.o)
                0x00805b80                _user_strerror
 .text          0x00805b88     0x1f40 c:/altera/13.0/nios2eds/bin/gnu/h-i686-mingw32/bin/../lib/gcc/nios2-elf/4.1.2/../../../../nios2-elf/lib/mno-hw-mul\libc.a(lib_a-vfprintf.o)
                0x00805be0                ___vfprintf_internal_r
                0x00807aa4                __vfprintf_internal
 .text          0x00807ac8      0x14c c:/altera/13.0/nios2eds/bin/gnu/h-i686-mingw32/bin/../lib/gcc/nios2-elf/4.1.2/../../../../nios2-elf/lib/mno-hw-mul\libc.a(lib_a-wbuf.o)
                0x00807ac8                __swbuf_r
                0x00807bf8                __swbuf
 .text          0x00807c14      0x13c c:/altera/13.0/nios2eds/bin/gnu/h-i686-mingw32/bin/../lib/gcc/nios2-elf/4.1.2/../../../../nios2-elf/lib/mno-hw-mul\libc.a(lib_a-wsetup.o)
                0x00807c14                __swsetup_r
 .text          0x00807d50      0x1b4 c:/altera/13.0/nios2eds/bin/gnu/h-i686-mingw32/bin/../lib/gcc/nios2-elf/4.1.2/../../../../nios2-elf/lib/mno-hw-mul\libc.a(lib_a-__call_atexit.o)
                0x00807d54                __call_exitprocs
 .text          0x00807f04     0x17f8 c:/altera/13.0/nios2eds/bin/gnu/h-i686-mingw32/bin/../lib/gcc/nios2-elf/4.1.2/../../../../nios2-elf/lib/mno-hw-mul\libc.a(lib_a-dtoa.o)
                0x00808148                _dtoa_r
 .text          0x008096fc      0x230 c:/altera/13.0/nios2eds/bin/gnu/h-i686-mingw32/bin/../lib/gcc/nios2-elf/4.1.2/../../../../nios2-elf/lib/mno-hw-mul\libc.a(lib_a-fflush.o)
                0x008096fc                _fflush_r
                0x008098f8                fflush
 .text          0x0080992c      0x2f4 c:/altera/13.0/nios2eds/bin/gnu/h-i686-mingw32/bin/../lib/gcc/nios2-elf/4.1.2/../../../../nios2-elf/lib/mno-hw-mul\libc.a(lib_a-findfp.o)
                0x00809984                __sfp_lock_acquire
                0x00809988                __sfp_lock_release
                0x0080998c                __sinit_lock_acquire
                0x00809990                __sinit_lock_release
                0x00809994                __sinit
                0x00809a48                __fp_unlock_all
                0x00809a60                __fp_lock_all
                0x00809a78                _cleanup_r
                0x00809a84                _cleanup
                0x00809a94                __sfmoreglue
                0x00809b30                __sfp
 .text          0x00809c20       0xbc c:/altera/13.0/nios2eds/bin/gnu/h-i686-mingw32/bin/../lib/gcc/nios2-elf/4.1.2/../../../../nios2-elf/lib/mno-hw-mul\libc.a(lib_a-fputc.o)
                0x00809c20                fputc
                0x00809c84                _fputc_r
 .text          0x00809cdc       0x90 c:/altera/13.0/nios2eds/bin/gnu/h-i686-mingw32/bin/../lib/gcc/nios2-elf/4.1.2/../../../../nios2-elf/lib/mno-hw-mul\libc.a(lib_a-fputs.o)
                0x00809cdc                _fputs_r
                0x00809d50                fputs
 .text          0x00809d6c      0x440 c:/altera/13.0/nios2eds/bin/gnu/h-i686-mingw32/bin/../lib/gcc/nios2-elf/4.1.2/../../../../nios2-elf/lib/mno-hw-mul\libc.a(lib_a-freer.o)
                0x00809d6c                _malloc_trim_r
                0x00809e98                _free_r
 .text          0x0080a1ac      0x49c c:/altera/13.0/nios2eds/bin/gnu/h-i686-mingw32/bin/../lib/gcc/nios2-elf/4.1.2/../../../../nios2-elf/lib/mno-hw-mul\libc.a(lib_a-fvwrite.o)
                0x0080a1ac                __sfvwrite_r
 .text          0x0080a648      0x180 c:/altera/13.0/nios2eds/bin/gnu/h-i686-mingw32/bin/../lib/gcc/nios2-elf/4.1.2/../../../../nios2-elf/lib/mno-hw-mul\libc.a(lib_a-fwalk.o)
                0x0080a648                _fwalk_reent
                0x0080a710                _fwalk
 .text          0x0080a7c8       0xc4 c:/altera/13.0/nios2eds/bin/gnu/h-i686-mingw32/bin/../lib/gcc/nios2-elf/4.1.2/../../../../nios2-elf/lib/mno-hw-mul\libc.a(lib_a-locale.o)
                0x0080a7c8                __locale_charset
                0x0080a7d0                _localeconv_r
                0x0080a7dc                localeconv
                0x0080a7ec                _setlocale_r
                0x0080a870                setlocale
 .text          0x0080a88c      0x194 c:/altera/13.0/nios2eds/bin/gnu/h-i686-mingw32/bin/../lib/gcc/nios2-elf/4.1.2/../../../../nios2-elf/lib/mno-hw-mul\libc.a(lib_a-makebuf.o)
                0x0080a88c                __smakebuf_r
 .text          0x0080aa20      0x740 c:/altera/13.0/nios2eds/bin/gnu/h-i686-mingw32/bin/../lib/gcc/nios2-elf/4.1.2/../../../../nios2-elf/lib/mno-hw-mul\libc.a(lib_a-mallocr.o)
                0x0080aa20                _malloc_r
 .text          0x0080b160       0xe4 c:/altera/13.0/nios2eds/bin/gnu/h-i686-mingw32/bin/../lib/gcc/nios2-elf/4.1.2/../../../../nios2-elf/lib/mno-hw-mul\libc.a(lib_a-memchr.o)
                0x0080b160                memchr
 .text          0x0080b244     0x108c c:/altera/13.0/nios2eds/bin/gnu/h-i686-mingw32/bin/../lib/gcc/nios2-elf/4.1.2/../../../../nios2-elf/lib/mno-hw-mul\libc.a(lib_a-mprec.o)
                0x0080b244                _Bfree
                0x0080b26c                __hi0bits
                0x0080b2dc                __lo0bits
                0x0080b3a0                __mcmp
                0x0080b400                __ulp
                0x0080b480                __b2d
                0x0080b5a0                __ratio
                0x0080b650                _mprec_log10
                0x0080b6e4                __copybits
                0x0080b73c                __any_on
                0x0080b7c4                _Balloc
                0x0080b880                __d2b
                0x0080b9fc                __mdiff
                0x0080bb88                __lshift
                0x0080bcd4                __multiply
                0x0080bf28                __i2b
                0x0080bf64                __multadd
                0x0080c090                __pow5mult
                0x0080c1b0                __s2b
 .text          0x0080c2d0      0x5f4 c:/altera/13.0/nios2eds/bin/gnu/h-i686-mingw32/bin/../lib/gcc/nios2-elf/4.1.2/../../../../nios2-elf/lib/mno-hw-mul\libc.a(lib_a-reallocr.o)
                0x0080c2d0                _realloc_r
 .text          0x0080c8c4      0x1e0 c:/altera/13.0/nios2eds/bin/gnu/h-i686-mingw32/bin/../lib/gcc/nios2-elf/4.1.2/../../../../nios2-elf/lib/mno-hw-mul\libc.a(lib_a-refill.o)
                0x0080c8c4                __srefill_r
 .text          0x0080caa4       0x40 c:/altera/13.0/nios2eds/bin/gnu/h-i686-mingw32/bin/../lib/gcc/nios2-elf/4.1.2/../../../../nios2-elf/lib/mno-hw-mul\libc.a(lib_a-s_isinfd.o)
                0x0080caa4                __isinfd
 .text          0x0080cae4       0x30 c:/altera/13.0/nios2eds/bin/gnu/h-i686-mingw32/bin/../lib/gcc/nios2-elf/4.1.2/../../../../nios2-elf/lib/mno-hw-mul\libc.a(lib_a-s_isnand.o)
                0x0080cae4                __isnand
 .text          0x0080cb14       0x70 c:/altera/13.0/nios2eds/bin/gnu/h-i686-mingw32/bin/../lib/gcc/nios2-elf/4.1.2/../../../../nios2-elf/lib/mno-hw-mul\libc.a(lib_a-sbrkr.o)
                0x0080cb14                _sbrk_r
 .text          0x0080cb84      0x14c c:/altera/13.0/nios2eds/bin/gnu/h-i686-mingw32/bin/../lib/gcc/nios2-elf/4.1.2/../../../../nios2-elf/lib/mno-hw-mul\libc.a(lib_a-stdio.o)
                0x0080cb84                __sclose
                0x0080cb8c                __sseek
                0x0080cbf4                __swrite
                0x0080cc70                __sread
 .text          0x0080ccd0       0xbc c:/altera/13.0/nios2eds/bin/gnu/h-i686-mingw32/bin/../lib/gcc/nios2-elf/4.1.2/../../../../nios2-elf/lib/mno-hw-mul\libc.a(lib_a-strcmp.o)
                0x0080ccd0                strcmp
 .text          0x0080cd8c       0x78 c:/altera/13.0/nios2eds/bin/gnu/h-i686-mingw32/bin/../lib/gcc/nios2-elf/4.1.2/../../../../nios2-elf/lib/mno-hw-mul\libc.a(lib_a-writer.o)
                0x0080cd8c                _write_r
 .text          0x0080ce04       0xc8 c:/altera/13.0/nios2eds/bin/gnu/h-i686-mingw32/bin/../lib/gcc/nios2-elf/4.1.2/../../../../nios2-elf/lib/mno-hw-mul\libc.a(lib_a-callocr.o)
                0x0080ce04                _calloc_r
 .text          0x0080cecc       0x70 c:/altera/13.0/nios2eds/bin/gnu/h-i686-mingw32/bin/../lib/gcc/nios2-elf/4.1.2/../../../../nios2-elf/lib/mno-hw-mul\libc.a(lib_a-closer.o)
                0x0080cecc                _close_r
 .text          0x0080cf3c      0x124 c:/altera/13.0/nios2eds/bin/gnu/h-i686-mingw32/bin/../lib/gcc/nios2-elf/4.1.2/../../../../nios2-elf/lib/mno-hw-mul\libc.a(lib_a-fclose.o)
                0x0080cf3c                _fclose_r
                0x0080d04c                fclose
 .text          0x0080d060       0x74 c:/altera/13.0/nios2eds/bin/gnu/h-i686-mingw32/bin/../lib/gcc/nios2-elf/4.1.2/../../../../nios2-elf/lib/mno-hw-mul\libc.a(lib_a-fstatr.o)
                0x0080d060                _fstat_r
 .text          0x0080d0d4        0x0 c:/altera/13.0/nios2eds/bin/gnu/h-i686-mingw32/bin/../lib/gcc/nios2-elf/4.1.2/../../../../nios2-elf/lib/mno-hw-mul\libc.a(lib_a-int_errno.o)
 .text          0x0080d0d4       0x70 c:/altera/13.0/nios2eds/bin/gnu/h-i686-mingw32/bin/../lib/gcc/nios2-elf/4.1.2/../../../../nios2-elf/lib/mno-hw-mul\libc.a(lib_a-isattyr.o)
                0x0080d0d4                _isatty_r
 .text          0x0080d144       0x78 c:/altera/13.0/nios2eds/bin/gnu/h-i686-mingw32/bin/../lib/gcc/nios2-elf/4.1.2/../../../../nios2-elf/lib/mno-hw-mul\libc.a(lib_a-lseekr.o)
                0x0080d144                _lseek_r
 .text          0x0080d1bc       0x78 c:/altera/13.0/nios2eds/bin/gnu/h-i686-mingw32/bin/../lib/gcc/nios2-elf/4.1.2/../../../../nios2-elf/lib/mno-hw-mul\libc.a(lib_a-readr.o)
                0x0080d1bc                _read_r
 .text          0x0080d234      0x66c c:/altera/13.0/nios2eds/bin/gnu/h-i686-mingw32/bin/../lib/gcc/nios2-elf/4.1.2/mno-hw-mul\libgcc.a(_udivdi3.o)
                0x0080d234                __udivdi3
 .text          0x0080d8a0      0x660 c:/altera/13.0/nios2eds/bin/gnu/h-i686-mingw32/bin/../lib/gcc/nios2-elf/4.1.2/mno-hw-mul\libgcc.a(_umoddi3.o)
                0x0080d8a0                __umoddi3
 .text          0x0080df00      0x258 c:/altera/13.0/nios2eds/bin/gnu/h-i686-mingw32/bin/../lib/gcc/nios2-elf/4.1.2/mno-hw-mul\libgcc.a(_div_df.o)
                0x0080df00                __divdf3
 .text          0x0080e158       0x88 c:/altera/13.0/nios2eds/bin/gnu/h-i686-mingw32/bin/../lib/gcc/nios2-elf/4.1.2/mno-hw-mul\libgcc.a(_eq_df.o)
                0x0080e158                __eqdf2
 .text          0x0080e1e0       0x88 c:/altera/13.0/nios2eds/bin/gnu/h-i686-mingw32/bin/../lib/gcc/nios2-elf/4.1.2/mno-hw-mul\libgcc.a(_ne_df.o)
                0x0080e1e0                __nedf2
 .text          0x0080e268       0x88 c:/altera/13.0/nios2eds/bin/gnu/h-i686-mingw32/bin/../lib/gcc/nios2-elf/4.1.2/mno-hw-mul\libgcc.a(_gt_df.o)
                0x0080e268                __gtdf2
 .text          0x0080e2f0       0x88 c:/altera/13.0/nios2eds/bin/gnu/h-i686-mingw32/bin/../lib/gcc/nios2-elf/4.1.2/mno-hw-mul\libgcc.a(_lt_df.o)
                0x0080e2f0                __ltdf2
 .text          0x0080e378       0xf8 c:/altera/13.0/nios2eds/bin/gnu/h-i686-mingw32/bin/../lib/gcc/nios2-elf/4.1.2/mno-hw-mul\libgcc.a(_si_to_df.o)
                0x0080e378                __floatsidf
 .text          0x0080e470      0x14c c:/altera/13.0/nios2eds/bin/gnu/h-i686-mingw32/bin/../lib/gcc/nios2-elf/4.1.2/mno-hw-mul\libgcc.a(lib2-divmod.o)
                0x0080e4ec                __divsi3
                0x0080e54c                __modsi3
                0x0080e5ac                __udivsi3
                0x0080e5b4                __umodsi3
 .text          0x0080e5bc       0x6c ../socket_bsp/\libucosii_bsp.a(alt_exit.o)
                0x0080e5fc                _exit
 .text          0x0080e628       0xd0 ../socket_bsp/\libucosii_bsp.a(alt_flash_dev.o)
                0x0080e628                alt_flash_open_dev
                0x0080e6a4                alt_flash_close_dev
 .text          0x0080e6f8      0x138 ../socket_bsp/\libucosii_bsp.a(alt_fstat.o)
                0x0080e6f8                fstat
 .text          0x0080e830      0x1c0 ../socket_bsp/\libucosii_bsp.a(alt_irq_register.o)
                0x0080e830                alt_irq_register
 .text          0x0080e9f0        0x0 ../socket_bsp/\libucosii_bsp.a(alt_irq_vars.o)
 .text          0x0080e9f0      0x124 ../socket_bsp/\libucosii_bsp.a(alt_isatty.o)
                0x0080e9f0                isatty
 .text          0x0080eb14      0x154 ../socket_bsp/\libucosii_bsp.a(alt_lseek.o)
                0x0080eb14                lseek
 .text          0x0080ec68       0xc8 ../socket_bsp/\libucosii_bsp.a(alt_main.o)
                0x0080ec68                alt_main
 .text          0x0080ed30       0xbc ../socket_bsp/\libucosii_bsp.a(alt_sbrk.o)
                0x0080ed30                sbrk
 .text          0x0080edec      0x120 ../socket_bsp/\libucosii_bsp.a(alt_usleep.o)
                0x0080edec                usleep
 .text          0x0080ef0c      0x108 ../socket_bsp/\libucosii_bsp.a(alt_env_lock.o)
                0x0080ef0c                __env_lock
                0x0080efb8                __env_unlock
 .text          0x0080f014      0x1d8 ../socket_bsp/\libucosii_bsp.a(alt_malloc_lock.o)
                0x0080f014                __malloc_lock
                0x0080f11c                __malloc_unlock
 .text          0x0080f1ec     0x2128 ../socket_bsp/\libucosii_bsp.a(os_core.o)
                0x0080f1ec                OSEventNameGet
                0x0080f31c                OSEventNameSet
                0x0080f460                OSEventPendMulti
                0x0080fb14                OSInit
                0x0080fb68                OSIntEnter
                0x0080fbe4                OSIntExit
                0x0080fce4                OSSchedLock
                0x0080fd70                OSSchedUnlock
                0x0080fe54                OSStart
                0x0080fec4                OSStatInit
                0x0080ff70                OSTimeTick
                0x008101b0                OSVersion
                0x008101d0                OS_Dummy
                0x008101ec                OS_EventTaskRdy
                0x00810380                OS_EventTaskWait
                0x00810490                OS_EventTaskWaitMulti
                0x008105e4                OS_EventTaskRemove
                0x0081069c                OS_EventTaskRemoveMulti
                0x008107a0                OS_EventWaitListInit
                0x00810b6c                OS_MemClr
                0x00810bc0                OS_MemCopy
                0x00810c2c                OS_Sched
                0x00810d70                OS_StrCopy
                0x00810df0                OS_StrLen
                0x00810e48                OS_TaskIdle
                0x00810ea4                OS_TaskStat
                0x00810f6c                OS_TaskStatStkChk
                0x00811034                OS_TCBInit
 .text          0x00811314      0x18c ../socket_bsp/\libucosii_bsp.a(os_dbg.o)
                0x00811314                OSDebugInit
 .text          0x008114a0     0x193c ../socket_bsp/\libucosii_bsp.a(os_flag.o)
                0x008114a0                OSFlagAccept
                0x008117d4                OSFlagCreate
                0x00811910                OSFlagDel
                0x00811bb8                OSFlagNameGet
                0x00811cfc                OSFlagNameSet
                0x00811e50                OSFlagPend
                0x00812494                OSFlagPendGetFlagsRdy
                0x008124fc                OSFlagPost
                0x008128a4                OSFlagQuery
                0x00812b3c                OS_FlagInit
                0x00812d30                OS_FlagUnlink
 .text          0x00812ddc      0x80c ../socket_bsp/\libucosii_bsp.a(os_mem.o)
                0x00812ddc                OSMemCreate
                0x00812ff8                OSMemGet
                0x008130fc                OSMemNameGet
                0x00813208                OSMemNameSet
                0x00813328                OSMemPut
                0x00813418                OSMemQuery
                0x00813514                OS_MemInit
 .text          0x008135e8     0x1334 ../socket_bsp/\libucosii_bsp.a(os_q.o)
                0x008135e8                OSQAccept
                0x0081373c                OSQCreate
                0x00813950                OSQDel
                0x00813c50                OSQFlush
                0x00813d18                OSQPend
                0x00814038                OSQPendAbort
                0x008141b4                OSQPost
                0x00814334                OSQPostFront
                0x008144bc                OSQPostOpt
                0x008146f0                OSQQuery
                0x00814870                OS_QInit
 .text          0x0081491c      0xbc8 ../socket_bsp/\libucosii_bsp.a(os_sem.o)
                0x0081491c                OSSemAccept
                0x008149dc                OSSemCreate
                0x00814af0                OSSemDel
                0x00814d90                OSSemPend
                0x0081500c                OSSemPendAbort
                0x00815188                OSSemPost
                0x008152b0                OSSemQuery
                0x008153e0                OSSemSet
 .text          0x008154e4     0x1a40 ../socket_bsp/\libucosii_bsp.a(os_task.o)
                0x008154e4                OSTaskChangePrio
                0x00815a58                OSTaskCreate
                0x00815c2c                OSTaskCreateExt
                0x00815e2c                OSTaskDel
                0x00816238                OSTaskDelReq
                0x008163a8                OSTaskNameGet
                0x00816560                OSTaskNameSet
                0x00816724                OSTaskResume
                0x0081693c                OSTaskStkChk
                0x00816b38                OSTaskSuspend
                0x00816d64                OSTaskQuery
                0x00816ea8                OS_TaskStkClr
 .text          0x00816f24      0x67c ../socket_bsp/\libucosii_bsp.a(os_time.o)
                0x00816f24                OSTimeDly
                0x00817070                OSTimeDlyHMSM
                0x008172c8                OSTimeDlyResume
                0x008174d8                OSTimeGet
                0x0081753c                OSTimeSet
 .text          0x008175a0       0xe0 ../socket_bsp/\libucosii_bsp.a(alt_sys_init.o)
                0x008175a0                alt_irq_init
                0x008175d4                alt_sys_init
 .text          0x00817680      0x8c8 ../socket_bsp/\libucosii_bsp.a(altera_avalon_cfi_flash.o)
                0x00817680                alt_flash_cfi_init
                0x00817754                alt_flash_cfi_write
                0x00817a14                alt_flash_cfi_get_info
                0x00817aa4                alt_flash_cfi_read
                0x00817b0c                alt_write_value_to_flash
                0x00817c70                alt_flash_program_block
 .text          0x00817f48     0x14b4 ../socket_bsp/\libucosii_bsp.a(altera_avalon_cfi_flash_table.o)
                0x00817f48                alt_read_query_entry_8bit
                0x00817f88                alt_read_query_entry_16bit
                0x00817fcc                alt_read_query_entry_32bit
                0x00818014                alt_write_flash_command_8bit_device_8bit_mode
                0x00818050                alt_write_flash_command_16bit_device_8bit_mode
                0x008180cc                alt_write_flash_command_32bit_device_8bit_mode
                0x00818114                alt_write_flash_command_16bit_device_16bit_mode
                0x00818158                alt_write_flash_command_32bit_device_16bit_mode
                0x008181a0                alt_write_flash_command_32bit_device_32bit_mode
                0x008181e8                alt_write_native_8bit
                0x0081821c                alt_write_native_16bit
                0x00818250                alt_write_native_32bit
                0x00818280                alt_set_flash_width_func
                0x00818460                alt_set_flash_algorithm_func
                0x00818588                alt_read_cfi_table
                0x00818b74                alt_read_cfi_width
                0x00819320                alt_check_primary_table
 .text          0x008193fc      0x9e4 ../socket_bsp/\libucosii_bsp.a(altera_avalon_epcs_flash_controller.o)
                0x008193fc                alt_epcs_flash_init
                0x00819818                alt_epcs_flash_write
                0x00819a98                alt_epcs_flash_get_info
                0x00819b28                alt_epcs_flash_erase_block
                0x00819c2c                alt_epcs_flash_write_block
                0x00819d48                alt_epcs_flash_read
 .text          0x00819de0      0x148 ../socket_bsp/\libucosii_bsp.a(altera_avalon_jtag_uart_fd.o)
                0x00819de0                altera_avalon_jtag_uart_read_fd
                0x00819e38                altera_avalon_jtag_uart_write_fd
                0x00819e90                altera_avalon_jtag_uart_close_fd
                0x00819ed8                altera_avalon_jtag_uart_ioctl_fd
 .text          0x00819f28      0x584 ../socket_bsp/\libucosii_bsp.a(altera_avalon_jtag_uart_init.o)
                0x00819f28                altera_avalon_jtag_uart_init
                0x0081a438                altera_avalon_jtag_uart_close
 .text          0x0081a4ac       0xf4 ../socket_bsp/\libucosii_bsp.a(altera_avalon_jtag_uart_ioctl.o)
                0x0081a4ac                altera_avalon_jtag_uart_ioctl
 .text          0x0081a5a0      0x2c0 ../socket_bsp/\libucosii_bsp.a(altera_avalon_jtag_uart_read.o)
                0x0081a5a0                altera_avalon_jtag_uart_read
 .text          0x0081a860      0x2dc ../socket_bsp/\libucosii_bsp.a(altera_avalon_jtag_uart_write.o)
                0x0081a860                altera_avalon_jtag_uart_write
 .text          0x0081ab3c      0x100 ../socket_bsp/\libucosii_bsp.a(altera_avalon_timer_sc.o)
                0x0081abac                alt_avalon_timer_sc_init
 .text          0x0081ac3c      0x6d4 ../socket_bsp/\libucosii_bsp.a(epcs_commands.o)
                0x0081ac3c                epcs_read_status_register
                0x0081ac9c                epcs_sector_erase
                0x0081ae04                epcs_read_buffer
                0x0081af50                epcs_write_enable
                0x0081afa0                epcs_write_status_register
                0x0081b004                epcs_write_buffer
                0x0081b174                epcs_read_electronic_signature
                0x0081b1e0                epcs_read_device_id
                0x0081b260                epcs_enter_4_bytes_mode
                0x0081b2b8                epcs_exit_4_bytes_mode
 .text          0x0081b310       0x54 ../socket_bsp/\libucosii_bsp.a(alt_iniche_close.o)
                0x0081b310                close
 .text          0x0081b364      0x144 ../socket_bsp/\libucosii_bsp.a(alt_iniche_dev.o)
                0x0081b364                iniche_devices_init
 .text          0x0081b4a8       0x78 ../socket_bsp/\libucosii_bsp.a(alt_iniche_read.o)
                0x0081b4a8                read
 .text          0x0081b520       0x70 ../socket_bsp/\libucosii_bsp.a(alt_iniche_write.o)
                0x0081b520                write
 .text          0x0081b590      0xedc ../socket_bsp/\libucosii_bsp.a(ipnet.o)
                0x0081b590                Netinit
                0x0081bbdc                fixup_subnet_mask
                0x0081bd3c                netclose
                0x0081be24                pktdemux
                0x0081c1f8                c_older
                0x0081c2c8                ip2mac
 .text          0x0081c46c      0x4bc ../socket_bsp/\libucosii_bsp.a(ipstart.o)
                0x0081c46c                ip_startup
                0x0081c75c                exit_hook
                0x0081c7c8                ip_exit
                0x0081c898                if_netnumber
 .text          0x0081c928     0x10e8 ../socket_bsp/\libucosii_bsp.a(igmp_cmn.o)
                0x0081c928                igmp_init
                0x0081ca18                igmp_input
                0x0081cb10                igmp_fasttimo
                0x0081cd44                igmp_send
                0x0081cfec                igmp_joingroup
                0x0081d258                igmp_leavegroup
                0x0081d2d4                igmp_validate
                0x0081d630                igmp_print_stats
 .text          0x0081da10      0xbd8 ../socket_bsp/\libucosii_bsp.a(bsdsock.o)
                0x0081da10                bsd_accept
                0x0081db48                bsd_getpeername
                0x0081dc74                bsd_getsockname
                0x0081dda0                bsd_i_sockoptlen
                0x0081df58                bsd_getsockopt
                0x0081e078                bsd_ioctl
                0x0081e17c                bsd_inet_ntoa
                0x0081e1ac                bsd_recvfrom
                0x0081e30c                bsd_select
                0x0081e4fc                bsd_setsockopt
 .text          0x0081e5e8      0x118 ../socket_bsp/\libucosii_bsp.a(cksum.o)
                0x0081e5e8                ccksum
                0x0081e698                cksum
 .text          0x0081e700      0xa9c ../socket_bsp/\libucosii_bsp.a(in_utils.o)
                0x0081e700                do_trap
                0x0081e72c                nextarg
                0x0081e7a8                hexdump
                0x0081e8f0                print_ipad
                0x0081e964                print_uptime
                0x0081ea90                panic
                0x0081ead4                print_eth
                0x0081ec38                uslash
                0x0081ecb8                ns_printf
                0x0081ee3c                std_out
                0x0081ee80                con_page
                0x0081ef70                parse_args
 .text          0x0081f19c      0x1d0 ../socket_bsp/\libucosii_bsp.a(netmain.o)
                0x0081f19c                netmain
                0x0081f298                tk_netmain
                0x0081f320                tk_nettick
 .text          0x0081f36c      0x81c ../socket_bsp/\libucosii_bsp.a(parseip.o)
                0x0081f36c                parse_ipad
                0x0081f688                inet_addr
                0x0081f6f0                hextoa
                0x0081f760                inet_pton
                0x0081f80c                inet_ntop
                0x0081f898                print46_addr
                0x0081f8f8                inet46_addr
                0x0081f9bc                inet_setport
                0x0081fa30                convert_ip
 .text          0x0081fb88      0x62c ../socket_bsp/\libucosii_bsp.a(tk_crnos.o)
                0x0081fb88                TK_OSTimeDly
                0x0081fbb4                TK_OSTaskResume
                0x0081fc24                tcp_sleep
                0x0081fdec                tcp_wakeup
                0x0081ff0c                TK_OSTaskQuery
                0x0081ff80                tk_yield
                0x0081ffac                tk_stats
 .text          0x008201b4     0x3598 ../socket_bsp/\libucosii_bsp.a(dhcpclnt.o)
                0x008201b4                dhc_get_srv_ipaddr
                0x00820244                dhc_init
                0x00820310                dhc_set_callback
                0x00820368                dhc_upcall
                0x00820c28                dhc_buildheader
                0x00820e58                dhc_discover
                0x008213a8                dhc_rx_offer
                0x008214c4                dhc_request
                0x008220b8                dhc_setip
                0x00822358                dhc_resetip
                0x0082243c                dhc_decline
                0x00822620                dhc_extract_opts
                0x00822908                dhc_second
                0x00823250                dhc_halt
                0x008232e8                dhc_reclaim
                0x008234e8                dhc_state_init
                0x00823548                dhc_alldone
                0x008235f0                dhc_ifacedone
                0x0082367c                dhc_set_state
 .text          0x0082374c       0xcc ../socket_bsp/\libucosii_bsp.a(dhcputil.o)
                0x0082374c                find_opt
 .text          0x00823818      0x79c ../socket_bsp/\libucosii_bsp.a(pktalloc.o)
                0x00823818                pk_init
                0x00823aa8                pk_alloc
                0x00823b84                pk_validate
                0x00823e3c                pk_free
                0x00823ee8                pk_get_max_intrsafe_buf_len
                0x00823f08                dump_buf_estats
 .text          0x00823fb4      0x288 ../socket_bsp/\libucosii_bsp.a(q.o)
                0x00823fb4                getq
                0x0082407c                putq
                0x0082412c                qdel
 .text          0x0082423c      0x31c ../socket_bsp/\libucosii_bsp.a(udp_open.o)
                0x0082423c                udp_open
                0x00824474                udp_close
 .text          0x00824558      0x194 ../socket_bsp/\libucosii_bsp.a(asm_cksum.o)
                0x00824558                asm_cksum
 .text          0x008246ec      0x2e4 ../socket_bsp/\libucosii_bsp.a(brdutils.o)
                0x008246ec                dtrap
                0x0082471c                kbhit
                0x008247c8                getch
                0x00824828                clock_init
                0x00824864                clock_c
                0x00824880                cticks_hook
                0x00824930                irq_Mask
                0x0082498c                irq_Unmask
 .text          0x008249d0      0x488 ../socket_bsp/\libucosii_bsp.a(osportco.o)
                0x008249d0                LOCK_NET_RESOURCE
                0x00824a90                UNLOCK_NET_RESOURCE
                0x00824b18                TK_NEWTASK
                0x00824d2c                wait_app_sem
                0x00824de0                post_app_sem
 .text          0x00824e58      0x58c ../socket_bsp/\libucosii_bsp.a(targnios.o)
                0x00824e58                alt_iniche_init
                0x00825098                pre_task_setup
                0x0082510c                post_task_setup
                0x0082512c                prep_armintcp
                0x00825164                calloc2
                0x00825198                npalloc
                0x0082528c                npfree
                0x00825344                ncpalloc
                0x00825398                ncpfree
 .text          0x008253e4     0x19b8 ../socket_bsp/\libucosii_bsp.a(nptcp.o)
                0x008253e4                pffindtype
                0x00825484                pffindproto
                0x00825554                m_getnbuf
                0x008256fc                m_free
                0x00825830                m_freem
                0x00825874                m_copy
                0x00825b98                m_adj
                0x00825d68                mbuf_len
                0x00825dc0                dtom
                0x00825e68                remque
                0x00825ed8                insque
                0x00825f54                nptcp_init
                0x00826078                tcp_rcv
                0x00826264                ip_output
                0x0082685c                in_broadcast
                0x0082689c                np_stripoptions
                0x00826984                so_icmpdu
                0x00826cdc                tcp_tick
 .text          0x00826d9c      0xa2c ../socket_bsp/\libucosii_bsp.a(rawsock.o)
                0x00826d9c                rawip_lookup
                0x00826e0c                rawip_soinput
                0x00826fe0                rawip_usrreq
 .text          0x008277c8     0x17fc ../socket_bsp/\libucosii_bsp.a(sockcall.o)
                0x008277c8                DOMAIN_CHECK
                0x00827814                t_socket
                0x008278a4                t_bind
                0x00827a20                t_listen
                0x00827b04                t_accept
                0x00827d9c                t_connect
                0x00828044                t_getpeername
                0x00828088                t_getsockname
                0x008282c8                t_setsockopt
                0x008284a4                t_getsockopt
                0x00828648                t_recv
                0x00828738                t_recvfrom
                0x00828888                t_sendto
                0x00828ab4                t_send
                0x00828cdc                t_shutdown
                0x00828dc0                t_socketclose
                0x00828f28                t_errno
 .text          0x00828fc4     0x23ec ../socket_bsp/\libucosii_bsp.a(socket.o)
                0x00828fc4                socreate
                0x00829190                sobind
                0x008291ec                solisten
                0x008292dc                sofree
                0x0082940c                soclose
                0x00829778                soabort
                0x008297c8                soaccept
                0x00829864                soconnect
                0x00829938                sodisconnect
                0x008299d8                sosend
                0x00829fe0                soreceive
                0x0082a7c4                soshutdown
                0x0082a86c                sorflush
                0x0082a96c                sosetopt
                0x0082ae2c                sogetopt
                0x0082b36c                sohasoutofband
 .text          0x0082b3b0     0x12f8 ../socket_bsp/\libucosii_bsp.a(socket2.o)
                0x0082b3b0                soisconnecting
                0x0082b41c                soisconnected
                0x0082b518                soisdisconnecting
                0x0082b5a4                soisdisconnected
                0x0082b660                sonewconn
                0x0082b87c                soqinsque
                0x0082b928                soqremque
                0x0082ba48                socantsendmore
                0x0082ba98                socantrcvmore
                0x0082bae8                sbselqueue
                0x0082bb20                sbwait
                0x0082bb88                sbwakeup
                0x0082bc24                soreserve
                0x0082bca4                sbreserve
                0x0082bd04                sbrelease
                0x0082bd4c                sbappend
                0x0082bdf4                sbappendrecord
                0x0082bed4                sbappendaddr
                0x0082c0bc                sbcompress
                0x0082c2a4                sbflush
                0x0082c334                sbdrop
                0x0082c504                sbdropend
                0x0082c614                sbdroprecord
 .text          0x0082c6a8      0x91c ../socket_bsp/\libucosii_bsp.a(soselect.o)
                0x0082c6a8                t_select
                0x0082c8c8                sock_selscan
                0x0082ca28                sock_select
                0x0082cc3c                in_pcbnotify
                0x0082cd08                tcp_notify
                0x0082cd70                ifd_clr
                0x0082ce60                ifd_set
                0x0082ced4                ifd_isset
                0x0082cf54                ifd_get
 .text          0x0082cfc4     0x3028 ../socket_bsp/\libucosii_bsp.a(tcp_in.o)
                0x0082cfc4                tcp_reass
                0x0082d3cc                tcp_input
                0x0082f928                tcp_dooptions
                0x0082fab8                tcp_pulloutofband
                0x0082fbe4                tcp_xmit_timer
                0x0082fe88                ip4_tcpmss
                0x0082fed0                tcp_mss
 .text          0x0082ffec     0x1370 ../socket_bsp/\libucosii_bsp.a(tcp_out.o)
                0x0082ffec                tcp_output
                0x00831178                tcp_setpersist
 .text          0x0083135c      0x9e8 ../socket_bsp/\libucosii_bsp.a(tcp_subr.o)
                0x0083135c                tcp_init
                0x008313b4                tcp_template
                0x008314cc                tcp_respond
                0x00831954                tcp_newtcpcb
                0x00831a6c                tcp_drop
                0x00831b18                tcp_close
                0x00831c00                tcp_quench
                0x00831c4c                tcp_putseq
                0x00831ccc                tcp_getseq
 .text          0x00831d44      0x798 ../socket_bsp/\libucosii_bsp.a(tcp_timr.o)
                0x00831d44                tcp_slowtimo
                0x00831fe4                tcp_canceltimers
                0x00832040                tcp_timers
 .text          0x008324dc      0x9ec ../socket_bsp/\libucosii_bsp.a(tcp_usr.o)
                0x008324dc                tcp_usrreq
                0x00832be0                tcp_attach
                0x00832d14                tcp_disconnect
                0x00832de8                tcp_usrclosed
 .text          0x00832ec8       0x4c ../socket_bsp/\libucosii_bsp.a(tcpport.o)
                0x00832ec8                tcpinit
 .text          0x00832f14      0xd20 ../socket_bsp/\libucosii_bsp.a(udpsock.o)
                0x00832f14                udp_lookup
                0x00832f84                udp_soinput
                0x0083313c                udp_usrreq
                0x008333c0                udp4_sockbind
                0x008336fc                udp4_socksend
                0x00833ad8                udp4_sockaddr
 .text          0x00833c34      0x154 ../socket_bsp/\libucosii_bsp.a(alt_alarm_start.o)
                0x00833c34                alt_alarm_start
 .text          0x00833d88      0x15c ../socket_bsp/\libucosii_bsp.a(alt_busy_sleep.o)
                0x00833d88                alt_busy_sleep
 .text          0x00833ee4      0x160 ../socket_bsp/\libucosii_bsp.a(alt_close.o)
                0x00833ee4                alt_close
 .text          0x00834044       0x24 ../socket_bsp/\libucosii_bsp.a(alt_dcache_flush.o)
                0x00834044                alt_dcache_flush
 .text          0x00834068       0x2c ../socket_bsp/\libucosii_bsp.a(alt_dev.o)
 .text          0x00834094      0x114 ../socket_bsp/\libucosii_bsp.a(alt_dev_llist_insert.o)
                0x00834094                alt_dev_llist_insert
 .text          0x008341a8       0x64 ../socket_bsp/\libucosii_bsp.a(alt_do_ctors.o)
                0x008341a8                _do_ctors
 .text          0x0083420c       0x64 ../socket_bsp/\libucosii_bsp.a(alt_do_dtors.o)
                0x0083420c                _do_dtors
 .text          0x00834270        0x0 ../socket_bsp/\libucosii_bsp.a(alt_errno.o)
 .text          0x00834270       0x94 ../socket_bsp/\libucosii_bsp.a(alt_find_dev.o)
                0x00834270                alt_find_dev
 .text          0x00834304      0x1d4 ../socket_bsp/\libucosii_bsp.a(alt_iic.o)
                0x00834304                alt_ic_isr_register
                0x00834354                alt_ic_irq_enable
                0x008343f0                alt_ic_irq_disable
                0x00834490                alt_ic_irq_enabled
 .text          0x008344d8       0xf8 ../socket_bsp/\libucosii_bsp.a(alt_iic_isr_register.o)
                0x008344d8                alt_iic_isr_register
 .text          0x008345d0      0x150 ../socket_bsp/\libucosii_bsp.a(alt_io_redirect.o)
                0x008346a8                alt_io_redirect
 .text          0x00834720        0x0 ../socket_bsp/\libucosii_bsp.a(alt_irq_entry.o)
 .text          0x00834720        0x0 ../socket_bsp/\libucosii_bsp.a(alt_irq_handler.o)
 .text          0x00834720      0x2e4 ../socket_bsp/\libucosii_bsp.a(alt_open.o)
                0x00834818                open
 .text          0x00834a04      0x184 ../socket_bsp/\libucosii_bsp.a(alt_read.o)
                0x00834a04                alt_read
 .text          0x00834b88       0x78 ../socket_bsp/\libucosii_bsp.a(alt_release_fd.o)
                0x00834b88                alt_release_fd
 .text          0x00834c00       0x38 ../socket_bsp/\libucosii_bsp.a(alt_remap_cached.o)
                0x00834c00                alt_remap_cached
 .text          0x00834c38       0x40 ../socket_bsp/\libucosii_bsp.a(alt_remap_uncached.o)
                0x00834c38                alt_remap_uncached
 .text          0x00834c78      0x1a8 ../socket_bsp/\libucosii_bsp.a(alt_tick.o)
                0x00834c78                alt_alarm_stop
                0x00834d10                alt_tick
 .text          0x00834e20      0x184 ../socket_bsp/\libucosii_bsp.a(alt_write.o)
                0x00834e20                alt_write
 .text          0x00834fa4       0x20 ../socket_bsp/\libucosii_bsp.a(altera_nios2_qsys_irq.o)
                0x00834fa4                altera_nios2_qsys_irq_init
 .text          0x00834fc4       0xd0 ../socket_bsp/\libucosii_bsp.a(os_cpu_a.o)
                0x00834fc4                OSCtxSw
                0x00834fc4                OSIntCtxSw
                0x00835050                OSStartHighRdy
                0x00835070                OSStartTsk
 .text          0x00835094      0x424 ../socket_bsp/\libucosii_bsp.a(os_cpu_c.o)
                0x00835094                OSTaskStkInit
                0x008353a4                OSTaskCreateHook
                0x008353c4                OSTaskDelHook
                0x008353e4                OSTaskSwHook
                0x00835400                OSTaskStatHook
                0x0083541c                OSTimeTickHook
                0x00835444                OSInitHookBegin
                0x00835460                OSInitHookEnd
                0x0083547c                OSTaskIdleHook
                0x00835498                OSTCBInitHook
 .text          0x008354b8      0x464 ../socket_bsp/\libucosii_bsp.a(altera_avalon_cfi_flash_amd.o)
                0x008354b8                alt_program_amd
                0x00835520                alt_erase_block_amd
 .text          0x0083591c      0x464 ../socket_bsp/\libucosii_bsp.a(altera_avalon_cfi_flash_intel.o)
                0x0083591c                alt_program_intel
                0x008359a0                alt_erase_block_intel
 .text          0x00835d80      0x238 ../socket_bsp/\libucosii_bsp.a(altera_avalon_spi.o)
                0x00835d80                alt_avalon_spi_command
 .text          0x00835fb8      0x444 ../socket_bsp/\libucosii_bsp.a(allports.o)
                0x00835fb8                netmain_init
                0x008360b4                icmp_port_du
                0x0083613c                station_state
                0x008362a0                sysuptime
                0x00836334                packet_check
                0x00836380                mcastlist
                0x008363a4                prep_modules
 .text          0x008363fc      0x608 ../socket_bsp/\libucosii_bsp.a(timeouts.o)
                0x008363fc                inet_timer
                0x0083673c                in_timerset
                0x0083694c                in_timerkill
 .text          0x00836a04       0xa4 ../socket_bsp/\libucosii_bsp.a(tk_misc.o)
                0x00836a04                create_apptasks
                0x00836a28                task_stats
 .text          0x00836aa8       0xb0 ../socket_bsp/\libucosii_bsp.a(alt_iniche_fcntl.o)
                0x00836aa8                fcntl
 .text          0x00836b58     0x15b0 ../socket_bsp/\libucosii_bsp.a(et_arp.o)
                0x00836b58                etainit
                0x00836bac                et_send
                0x00836d28                arp_free_pending
                0x00836db0                arp_send_pending
                0x00836e24                send_arp
                0x008372bc                find_oldest_arp
                0x008374b8                make_arp_entry
                0x008375cc                arpReply
                0x00837860                arprcv
                0x00837ac0                send_via_arp
                0x00837c90                cb_arpent_tmo
                0x00837e3c                grat_arp
 .text          0x00838108      0x298 ../socket_bsp/\libucosii_bsp.a(iface.o)
                0x00838108                if_getbynum
                0x0083818c                isbcast
                0x0083826c                reg_type
                0x00838308                if_killsocks
 .text          0x008383a0     0x22c8 ../socket_bsp/\libucosii_bsp.a(ip.o)
                0x008383a0                ip_init
                0x008384b0                ip_bldhead
                0x00838654                ip_write_internal
                0x00838dd4                ip_write
                0x0083901c                ip_write2
                0x008393cc                ip_raw_write
                0x008394a4                ip_fragment_lc
                0x0083992c                ip_fragment
                0x00839f60                ip_mymach
                0x0083a00c                ip_dump
                0x0083a2c4                iproute
                0x0083a530                ip_copypkt
 .text          0x0083a668     0x1e08 ../socket_bsp/\libucosii_bsp.a(ip_reasm.o)
                0x0083a668                ip_reasm_match_frag_with_ire
                0x0083a738                ip_reasm_determine_type_of_frag
                0x0083a824                ip_reasm_check_mem_useage
                0x0083a8bc                ip_reasm_incr_mem_useage
                0x0083a964                ip_reasm_decr_mem_useage
                0x0083aa04                ip_reasm_process_first_fragment
                0x0083ace4                ip_reassm
                0x0083ad84                ip_reasm_compute_overlap
                0x0083b314                ip_reasm_process_subsequent_fragments
                0x0083b8a8                ip_reasm_find_ire
                0x0083b90c                ip_reasm_copy_queued_fragments_into_reassy_buffer
                0x0083bc68                ip_reasm_process_timer_tick
                0x0083bd88                ip_reasm_delete_ire
                0x0083bf50                ip_reasm_mark_compact_rfq
                0x0083c098                ipr_stats
                0x0083c41c                ip_reasm_send_icmp_timex
 .text          0x0083c470      0xe3c ../socket_bsp/\libucosii_bsp.a(ipdemux.o)
                0x0083c470                ip_rcv
                0x0083c870                ip_rcv_phase2
                0x0083ce7c                ip_demux
 .text          0x0083d2ac      0x2f0 ../socket_bsp/\libucosii_bsp.a(ipmc.o)
                0x0083d2ac                in_addmulti
                0x0083d414                in_delmulti
                0x0083d52c                lookup_mcast
 .text          0x0083d59c       0xe4 ../socket_bsp/\libucosii_bsp.a(ipport.o)
                0x0083d59c                prep_ifaces
                0x0083d630                netexit
                0x0083d658                evtmap_setup
 .text          0x0083d680      0x550 ../socket_bsp/\libucosii_bsp.a(ipraw.o)
                0x0083d680                ip_raw_open
                0x0083d770                ip_raw_close
                0x0083d830                ip_raw_input
                0x0083da68                ip_raw_alloc
                0x0083db34                ip_raw_free
                0x0083db74                ip_raw_maxalloc
 .text          0x0083dbd0      0x704 ../socket_bsp/\libucosii_bsp.a(iproute.o)
                0x0083dbd0                rt_lookup
                0x0083dd60                add_route
                0x0083e18c                del_route
 .text          0x0083e2d4      0xe3c ../socket_bsp/\libucosii_bsp.a(udp.o)
                0x0083e2d4                udpdemux
                0x0083eb2c                udp_send
                0x0083ede4                udpswap
                0x0083ef14                udp_socket
                0x0083efe4                udp_alloc
                0x0083f0a4                udp_maxalloc
                0x0083f0d0                udp_free
 .text          0x0083f110      0x2e8 ../socket_bsp/\libucosii_bsp.a(igmp.o)
                0x0083f110                igmpv1_input
 .text          0x0083f3f8      0x7c0 ../socket_bsp/\libucosii_bsp.a(igmp2.o)
                0x0083f3f8                igmpv2_input
                0x0083f558                igmpv2_process_report
                0x0083f6a4                igmpv2_process_query
                0x0083f8f0                igmpv2_chk_set_timer
                0x0083fa48                igmpv2_chk4_rtr_alert_opt
 .text          0x0083fbb8      0x8fc ../socket_bsp/\libucosii_bsp.a(ipopt.o)
                0x0083fbb8                IPADDR_TO_NETP
                0x0083fd00                ip_setmoptions
                0x008402f0                ip_getmoptions
                0x00840430                ip_freemoptions
 .text          0x008404b4      0x6e8 ../socket_bsp/\libucosii_bsp.a(u_mctest.o)
                0x008404b4                u_mctest_init
                0x008404e4                u_mctest_run
 .text          0x00840b9c      0x3dc ../socket_bsp/\libucosii_bsp.a(dhcsetup.o)
                0x00840b9c                dhc_setup
                0x00840e74                dhc_main_ipset
 .text          0x00840f78      0x41c ../socket_bsp/\libucosii_bsp.a(memdev.o)
                0x00840f78                init_memdev
                0x00840ff0                md_fopen
                0x00841018                md_fclose
                0x00841038                md_fread
                0x008411b8                md_fwrite
                0x00841248                md_fseek
                0x00841274                md_ftell
                0x00841298                md_fgetc
                0x00841370                md_unlink
 .text          0x00841394      0x1cc ../socket_bsp/\libucosii_bsp.a(tcpcksum.o)
                0x00841394                tcp_cksum
 .text          0x00841560      0x900 ../socket_bsp/\libucosii_bsp.a(in_pcb.o)
                0x00841560                in_pcballoc
                0x008415f4                in_pcbdetach
                0x00841648                in_pcbbind
                0x0084189c                in_pcbconnect
                0x00841aac                in_pcbdisconnect
                0x00841b0c                in_setsockaddr
                0x00841b88                in_setpeeraddr
                0x00841c04                in_pcblookup
 .text          0x00841e60     0x1a74 ../socket_bsp/\libucosii_bsp.a(vfsfiles.o)
                0x00841e60                set_vfopen_error
                0x00841e88                get_vfopen_error
                0x00841ea8                vf_alloc_and_link_vop
                0x00841f24                vf_alloc_buffer
                0x00841ffc                vf_free_buffer
                0x0084204c                vfopen_locked
                0x008423b4                vfopen
                0x00842404                vfclose_locked
                0x008425ac                vfclose
                0x008425ec                vfflush
                0x00842634                vfgets
                0x00842718                vfeof
                0x00842770                vunlink_flag_open_files
                0x008427cc                vunlink
                0x008429ec                vfread
                0x00842b98                vfwrite_locked
                0x00842f80                vfwrite
                0x00842fe0                vfseek
                0x0084315c                vftell
                0x00843290                vgetc_locked
                0x008433b0                vgetc
                0x008433f8                vfslookup_locked
                0x00843530                vfslookup
                0x00843578                strippath
                0x00843760                isvfile_locked
                0x008437c4                isvfile
                0x0084380c                vferror
                0x00843878                vclearerr
 .text          0x008438d4       0x24 ../socket_bsp/\libucosii_bsp.a(vfsport.o)
                0x008438d4                prep_vfs
 .text          0x008438f8        0x0 ../socket_bsp/\libucosii_bsp.a(alt_exception_entry.o)
 .text          0x008438f8      0x1b8 ../socket_bsp/\libucosii_bsp.a(alt_fcntl.o)
                0x008438f8                alt_fcntl
 .text          0x00843ab0      0x120 ../socket_bsp/\libucosii_bsp.a(alt_find_file.o)
                0x00843ab0                alt_find_file
 .text          0x00843bd0      0x104 ../socket_bsp/\libucosii_bsp.a(alt_get_fd.o)
                0x00843bd0                alt_get_fd
 .text          0x00843cd4     0x130c ../socket_bsp/\libucosii_bsp.a(icmp.o)
                0x00843cd4                icmprcv
                0x00844908                icmp_destun
                0x00844c58                icmp_timex
                0x00844f8c                icmp_du
 .text          0x00844fe0       0x14 c:/altera/13.0/nios2eds/bin/gnu/h-i686-mingw32/bin/../lib/gcc/nios2-elf/4.1.2/../../../../nios2-elf/lib/mno-hw-mul\libc.a(lib_a-atexit.o)
                0x00844fe0                atexit
 .text          0x00844ff4       0x18 c:/altera/13.0/nios2eds/bin/gnu/h-i686-mingw32/bin/../lib/gcc/nios2-elf/4.1.2/../../../../nios2-elf/lib/mno-hw-mul\libc.a(lib_a-atoi.o)
                0x00844ff4                _atoi_r
                0x00845000                atoi
 .text          0x0084500c       0x1c c:/altera/13.0/nios2eds/bin/gnu/h-i686-mingw32/bin/../lib/gcc/nios2-elf/4.1.2/../../../../nios2-elf/lib/mno-hw-mul\libc.a(lib_a-calloc.o)
                0x0084500c                calloc
 .text          0x00845028       0x28 c:/altera/13.0/nios2eds/bin/gnu/h-i686-mingw32/bin/../lib/gcc/nios2-elf/4.1.2/../../../../nios2-elf/lib/mno-hw-mul\libc.a(lib_a-malloc.o)
                0x00845028                free
                0x0084503c                malloc
 .text          0x00845050       0x74 c:/altera/13.0/nios2eds/bin/gnu/h-i686-mingw32/bin/../lib/gcc/nios2-elf/4.1.2/../../../../nios2-elf/lib/mno-hw-mul\libc.a(lib_a-memcmp.o)
                0x00845050                memcmp
 .text          0x008450c4       0xd4 c:/altera/13.0/nios2eds/bin/gnu/h-i686-mingw32/bin/../lib/gcc/nios2-elf/4.1.2/../../../../nios2-elf/lib/mno-hw-mul\libc.a(lib_a-sprintf.o)
                0x008450c4                sprintf
                0x00845138                _sprintf_r
 .text          0x00845198       0x8c c:/altera/13.0/nios2eds/bin/gnu/h-i686-mingw32/bin/../lib/gcc/nios2-elf/4.1.2/../../../../nios2-elf/lib/mno-hw-mul\libc.a(lib_a-strcpy.o)
                0x00845198                strcpy
 .text          0x00845224       0xf0 c:/altera/13.0/nios2eds/bin/gnu/h-i686-mingw32/bin/../lib/gcc/nios2-elf/4.1.2/../../../../nios2-elf/lib/mno-hw-mul\libc.a(lib_a-strncmp.o)
                0x00845224                strncmp
 .text          0x00845314       0xbc c:/altera/13.0/nios2eds/bin/gnu/h-i686-mingw32/bin/../lib/gcc/nios2-elf/4.1.2/../../../../nios2-elf/lib/mno-hw-mul\libc.a(lib_a-strncpy.o)
                0x00845314                strncpy
 .text          0x008453d0      0x274 c:/altera/13.0/nios2eds/bin/gnu/h-i686-mingw32/bin/../lib/gcc/nios2-elf/4.1.2/../../../../nios2-elf/lib/mno-hw-mul\libc.a(lib_a-strtol.o)
                0x008453d0                _strtol_r
                0x00845620                strtol
 .text          0x00845644       0x34 c:/altera/13.0/nios2eds/bin/gnu/h-i686-mingw32/bin/../lib/gcc/nios2-elf/4.1.2/../../../../nios2-elf/lib/mno-hw-mul\libc.a(lib_a-vprintf.o)
                0x00845644                _vprintf_r
                0x00845658                vprintf
 .text          0x00845678       0x74 c:/altera/13.0/nios2eds/bin/gnu/h-i686-mingw32/bin/../lib/gcc/nios2-elf/4.1.2/../../../../nios2-elf/lib/mno-hw-mul\libc.a(lib_a-vsprintf.o)
                0x00845678                _vsprintf_r
                0x008456c8                vsprintf
 .text          0x008456ec      0x134 c:/altera/13.0/nios2eds/bin/gnu/h-i686-mingw32/bin/../lib/gcc/nios2-elf/4.1.2/../../../../nios2-elf/lib/mno-hw-mul\libc.a(lib_a-__atexit.o)
                0x008456ec                __register_exitproc
 *(.gnu.warning.*)
 *(.fini)
                0x00845820                PROVIDE (__etext, ABSOLUTE (.))
                0x00845820                PROVIDE (_etext, ABSOLUTE (.))
                0x00845820                PROVIDE (etext, ABSOLUTE (.))
 *(.eh_frame_hdr)
                0x00845820                . = ALIGN (0x4)
                0x00845820                PROVIDE (__preinit_array_start, ABSOLUTE (.))
 *(.preinit_array)
                0x00845820                PROVIDE (__preinit_array_end, ABSOLUTE (.))
                0x00845820                PROVIDE (__init_array_start, ABSOLUTE (.))
 *(.init_array)
                0x00845820                PROVIDE (__init_array_end, ABSOLUTE (.))
                0x00845820                PROVIDE (__fini_array_start, ABSOLUTE (.))
 *(.fini_array)
                0x00845820                PROVIDE (__fini_array_end, ABSOLUTE (.))
 *(.eh_frame)
 *(.gcc_except_table)
 *(.dynamic)
                0x00845820                PROVIDE (__CTOR_LIST__, ABSOLUTE (.))
 *(.ctors)
 *(SORT(.ctors.*))
 .ctors.65535   0x00845820        0x4 c:/altera/13.0/nios2eds/bin/gnu/h-i686-mingw32/bin/../lib/gcc/nios2-elf/4.1.2/../../../../nios2-elf/lib/mno-hw-mul\libc.a(lib_a-__call_atexit.o)
                0x00845824                PROVIDE (__CTOR_END__, ABSOLUTE (.))
                0x00845824                PROVIDE (__DTOR_LIST__, ABSOLUTE (.))
 *(.dtors)
 *(SORT(.dtors.*))
                0x00845824                PROVIDE (__DTOR_END__, ABSOLUTE (.))
 *(.jcr)
                0x00845824                . = ALIGN (0x4)

.rodata         0x00845824     0x4180
                0x00845824                PROVIDE (__ram_rodata_start, ABSOLUTE (.))
                0x00845824                . = ALIGN (0x4)
 *(.rodata .rodata.* .gnu.linkonce.r.*)
 .rodata        0x00845824       0xa8 obj/default/SSS_DE2_115.o
 .rodata        0x008458cc      0xba4 obj/default/alt_error_handler.o
 .rodata        0x00846470       0x64 obj/default/dm9000a.o
 .rodata        0x008464d4       0xe4 obj/default/iniche_init.o
 .rodata        0x008465b8      0x234 obj/default/network_utilities.o
 .rodata        0x008467ec      0x2e0 obj/default/simple_socket_server.o
 .rodata        0x00846acc       0x14 c:/altera/13.0/nios2eds/bin/gnu/h-i686-mingw32/bin/../lib/gcc/nios2-elf/4.1.2/mno-hw-mul\libgcc.a(_thenan_df.o)
                0x00846acc                __thenan_df
 .rodata        0x00846ae0      0x100 c:/altera/13.0/nios2eds/bin/gnu/h-i686-mingw32/bin/../lib/gcc/nios2-elf/4.1.2/mno-hw-mul\libgcc.a(_clz.o)
                0x00846ae0                __clz_tab
 .rodata        0x00846be0      0x284 c:/altera/13.0/nios2eds/bin/gnu/h-i686-mingw32/bin/../lib/gcc/nios2-elf/4.1.2/../../../../nios2-elf/lib/mno-hw-mul\libc.a(lib_a-ctype_.o)
                0x00846be0                _ctype_
 .rodata.str1.4
                0x00846e64        0x2 c:/altera/13.0/nios2eds/bin/gnu/h-i686-mingw32/bin/../lib/gcc/nios2-elf/4.1.2/../../../../nios2-elf/lib/mno-hw-mul\libc.a(lib_a-impure.o)
                                  0x4 (size before relaxing)
 *fill*         0x00846e66        0x2 00
 .rodata.str1.4
                0x00846e68        0x3 c:/altera/13.0/nios2eds/bin/gnu/h-i686-mingw32/bin/../lib/gcc/nios2-elf/4.1.2/../../../../nios2-elf/lib/mno-hw-mul\libc.a(lib_a-perror.o)
                                  0x4 (size before relaxing)
 *fill*         0x00846e6b        0x1 00
 .rodata.str1.4
                0x00846e6c        0x2 c:/altera/13.0/nios2eds/bin/gnu/h-i686-mingw32/bin/../lib/gcc/nios2-elf/4.1.2/../../../../nios2-elf/lib/mno-hw-mul\libc.a(lib_a-puts.o)
                                  0x4 (size before relaxing)
 *fill*         0x00846e6e        0x2 00
 .rodata.str1.4
                0x00846e70      0x7a2 c:/altera/13.0/nios2eds/bin/gnu/h-i686-mingw32/bin/../lib/gcc/nios2-elf/4.1.2/../../../../nios2-elf/lib/mno-hw-mul\libc.a(lib_a-strerror.o)
                                0x7a8 (size before relaxing)
 *fill*         0x00847612        0x2 00
 .rodata.str1.4
                0x00847614       0x5e c:/altera/13.0/nios2eds/bin/gnu/h-i686-mingw32/bin/../lib/gcc/nios2-elf/4.1.2/../../../../nios2-elf/lib/mno-hw-mul\libc.a(lib_a-vfprintf.o)
                                 0x60 (size before relaxing)
 *fill*         0x00847672        0x2 00
 .rodata        0x00847674       0x20 c:/altera/13.0/nios2eds/bin/gnu/h-i686-mingw32/bin/../lib/gcc/nios2-elf/4.1.2/../../../../nios2-elf/lib/mno-hw-mul\libc.a(lib_a-vfprintf.o)
 .rodata.str1.4
                0x00847694       0x10 c:/altera/13.0/nios2eds/bin/gnu/h-i686-mingw32/bin/../lib/gcc/nios2-elf/4.1.2/../../../../nios2-elf/lib/mno-hw-mul\libc.a(lib_a-dtoa.o)
                                 0x14 (size before relaxing)
 .rodata.str1.4
                0x008476a4       0x10 c:/altera/13.0/nios2eds/bin/gnu/h-i686-mingw32/bin/../lib/gcc/nios2-elf/4.1.2/../../../../nios2-elf/lib/mno-hw-mul\libc.a(lib_a-locale.o)
                                 0x18 (size before relaxing)
 .rodata        0x008476b4       0x30 c:/altera/13.0/nios2eds/bin/gnu/h-i686-mingw32/bin/../lib/gcc/nios2-elf/4.1.2/../../../../nios2-elf/lib/mno-hw-mul\libc.a(lib_a-locale.o)
 .rodata        0x008476e4      0x124 c:/altera/13.0/nios2eds/bin/gnu/h-i686-mingw32/bin/../lib/gcc/nios2-elf/4.1.2/../../../../nios2-elf/lib/mno-hw-mul\libc.a(lib_a-mprec.o)
                0x008476e4                __mprec_tens
                0x008477ac                __mprec_bigtens
                0x008477d4                __mprec_tinytens
 .rodata        0x00847808       0x14 ../socket_bsp/\libucosii_bsp.a(alt_main.o)
 .rodata        0x0084781c      0x120 ../socket_bsp/\libucosii_bsp.a(os_core.o)
                0x0084781c                OSUnMapTbl
 .rodata        0x0084793c       0x40 ../socket_bsp/\libucosii_bsp.a(alt_sys_init.o)
 .rodata        0x0084797c       0xd8 ../socket_bsp/\libucosii_bsp.a(ipnet.o)
 .rodata        0x00847a54       0xec ../socket_bsp/\libucosii_bsp.a(ipstart.o)
 .rodata        0x00847b40      0x54c ../socket_bsp/\libucosii_bsp.a(igmp_cmn.o)
 .rodata        0x0084808c       0xb8 ../socket_bsp/\libucosii_bsp.a(in_utils.o)
 .rodata        0x00848144       0x34 ../socket_bsp/\libucosii_bsp.a(netmain.o)
 .rodata        0x00848178       0x94 ../socket_bsp/\libucosii_bsp.a(parseip.o)
 .rodata        0x0084820c      0x1a8 ../socket_bsp/\libucosii_bsp.a(tk_crnos.o)
 .rodata        0x008483b4        0x8 ../socket_bsp/\libucosii_bsp.a(dhcpclnt.o)
 .rodata        0x008483bc      0x118 ../socket_bsp/\libucosii_bsp.a(pktalloc.o)
 .rodata        0x008484d4       0x84 ../socket_bsp/\libucosii_bsp.a(udp_open.o)
 .rodata        0x00848558       0x2c ../socket_bsp/\libucosii_bsp.a(brdutils.o)
 .rodata        0x00848584      0x26c ../socket_bsp/\libucosii_bsp.a(osportco.o)
 .rodata        0x008487f0       0xa0 ../socket_bsp/\libucosii_bsp.a(targnios.o)
 .rodata        0x00848890       0x90 ../socket_bsp/\libucosii_bsp.a(nptcp.o)
 .rodata        0x00848920        0x8 ../socket_bsp/\libucosii_bsp.a(sockcall.o)
 .rodata        0x00848928       0x50 ../socket_bsp/\libucosii_bsp.a(socket.o)
 .rodata        0x00848978       0x40 ../socket_bsp/\libucosii_bsp.a(socket2.o)
 .rodata        0x008489b8       0x20 ../socket_bsp/\libucosii_bsp.a(tcp_in.o)
 .rodata        0x008489d8       0x40 ../socket_bsp/\libucosii_bsp.a(tcp_out.o)
 .rodata        0x00848a18       0x24 ../socket_bsp/\libucosii_bsp.a(tcp_subr.o)
 .rodata        0x00848a3c       0x2c ../socket_bsp/\libucosii_bsp.a(tcp_usr.o)
 .rodata        0x00848a68        0xc ../socket_bsp/\libucosii_bsp.a(alt_dev.o)
 .rodata        0x00848a74        0x4 ../socket_bsp/\libucosii_bsp.a(os_cpu_c.o)
 .rodata        0x00848a78      0x1d4 ../socket_bsp/\libucosii_bsp.a(allports.o)
 .rodata        0x00848c4c       0x34 ../socket_bsp/\libucosii_bsp.a(tk_misc.o)
 .rodata        0x00848c80       0x44 ../socket_bsp/\libucosii_bsp.a(et_arp.o)
 .rodata        0x00848cc4      0x1dc ../socket_bsp/\libucosii_bsp.a(ip.o)
 .rodata        0x00848ea0      0x158 ../socket_bsp/\libucosii_bsp.a(ip_reasm.o)
 .rodata        0x00848ff8      0x120 ../socket_bsp/\libucosii_bsp.a(ipdemux.o)
 .rodata        0x00849118       0x34 ../socket_bsp/\libucosii_bsp.a(ipport.o)
 .rodata        0x0084914c       0x24 ../socket_bsp/\libucosii_bsp.a(ipraw.o)
 .rodata        0x00849170       0x38 ../socket_bsp/\libucosii_bsp.a(iproute.o)
 .rodata        0x008491a8       0xe8 ../socket_bsp/\libucosii_bsp.a(udp.o)
 .rodata        0x00849290      0x2d0 ../socket_bsp/\libucosii_bsp.a(u_mctest.o)
 .rodata        0x00849560       0xf8 ../socket_bsp/\libucosii_bsp.a(dhcsetup.o)
 .rodata        0x00849658       0x34 ../socket_bsp/\libucosii_bsp.a(vfsfiles.o)
 .rodata        0x0084968c      0x318 ../socket_bsp/\libucosii_bsp.a(icmp.o)
 *(.rodata1)
                0x008499a4                . = ALIGN (0x4)
                0x008499a4                PROVIDE (__ram_rodata_end, ABSOLUTE (.))
                0x00845824                PROVIDE (__flash_rodata_start, LOADADDR (.rodata))

.rwdata         0x008499a4     0x1f48
                0x008499a4                PROVIDE (__ram_rwdata_start, ABSOLUTE (.))
                0x008499a4                . = ALIGN (0x4)
 *(.got.plt)
 *(.got)
 *(.data1)
 *(.data .data.* .gnu.linkonce.d.*)
 .data          0x008499a4        0x0 ../socket_bsp//obj/HAL/src/crt0.o
 .data          0x008499a4        0x0 obj/default/SSS_DE2_115.o
 .data          0x008499a4        0x0 obj/default/alt_error_handler.o
 .data          0x008499a4        0x0 obj/default/dm9000a.o
 .data          0x008499a4       0x18 obj/default/iniche_init.o
                0x008499a4                ssstask
 .data          0x008499bc        0x0 obj/default/led.o
 .data          0x008499bc        0x0 obj/default/network_utilities.o
 .data          0x008499bc        0x0 obj/default/simple_socket_server.o
 .data          0x008499bc        0x0 obj/default/tse_my_system.o
 .data          0x008499bc        0x0 c:/altera/13.0/nios2eds/bin/gnu/h-i686-mingw32/bin/../lib/gcc/nios2-elf/4.1.2/mno-hw-mul\libgcc.a(_fixunsdfsi.o)
 .data          0x008499bc        0x0 c:/altera/13.0/nios2eds/bin/gnu/h-i686-mingw32/bin/../lib/gcc/nios2-elf/4.1.2/mno-hw-mul\libgcc.a(_addsub_df.o)
 .data          0x008499bc        0x0 c:/altera/13.0/nios2eds/bin/gnu/h-i686-mingw32/bin/../lib/gcc/nios2-elf/4.1.2/mno-hw-mul\libgcc.a(_mul_df.o)
 .data          0x008499bc        0x0 c:/altera/13.0/nios2eds/bin/gnu/h-i686-mingw32/bin/../lib/gcc/nios2-elf/4.1.2/mno-hw-mul\libgcc.a(_ge_df.o)
 .data          0x008499bc        0x0 c:/altera/13.0/nios2eds/bin/gnu/h-i686-mingw32/bin/../lib/gcc/nios2-elf/4.1.2/mno-hw-mul\libgcc.a(_df_to_si.o)
 .data          0x008499bc        0x0 c:/altera/13.0/nios2eds/bin/gnu/h-i686-mingw32/bin/../lib/gcc/nios2-elf/4.1.2/mno-hw-mul\libgcc.a(_thenan_df.o)
 .data          0x008499bc        0x0 c:/altera/13.0/nios2eds/bin/gnu/h-i686-mingw32/bin/../lib/gcc/nios2-elf/4.1.2/mno-hw-mul\libgcc.a(_usi_to_df.o)
 .data          0x008499bc        0x0 c:/altera/13.0/nios2eds/bin/gnu/h-i686-mingw32/bin/../lib/gcc/nios2-elf/4.1.2/mno-hw-mul\libgcc.a(lib2-mul.o)
 .data          0x008499bc        0x0 c:/altera/13.0/nios2eds/bin/gnu/h-i686-mingw32/bin/../lib/gcc/nios2-elf/4.1.2/mno-hw-mul\libgcc.a(_muldi3.o)
 .data          0x008499bc        0x0 c:/altera/13.0/nios2eds/bin/gnu/h-i686-mingw32/bin/../lib/gcc/nios2-elf/4.1.2/mno-hw-mul\libgcc.a(_clzsi2.o)
 .data          0x008499bc        0x0 c:/altera/13.0/nios2eds/bin/gnu/h-i686-mingw32/bin/../lib/gcc/nios2-elf/4.1.2/mno-hw-mul\libgcc.a(_pack_df.o)
 .data          0x008499bc        0x0 c:/altera/13.0/nios2eds/bin/gnu/h-i686-mingw32/bin/../lib/gcc/nios2-elf/4.1.2/mno-hw-mul\libgcc.a(_unpack_df.o)
 .data          0x008499bc        0x0 c:/altera/13.0/nios2eds/bin/gnu/h-i686-mingw32/bin/../lib/gcc/nios2-elf/4.1.2/mno-hw-mul\libgcc.a(_fpcmp_parts_df.o)
 .data          0x008499bc        0x0 c:/altera/13.0/nios2eds/bin/gnu/h-i686-mingw32/bin/../lib/gcc/nios2-elf/4.1.2/mno-hw-mul\libgcc.a(_clz.o)
 .data          0x008499bc        0x0 c:/altera/13.0/nios2eds/bin/gnu/h-i686-mingw32/bin/../lib/gcc/nios2-elf/4.1.2/../../../../nios2-elf/lib/mno-hw-mul\libc.a(lib_a-ctype_.o)
 .data          0x008499bc        0x0 c:/altera/13.0/nios2eds/bin/gnu/h-i686-mingw32/bin/../lib/gcc/nios2-elf/4.1.2/../../../../nios2-elf/lib/mno-hw-mul\libc.a(lib_a-exit.o)
 .data          0x008499bc        0x0 c:/altera/13.0/nios2eds/bin/gnu/h-i686-mingw32/bin/../lib/gcc/nios2-elf/4.1.2/../../../../nios2-elf/lib/mno-hw-mul\libc.a(lib_a-fprintf.o)
 .data          0x008499bc        0x0 c:/altera/13.0/nios2eds/bin/gnu/h-i686-mingw32/bin/../lib/gcc/nios2-elf/4.1.2/../../../../nios2-elf/lib/mno-hw-mul\libc.a(lib_a-fwrite.o)
 .data          0x008499bc        0x0 c:/altera/13.0/nios2eds/bin/gnu/h-i686-mingw32/bin/../lib/gcc/nios2-elf/4.1.2/../../../../nios2-elf/lib/mno-hw-mul\libc.a(lib_a-getc.o)
 .data          0x008499bc      0x400 c:/altera/13.0/nios2eds/bin/gnu/h-i686-mingw32/bin/../lib/gcc/nios2-elf/4.1.2/../../../../nios2-elf/lib/mno-hw-mul\libc.a(lib_a-impure.o)
 .data          0x00849dbc        0x0 c:/altera/13.0/nios2eds/bin/gnu/h-i686-mingw32/bin/../lib/gcc/nios2-elf/4.1.2/../../../../nios2-elf/lib/mno-hw-mul\libc.a(lib_a-memcpy.o)
 .data          0x00849dbc        0x0 c:/altera/13.0/nios2eds/bin/gnu/h-i686-mingw32/bin/../lib/gcc/nios2-elf/4.1.2/../../../../nios2-elf/lib/mno-hw-mul\libc.a(lib_a-memmove.o)
 .data          0x00849dbc        0x0 c:/altera/13.0/nios2eds/bin/gnu/h-i686-mingw32/bin/../lib/gcc/nios2-elf/4.1.2/../../../../nios2-elf/lib/mno-hw-mul\libc.a(lib_a-memset.o)
 .data          0x00849dbc        0x0 c:/altera/13.0/nios2eds/bin/gnu/h-i686-mingw32/bin/../lib/gcc/nios2-elf/4.1.2/../../../../nios2-elf/lib/mno-hw-mul\libc.a(lib_a-perror.o)
 .data          0x00849dbc        0x0 c:/altera/13.0/nios2eds/bin/gnu/h-i686-mingw32/bin/../lib/gcc/nios2-elf/4.1.2/../../../../nios2-elf/lib/mno-hw-mul\libc.a(lib_a-printf.o)
 .data          0x00849dbc        0x0 c:/altera/13.0/nios2eds/bin/gnu/h-i686-mingw32/bin/../lib/gcc/nios2-elf/4.1.2/../../../../nios2-elf/lib/mno-hw-mul\libc.a(lib_a-putc.o)
 .data          0x00849dbc        0x0 c:/altera/13.0/nios2eds/bin/gnu/h-i686-mingw32/bin/../lib/gcc/nios2-elf/4.1.2/../../../../nios2-elf/lib/mno-hw-mul\libc.a(lib_a-putchar.o)
 .data          0x00849dbc        0x0 c:/altera/13.0/nios2eds/bin/gnu/h-i686-mingw32/bin/../lib/gcc/nios2-elf/4.1.2/../../../../nios2-elf/lib/mno-hw-mul\libc.a(lib_a-puts.o)
 .data          0x00849dbc        0x0 c:/altera/13.0/nios2eds/bin/gnu/h-i686-mingw32/bin/../lib/gcc/nios2-elf/4.1.2/../../../../nios2-elf/lib/mno-hw-mul\libc.a(lib_a-rget.o)
 .data          0x00849dbc        0x0 c:/altera/13.0/nios2eds/bin/gnu/h-i686-mingw32/bin/../lib/gcc/nios2-elf/4.1.2/../../../../nios2-elf/lib/mno-hw-mul\libc.a(lib_a-strchr.o)
 .data          0x00849dbc        0x0 c:/altera/13.0/nios2eds/bin/gnu/h-i686-mingw32/bin/../lib/gcc/nios2-elf/4.1.2/../../../../nios2-elf/lib/mno-hw-mul\libc.a(lib_a-strerror.o)
 .data          0x00849dbc        0x0 c:/altera/13.0/nios2eds/bin/gnu/h-i686-mingw32/bin/../lib/gcc/nios2-elf/4.1.2/../../../../nios2-elf/lib/mno-hw-mul\libc.a(lib_a-strlen.o)
 .data          0x00849dbc        0x0 c:/altera/13.0/nios2eds/bin/gnu/h-i686-mingw32/bin/../lib/gcc/nios2-elf/4.1.2/../../../../nios2-elf/lib/mno-hw-mul\libc.a(lib_a-u_strerr.o)
 .data          0x00849dbc        0x0 c:/altera/13.0/nios2eds/bin/gnu/h-i686-mingw32/bin/../lib/gcc/nios2-elf/4.1.2/../../../../nios2-elf/lib/mno-hw-mul\libc.a(lib_a-vfprintf.o)
 .data          0x00849dbc        0x0 c:/altera/13.0/nios2eds/bin/gnu/h-i686-mingw32/bin/../lib/gcc/nios2-elf/4.1.2/../../../../nios2-elf/lib/mno-hw-mul\libc.a(lib_a-wbuf.o)
 .data          0x00849dbc        0x0 c:/altera/13.0/nios2eds/bin/gnu/h-i686-mingw32/bin/../lib/gcc/nios2-elf/4.1.2/../../../../nios2-elf/lib/mno-hw-mul\libc.a(lib_a-wsetup.o)
 .data          0x00849dbc        0x0 c:/altera/13.0/nios2eds/bin/gnu/h-i686-mingw32/bin/../lib/gcc/nios2-elf/4.1.2/../../../../nios2-elf/lib/mno-hw-mul\libc.a(lib_a-__call_atexit.o)
 .data          0x00849dbc        0x0 c:/altera/13.0/nios2eds/bin/gnu/h-i686-mingw32/bin/../lib/gcc/nios2-elf/4.1.2/../../../../nios2-elf/lib/mno-hw-mul\libc.a(lib_a-dtoa.o)
 .data          0x00849dbc        0x0 c:/altera/13.0/nios2eds/bin/gnu/h-i686-mingw32/bin/../lib/gcc/nios2-elf/4.1.2/../../../../nios2-elf/lib/mno-hw-mul\libc.a(lib_a-fflush.o)
 .data          0x00849dbc        0x0 c:/altera/13.0/nios2eds/bin/gnu/h-i686-mingw32/bin/../lib/gcc/nios2-elf/4.1.2/../../../../nios2-elf/lib/mno-hw-mul\libc.a(lib_a-findfp.o)
 .data          0x00849dbc        0x0 c:/altera/13.0/nios2eds/bin/gnu/h-i686-mingw32/bin/../lib/gcc/nios2-elf/4.1.2/../../../../nios2-elf/lib/mno-hw-mul\libc.a(lib_a-fputc.o)
 .data          0x00849dbc        0x0 c:/altera/13.0/nios2eds/bin/gnu/h-i686-mingw32/bin/../lib/gcc/nios2-elf/4.1.2/../../../../nios2-elf/lib/mno-hw-mul\libc.a(lib_a-fputs.o)
 .data          0x00849dbc        0x0 c:/altera/13.0/nios2eds/bin/gnu/h-i686-mingw32/bin/../lib/gcc/nios2-elf/4.1.2/../../../../nios2-elf/lib/mno-hw-mul\libc.a(lib_a-freer.o)
 .data          0x00849dbc        0x0 c:/altera/13.0/nios2eds/bin/gnu/h-i686-mingw32/bin/../lib/gcc/nios2-elf/4.1.2/../../../../nios2-elf/lib/mno-hw-mul\libc.a(lib_a-fvwrite.o)
 .data          0x00849dbc        0x0 c:/altera/13.0/nios2eds/bin/gnu/h-i686-mingw32/bin/../lib/gcc/nios2-elf/4.1.2/../../../../nios2-elf/lib/mno-hw-mul\libc.a(lib_a-fwalk.o)
 .data          0x00849dbc        0xc c:/altera/13.0/nios2eds/bin/gnu/h-i686-mingw32/bin/../lib/gcc/nios2-elf/4.1.2/../../../../nios2-elf/lib/mno-hw-mul\libc.a(lib_a-locale.o)
                0x00849dbc                __lc_ctype
 .data          0x00849dc8        0x0 c:/altera/13.0/nios2eds/bin/gnu/h-i686-mingw32/bin/../lib/gcc/nios2-elf/4.1.2/../../../../nios2-elf/lib/mno-hw-mul\libc.a(lib_a-makebuf.o)
 .data          0x00849dc8      0x408 c:/altera/13.0/nios2eds/bin/gnu/h-i686-mingw32/bin/../lib/gcc/nios2-elf/4.1.2/../../../../nios2-elf/lib/mno-hw-mul\libc.a(lib_a-mallocr.o)
                0x00849dc8                __malloc_av_
 .data          0x0084a1d0        0x0 c:/altera/13.0/nios2eds/bin/gnu/h-i686-mingw32/bin/../lib/gcc/nios2-elf/4.1.2/../../../../nios2-elf/lib/mno-hw-mul\libc.a(lib_a-memchr.o)
 .data          0x0084a1d0        0x0 c:/altera/13.0/nios2eds/bin/gnu/h-i686-mingw32/bin/../lib/gcc/nios2-elf/4.1.2/../../../../nios2-elf/lib/mno-hw-mul\libc.a(lib_a-mprec.o)
 .data          0x0084a1d0        0x0 c:/altera/13.0/nios2eds/bin/gnu/h-i686-mingw32/bin/../lib/gcc/nios2-elf/4.1.2/../../../../nios2-elf/lib/mno-hw-mul\libc.a(lib_a-reallocr.o)
 .data          0x0084a1d0        0x0 c:/altera/13.0/nios2eds/bin/gnu/h-i686-mingw32/bin/../lib/gcc/nios2-elf/4.1.2/../../../../nios2-elf/lib/mno-hw-mul\libc.a(lib_a-refill.o)
 .data          0x0084a1d0        0x0 c:/altera/13.0/nios2eds/bin/gnu/h-i686-mingw32/bin/../lib/gcc/nios2-elf/4.1.2/../../../../nios2-elf/lib/mno-hw-mul\libc.a(lib_a-s_isinfd.o)
 .data          0x0084a1d0        0x0 c:/altera/13.0/nios2eds/bin/gnu/h-i686-mingw32/bin/../lib/gcc/nios2-elf/4.1.2/../../../../nios2-elf/lib/mno-hw-mul\libc.a(lib_a-s_isnand.o)
 .data          0x0084a1d0        0x0 c:/altera/13.0/nios2eds/bin/gnu/h-i686-mingw32/bin/../lib/gcc/nios2-elf/4.1.2/../../../../nios2-elf/lib/mno-hw-mul\libc.a(lib_a-sbrkr.o)
 .data          0x0084a1d0        0x0 c:/altera/13.0/nios2eds/bin/gnu/h-i686-mingw32/bin/../lib/gcc/nios2-elf/4.1.2/../../../../nios2-elf/lib/mno-hw-mul\libc.a(lib_a-stdio.o)
 .data          0x0084a1d0        0x0 c:/altera/13.0/nios2eds/bin/gnu/h-i686-mingw32/bin/../lib/gcc/nios2-elf/4.1.2/../../../../nios2-elf/lib/mno-hw-mul\libc.a(lib_a-strcmp.o)
 .data          0x0084a1d0        0x0 c:/altera/13.0/nios2eds/bin/gnu/h-i686-mingw32/bin/../lib/gcc/nios2-elf/4.1.2/../../../../nios2-elf/lib/mno-hw-mul\libc.a(lib_a-writer.o)
 .data          0x0084a1d0        0x0 c:/altera/13.0/nios2eds/bin/gnu/h-i686-mingw32/bin/../lib/gcc/nios2-elf/4.1.2/../../../../nios2-elf/lib/mno-hw-mul\libc.a(lib_a-callocr.o)
 .data          0x0084a1d0        0x0 c:/altera/13.0/nios2eds/bin/gnu/h-i686-mingw32/bin/../lib/gcc/nios2-elf/4.1.2/../../../../nios2-elf/lib/mno-hw-mul\libc.a(lib_a-closer.o)
 .data          0x0084a1d0        0x0 c:/altera/13.0/nios2eds/bin/gnu/h-i686-mingw32/bin/../lib/gcc/nios2-elf/4.1.2/../../../../nios2-elf/lib/mno-hw-mul\libc.a(lib_a-fclose.o)
 .data          0x0084a1d0        0x0 c:/altera/13.0/nios2eds/bin/gnu/h-i686-mingw32/bin/../lib/gcc/nios2-elf/4.1.2/../../../../nios2-elf/lib/mno-hw-mul\libc.a(lib_a-fstatr.o)
 .data          0x0084a1d0        0x0 c:/altera/13.0/nios2eds/bin/gnu/h-i686-mingw32/bin/../lib/gcc/nios2-elf/4.1.2/../../../../nios2-elf/lib/mno-hw-mul\libc.a(lib_a-int_errno.o)
 .data          0x0084a1d0        0x0 c:/altera/13.0/nios2eds/bin/gnu/h-i686-mingw32/bin/../lib/gcc/nios2-elf/4.1.2/../../../../nios2-elf/lib/mno-hw-mul\libc.a(lib_a-isattyr.o)
 .data          0x0084a1d0        0x0 c:/altera/13.0/nios2eds/bin/gnu/h-i686-mingw32/bin/../lib/gcc/nios2-elf/4.1.2/../../../../nios2-elf/lib/mno-hw-mul\libc.a(lib_a-lseekr.o)
 .data          0x0084a1d0        0x0 c:/altera/13.0/nios2eds/bin/gnu/h-i686-mingw32/bin/../lib/gcc/nios2-elf/4.1.2/../../../../nios2-elf/lib/mno-hw-mul\libc.a(lib_a-readr.o)
 .data          0x0084a1d0        0x0 c:/altera/13.0/nios2eds/bin/gnu/h-i686-mingw32/bin/../lib/gcc/nios2-elf/4.1.2/mno-hw-mul\libgcc.a(_udivdi3.o)