Archive member included because of file (symbol)

c:/altera/13.0/nios2eds/bin/gnu/h-i686-mingw32/bin/../lib/gcc/nios2-elf/4.1.2\libgcc.a(_fixunsdfsi.o)
                              obj/default/dm9000a.o (__fixunsdfsi)
c:/altera/13.0/nios2eds/bin/gnu/h-i686-mingw32/bin/../lib/gcc/nios2-elf/4.1.2\libgcc.a(_addsub_df.o)
                              c:/altera/13.0/nios2eds/bin/gnu/h-i686-mingw32/bin/../lib/gcc/nios2-elf/4.1.2\libgcc.a(_fixunsdfsi.o) (__subdf3)
c:/altera/13.0/nios2eds/bin/gnu/h-i686-mingw32/bin/../lib/gcc/nios2-elf/4.1.2\libgcc.a(_mul_df.o)
                              obj/default/dm9000a.o (__muldf3)
c:/altera/13.0/nios2eds/bin/gnu/h-i686-mingw32/bin/../lib/gcc/nios2-elf/4.1.2\libgcc.a(_ge_df.o)
                              c:/altera/13.0/nios2eds/bin/gnu/h-i686-mingw32/bin/../lib/gcc/nios2-elf/4.1.2\libgcc.a(_fixunsdfsi.o) (__gedf2)
c:/altera/13.0/nios2eds/bin/gnu/h-i686-mingw32/bin/../lib/gcc/nios2-elf/4.1.2\libgcc.a(_df_to_si.o)
                              c:/altera/13.0/nios2eds/bin/gnu/h-i686-mingw32/bin/../lib/gcc/nios2-elf/4.1.2\libgcc.a(_fixunsdfsi.o) (__fixdfsi)
c:/altera/13.0/nios2eds/bin/gnu/h-i686-mingw32/bin/../lib/gcc/nios2-elf/4.1.2\libgcc.a(_thenan_df.o)
                              c:/altera/13.0/nios2eds/bin/gnu/h-i686-mingw32/bin/../lib/gcc/nios2-elf/4.1.2\libgcc.a(_addsub_df.o) (__thenan_df)
c:/altera/13.0/nios2eds/bin/gnu/h-i686-mingw32/bin/../lib/gcc/nios2-elf/4.1.2\libgcc.a(_usi_to_df.o)
                              obj/default/dm9000a.o (__floatunsidf)
c:/altera/13.0/nios2eds/bin/gnu/h-i686-mingw32/bin/../lib/gcc/nios2-elf/4.1.2\libgcc.a(_muldi3.o)
                              c:/altera/13.0/nios2eds/bin/gnu/h-i686-mingw32/bin/../lib/gcc/nios2-elf/4.1.2\libgcc.a(_mul_df.o) (__muldi3)
c:/altera/13.0/nios2eds/bin/gnu/h-i686-mingw32/bin/../lib/gcc/nios2-elf/4.1.2\libgcc.a(_clzsi2.o)
                              c:/altera/13.0/nios2eds/bin/gnu/h-i686-mingw32/bin/../lib/gcc/nios2-elf/4.1.2\libgcc.a(_usi_to_df.o) (__clzsi2)
c:/altera/13.0/nios2eds/bin/gnu/h-i686-mingw32/bin/../lib/gcc/nios2-elf/4.1.2\libgcc.a(_pack_df.o)
                              c:/altera/13.0/nios2eds/bin/gnu/h-i686-mingw32/bin/../lib/gcc/nios2-elf/4.1.2\libgcc.a(_addsub_df.o) (__pack_d)
c:/altera/13.0/nios2eds/bin/gnu/h-i686-mingw32/bin/../lib/gcc/nios2-elf/4.1.2\libgcc.a(_unpack_df.o)
                              c:/altera/13.0/nios2eds/bin/gnu/h-i686-mingw32/bin/../lib/gcc/nios2-elf/4.1.2\libgcc.a(_addsub_df.o) (__unpack_d)
c:/altera/13.0/nios2eds/bin/gnu/h-i686-mingw32/bin/../lib/gcc/nios2-elf/4.1.2\libgcc.a(_fpcmp_parts_df.o)
                              c:/altera/13.0/nios2eds/bin/gnu/h-i686-mingw32/bin/../lib/gcc/nios2-elf/4.1.2\libgcc.a(_ge_df.o) (__fpcmp_parts_d)
c:/altera/13.0/nios2eds/bin/gnu/h-i686-mingw32/bin/../lib/gcc/nios2-elf/4.1.2\libgcc.a(_clz.o)
                              c:/altera/13.0/nios2eds/bin/gnu/h-i686-mingw32/bin/../lib/gcc/nios2-elf/4.1.2\libgcc.a(_clzsi2.o) (__clz_tab)
c:/altera/13.0/nios2eds/bin/gnu/h-i686-mingw32/bin/../lib/gcc/nios2-elf/4.1.2/../../../../nios2-elf/lib\libc.a(lib_a-ctype_.o)
                              obj/default/network_utilities.o (__ctype_ptr)
c:/altera/13.0/nios2eds/bin/gnu/h-i686-mingw32/bin/../lib/gcc/nios2-elf/4.1.2/../../../../nios2-elf/lib\libc.a(lib_a-exit.o)
                              obj/default/iniche_init.o (exit)
c:/altera/13.0/nios2eds/bin/gnu/h-i686-mingw32/bin/../lib/gcc/nios2-elf/4.1.2/../../../../nios2-elf/lib\libc.a(lib_a-fprintf.o)
                              obj/default/alt_error_handler.o (fprintf)
c:/altera/13.0/nios2eds/bin/gnu/h-i686-mingw32/bin/../lib/gcc/nios2-elf/4.1.2/../../../../nios2-elf/lib\libc.a(lib_a-fwrite.o)
                              obj/default/alt_error_handler.o (fwrite)
c:/altera/13.0/nios2eds/bin/gnu/h-i686-mingw32/bin/../lib/gcc/nios2-elf/4.1.2/../../../../nios2-elf/lib\libc.a(lib_a-getc.o)
                              obj/default/network_utilities.o (getc)
c:/altera/13.0/nios2eds/bin/gnu/h-i686-mingw32/bin/../lib/gcc/nios2-elf/4.1.2/../../../../nios2-elf/lib\libc.a(lib_a-impure.o)
                              obj/default/alt_error_handler.o (_impure_ptr)
c:/altera/13.0/nios2eds/bin/gnu/h-i686-mingw32/bin/../lib/gcc/nios2-elf/4.1.2/../../../../nios2-elf/lib\libc.a(lib_a-memcpy.o)
                              obj/default/simple_socket_server.o (memcpy)
c:/altera/13.0/nios2eds/bin/gnu/h-i686-mingw32/bin/../lib/gcc/nios2-elf/4.1.2/../../../../nios2-elf/lib\libc.a(lib_a-memmove.o)
                              obj/default/simple_socket_server.o (memmove)
c:/altera/13.0/nios2eds/bin/gnu/h-i686-mingw32/bin/../lib/gcc/nios2-elf/4.1.2/../../../../nios2-elf/lib\libc.a(lib_a-memset.o)
                              obj/default/simple_socket_server.o (memset)
c:/altera/13.0/nios2eds/bin/gnu/h-i686-mingw32/bin/../lib/gcc/nios2-elf/4.1.2/../../../../nios2-elf/lib\libc.a(lib_a-perror.o)
                              obj/default/alt_error_handler.o (perror)
[...]
Memory Configuration

Name             Origin             Length             Attributes
sdram_0_BEFORE_EXCEPTION 0x00800000         0x00000020
sdram_0          0x00800020         0x007fffe0
reset            0x01400000         0x00000020
cfi_flash_0      0x01400020         0x003fffe0
sram_0           0x01a00000         0x00080000
epcs_controller  0x01a81800         0x00000800
*default*        0x00000000         0xffffffff

Linker script and memory map

LOAD ../socket_bsp//obj/HAL/src/crt0.o
LOAD obj/default/LCD.o
LOAD obj/default/SSS_DE2_115.o
LOAD obj/default/alt_error_handler.o
LOAD obj/default/dm9000a.o
LOAD obj/default/iniche_init.o
LOAD obj/default/led.o
LOAD obj/default/network_utilities.o
LOAD obj/default/simple_socket_server.o
LOAD obj/default/tse_my_system.o
LOAD c:/altera/13.0/nios2eds/bin/gnu/h-i686-mingw32/bin/../lib/gcc/nios2-elf/4.1.2/../../../../nios2-elf/lib\libstdc++.a
LOAD c:/altera/13.0/nios2eds/bin/gnu/h-i686-mingw32/bin/../lib/gcc/nios2-elf/4.1.2/../../../../nios2-elf/lib\libm.a
LOAD c:/altera/13.0/nios2eds/bin/gnu/h-i686-mingw32/bin/../lib/gcc/nios2-elf/4.1.2\libgcc.a
START GROUP
LOAD c:/altera/13.0/nios2eds/bin/gnu/h-i686-mingw32/bin/../lib/gcc/nios2-elf/4.1.2/../../../../nios2-elf/lib\libc.a
LOAD c:/altera/13.0/nios2eds/bin/gnu/h-i686-mingw32/bin/../lib/gcc/nios2-elf/4.1.2\libgcc.a
LOAD ../socket_bsp/\libucosii_bsp.a
END GROUP
LOAD c:/altera/13.0/nios2eds/bin/gnu/h-i686-mingw32/bin/../lib/gcc/nios2-elf/4.1.2\libgcc.a
                0x00800000                __alt_mem_sdram_0 = 0x800000
                0x01400000                __alt_mem_cfi_flash_0 = 0x1400000
                0x01a00000                __alt_mem_sram_0 = 0x1a00000
                0x01a81800                __alt_mem_epcs_controller = 0x1a81800

.entry          0x01400000        0x0
 *(.entry)
 .entry         0x01400000        0x0 ../socket_bsp//obj/HAL/src/crt0.o
                0x01400000                __reset

.exceptions     0x00800020      0x19c
                0x00800020                PROVIDE (__ram_exceptions_start, ABSOLUTE (.))
                0x00800020                . = ALIGN (0x20)
 *(.irq)
 *(.exceptions.entry.label)
 .exceptions.entry.label
                0x00800020        0x0 ../socket_bsp/\libucosii_bsp.a(alt_irq_entry.o)
                0x00800020                alt_irq_entry
 .exceptions.entry.label
                0x00800020        0x0 ../socket_bsp/\libucosii_bsp.a(alt_exception_entry.o)
                0x00800020                alt_exception
 *(.exceptions.entry.user)
 *(.exceptions.entry)
 .exceptions.entry
                0x00800020       0x54 ../socket_bsp/\libucosii_bsp.a(alt_exception_entry.o)
 *(.exceptions.irqtest.user)
 *(.exceptions.irqtest)
 .exceptions.irqtest
                0x00800074       0x10 ../socket_bsp/\libucosii_bsp.a(alt_irq_entry.o)
 *(.exceptions.irqhandler.user)
 *(.exceptions.irqhandler)
 .exceptions.irqhandler
                0x00800084        0x4 ../socket_bsp/\libucosii_bsp.a(alt_irq_entry.o)
 *(.exceptions.irqreturn.user)
 *(.exceptions.irqreturn)
 .exceptions.irqreturn
                0x00800088        0x4 ../socket_bsp/\libucosii_bsp.a(alt_irq_entry.o)
 *(.exceptions.notirq.label)
 .exceptions.notirq.label
                0x0080008c        0x0 ../socket_bsp/\libucosii_bsp.a(alt_irq_entry.o)
 *(.exceptions.notirq.user)
 *(.exceptions.notirq)
 .exceptions.notirq
                0x0080008c        0x8 ../socket_bsp/\libucosii_bsp.a(alt_exception_entry.o)
 *(.exceptions.soft.user)
 *(.exceptions.soft)
 *(.exceptions.unknown.user)
 *(.exceptions.unknown)
 .exceptions.unknown
                0x00800094        0x4 ../socket_bsp/\libucosii_bsp.a(alt_exception_entry.o)
 *(.exceptions.exit.label)
 .exceptions.exit.label
                0x00800098        0x0 ../socket_bsp/\libucosii_bsp.a(alt_irq_entry.o)
 .exceptions.exit.label
                0x00800098        0x0 ../socket_bsp/\libucosii_bsp.a(alt_exception_entry.o)
 *(.exceptions.exit.user)
 *(.exceptions.exit)
 .exceptions.exit
                0x00800098       0x54 ../socket_bsp/\libucosii_bsp.a(alt_exception_entry.o)
 *(.exceptions)
 .exceptions    0x008000ec       0xd0 ../socket_bsp/\libucosii_bsp.a(alt_irq_handler.o)
                0x008000ec                alt_irq_handler
                0x008001bc                PROVIDE (__ram_exceptions_end, ABSOLUTE (.))
                0x00800020                PROVIDE (__flash_exceptions_start, LOADADDR (.exceptions))

.text           0x008001bc    0x46e30
                0x008001bc                PROVIDE (stext, ABSOLUTE (.))
 *(.interp)
 *(.hash)
 *(.dynsym)
 *(.dynstr)
 *(.gnu.version)
 *(.gnu.version_d)
 *(.gnu.version_r)
 *(.rel.init)
 *(.rela.init)
 *(.rel.text .rel.text.* .rel.gnu.linkonce.t.*)
 *(.rela.text .rela.text.* .rela.gnu.linkonce.t.*)
 *(.rel.fini)
 *(.rela.fini)
 *(.rel.rodata .rel.rodata.* .rel.gnu.linkonce.r.*)
 *(.rela.rodata .rela.rodata.* .rela.gnu.linkonce.r.*)
 *(.rel.data .rel.data.* .rel.gnu.linkonce.d.*)
 *(.rela.data .rela.data.* .rela.gnu.linkonce.d.*)
 *(.rel.tdata .rel.tdata.* .rel.gnu.linkonce.td.*)
 *(.rela.tdata .rela.tdata.* .rela.gnu.linkonce.td.*)
 *(.rel.tbss .rel.tbss.* .rel.gnu.linkonce.tb.*)
 *(.rela.tbss .rela.tbss.* .rela.gnu.linkonce.tb.*)
 *(.rel.ctors)
 *(.rela.ctors)
 *(.rel.dtors)
 *(.rela.dtors)
 *(.rel.got)
 *(.rela.got)
 *(.rel.sdata .rel.sdata.* .rel.gnu.linkonce.s.*)
 *(.rela.sdata .rela.sdata.* .rela.gnu.linkonce.s.*)
 *(.rel.sbss .rel.sbss.* .rel.gnu.linkonce.sb.*)
 *(.rela.sbss .rela.sbss.* .rela.gnu.linkonce.sb.*)
 *(.rel.sdata2 .rel.sdata2.* .rel.gnu.linkonce.s2.*)
 *(.rela.sdata2 .rela.sdata2.* .rela.gnu.linkonce.s2.*)
 *(.rel.sbss2 .rel.sbss2.* .rel.gnu.linkonce.sb2.*)
 *(.rela.sbss2 .rela.sbss2.* .rela.gnu.linkonce.sb2.*)
 *(.rel.bss .rel.bss.* .rel.gnu.linkonce.b.*)
 *(.rela.bss .rela.bss.* .rela.gnu.linkonce.b.*)
 *(.rel.plt)
 *(.rela.plt)
 *(.rel.dyn)
 *(.init)
 *(.plt)
 *(.text .stub .text.* .gnu.linkonce.t.*)
 .text          0x008001bc       0x48 ../socket_bsp//obj/HAL/src/crt0.o
                0x008001bc                _start
 .text          0x00800204      0x2dc obj/default/LCD.o
                0x00800204                LCD_Init
                0x008002a0                LCD_Show_Text
                0x00800328                LCD_Line2
                0x00800364                LCD_Line1
                0x008003a0                LCD_Clear
                0x008003dc                LCD_Test
 .text          0x008004e0      0x2ec obj/default/SSS_DE2_115.o
                0x008004e0                get_DE2_115_mac_addr
                0x00800688                FindLastFlashSectorOffset
 .text          0x008007cc      0xba8 obj/default/alt_error_handler.o
                0x008007cc                alt_uCOSIIErrorHandler
                0x00800df0                alt_NetworkErrorHandler
                0x00801088                alt_SSSErrorHandler
 .text          0x00801374      0xe48 obj/default/dm9000a.o
                0x00801374                dm9000a_iow
                0x008013c8                dm9000a_ior
                0x00801414                phy_write
                0x008014b0                dm9000a_reset
                0x00801674                TransmitPacket
                0x00801790                prep_dm9000a
                0x008019ac                dm9000a_init
                0x00801dfc                dm9Ka_isr_wrap
                0x00801e3c                dm9ka_init
                0x00801f34                dm9ka_close
                0x00802044                dm9ka_stats
                0x008020a0                dm9ka_pkt_send
 .text          0x008021bc      0x580 obj/default/iniche_init.o
                0x008021bc                SSSInitialTask
                0x00802500                main
                0x008025fc                delay
                0x00802648                toInt
 .text          0x0080273c      0x324 obj/default/led.o
                0x0080273c                led_bit_toggle
                0x00802808                LED7SegLightshowTask
                0x0080287c                LEDManagementTask
 .text          0x00802a60      0x73c obj/default/network_utilities.o
                0x00802a60                get_mac_addr
                0x00802ab8                get_ip_addr
                0x00802b24                get_serial_number
                0x00802d00                generate_and_store_mac_addr
                0x00802ecc                generate_mac_addr
                0x00803008                get_board_mac_addr
 .text          0x0080319c      0x9f8 obj/default/simple_socket_server.o
                0x0080319c                SSSCreateOSDataStructs
                0x00803244                SSSCreateTasks
                0x00803308                sss_reset_connection
                0x00803378                sss_send_menu
                0x00803508                sss_handle_accept
                0x008035c8                sss_exec_command
                0x0080373c                sss_handle_receive
                0x00803928                SSSSimpleSocketServerTask
 .text          0x00803b94        0x0 obj/default/tse_my_system.o
 .text          0x00803b94       0xa4 c:/altera/13.0/nios2eds/bin/gnu/h-i686-mingw32/bin/../lib/gcc/nios2-elf/4.1.2\libgcc.a(_fixunsdfsi.o)
                0x00803b94                __fixunsdfsi
 .text          0x00803c38      0x504 c:/altera/13.0/nios2eds/bin/gnu/h-i686-mingw32/bin/../lib/gcc/nios2-elf/4.1.2\libgcc.a(_addsub_df.o)
                0x00804048                __subdf3
                0x008040c8                __adddf3
 .text          0x0080413c      0x3c4 c:/altera/13.0/nios2eds/bin/gnu/h-i686-mingw32/bin/../lib/gcc/nios2-elf/4.1.2\libgcc.a(_mul_df.o)
                0x0080413c                __muldf3
 .text          0x00804500       0x88 c:/altera/13.0/nios2eds/bin/gnu/h-i686-mingw32/bin/../lib/gcc/nios2-elf/4.1.2\libgcc.a(_ge_df.o)
                0x00804500                __gedf2
 .text          0x00804588       0xd8 c:/altera/13.0/nios2eds/bin/gnu/h-i686-mingw32/bin/../lib/gcc/nios2-elf/4.1.2\libgcc.a(_df_to_si.o)
                0x00804588                __fixdfsi
 .text          0x00804660        0x0 c:/altera/13.0/nios2eds/bin/gnu/h-i686-mingw32/bin/../lib/gcc/nios2-elf/4.1.2\libgcc.a(_thenan_df.o)
 .text          0x00804660      0x194 c:/altera/13.0/nios2eds/bin/gnu/h-i686-mingw32/bin/../lib/gcc/nios2-elf/4.1.2\libgcc.a(_usi_to_df.o)
                0x00804660                __floatunsidf
 .text          0x008047f4       0x98 c:/altera/13.0/nios2eds/bin/gnu/h-i686-mingw32/bin/../lib/gcc/nios2-elf/4.1.2\libgcc.a(_muldi3.o)
                0x008047f4                __muldi3
 .text          0x0080488c       0x80 c:/altera/13.0/nios2eds/bin/gnu/h-i686-mingw32/bin/../lib/gcc/nios2-elf/4.1.2\libgcc.a(_clzsi2.o)
                0x0080488c                __clzsi2
 .text          0x0080490c      0x314 c:/altera/13.0/nios2eds/bin/gnu/h-i686-mingw32/bin/../lib/gcc/nios2-elf/4.1.2\libgcc.a(_pack_df.o)
                0x0080490c                __pack_d
 .text          0x00804c20      0x138 c:/altera/13.0/nios2eds/bin/gnu/h-i686-mingw32/bin/../lib/gcc/nios2-elf/4.1.2\libgcc.a(_unpack_df.o)
                0x00804c20                __unpack_d
 .text          0x00804d58       0xc8 c:/altera/13.0/nios2eds/bin/gnu/h-i686-mingw32/bin/../lib/gcc/nios2-elf/4.1.2\libgcc.a(_fpcmp_parts_df.o)
                0x00804d58                __fpcmp_parts_d
 .text          0x00804e20        0x0 c:/altera/13.0/nios2eds/bin/gnu/h-i686-mingw32/bin/../lib/gcc/nios2-elf/4.1.2\libgcc.a(_clz.o)
 .text          0x00804e20        0x0 c:/altera/13.0/nios2eds/bin/gnu/h-i686-mingw32/bin/../lib/gcc/nios2-elf/4.1.2/../../../../nios2-elf/lib\libc.a(lib_a-ctype_.o)
 .text          0x00804e20       0x38 c:/altera/13.0/nios2eds/bin/gnu/h-i686-mingw32/bin/../lib/gcc/nios2-elf/4.1.2/../../../../nios2-elf/lib\libc.a(lib_a-exit.o)
                0x00804e20                exit
 .text          0x00804e58       0x60 c:/altera/13.0/nios2eds/bin/gnu/h-i686-mingw32/bin/../lib/gcc/nios2-elf/4.1.2/../../../../nios2-elf/lib\libc.a(lib_a-fprintf.o)
                0x00804e58                fprintf
                0x00804e84                _fprintf_r
 .text          0x00804eb8       0xdc c:/altera/13.0/nios2eds/bin/gnu/h-i686-mingw32/bin/../lib/gcc/nios2-elf/4.1.2/../../../../nios2-elf/lib\libc.a(lib_a-fwrite.o)
                0x00804eb8                _fwrite_r
                0x00804f54                fwrite
 .text          0x00804f94      0x128 c:/altera/13.0/nios2eds/bin/gnu/h-i686-mingw32/bin/../lib/gcc/nios2-elf/4.1.2/../../../../nios2-elf/lib\libc.a(lib_a-getc.o)
                0x00804f94                getc
                0x0080502c                _getc_r
 .text          0x008050bc        0x0 c:/altera/13.0/nios2eds/bin/gnu/h-i686-mingw32/bin/../lib/gcc/nios2-elf/4.1.2/../../../../nios2-elf/lib\libc.a(lib_a-impure.o)
 .text          0x008050bc       0xa0 c:/altera/13.0/nios2eds/bin/gnu/h-i686-mingw32/bin/../lib/gcc/nios2-elf/4.1.2/../../../../nios2-elf/lib\libc.a(lib_a-memcpy.o)
                0x008050bc                memcpy
 .text          0x0080515c       0xe0 c:/altera/13.0/nios2eds/bin/gnu/h-i686-mingw32/bin/../lib/gcc/nios2-elf/4.1.2/../../../../nios2-elf/lib\libc.a(lib_a-memmove.o)
                0x0080515c                memmove
 .text          0x0080523c       0x98 c:/altera/13.0/nios2eds/bin/gnu/h-i686-mingw32/bin/../lib/gcc/nios2-elf/4.1.2/../../../../nios2-elf/lib\libc.a(lib_a-memset.o)
                0x0080523c                memset
 .text          0x008052d4       0x80 c:/altera/13.0/nios2eds/bin/gnu/h-i686-mingw32/bin/../lib/gcc/nios2-elf/4.1.2/../../../../nios2-elf/lib\libc.a(lib_a-perror.o)
                0x008052d4                _perror_r
                0x00805340                perror
 .text          0x00805354       0x78 c:/altera/13.0/nios2eds/bin/gnu/h-i686-mingw32/bin/../lib/gcc/nios2-elf/4.1.2/../../../../nios2-elf/lib\libc.a(lib_a-printf.o)
                0x00805354                printf
                0x00805398                _printf_r
 .text          0x008053cc      0x1ec c:/altera/13.0/nios2eds/bin/gnu/h-i686-mingw32/bin/../lib/gcc/nios2-elf/4.1.2/../../../../nios2-elf/lib\libc.a(lib_a-putc.o)
                0x008053cc                putc
                0x008054d0                _putc_r
 .text          0x008055b8       0x24 c:/altera/13.0/nios2eds/bin/gnu/h-i686-mingw32/bin/../lib/gcc/nios2-elf/4.1.2/../../../../nios2-elf/lib\libc.a(lib_a-putchar.o)
                0x008055b8                putchar
                0x008055d4                _putchar_r
 .text          0x008055dc       0xb4 c:/altera/13.0/nios2eds/bin/gnu/h-i686-mingw32/bin/../lib/gcc/nios2-elf/4.1.2/../../../../nios2-elf/lib\libc.a(lib_a-puts.o)
                0x008055dc                _puts_r
                0x0080567c                puts
 .text          0x00805690       0x60 c:/altera/13.0/nios2eds/bin/gnu/h-i686-mingw32/bin/../lib/gcc/nios2-elf/4.1.2/../../../../nios2-elf/lib\libc.a(lib_a-rget.o)
                0x00805690                __srget_r
                0x008056dc                __srget
 .text          0x008056f0       0xe0 c:/altera/13.0/nios2eds/bin/gnu/h-i686-mingw32/bin/../lib/gcc/nios2-elf/4.1.2/../../../../nios2-elf/lib\libc.a(lib_a-strchr.o)
                0x008056f0                strchr
 .text          0x008057d0      0x674 c:/altera/13.0/nios2eds/bin/gnu/h-i686-mingw32/bin/../lib/gcc/nios2-elf/4.1.2/../../../../nios2-elf/lib\libc.a(lib_a-strerror.o)
                0x008057d0                strerror
 .text          0x00805e44       0x74 c:/altera/13.0/nios2eds/bin/gnu/h-i686-mingw32/bin/../lib/gcc/nios2-elf/4.1.2/../../../../nios2-elf/lib\libc.a(lib_a-strlen.o)
                0x00805e44                strlen
 .text          0x00805eb8        0x8 c:/altera/13.0/nios2eds/bin/gnu/h-i686-mingw32/bin/../lib/gcc/nios2-elf/4.1.2/../../../../nios2-elf/lib\libc.a(lib_a-u_strerr.o)
                0x00805eb8                _user_strerror
 .text          0x00805ec0     0x1f28 c:/altera/13.0/nios2eds/bin/gnu/h-i686-mingw32/bin/../lib/gcc/nios2-elf/4.1.2/../../../../nios2-elf/lib\libc.a(lib_a-vfprintf.o)
                0x00805f18                ___vfprintf_internal_r
                0x00807dc4                __vfprintf_internal
 .text          0x00807de8      0x14c c:/altera/13.0/nios2eds/bin/gnu/h-i686-mingw32/bin/../lib/gcc/nios2-elf/4.1.2/../../../../nios2-elf/lib\libc.a(lib_a-wbuf.o)
                0x00807de8                __swbuf_r
                0x00807f18                __swbuf
 .text          0x00807f34      0x13c c:/altera/13.0/nios2eds/bin/gnu/h-i686-mingw32/bin/../lib/gcc/nios2-elf/4.1.2/../../../../nios2-elf/lib\libc.a(lib_a-wsetup.o)
                0x00807f34                __swsetup_r
 .text          0x00808070      0x1b4 c:/altera/13.0/nios2eds/bin/gnu/h-i686-mingw32/bin/../lib/gcc/nios2-elf/4.1.2/../../../../nios2-elf/lib\libc.a(lib_a-__call_atexit.o)
                0x00808074                __call_exitprocs
 .text          0x00808224     0x17cc c:/altera/13.0/nios2eds/bin/gnu/h-i686-mingw32/bin/../lib/gcc/nios2-elf/4.1.2/../../../../nios2-elf/lib\libc.a(lib_a-dtoa.o)
                0x0080843c                _dtoa_r
 .text          0x008099f0      0x230 c:/altera/13.0/nios2eds/bin/gnu/h-i686-mingw32/bin/../lib/gcc/nios2-elf/4.1.2/../../../../nios2-elf/lib\libc.a(lib_a-fflush.o)
                0x008099f0                _fflush_r
                0x00809bec                fflush
 .text          0x00809c20      0x2c0 c:/altera/13.0/nios2eds/bin/gnu/h-i686-mingw32/bin/../lib/gcc/nios2-elf/4.1.2/../../../../nios2-elf/lib\libc.a(lib_a-findfp.o)
                0x00809c78                __sfp_lock_acquire
                0x00809c7c                __sfp_lock_release
                0x00809c80                __sinit_lock_acquire
                0x00809c84                __sinit_lock_release
                0x00809c88                __sinit
                0x00809d3c                __fp_unlock_all
                0x00809d54                __fp_lock_all
                0x00809d6c                _cleanup_r
                0x00809d78                _cleanup
                0x00809d88                __sfmoreglue
                0x00809df0                __sfp
 .text          0x00809ee0       0xbc c:/altera/13.0/nios2eds/bin/gnu/h-i686-mingw32/bin/../lib/gcc/nios2-elf/4.1.2/../../../../nios2-elf/lib\libc.a(lib_a-fputc.o)
                0x00809ee0                fputc
                0x00809f44                _fputc_r
 .text          0x00809f9c       0x90 c:/altera/13.0/nios2eds/bin/gnu/h-i686-mingw32/bin/../lib/gcc/nios2-elf/4.1.2/../../../../nios2-elf/lib\libc.a(lib_a-fputs.o)
                0x00809f9c                _fputs_r
                0x0080a010                fputs
 .text          0x0080a02c      0x440 c:/altera/13.0/nios2eds/bin/gnu/h-i686-mingw32/bin/../lib/gcc/nios2-elf/4.1.2/../../../../nios2-elf/lib\libc.a(lib_a-freer.o)
                0x0080a02c                _malloc_trim_r
                0x0080a158                _free_r
 .text          0x0080a46c      0x49c c:/altera/13.0/nios2eds/bin/gnu/h-i686-mingw32/bin/../lib/gcc/nios2-elf/4.1.2/../../../../nios2-elf/lib\libc.a(lib_a-fvwrite.o)
                0x0080a46c                __sfvwrite_r
 .text          0x0080a908      0x180 c:/altera/13.0/nios2eds/bin/gnu/h-i686-mingw32/bin/../lib/gcc/nios2-elf/4.1.2/../../../../nios2-elf/lib\libc.a(lib_a-fwalk.o)
                0x0080a908                _fwalk_reent
                0x0080a9d0                _fwalk
 .text          0x0080aa88       0xc4 c:/altera/13.0/nios2eds/bin/gnu/h-i686-mingw32/bin/../lib/gcc/nios2-elf/4.1.2/../../../../nios2-elf/lib\libc.a(lib_a-locale.o)
                0x0080aa88                __locale_charset
                0x0080aa90                _localeconv_r
                0x0080aa9c                localeconv
                0x0080aaac                _setlocale_r
                0x0080ab30                setlocale
 .text          0x0080ab4c      0x194 c:/altera/13.0/nios2eds/bin/gnu/h-i686-mingw32/bin/../lib/gcc/nios2-elf/4.1.2/../../../../nios2-elf/lib\libc.a(lib_a-makebuf.o)
                0x0080ab4c                __smakebuf_r
 .text          0x0080ace0      0x740 c:/altera/13.0/nios2eds/bin/gnu/h-i686-mingw32/bin/../lib/gcc/nios2-elf/4.1.2/../../../../nios2-elf/lib\libc.a(lib_a-mallocr.o)
                0x0080ace0                _malloc_r
 .text          0x0080b420       0xe4 c:/altera/13.0/nios2eds/bin/gnu/h-i686-mingw32/bin/../lib/gcc/nios2-elf/4.1.2/../../../../nios2-elf/lib\libc.a(lib_a-memchr.o)
                0x0080b420                memchr
 .text          0x0080b504      0xff4 c:/altera/13.0/nios2eds/bin/gnu/h-i686-mingw32/bin/../lib/gcc/nios2-elf/4.1.2/../../../../nios2-elf/lib\libc.a(lib_a-mprec.o)
                0x0080b504                _Bfree
                0x0080b52c                __hi0bits
                0x0080b59c                __lo0bits
                0x0080b660                __mcmp
                0x0080b6c0                __ulp
                0x0080b740                __b2d
                0x0080b860                __ratio
                0x0080b910                _mprec_log10
                0x0080b9a4                __copybits
                0x0080b9fc                __any_on
                0x0080ba84                _Balloc
                0x0080bb40                __d2b
                0x0080bcbc                __mdiff
                0x0080be48                __lshift
                0x0080bf94                __multiply
                0x0080c17c                __i2b
                0x0080c1b8                __multadd
                0x0080c2b8                __pow5mult
                0x0080c3d8                __s2b
 .text          0x0080c4f8      0x5f4 c:/altera/13.0/nios2eds/bin/gnu/h-i686-mingw32/bin/../lib/gcc/nios2-elf/4.1.2/../../../../nios2-elf/lib\libc.a(lib_a-reallocr.o)
                0x0080c4f8                _realloc_r
 .text          0x0080caec      0x1e0 c:/altera/13.0/nios2eds/bin/gnu/h-i686-mingw32/bin/../lib/gcc/nios2-elf/4.1.2/../../../../nios2-elf/lib\libc.a(lib_a-refill.o)
                0x0080caec                __srefill_r
 .text          0x0080cccc       0x40 c:/altera/13.0/nios2eds/bin/gnu/h-i686-mingw32/bin/../lib/gcc/nios2-elf/4.1.2/../../../../nios2-elf/lib\libc.a(lib_a-s_isinfd.o)
                0x0080cccc                __isinfd
 .text          0x0080cd0c       0x30 c:/altera/13.0/nios2eds/bin/gnu/h-i686-mingw32/bin/../lib/gcc/nios2-elf/4.1.2/../../../../nios2-elf/lib\libc.a(lib_a-s_isnand.o)
                0x0080cd0c                __isnand
 .text          0x0080cd3c       0x70 c:/altera/13.0/nios2eds/bin/gnu/h-i686-mingw32/bin/../lib/gcc/nios2-elf/4.1.2/../../../../nios2-elf/lib\libc.a(lib_a-sbrkr.o)
                0x0080cd3c                _sbrk_r
 .text          0x0080cdac      0x14c c:/altera/13.0/nios2eds/bin/gnu/h-i686-mingw32/bin/../lib/gcc/nios2-elf/4.1.2/../../../../nios2-elf/lib\libc.a(lib_a-stdio.o)
                0x0080cdac                __sclose
                0x0080cdb4                __sseek
                0x0080ce1c                __swrite
                0x0080ce98                __sread
 .text          0x0080cef8       0xbc c:/altera/13.0/nios2eds/bin/gnu/h-i686-mingw32/bin/../lib/gcc/nios2-elf/4.1.2/../../../../nios2-elf/lib\libc.a(lib_a-strcmp.o)
                0x0080cef8                strcmp
 .text          0x0080cfb4       0x78 c:/altera/13.0/nios2eds/bin/gnu/h-i686-mingw32/bin/../lib/gcc/nios2-elf/4.1.2/../../../../nios2-elf/lib\libc.a(lib_a-writer.o)
                0x0080cfb4                _write_r
 .text          0x0080d02c       0xb4 c:/altera/13.0/nios2eds/bin/gnu/h-i686-mingw32/bin/../lib/gcc/nios2-elf/4.1.2/../../../../nios2-elf/lib\libc.a(lib_a-callocr.o)
                0x0080d02c                _calloc_r
 .text          0x0080d0e0       0x70 c:/altera/13.0/nios2eds/bin/gnu/h-i686-mingw32/bin/../lib/gcc/nios2-elf/4.1.2/../../../../nios2-elf/lib\libc.a(lib_a-closer.o)
                0x0080d0e0                _close_r
 .text          0x0080d150      0x124 c:/altera/13.0/nios2eds/bin/gnu/h-i686-mingw32/bin/../lib/gcc/nios2-elf/4.1.2/../../../../nios2-elf/lib\libc.a(lib_a-fclose.o)
                0x0080d150                _fclose_r
                0x0080d260                fclose
 .text          0x0080d274       0x74 c:/altera/13.0/nios2eds/bin/gnu/h-i686-mingw32/bin/../lib/gcc/nios2-elf/4.1.2/../../../../nios2-elf/lib\libc.a(lib_a-fstatr.o)
                0x0080d274                _fstat_r
 .text          0x0080d2e8        0x0 c:/altera/13.0/nios2eds/bin/gnu/h-i686-mingw32/bin/../lib/gcc/nios2-elf/4.1.2/../../../../nios2-elf/lib\libc.a(lib_a-int_errno.o)
 .text          0x0080d2e8       0x70 c:/altera/13.0/nios2eds/bin/gnu/h-i686-mingw32/bin/../lib/gcc/nios2-elf/4.1.2/../../../../nios2-elf/lib\libc.a(lib_a-isattyr.o)
                0x0080d2e8                _isatty_r
 .text          0x0080d358       0x78 c:/altera/13.0/nios2eds/bin/gnu/h-i686-mingw32/bin/../lib/gcc/nios2-elf/4.1.2/../../../../nios2-elf/lib\libc.a(lib_a-lseekr.o)
                0x0080d358                _lseek_r
 .text          0x0080d3d0       0x78 c:/altera/13.0/nios2eds/bin/gnu/h-i686-mingw32/bin/../lib/gcc/nios2-elf/4.1.2/../../../../nios2-elf/lib\libc.a(lib_a-readr.o)
                0x0080d3d0                _read_r
 .text          0x0080d448      0x5dc c:/altera/13.0/nios2eds/bin/gnu/h-i686-mingw32/bin/../lib/gcc/nios2-elf/4.1.2\libgcc.a(_udivdi3.o)
                0x0080d448                __udivdi3
 .text          0x0080da24      0x5b0 c:/altera/13.0/nios2eds/bin/gnu/h-i686-mingw32/bin/../lib/gcc/nios2-elf/4.1.2\libgcc.a(_umoddi3.o)
                0x0080da24                __umoddi3
 .text          0x0080dfd4      0x258 c:/altera/13.0/nios2eds/bin/gnu/h-i686-mingw32/bin/../lib/gcc/nios2-elf/4.1.2\libgcc.a(_div_df.o)
                0x0080dfd4                __divdf3
 .text          0x0080e22c       0x88 c:/altera/13.0/nios2eds/bin/gnu/h-i686-mingw32/bin/../lib/gcc/nios2-elf/4.1.2\libgcc.a(_eq_df.o)
                0x0080e22c                __eqdf2
 .text          0x0080e2b4       0x88 c:/altera/13.0/nios2eds/bin/gnu/h-i686-mingw32/bin/../lib/gcc/nios2-elf/4.1.2\libgcc.a(_ne_df.o)
                0x0080e2b4                __nedf2
 .text          0x0080e33c       0x88 c:/altera/13.0/nios2eds/bin/gnu/h-i686-mingw32/bin/../lib/gcc/nios2-elf/4.1.2\libgcc.a(_gt_df.o)
                0x0080e33c                __gtdf2
 .text          0x0080e3c4       0x88 c:/altera/13.0/nios2eds/bin/gnu/h-i686-mingw32/bin/../lib/gcc/nios2-elf/4.1.2\libgcc.a(_lt_df.o)
                0x0080e3c4                __ltdf2
 .text          0x0080e44c       0xf8 c:/altera/13.0/nios2eds/bin/gnu/h-i686-mingw32/bin/../lib/gcc/nios2-elf/4.1.2\libgcc.a(_si_to_df.o)
                0x0080e44c                __floatsidf
 .text          0x0080e544      0x14c c:/altera/13.0/nios2eds/bin/gnu/h-i686-mingw32/bin/../lib/gcc/nios2-elf/4.1.2\libgcc.a(lib2-divmod.o)
                0x0080e5c0                __divsi3
                0x0080e620                __modsi3
                0x0080e680                __udivsi3
                0x0080e688                __umodsi3
 .text          0x0080e690       0x6c ../socket_bsp/\libucosii_bsp.a(alt_exit.o)
                0x0080e6d0                _exit
 .text          0x0080e6fc       0xd0 ../socket_bsp/\libucosii_bsp.a(alt_flash_dev.o)
                0x0080e6fc                alt_flash_open_dev
                0x0080e778                alt_flash_close_dev
 .text          0x0080e7cc      0x134 ../socket_bsp/\libucosii_bsp.a(alt_fstat.o)
                0x0080e7cc                fstat
 .text          0x0080e900      0x1c0 ../socket_bsp/\libucosii_bsp.a(alt_irq_register.o)
                0x0080e900                alt_irq_register
 .text          0x0080eac0        0x0 ../socket_bsp/\libucosii_bsp.a(alt_irq_vars.o)
 .text          0x0080eac0      0x120 ../socket_bsp/\libucosii_bsp.a(alt_isatty.o)
                0x0080eac0                isatty
 .text          0x0080ebe0      0x150 ../socket_bsp/\libucosii_bsp.a(alt_lseek.o)
                0x0080ebe0                lseek
 .text          0x0080ed30       0xc8 ../socket_bsp/\libucosii_bsp.a(alt_main.o)
                0x0080ed30                alt_main
 .text          0x0080edf8       0xbc ../socket_bsp/\libucosii_bsp.a(alt_sbrk.o)
                0x0080edf8                sbrk
 .text          0x0080eeb4      0x118 ../socket_bsp/\libucosii_bsp.a(alt_usleep.o)
                0x0080eeb4                usleep
 .text          0x0080efcc      0x108 ../socket_bsp/\libucosii_bsp.a(alt_env_lock.o)
                0x0080efcc                __env_lock
                0x0080f078                __env_unlock
 .text          0x0080f0d4      0x1d8 ../socket_bsp/\libucosii_bsp.a(alt_malloc_lock.o)
                0x0080f0d4                __malloc_lock
                0x0080f1dc                __malloc_unlock
 .text          0x0080f2ac     0x2128 ../socket_bsp/\libucosii_bsp.a(os_core.o)
                0x0080f2ac                OSEventNameGet
                0x0080f3dc                OSEventNameSet
                0x0080f520                OSEventPendMulti
                0x0080fbd4                OSInit
                0x0080fc28                OSIntEnter
                0x0080fca4                OSIntExit
                0x0080fda4                OSSchedLock
                0x0080fe30                OSSchedUnlock
                0x0080ff14                OSStart
                0x0080ff84                OSStatInit
                0x00810030                OSTimeTick
                0x00810270                OSVersion
                0x00810290                OS_Dummy
                0x008102ac                OS_EventTaskRdy
                0x00810440                OS_EventTaskWait
                0x00810550                OS_EventTaskWaitMulti
                0x008106a4                OS_EventTaskRemove
                0x0081075c                OS_EventTaskRemoveMulti
                0x00810860                OS_EventWaitListInit
                0x00810c2c                OS_MemClr
                0x00810c80                OS_MemCopy
                0x00810cec                OS_Sched
                0x00810e30                OS_StrCopy
                0x00810eb0                OS_StrLen
                0x00810f08                OS_TaskIdle
                0x00810f64                OS_TaskStat
                0x0081102c                OS_TaskStatStkChk
                0x008110f4                OS_TCBInit
 .text          0x008113d4      0x18c ../socket_bsp/\libucosii_bsp.a(os_dbg.o)
                0x008113d4                OSDebugInit
 .text          0x00811560     0x193c ../socket_bsp/\libucosii_bsp.a(os_flag.o)
                0x00811560                OSFlagAccept
                0x00811894                OSFlagCreate
                0x008119d0                OSFlagDel
                0x00811c78                OSFlagNameGet
                0x00811dbc                OSFlagNameSet
                0x00811f10                OSFlagPend
                0x00812554                OSFlagPendGetFlagsRdy
                0x008125bc                OSFlagPost
                0x00812964                OSFlagQuery
                0x00812bfc                OS_FlagInit
                0x00812df0                OS_FlagUnlink
 .text          0x00812e9c      0x808 ../socket_bsp/\libucosii_bsp.a(os_mem.o)
                0x00812e9c                OSMemCreate
                0x008130b8                OSMemGet
                0x008131bc                OSMemNameGet
                0x008132c8                OSMemNameSet
                0x008133e8                OSMemPut
                0x008134d8                OSMemQuery
                0x008135d4                OS_MemInit
 .text          0x008136a4     0x1334 ../socket_bsp/\libucosii_bsp.a(os_q.o)
                0x008136a4                OSQAccept
                0x008137f8                OSQCreate
                0x00813a0c                OSQDel
                0x00813d0c                OSQFlush
                0x00813dd4                OSQPend
                0x008140f4                OSQPendAbort
                0x00814270                OSQPost
                0x008143f0                OSQPostFront
                0x00814578                OSQPostOpt
                0x008147ac                OSQQuery
                0x0081492c                OS_QInit
 .text          0x008149d8      0xbc8 ../socket_bsp/\libucosii_bsp.a(os_sem.o)
                0x008149d8                OSSemAccept
                0x00814a98                OSSemCreate
                0x00814bac                OSSemDel
                0x00814e4c                OSSemPend
                0x008150c8                OSSemPendAbort
                0x00815244                OSSemPost
                0x0081536c                OSSemQuery
                0x0081549c                OSSemSet
 .text          0x008155a0     0x1a40 ../socket_bsp/\libucosii_bsp.a(os_task.o)
                0x008155a0                OSTaskChangePrio
                0x00815b14                OSTaskCreate
                0x00815ce8                OSTaskCreateExt
                0x00815ee8                OSTaskDel
                0x008162f4                OSTaskDelReq
                0x00816464                OSTaskNameGet
                0x0081661c                OSTaskNameSet
                0x008167e0                OSTaskResume
                0x008169f8                OSTaskStkChk
                0x00816bf4                OSTaskSuspend
                0x00816e20                OSTaskQuery
                0x00816f64                OS_TaskStkClr
 .text          0x00816fe0      0x670 ../socket_bsp/\libucosii_bsp.a(os_time.o)
                0x00816fe0                OSTimeDly
                0x0081712c                OSTimeDlyHMSM
                0x00817378                OSTimeDlyResume
                0x00817588                OSTimeGet
                0x008175ec                OSTimeSet
 .text          0x00817650      0x118 ../socket_bsp/\libucosii_bsp.a(alt_sys_init.o)
                0x00817650                alt_irq_init
                0x00817684                alt_sys_init
 .text          0x00817768      0x8c8 ../socket_bsp/\libucosii_bsp.a(altera_avalon_cfi_flash.o)
                0x00817768                alt_flash_cfi_init
                0x0081783c                alt_flash_cfi_write
                0x00817afc                alt_flash_cfi_get_info
                0x00817b8c                alt_flash_cfi_read
                0x00817bf4                alt_write_value_to_flash
                0x00817d58                alt_flash_program_block
 .text          0x00818030     0x14a8 ../socket_bsp/\libucosii_bsp.a(altera_avalon_cfi_flash_table.o)
                0x00818030                alt_read_query_entry_8bit
                0x00818070                alt_read_query_entry_16bit
                0x008180b4                alt_read_query_entry_32bit
                0x008180fc                alt_write_flash_command_8bit_device_8bit_mode
                0x00818138                alt_write_flash_command_16bit_device_8bit_mode
                0x008181b4                alt_write_flash_command_32bit_device_8bit_mode
                0x008181fc                alt_write_flash_command_16bit_device_16bit_mode
                0x00818240                alt_write_flash_command_32bit_device_16bit_mode
                0x00818288                alt_write_flash_command_32bit_device_32bit_mode
                0x008182d0                alt_write_native_8bit
                0x00818304                alt_write_native_16bit
                0x00818338                alt_write_native_32bit
                0x00818368                alt_set_flash_width_func
                0x00818548                alt_set_flash_algorithm_func
                0x00818670                alt_read_cfi_table
                0x00818c50                alt_read_cfi_width
                0x008193fc                alt_check_primary_table
 .text          0x008194d8      0x9e4 ../socket_bsp/\libucosii_bsp.a(altera_avalon_epcs_flash_controller.o)
                0x008194d8                alt_epcs_flash_init
                0x008198f4                alt_epcs_flash_write
                0x00819b74                alt_epcs_flash_get_info
                0x00819c04                alt_epcs_flash_erase_block
                0x00819d08                alt_epcs_flash_write_block
                0x00819e24                alt_epcs_flash_read
 .text          0x00819ebc      0x148 ../socket_bsp/\libucosii_bsp.a(altera_avalon_jtag_uart_fd.o)
                0x00819ebc                altera_avalon_jtag_uart_read_fd
                0x00819f14                altera_avalon_jtag_uart_write_fd
                0x00819f6c                altera_avalon_jtag_uart_close_fd
                0x00819fb4                altera_avalon_jtag_uart_ioctl_fd
 .text          0x0081a004      0x584 ../socket_bsp/\libucosii_bsp.a(altera_avalon_jtag_uart_init.o)
                0x0081a004                altera_avalon_jtag_uart_init
                0x0081a514                altera_avalon_jtag_uart_close
 .text          0x0081a588       0xf4 ../socket_bsp/\libucosii_bsp.a(altera_avalon_jtag_uart_ioctl.o)
                0x0081a588                altera_avalon_jtag_uart_ioctl
 .text          0x0081a67c      0x2c0 ../socket_bsp/\libucosii_bsp.a(altera_avalon_jtag_uart_read.o)
                0x0081a67c                altera_avalon_jtag_uart_read
 .text          0x0081a93c      0x2dc ../socket_bsp/\libucosii_bsp.a(altera_avalon_jtag_uart_write.o)
                0x0081a93c                altera_avalon_jtag_uart_write
 .text          0x0081ac18      0xf3c ../socket_bsp/\libucosii_bsp.a(altera_avalon_lcd_16207.o)
                0x0081b3ec                altera_avalon_lcd_16207_write
                0x0081b9f0                altera_avalon_lcd_16207_init
 .text          0x0081bb54       0x58 ../socket_bsp/\libucosii_bsp.a(altera_avalon_lcd_16207_fd.o)
                0x0081bb54                altera_avalon_lcd_16207_write_fd
 .text          0x0081bbac      0x100 ../socket_bsp/\libucosii_bsp.a(altera_avalon_timer_sc.o)
                0x0081bc1c                alt_avalon_timer_sc_init
 .text          0x0081bcac       0xf8 ../socket_bsp/\libucosii_bsp.a(altera_avalon_uart_fd.o)
                0x0081bcac                altera_avalon_uart_read_fd
                0x0081bd04                altera_avalon_uart_write_fd
                0x0081bd5c                altera_avalon_uart_close_fd
 .text          0x0081bda4      0x57c ../socket_bsp/\libucosii_bsp.a(altera_avalon_uart_init.o)
                0x0081bda4                altera_avalon_uart_init
                0x0081c2c0                altera_avalon_uart_close
 .text          0x0081c320      0x310 ../socket_bsp/\libucosii_bsp.a(altera_avalon_uart_read.o)
                0x0081c320                altera_avalon_uart_read
 .text          0x0081c630      0x2a8 ../socket_bsp/\libucosii_bsp.a(altera_avalon_uart_write.o)
                0x0081c630                altera_avalon_uart_write
 .text          0x0081c8d8      0x6d4 ../socket_bsp/\libucosii_bsp.a(epcs_commands.o)
                0x0081c8d8                epcs_read_status_register
                0x0081c938                epcs_sector_erase
                0x0081caa0                epcs_read_buffer
                0x0081cbec                epcs_write_enable
                0x0081cc3c                epcs_write_status_register
                0x0081cca0                epcs_write_buffer
                0x0081ce10                epcs_read_electronic_signature
                0x0081ce7c                epcs_read_device_id
                0x0081cefc                epcs_enter_4_bytes_mode
                0x0081cf54                epcs_exit_4_bytes_mode
 .text          0x0081cfac       0x54 ../socket_bsp/\libucosii_bsp.a(alt_iniche_close.o)
                0x0081cfac                close
 .text          0x0081d000      0x144 ../socket_bsp/\libucosii_bsp.a(alt_iniche_dev.o)
                0x0081d000                iniche_devices_init
 .text          0x0081d144       0x78 ../socket_bsp/\libucosii_bsp.a(alt_iniche_read.o)
                0x0081d144                read
 .text          0x0081d1bc       0x70 ../socket_bsp/\libucosii_bsp.a(alt_iniche_write.o)
                0x0081d1bc                write
 .text          0x0081d22c      0xedc ../socket_bsp/\libucosii_bsp.a(ipnet.o)
                0x0081d22c                Netinit
                0x0081d878                fixup_subnet_mask
                0x0081d9d8                netclose
                0x0081dac0                pktdemux
                0x0081de94                c_older
                0x0081df64                ip2mac
 .text          0x0081e108      0x4b0 ../socket_bsp/\libucosii_bsp.a(ipstart.o)
                0x0081e108                ip_startup
                0x0081e3ec                exit_hook
                0x0081e458                ip_exit
                0x0081e528                if_netnumber
 .text          0x0081e5b8     0x10e8 ../socket_bsp/\libucosii_bsp.a(igmp_cmn.o)
                0x0081e5b8                igmp_init
                0x0081e6a8                igmp_input
                0x0081e7a0                igmp_fasttimo
                0x0081e9d4                igmp_send
                0x0081ec7c                igmp_joingroup
                0x0081eee8                igmp_leavegroup
                0x0081ef64                igmp_validate
                0x0081f2c0                igmp_print_stats
 .text          0x0081f6a0      0xbc8 ../socket_bsp/\libucosii_bsp.a(bsdsock.o)
                0x0081f6a0                bsd_accept
                0x0081f7d8                bsd_getpeername
                0x0081f904                bsd_getsockname
                0x0081fa30                bsd_i_sockoptlen
                0x0081fbe8                bsd_getsockopt
                0x0081fd08                bsd_ioctl
                0x0081fe0c                bsd_inet_ntoa
                0x0081fe3c                bsd_recvfrom
                0x0081ff9c                bsd_select
                0x0082017c                bsd_setsockopt
 .text          0x00820268      0x118 ../socket_bsp/\libucosii_bsp.a(cksum.o)
                0x00820268                ccksum
                0x00820318                cksum
 .text          0x00820380      0xa9c ../socket_bsp/\libucosii_bsp.a(in_utils.o)
                0x00820380                do_trap
                0x008203ac                nextarg
                0x00820428                hexdump
                0x00820570                print_ipad
                0x008205e4                print_uptime
                0x00820710                panic
                0x00820754                print_eth
                0x008208b8                uslash
                0x00820938                ns_printf
                0x00820abc                std_out
                0x00820b00                con_page
                0x00820bf0                parse_args
 .text          0x00820e1c      0x1c8 ../socket_bsp/\libucosii_bsp.a(netmain.o)
                0x00820e1c                netmain
                0x00820f10                tk_netmain
                0x00820f98                tk_nettick
 .text          0x00820fe4      0x810 ../socket_bsp/\libucosii_bsp.a(parseip.o)
                0x00820fe4                parse_ipad
                0x00821300                inet_addr
                0x00821368                hextoa
                0x008213d8                inet_pton
                0x00821484                inet_ntop
                0x00821510                print46_addr
                0x00821570                inet46_addr
                0x00821634                inet_setport
                0x008216a8                convert_ip
 .text          0x008217f4      0x5e8 ../socket_bsp/\libucosii_bsp.a(tk_crnos.o)
                0x008217f4                TK_OSTimeDly
                0x00821820                TK_OSTaskResume
                0x00821890                tcp_sleep
                0x00821a30                tcp_wakeup
                0x00821b34                TK_OSTaskQuery
                0x00821ba8                tk_yield
                0x00821bd4                tk_stats
 .text          0x00821ddc     0x3294 ../socket_bsp/\libucosii_bsp.a(dhcpclnt.o)
                0x00821ddc                dhc_get_srv_ipaddr
                0x00821e6c                dhc_init
                0x00821f28                dhc_set_callback
                0x00821f6c                dhc_upcall
                0x0082279c                dhc_buildheader
                0x008229b8                dhc_discover
                0x00822ed0                dhc_rx_offer
                0x00822fd4                dhc_request
                0x00823b10                dhc_setip
                0x00823d90                dhc_resetip
                0x00823e74                dhc_decline
                0x00824058                dhc_extract_opts
                0x00824314                dhc_second
                0x00824c04                dhc_halt
                0x00824c8c                dhc_reclaim
                0x00824e5c                dhc_state_init
                0x00824ebc                dhc_alldone
                0x00824f4c                dhc_ifacedone
                0x00824fc0                dhc_set_state
 .text          0x00825070       0xcc ../socket_bsp/\libucosii_bsp.a(dhcputil.o)
                0x00825070                find_opt
 .text          0x0082513c      0x79c ../socket_bsp/\libucosii_bsp.a(pktalloc.o)
                0x0082513c                pk_init
                0x008253cc                pk_alloc
                0x008254a8                pk_validate
                0x00825760                pk_free
                0x0082580c                pk_get_max_intrsafe_buf_len
                0x0082582c                dump_buf_estats
 .text          0x008258d8      0x288 ../socket_bsp/\libucosii_bsp.a(q.o)
                0x008258d8                getq
                0x008259a0                putq
                0x00825a50                qdel
 .text          0x00825b60      0x31c ../socket_bsp/\libucosii_bsp.a(udp_open.o)
                0x00825b60                udp_open
                0x00825d98                udp_close
 .text          0x00825e7c      0x194 ../socket_bsp/\libucosii_bsp.a(asm_cksum.o)
                0x00825e7c                asm_cksum
 .text          0x00826010      0x2e4 ../socket_bsp/\libucosii_bsp.a(brdutils.o)
                0x00826010                dtrap
                0x00826040                kbhit
                0x008260ec                getch
                0x0082614c                clock_init
                0x00826188                clock_c
                0x008261a4                cticks_hook
                0x00826254                irq_Mask
                0x008262b0                irq_Unmask
 .text          0x008262f4      0x488 ../socket_bsp/\libucosii_bsp.a(osportco.o)
                0x008262f4                LOCK_NET_RESOURCE
                0x008263b4                UNLOCK_NET_RESOURCE
                0x0082643c                TK_NEWTASK
                0x00826650                wait_app_sem
                0x00826704                post_app_sem
 .text          0x0082677c      0x568 ../socket_bsp/\libucosii_bsp.a(targnios.o)
                0x0082677c                alt_iniche_init
                0x00826998                pre_task_setup
                0x00826a0c                post_task_setup
                0x00826a2c                prep_armintcp
                0x00826a64                calloc2
                0x00826a98                npalloc
                0x00826b8c                npfree
                0x00826c44                ncpalloc
                0x00826c98                ncpfree
 .text          0x00826ce4     0x19b8 ../socket_bsp/\libucosii_bsp.a(nptcp.o)
                0x00826ce4                pffindtype
                0x00826d84                pffindproto
                0x00826e54                m_getnbuf
                0x00826ffc                m_free
                0x00827130                m_freem
                0x00827174                m_copy
                0x00827498                m_adj
                0x00827668                mbuf_len
                0x008276c0                dtom
                0x00827768                remque
                0x008277d8                insque
                0x00827854                nptcp_init
                0x00827978                tcp_rcv
                0x00827b64                ip_output
                0x0082815c                in_broadcast
                0x0082819c                np_stripoptions
                0x00828284                so_icmpdu
                0x008285dc                tcp_tick
 .text          0x0082869c      0xa2c ../socket_bsp/\libucosii_bsp.a(rawsock.o)
                0x0082869c                rawip_lookup
                0x0082870c                rawip_soinput
                0x008288e0                rawip_usrreq
 .text          0x008290c8     0x17fc ../socket_bsp/\libucosii_bsp.a(sockcall.o)
                0x008290c8                DOMAIN_CHECK
                0x00829114                t_socket
                0x008291a4                t_bind
                0x00829320                t_listen
                0x00829404                t_accept
                0x0082969c                t_connect
                0x00829944                t_getpeername
                0x00829988                t_getsockname
                0x00829bc8                t_setsockopt
                0x00829da4                t_getsockopt
                0x00829f48                t_recv
                0x0082a038                t_recvfrom
                0x0082a188                t_sendto
                0x0082a3b4                t_send
                0x0082a5dc                t_shutdown
                0x0082a6c0                t_socketclose
                0x0082a828                t_errno
 .text          0x0082a8c4     0x23ec ../socket_bsp/\libucosii_bsp.a(socket.o)
                0x0082a8c4                socreate
                0x0082aa90                sobind
                0x0082aaec                solisten
                0x0082abdc                sofree
                0x0082ad0c                soclose
                0x0082b078                soabort
                0x0082b0c8                soaccept
                0x0082b164                soconnect
                0x0082b238                sodisconnect
                0x0082b2d8                sosend
                0x0082b8e0                soreceive
                0x0082c0c4                soshutdown
                0x0082c16c                sorflush
                0x0082c26c                sosetopt
                0x0082c72c                sogetopt
                0x0082cc6c                sohasoutofband
 .text          0x0082ccb0     0x12f8 ../socket_bsp/\libucosii_bsp.a(socket2.o)
                0x0082ccb0                soisconnecting
                0x0082cd1c                soisconnected
                0x0082ce18                soisdisconnecting
                0x0082cea4                soisdisconnected
                0x0082cf60                sonewconn
                0x0082d17c                soqinsque
                0x0082d228                soqremque
                0x0082d348                socantsendmore
                0x0082d398                socantrcvmore
                0x0082d3e8                sbselqueue
                0x0082d420                sbwait
                0x0082d488                sbwakeup
                0x0082d524                soreserve
                0x0082d5a4                sbreserve
                0x0082d604                sbrelease
                0x0082d64c                sbappend
                0x0082d6f4                sbappendrecord
                0x0082d7d4                sbappendaddr
                0x0082d9bc                sbcompress
                0x0082dba4                sbflush
                0x0082dc34                sbdrop
                0x0082de04                sbdropend
                0x0082df14                sbdroprecord
 .text          0x0082dfa8      0x914 ../socket_bsp/\libucosii_bsp.a(soselect.o)
                0x0082dfa8                t_select
                0x0082e1c8                sock_selscan
                0x0082e320                sock_select
                0x0082e534                in_pcbnotify
                0x0082e600                tcp_notify
                0x0082e668                ifd_clr
                0x0082e758                ifd_set
                0x0082e7cc                ifd_isset
                0x0082e84c                ifd_get
 .text          0x0082e8bc     0x3020 ../socket_bsp/\libucosii_bsp.a(tcp_in.o)
                0x0082e8bc                tcp_reass
                0x0082ecc4                tcp_input
                0x00831218                tcp_dooptions
                0x008313a8                tcp_pulloutofband
                0x008314d4                tcp_xmit_timer
                0x00831778                ip4_tcpmss
                0x008317c0                tcp_mss
 .text          0x008318dc     0x1360 ../socket_bsp/\libucosii_bsp.a(tcp_out.o)
                0x008318dc                tcp_output
                0x00832a58                tcp_setpersist
 .text          0x00832c3c      0x9e8 ../socket_bsp/\libucosii_bsp.a(tcp_subr.o)
                0x00832c3c                tcp_init
                0x00832c94                tcp_template
                0x00832dac                tcp_respond
                0x00833234                tcp_newtcpcb
                0x0083334c                tcp_drop
                0x008333f8                tcp_close
                0x008334e0                tcp_quench
                0x0083352c                tcp_putseq
                0x008335ac                tcp_getseq
 .text          0x00833624      0x798 ../socket_bsp/\libucosii_bsp.a(tcp_timr.o)
                0x00833624                tcp_slowtimo
                0x008338c4                tcp_canceltimers
                0x00833920                tcp_timers
 .text          0x00833dbc      0x9ec ../socket_bsp/\libucosii_bsp.a(tcp_usr.o)
                0x00833dbc                tcp_usrreq
                0x008344c0                tcp_attach
                0x008345f4                tcp_disconnect
                0x008346c8                tcp_usrclosed
 .text          0x008347a8       0x4c ../socket_bsp/\libucosii_bsp.a(tcpport.o)
                0x008347a8                tcpinit
 .text          0x008347f4      0xd20 ../socket_bsp/\libucosii_bsp.a(udpsock.o)
                0x008347f4                udp_lookup
                0x00834864                udp_soinput
                0x00834a1c                udp_usrreq
                0x00834ca0                udp4_sockbind
                0x00834fdc                udp4_socksend
                0x008353b8                udp4_sockaddr
 .text          0x00835514      0x154 ../socket_bsp/\libucosii_bsp.a(alt_alarm_start.o)
                0x00835514                alt_alarm_start
 .text          0x00835668      0x14c ../socket_bsp/\libucosii_bsp.a(alt_busy_sleep.o)
                0x00835668                alt_busy_sleep
 .text          0x008357b4      0x15c ../socket_bsp/\libucosii_bsp.a(alt_close.o)
                0x008357b4                alt_close
 .text          0x00835910       0x78 ../socket_bsp/\libucosii_bsp.a(alt_dcache_flush.o)
                0x00835910                alt_dcache_flush
 .text          0x00835988       0x2c ../socket_bsp/\libucosii_bsp.a(alt_dev.o)
 .text          0x008359b4      0x114 ../socket_bsp/\libucosii_bsp.a(alt_dev_llist_insert.o)
                0x008359b4                alt_dev_llist_insert
 .text          0x00835ac8       0x64 ../socket_bsp/\libucosii_bsp.a(alt_do_ctors.o)
                0x00835ac8                _do_ctors
 .text          0x00835b2c       0x64 ../socket_bsp/\libucosii_bsp.a(alt_do_dtors.o)
                0x00835b2c                _do_dtors
 .text          0x00835b90        0x0 ../socket_bsp/\libucosii_bsp.a(alt_errno.o)
 .text          0x00835b90       0x94 ../socket_bsp/\libucosii_bsp.a(alt_find_dev.o)
                0x00835b90                alt_find_dev
 .text          0x00835c24      0x1d4 ../socket_bsp/\libucosii_bsp.a(alt_iic.o)
                0x00835c24                alt_ic_isr_register
                0x00835c74                alt_ic_irq_enable
                0x00835d10                alt_ic_irq_disable
                0x00835db0                alt_ic_irq_enabled
 .text          0x00835df8       0xf8 ../socket_bsp/\libucosii_bsp.a(alt_iic_isr_register.o)
                0x00835df8                alt_iic_isr_register
 .text          0x00835ef0      0x13c ../socket_bsp/\libucosii_bsp.a(alt_io_redirect.o)
                0x00835fb4                alt_io_redirect
 .text          0x0083602c        0x0 ../socket_bsp/\libucosii_bsp.a(alt_irq_entry.o)
 .text          0x0083602c        0x0 ../socket_bsp/\libucosii_bsp.a(alt_irq_handler.o)
 .text          0x0083602c      0x2c4 ../socket_bsp/\libucosii_bsp.a(alt_open.o)
                0x00836108                open
 .text          0x008362f0      0x180 ../socket_bsp/\libucosii_bsp.a(alt_read.o)
                0x008362f0                alt_read
 .text          0x00836470       0x60 ../socket_bsp/\libucosii_bsp.a(alt_release_fd.o)
                0x00836470                alt_release_fd
 .text          0x008364d0       0x38 ../socket_bsp/\libucosii_bsp.a(alt_remap_cached.o)
                0x008364d0                alt_remap_cached
 .text          0x00836508       0x40 ../socket_bsp/\libucosii_bsp.a(alt_remap_uncached.o)
                0x00836508                alt_remap_uncached
 .text          0x00836548      0x1a8 ../socket_bsp/\libucosii_bsp.a(alt_tick.o)
                0x00836548                alt_alarm_stop
                0x008365e0                alt_tick
 .text          0x008366f0      0x180 ../socket_bsp/\libucosii_bsp.a(alt_write.o)
                0x008366f0                alt_write
 .text          0x00836870       0x20 ../socket_bsp/\libucosii_bsp.a(altera_nios2_qsys_irq.o)
                0x00836870                altera_nios2_qsys_irq_init
 .text          0x00836890       0xd0 ../socket_bsp/\libucosii_bsp.a(os_cpu_a.o)
                0x00836890                OSCtxSw
                0x00836890                OSIntCtxSw
                0x0083691c                OSStartHighRdy
                0x0083693c                OSStartTsk
 .text          0x00836960      0x424 ../socket_bsp/\libucosii_bsp.a(os_cpu_c.o)
                0x00836960                OSTaskStkInit
                0x00836c70                OSTaskCreateHook
                0x00836c90                OSTaskDelHook
                0x00836cb0                OSTaskSwHook
                0x00836ccc                OSTaskStatHook
                0x00836ce8                OSTimeTickHook
                0x00836d10                OSInitHookBegin
                0x00836d2c                OSInitHookEnd
                0x00836d48                OSTaskIdleHook
                0x00836d64                OSTCBInitHook
 .text          0x00836d84      0x460 ../socket_bsp/\libucosii_bsp.a(altera_avalon_cfi_flash_amd.o)
                0x00836d84                alt_program_amd
                0x00836dec                alt_erase_block_amd
 .text          0x008371e4      0x460 ../socket_bsp/\libucosii_bsp.a(altera_avalon_cfi_flash_intel.o)
                0x008371e4                alt_program_intel
                0x00837268                alt_erase_block_intel
 .text          0x00837644      0x238 ../socket_bsp/\libucosii_bsp.a(altera_avalon_spi.o)
                0x00837644                alt_avalon_spi_command
 .text          0x0083787c      0x444 ../socket_bsp/\libucosii_bsp.a(allports.o)
                0x0083787c                netmain_init
                0x00837978                icmp_port_du
                0x00837a00                station_state
                0x00837b64                sysuptime
                0x00837bf8                packet_check
                0x00837c44                mcastlist
                0x00837c68                prep_modules
 .text          0x00837cc0      0x580 ../socket_bsp/\libucosii_bsp.a(timeouts.o)
                0x00837cc0                inet_timer
                0x00837fc0                in_timerset
                0x00838198                in_timerkill
 .text          0x00838240       0xa4 ../socket_bsp/\libucosii_bsp.a(tk_misc.o)
                0x00838240                create_apptasks
                0x00838264                task_stats
 .text          0x008382e4       0xb0 ../socket_bsp/\libucosii_bsp.a(alt_iniche_fcntl.o)
                0x008382e4                fcntl
 .text          0x00838394     0x15b0 ../socket_bsp/\libucosii_bsp.a(et_arp.o)
                0x00838394                etainit
                0x008383e8                et_send
                0x00838564                arp_free_pending
                0x008385ec                arp_send_pending
                0x00838660                send_arp
                0x00838af8                find_oldest_arp
                0x00838cf4                make_arp_entry
                0x00838e08                arpReply
                0x0083909c                arprcv
                0x008392fc                send_via_arp
                0x008394cc                cb_arpent_tmo
                0x00839678                grat_arp
 .text          0x00839944      0x298 ../socket_bsp/\libucosii_bsp.a(iface.o)
                0x00839944                if_getbynum
                0x008399c8                isbcast
                0x00839aa8                reg_type
                0x00839b44                if_killsocks
 .text          0x00839bdc     0x22a4 ../socket_bsp/\libucosii_bsp.a(ip.o)
                0x00839bdc                ip_init
                0x00839cd8                ip_bldhead
                0x00839e7c                ip_write_internal
                0x0083a5fc                ip_write
                0x0083a844                ip_write2
                0x0083abf4                ip_raw_write
                0x0083accc                ip_fragment_lc
                0x0083b154                ip_fragment
                0x0083b778                ip_mymach
                0x0083b824                ip_dump
                0x0083badc                iproute
                0x0083bd48                ip_copypkt
 .text          0x0083be80     0x1e08 ../socket_bsp/\libucosii_bsp.a(ip_reasm.o)
                0x0083be80                ip_reasm_match_frag_with_ire
                0x0083bf50                ip_reasm_determine_type_of_frag
                0x0083c03c                ip_reasm_check_mem_useage
                0x0083c0d4                ip_reasm_incr_mem_useage
                0x0083c17c                ip_reasm_decr_mem_useage
                0x0083c21c                ip_reasm_process_first_fragment
                0x0083c4fc                ip_reassm
                0x0083c59c                ip_reasm_compute_overlap
                0x0083cb2c                ip_reasm_process_subsequent_fragments
                0x0083d0c0                ip_reasm_find_ire
                0x0083d124                ip_reasm_copy_queued_fragments_into_reassy_buffer
                0x0083d480                ip_reasm_process_timer_tick
                0x0083d5a0                ip_reasm_delete_ire
                0x0083d768                ip_reasm_mark_compact_rfq
                0x0083d8b0                ipr_stats
                0x0083dc34                ip_reasm_send_icmp_timex
 .text          0x0083dc88      0xe3c ../socket_bsp/\libucosii_bsp.a(ipdemux.o)
                0x0083dc88                ip_rcv
                0x0083e088                ip_rcv_phase2
                0x0083e694                ip_demux
 .text          0x0083eac4      0x2f0 ../socket_bsp/\libucosii_bsp.a(ipmc.o)
                0x0083eac4                in_addmulti
                0x0083ec2c                in_delmulti
                0x0083ed44                lookup_mcast
 .text          0x0083edb4       0xe4 ../socket_bsp/\libucosii_bsp.a(ipport.o)
                0x0083edb4                prep_ifaces
                0x0083ee48                netexit
                0x0083ee70                evtmap_setup
 .text          0x0083ee98      0x550 ../socket_bsp/\libucosii_bsp.a(ipraw.o)
                0x0083ee98                ip_raw_open
                0x0083ef88                ip_raw_close
                0x0083f048                ip_raw_input
                0x0083f280                ip_raw_alloc
                0x0083f34c                ip_raw_free
                0x0083f38c                ip_raw_maxalloc
 .text          0x0083f3e8      0x6f0 ../socket_bsp/\libucosii_bsp.a(iproute.o)
                0x0083f3e8                rt_lookup
                0x0083f56c                add_route
                0x0083f994                del_route
 .text          0x0083fad8      0xe3c ../socket_bsp/\libucosii_bsp.a(udp.o)
                0x0083fad8                udpdemux
                0x00840330                udp_send
                0x008405e8                udpswap
                0x00840718                udp_socket
                0x008407e8                udp_alloc
                0x008408a8                udp_maxalloc
                0x008408d4                udp_free
 .text          0x00840914      0x2e8 ../socket_bsp/\libucosii_bsp.a(igmp.o)
                0x00840914                igmpv1_input
 .text          0x00840bfc      0x7c0 ../socket_bsp/\libucosii_bsp.a(igmp2.o)
                0x00840bfc                igmpv2_input
                0x00840d5c                igmpv2_process_report
                0x00840ea8                igmpv2_process_query
                0x008410f4                igmpv2_chk_set_timer
                0x0084124c                igmpv2_chk4_rtr_alert_opt
 .text          0x008413bc      0x8fc ../socket_bsp/\libucosii_bsp.a(ipopt.o)
                0x008413bc                IPADDR_TO_NETP
                0x00841504                ip_setmoptions
                0x00841af4                ip_getmoptions
                0x00841c34                ip_freemoptions
 .text          0x00841cb8      0x6e8 ../socket_bsp/\libucosii_bsp.a(u_mctest.o)
                0x00841cb8                u_mctest_init
                0x00841ce8                u_mctest_run
 .text          0x008423a0      0x3d0 ../socket_bsp/\libucosii_bsp.a(dhcsetup.o)
                0x008423a0                dhc_setup
                0x0084266c                dhc_main_ipset
 .text          0x00842770      0x40c ../socket_bsp/\libucosii_bsp.a(memdev.o)
                0x00842770                init_memdev
                0x008427e8                md_fopen
                0x00842810                md_fclose
                0x00842830                md_fread
                0x008429b0                md_fwrite
                0x00842a30                md_fseek
                0x00842a5c                md_ftell
                0x00842a80                md_fgetc
                0x00842b58                md_unlink
 .text          0x00842b7c      0x1cc ../socket_bsp/\libucosii_bsp.a(tcpcksum.o)
                0x00842b7c                tcp_cksum
 .text          0x00842d48      0x900 ../socket_bsp/\libucosii_bsp.a(in_pcb.o)
                0x00842d48                in_pcballoc
                0x00842ddc                in_pcbdetach
                0x00842e30                in_pcbbind
                0x00843084                in_pcbconnect
                0x00843294                in_pcbdisconnect
                0x008432f4                in_setsockaddr
                0x00843370                in_setpeeraddr
                0x008433ec                in_pcblookup
 .text          0x00843648     0x1a74 ../socket_bsp/\libucosii_bsp.a(vfsfiles.o)
                0x00843648                set_vfopen_error
                0x00843670                get_vfopen_error
                0x00843690                vf_alloc_and_link_vop
                0x0084370c                vf_alloc_buffer
                0x008437e4                vf_free_buffer
                0x00843834                vfopen_locked
                0x00843b9c                vfopen
                0x00843bec                vfclose_locked
                0x00843d94                vfclose
                0x00843dd4                vfflush
                0x00843e1c                vfgets
                0x00843f00                vfeof
                0x00843f58                vunlink_flag_open_files
                0x00843fb4                vunlink
                0x008441d4                vfread
                0x00844380                vfwrite_locked
                0x00844768                vfwrite
                0x008447c8                vfseek
                0x00844944                vftell
                0x00844a78                vgetc_locked
                0x00844b98                vgetc
                0x00844be0                vfslookup_locked
                0x00844d18                vfslookup
                0x00844d60                strippath
                0x00844f48                isvfile_locked
                0x00844fac                isvfile
                0x00844ff4                vferror
                0x00845060                vclearerr
 .text          0x008450bc       0x24 ../socket_bsp/\libucosii_bsp.a(vfsport.o)
                0x008450bc                prep_vfs
 .text          0x008450e0        0x0 ../socket_bsp/\libucosii_bsp.a(alt_exception_entry.o)
 .text          0x008450e0      0x1b4 ../socket_bsp/\libucosii_bsp.a(alt_fcntl.o)
                0x008450e0                alt_fcntl
 .text          0x00845294      0x120 ../socket_bsp/\libucosii_bsp.a(alt_find_file.o)
                0x00845294                alt_find_file
 .text          0x008453b4       0xf4 ../socket_bsp/\libucosii_bsp.a(alt_get_fd.o)
                0x008453b4                alt_get_fd
 .text          0x008454a8     0x130c ../socket_bsp/\libucosii_bsp.a(icmp.o)
                0x008454a8                icmprcv
                0x008460dc                icmp_destun
                0x0084642c                icmp_timex
                0x00846760                icmp_du
 .text          0x008467b4       0x14 c:/altera/13.0/nios2eds/bin/gnu/h-i686-mingw32/bin/../lib/gcc/nios2-elf/4.1.2/../../../../nios2-elf/lib\libc.a(lib_a-atexit.o)
                0x008467b4                atexit
 .text          0x008467c8       0x18 c:/altera/13.0/nios2eds/bin/gnu/h-i686-mingw32/bin/../lib/gcc/nios2-elf/4.1.2/../../../../nios2-elf/lib\libc.a(lib_a-atoi.o)
                0x008467c8                _atoi_r
                0x008467d4                atoi
 .text          0x008467e0       0x1c c:/altera/13.0/nios2eds/bin/gnu/h-i686-mingw32/bin/../lib/gcc/nios2-elf/4.1.2/../../../../nios2-elf/lib\libc.a(lib_a-calloc.o)
                0x008467e0                calloc
 .text          0x008467fc       0x28 c:/altera/13.0/nios2eds/bin/gnu/h-i686-mingw32/bin/../lib/gcc/nios2-elf/4.1.2/../../../../nios2-elf/lib\libc.a(lib_a-malloc.o)
                0x008467fc                free
                0x00846810                malloc
 .text          0x00846824       0x74 c:/altera/13.0/nios2eds/bin/gnu/h-i686-mingw32/bin/../lib/gcc/nios2-elf/4.1.2/../../../../nios2-elf/lib\libc.a(lib_a-memcmp.o)
                0x00846824                memcmp
 .text          0x00846898       0xd4 c:/altera/13.0/nios2eds/bin/gnu/h-i686-mingw32/bin/../lib/gcc/nios2-elf/4.1.2/../../../../nios2-elf/lib\libc.a(lib_a-sprintf.o)
                0x00846898                sprintf
                0x0084690c                _sprintf_r
 .text          0x0084696c       0x8c c:/altera/13.0/nios2eds/bin/gnu/h-i686-mingw32/bin/../lib/gcc/nios2-elf/4.1.2/../../../../nios2-elf/lib\libc.a(lib_a-strcpy.o)
                0x0084696c                strcpy
 .text          0x008469f8       0xf0 c:/altera/13.0/nios2eds/bin/gnu/h-i686-mingw32/bin/../lib/gcc/nios2-elf/4.1.2/../../../../nios2-elf/lib\libc.a(lib_a-strncmp.o)
                0x008469f8                strncmp
 .text          0x00846ae8       0xbc c:/altera/13.0/nios2eds/bin/gnu/h-i686-mingw32/bin/../lib/gcc/nios2-elf/4.1.2/../../../../nios2-elf/lib\libc.a(lib_a-strncpy.o)
                0x00846ae8                strncpy
 .text          0x00846ba4      0x268 c:/altera/13.0/nios2eds/bin/gnu/h-i686-mingw32/bin/../lib/gcc/nios2-elf/4.1.2/../../../../nios2-elf/lib\libc.a(lib_a-strtol.o)
                0x00846ba4                _strtol_r
                0x00846de8                strtol
 .text          0x00846e0c       0x34 c:/altera/13.0/nios2eds/bin/gnu/h-i686-mingw32/bin/../lib/gcc/nios2-elf/4.1.2/../../../../nios2-elf/lib\libc.a(lib_a-vprintf.o)
                0x00846e0c                _vprintf_r
                0x00846e20                vprintf
 .text          0x00846e40       0x74 c:/altera/13.0/nios2eds/bin/gnu/h-i686-mingw32/bin/../lib/gcc/nios2-elf/4.1.2/../../../../nios2-elf/lib\libc.a(lib_a-vsprintf.o)
                0x00846e40                _vsprintf_r
                0x00846e90                vsprintf
 .text          0x00846eb4      0x134 c:/altera/13.0/nios2eds/bin/gnu/h-i686-mingw32/bin/../lib/gcc/nios2-elf/4.1.2/../../../../nios2-elf/lib\libc.a(lib_a-__atexit.o)
                0x00846eb4                __register_exitproc
 *(.gnu.warning.*)
 *(.fini)
                0x00846fe8                PROVIDE (__etext, ABSOLUTE (.))
                0x00846fe8                PROVIDE (_etext, ABSOLUTE (.))
                0x00846fe8                PROVIDE (etext, ABSOLUTE (.))
 *(.eh_frame_hdr)
                0x00846fe8                . = ALIGN (0x4)
                0x00846fe8                PROVIDE (__preinit_array_start, ABSOLUTE (.))
 *(.preinit_array)
                0x00846fe8                PROVIDE (__preinit_array_end, ABSOLUTE (.))
                0x00846fe8                PROVIDE (__init_array_start, ABSOLUTE (.))
 *(.init_array)
                0x00846fe8                PROVIDE (__init_array_end, ABSOLUTE (.))
                0x00846fe8                PROVIDE (__fini_array_start, ABSOLUTE (.))
 *(.fini_array)
                0x00846fe8                PROVIDE (__fini_array_end, ABSOLUTE (.))
 *(.eh_frame)
 *(.gcc_except_table)
 *(.dynamic)
                0x00846fe8                PROVIDE (__CTOR_LIST__, ABSOLUTE (.))
 *(.ctors)
 *(SORT(.ctors.*))
 .ctors.65535   0x00846fe8        0x4 c:/altera/13.0/nios2eds/bin/gnu/h-i686-mingw32/bin/../lib/gcc/nios2-elf/4.1.2/../../../../nios2-elf/lib\libc.a(lib_a-__call_atexit.o)
                0x00846fec                PROVIDE (__CTOR_END__, ABSOLUTE (.))
                0x00846fec                PROVIDE (__DTOR_LIST__, ABSOLUTE (.))
 *(.dtors)
 *(SORT(.dtors.*))
                0x00846fec                PROVIDE (__DTOR_END__, ABSOLUTE (.))
 *(.jcr)
                0x00846fec                . = ALIGN (0x4)

.rodata         0x00846fec     0x42a8
                0x00846fec                PROVIDE (__ram_rodata_start, ABSOLUTE (.))
                0x00846fec                . = ALIGN (0x4)
 *(.rodata .rodata.* .gnu.linkonce.r.*)
 .rodata        0x00846fec       0x60 obj/default/LCD.o
 .rodata        0x0084704c       0xa8 obj/default/SSS_DE2_115.o
 .rodata        0x008470f4      0xba4 obj/default/alt_error_handler.o
 .rodata        0x00847c98       0x64 obj/default/dm9000a.o
 .rodata        0x00847cfc      0x18c obj/default/iniche_init.o
 .rodata        0x00847e88      0x234 obj/default/network_utilities.o
 .rodata        0x008480bc      0x2e0 obj/default/simple_socket_server.o
 .rodata        0x0084839c       0x14 c:/altera/13.0/nios2eds/bin/gnu/h-i686-mingw32/bin/../lib/gcc/nios2-elf/4.1.2\libgcc.a(_thenan_df.o)
                0x0084839c                __thenan_df
 .rodata        0x008483b0      0x100 c:/altera/13.0/nios2eds/bin/gnu/h-i686-mingw32/bin/../lib/gcc/nios2-elf/4.1.2\libgcc.a(_clz.o)
                0x008483b0                __clz_tab
 .rodata        0x008484b0      0x284 c:/altera/13.0/nios2eds/bin/gnu/h-i686-mingw32/bin/../lib/gcc/nios2-elf/4.1.2/../../../../nios2-elf/lib\libc.a(lib_a-ctype_.o)
                0x008484b0                _ctype_
 .rodata.str1.4
                0x00848734        0x2 c:/altera/13.0/nios2eds/bin/gnu/h-i686-mingw32/bin/../lib/gcc/nios2-elf/4.1.2/../../../../nios2-elf/lib\libc.a(lib_a-impure.o)
                                  0x4 (size before relaxing)
 *fill*         0x00848736        0x2 00
 .rodata.str1.4
                0x00848738        0x3 c:/altera/13.0/nios2eds/bin/gnu/h-i686-mingw32/bin/../lib/gcc/nios2-elf/4.1.2/../../../../nios2-elf/lib\libc.a(lib_a-perror.o)
                                  0x4 (size before relaxing)
 *fill*         0x0084873b        0x1 00
 .rodata.str1.4
                0x0084873c        0x2 c:/altera/13.0/nios2eds/bin/gnu/h-i686-mingw32/bin/../lib/gcc/nios2-elf/4.1.2/../../../../nios2-elf/lib\libc.a(lib_a-puts.o)
                                  0x4 (size before relaxing)
 *fill*         0x0084873e        0x2 00
 .rodata.str1.4
                0x00848740      0x7a2 c:/altera/13.0/nios2eds/bin/gnu/h-i686-mingw32/bin/../lib/gcc/nios2-elf/4.1.2/../../../../nios2-elf/lib\libc.a(lib_a-strerror.o)
                                0x7a8 (size before relaxing)
 *fill*         0x00848ee2        0x2 00
 .rodata.str1.4
                0x00848ee4       0x5e c:/altera/13.0/nios2eds/bin/gnu/h-i686-mingw32/bin/../lib/gcc/nios2-elf/4.1.2/../../../../nios2-elf/lib\libc.a(lib_a-vfprintf.o)
                                 0x60 (size before relaxing)
 *fill*         0x00848f42        0x2 00
 .rodata        0x00848f44       0x20 c:/altera/13.0/nios2eds/bin/gnu/h-i686-mingw32/bin/../lib/gcc/nios2-elf/4.1.2/../../../../nios2-elf/lib\libc.a(lib_a-vfprintf.o)
 .rodata.str1.4
                0x00848f64       0x10 c:/altera/13.0/nios2eds/bin/gnu/h-i686-mingw32/bin/../lib/gcc/nios2-elf/4.1.2/../../../../nios2-elf/lib\libc.a(lib_a-dtoa.o)
                                 0x14 (size before relaxing)
 .rodata.str1.4
                0x00848f74       0x10 c:/altera/13.0/nios2eds/bin/gnu/h-i686-mingw32/bin/../lib/gcc/nios2-elf/4.1.2/../../../../nios2-elf/lib\libc.a(lib_a-locale.o)
                                 0x18 (size before relaxing)
 .rodata        0x00848f84       0x30 c:/altera/13.0/nios2eds/bin/gnu/h-i686-mingw32/bin/../lib/gcc/nios2-elf/4.1.2/../../../../nios2-elf/lib\libc.a(lib_a-locale.o)
 .rodata        0x00848fb4      0x124 c:/altera/13.0/nios2eds/bin/gnu/h-i686-mingw32/bin/../lib/gcc/nios2-elf/4.1.2/../../../../nios2-elf/lib\libc.a(lib_a-mprec.o)
                0x00848fb4                __mprec_tens
                0x0084907c                __mprec_bigtens
                0x008490a4                __mprec_tinytens
 .rodata        0x008490d8       0x14 ../socket_bsp/\libucosii_bsp.a(alt_main.o)
 .rodata        0x008490ec      0x120 ../socket_bsp/\libucosii_bsp.a(os_core.o)
                0x008490ec                OSUnMapTbl
 .rodata        0x0084920c       0x60 ../socket_bsp/\libucosii_bsp.a(alt_sys_init.o)
 .rodata        0x0084926c       0xd8 ../socket_bsp/\libucosii_bsp.a(ipnet.o)
 .rodata        0x00849344       0xec ../socket_bsp/\libucosii_bsp.a(ipstart.o)
 .rodata        0x00849430      0x54c ../socket_bsp/\libucosii_bsp.a(igmp_cmn.o)
 .rodata        0x0084997c       0xb8 ../socket_bsp/\libucosii_bsp.a(in_utils.o)
 .rodata        0x00849a34       0x34 ../socket_bsp/\libucosii_bsp.a(netmain.o)
 .rodata        0x00849a68       0x94 ../socket_bsp/\libucosii_bsp.a(parseip.o)
 .rodata        0x00849afc      0x1a8 ../socket_bsp/\libucosii_bsp.a(tk_crnos.o)
 .rodata        0x00849ca4        0x8 ../socket_bsp/\libucosii_bsp.a(dhcpclnt.o)
 .rodata        0x00849cac      0x118 ../socket_bsp/\libucosii_bsp.a(pktalloc.o)
 .rodata        0x00849dc4       0x84 ../socket_bsp/\libucosii_bsp.a(udp_open.o)
 .rodata        0x00849e48       0x2c ../socket_bsp/\libucosii_bsp.a(brdutils.o)
 .rodata        0x00849e74      0x26c ../socket_bsp/\libucosii_bsp.a(osportco.o)
 .rodata        0x0084a0e0       0xa0 ../socket_bsp/\libucosii_bsp.a(targnios.o)
 .rodata        0x0084a180       0x90 ../socket_bsp/\libucosii_bsp.a(nptcp.o)
 .rodata        0x0084a210        0x8 ../socket_bsp/\libucosii_bsp.a(sockcall.o)
 .rodata        0x0084a218       0x50 ../socket_bsp/\libucosii_bsp.a(socket.o)
 .rodata        0x0084a268       0x40 ../socket_bsp/\libucosii_bsp.a(socket2.o)
 .rodata        0x0084a2a8       0x20 ../socket_bsp/\libucosii_bsp.a(tcp_in.o)
 .rodata        0x0084a2c8       0x40 ../socket_bsp/\libucosii_bsp.a(tcp_out.o)
 .rodata        0x0084a308       0x24 ../socket_bsp/\libucosii_bsp.a(tcp_subr.o)
 .rodata        0x0084a32c       0x2c ../socket_bsp/\libucosii_bsp.a(tcp_usr.o)
 .rodata        0x0084a358        0xc ../socket_bsp/\libucosii_bsp.a(alt_dev.o)
 .rodata        0x0084a364        0x4 ../socket_bsp/\libucosii_bsp.a(os_cpu_c.o)
 .rodata        0x0084a368      0x1d4 ../socket_bsp/\libucosii_bsp.a(allports.o)
 .rodata        0x0084a53c       0x34 ../socket_bsp/\libucosii_bsp.a(tk_misc.o)
 .rodata        0x0084a570       0x44 ../socket_bsp/\libucosii_bsp.a(et_arp.o)
 .rodata        0x0084a5b4      0x1dc ../socket_bsp/\libucosii_bsp.a(ip.o)
 .rodata        0x0084a790      0x158 ../socket_bsp/\libucosii_bsp.a(ip_reasm.o)
 .rodata        0x0084a8e8      0x120 ../socket_bsp/\libucosii_bsp.a(ipdemux.o)
 .rodata        0x0084aa08       0x34 ../socket_bsp/\libucosii_bsp.a(ipport.o)
 .rodata        0x0084aa3c       0x24 ../socket_bsp/\libucosii_bsp.a(ipraw.o)
 .rodata        0x0084aa60       0x38 ../socket_bsp/\libucosii_bsp.a(iproute.o)
 .rodata        0x0084aa98       0xe8 ../socket_bsp/\libucosii_bsp.a(udp.o)
 .rodata        0x0084ab80      0x2d0 ../socket_bsp/\libucosii_bsp.a(u_mctest.o)
 .rodata        0x0084ae50       0xf8 ../socket_bsp/\libucosii_bsp.a(dhcsetup.o)
 .rodata        0x0084af48       0x34 ../socket_bsp/\libucosii_bsp.a(vfsfiles.o)
 .rodata        0x0084af7c      0x318 ../socket_bsp/\libucosii_bsp.a(icmp.o)
 *(.rodata1)
                0x0084b294                . = ALIGN (0x4)
                0x0084b294                PROVIDE (__ram_rodata_end, ABSOLUTE (.))
                0x00846fec                PROVIDE (__flash_rodata_start, LOADADDR (.rodata))

.rwdata         0x0084b294     0x2140
                0x0084b294                PROVIDE (__ram_rwdata_start, ABSOLUTE (.))
                0x0084b294                . = ALIGN (0x4)
 *(.got.plt)
 *(.got)
 *(.data1)
 *(.data .data.* .gnu.linkonce.d.*)
 .data          0x0084b294        0x0 ../socket_bsp//obj/HAL/src/crt0.o
 .data          0x0084b294        0x0 obj/default/LCD.o
 .data          0x0084b294        0x0 obj/default/SSS_DE2_115.o
 .data          0x0084b294        0x0 obj/default/alt_error_handler.o
 .data          0x0084b294        0x0 obj/default/dm9000a.o
 .data          0x0084b294       0x18 obj/default/iniche_init.o
                0x0084b294                ssstask
 .data          0x0084b2ac        0x0 obj/default/led.o
 .data          0x0084b2ac        0x0 obj/default/network_utilities.o
 .data          0x0084b2ac        0x0 obj/default/simple_socket_server.o
 .data          0x0084b2ac        0x0 obj/default/tse_my_system.o
 .data          0x0084b2ac        0x0 c:/altera/13.0/nios2eds/bin/gnu/h-i686-mingw32/bin/../lib/gcc/nios2-elf/4.1.2\libgcc.a(_fixunsdfsi.o)
 .data          0x0084b2ac        0x0 c:/altera/13.0/nios2eds/bin/gnu/h-i686-mingw32/bin/../lib/gcc/nios2-elf/4.1.2\libgcc.a(_addsub_df.o)
 .data          0x0084b2ac        0x0 c:/altera/13.0/nios2eds/bin/gnu/h-i686-mingw32/bin/../lib/gcc/nios2-elf/4.1.2\libgcc.a(_mul_df.o)
 .data          0x0084b2ac        0x0 c:/altera/13.0/nios2eds/bin/gnu/h-i686-mingw32/bin/../lib/gcc/nios2-elf/4.1.2\libgcc.a(_ge_df.o)
 .data          0x0084b2ac        0x0 c:/altera/13.0/nios2eds/bin/gnu/h-i686-mingw32/bin/../lib/gcc/nios2-elf/4.1.2\libgcc.a(_df_to_si.o)
 .data          0x0084b2ac        0x0 c:/altera/13.0/nios2eds/bin/gnu/h-i686-mingw32/bin/../lib/gcc/nios2-elf/4.1.2\libgcc.a(_thenan_df.o)
 .data          0x0084b2ac        0x0 c:/altera/13.0/nios2eds/bin/gnu/h-i686-mingw32/bin/../lib/gcc/nios2-elf/4.1.2\libgcc.a(_usi_to_df.o)
 .data          0x0084b2ac        0x0 c:/altera/13.0/nios2eds/bin/gnu/h-i686-mingw32/bin/../lib/gcc/nios2-elf/4.1.2\libgcc.a(_muldi3.o)
 .data          0x0084b2ac        0x0 c:/altera/13.0/nios2eds/bin/gnu/h-i686-mingw32/bin/../lib/gcc/nios2-elf/4.1.2\libgcc.a(_clzsi2.o)
 .data          0x0084b2ac        0x0 c:/altera/13.0/nios2eds/bin/gnu/h-i686-mingw32/bin/../lib/gcc/nios2-elf/4.1.2\libgcc.a(_pack_df.o)
 .data          0x0084b2ac        0x0 c:/altera/13.0/nios2eds/bin/gnu/h-i686-mingw32/bin/../lib/gcc/nios2-elf/4.1.2\libgcc.a(_unpack_df.o)
 .data          0x0084b2ac        0x0 c:/altera/13.0/nios2eds/bin/gnu/h-i686-mingw32/bin/../lib/gcc/nios2-elf/4.1.2\libgcc.a(_fpcmp_parts_df.o)
 .data          0x0084b2ac        0x0 c:/altera/13.0/nios2eds/bin/gnu/h-i686-mingw32/bin/../lib/gcc/nios2-elf/4.1.2\libgcc.a(_clz.o)
 .data          0x0084b2ac        0x0 c:/altera/13.0/nios2eds/bin/gnu/h-i686-mingw32/bin/../lib/gcc/nios2-elf/4.1.2/../../../../nios2-elf/lib\libc.a(lib_a-ctype_.o)
 .data          0x0084b2ac        0x0 c:/altera/13.0/nios2eds/bin/gnu/h-i686-mingw32/bin/../lib/gcc/nios2-elf/4.1.2/../../../../nios2-elf/lib\libc.a(lib_a-exit.o)
 .data          0x0084b2ac        0x0 c:/altera/13.0/nios2eds/bin/gnu/h-i686-mingw32/bin/../lib/gcc/nios2-elf/4.1.2/../../../../nios2-elf/lib\libc.a(lib_a-fprintf.o)
 .data          0x0084b2ac        0x0 c:/altera/13.0/nios2eds/bin/gnu/h-i686-mingw32/bin/../lib/gcc/nios2-elf/4.1.2/../../../../nios2-elf/lib\libc.a(lib_a-fwrite.o)
 .data          0x0084b2ac        0x0 c:/altera/13.0/nios2eds/bin/gnu/h-i686-mingw32/bin/../lib/gcc/nios2-elf/4.1.2/../../../../nios2-elf/lib\libc.a(lib_a-getc.o)
 .data          0x0084b2ac      0x400 c:/altera/13.0/nios2eds/bin/gnu/h-i686-mingw32/bin/../lib/gcc/nios2-elf/4.1.2/../../../../nios2-elf/lib\libc.a(lib_a-impure.o)
 .data          0x0084b6ac        0x0 c:/altera/13.0/nios2eds/bin/gnu/h-i686-mingw32/bin/../lib/gcc/nios2-elf/4.1.2/../../../../nios2-elf/lib\libc.a(lib_a-memcpy.o)
 .data          0x0084b6ac        0x0 c:/altera/13.0/nios2eds/bin/gnu/h-i686-mingw32/bin/../lib/gcc/nios2-elf/4.1.2/../../../../nios2-elf/lib\libc.a(lib_a-memmove.o)
 .data          0x0084b6ac        0x0 c:/altera/13.0/nios2eds/bin/gnu/h-i686-mingw32/bin/../lib/gcc/nios2-elf/4.1.2/../../../../nios2-elf/lib\libc.a(lib_a-memset.o)
 .data          0x0084b6ac        0x0 c:/altera/13.0/nios2eds/bin/gnu/h-i686-mingw32/bin/../lib/gcc/nios2-elf/4.1.2/../../../../nios2-elf/lib\libc.a(lib_a-perror.o)
 .data          0x0084b6ac        0x0 c:/altera/13.0/nios2eds/bin/gnu/h-i686-mingw32/bin/../lib/gcc/nios2-elf/4.1.2/../../../../nios2-elf/lib\libc.a(lib_a-printf.o)
 .data          0x0084b6ac        0x0 c:/altera/13.0/nios2eds/bin/gnu/h-i686-mingw32/bin/../lib/gcc/nios2-elf/4.1.2/../../../../nios2-elf/lib\libc.a(lib_a-putc.o)
 .data          0x0084b6ac        0x0 c:/altera/13.0/nios2eds/bin/gnu/h-i686-mingw32/bin/../lib/gcc/nios2-elf/4.1.2/../../../../nios2-elf/lib\libc.a(lib_a-putchar.o)
 .data          0x0084b6ac        0x0 c:/altera/13.0/nios2eds/bin/gnu/h-i686-mingw32/bin/../lib/gcc/nios2-elf/4.1.2/../../../../nios2-elf/lib\libc.a(lib_a-puts.o)
 .data          0x0084b6ac        0x0 c:/altera/13.0/nios2eds/bin/gnu/h-i686-mingw32/bin/../lib/gcc/nios2-elf/4.1.2/../../../../nios2-elf/lib\libc.a(lib_a-rget.o)
 .data          0x0084b6ac        0x0 c:/altera/13.0/nios2eds/bin/gnu/h-i686-mingw32/bin/../lib/gcc/nios2-elf/4.1.2/../../../../nios2-elf/lib\libc.a(lib_a-strchr.o)
 .data          0x0084b6ac        0x0 c:/altera/13.0/nios2eds/bin/gnu/h-i686-mingw32/bin/../lib/gcc/nios2-elf/4.1.2/../../../../nios2-elf/lib\libc.a(lib_a-strerror.o)
 .data          0x0084b6ac        0x0 c:/altera/13.0/nios2eds/bin/gnu/h-i686-mingw32/bin/../lib/gcc/nios2-elf/4.1.2/../../../../nios2-elf/lib\libc.a(lib_a-strlen.o)
 .data          0x0084b6ac        0x0 c:/altera/13.0/nios2eds/bin/gnu/h-i686-mingw32/bin/../lib/gcc/nios2-elf/4.1.2/../../../../nios2-elf/lib\libc.a(lib_a-u_strerr.o)
 .data          0x0084b6ac        0x0 c:/altera/13.0/nios2eds/bin/gnu/h-i686-mingw32/bin/../lib/gcc/nios2-elf/4.1.2/../../../../nios2-elf/lib\libc.a(lib_a-vfprintf.o)
 .data          0x0084b6ac        0x0 c:/altera/13.0/nios2eds/bin/gnu/h-i686-mingw32/bin/../lib/gcc/nios2-elf/4.1.2/../../../../nios2-elf/lib\libc.a(lib_a-wbuf.o)
 .data          0x0084b6ac        0x0 c:/altera/13.0/nios2eds/bin/gnu/h-i686-mingw32/bin/../lib/gcc/nios2-elf/4.1.2/../../../../nios2-elf/lib\libc.a(lib_a-wsetup.o)
 .data          0x0084b6ac        0x0 c:/altera/13.0/nios2eds/bin/gnu/h-i686-mingw32/bin/../lib/gcc/nios2-elf/4.1.2/../../../../nios2-elf/lib\libc.a(lib_a-__call_atexit.o)
 .data          0x0084b6ac        0x0 c:/altera/13.0/nios2eds/bin/gnu/h-i686-mingw32/bin/../lib/gcc/nios2-elf/4.1.2/../../../../nios2-elf/lib\libc.a(lib_a-dtoa.o)
 .data          0x0084b6ac        0x0 c:/altera/13.0/nios2eds/bin/gnu/h-i686-mingw32/bin/../lib/gcc/nios2-elf/4.1.2/../../../../nios2-elf/lib\libc.a(lib_a-fflush.o)
 .data          0x0084b6ac        0x0 c:/altera/13.0/nios2eds/bin/gnu/h-i686-mingw32/bin/../lib/gcc/nios2-elf/4.1.2/../../../../nios2-elf/lib\libc.a(lib_a-findfp.o)
 .data          0x0084b6ac        0x0 c:/altera/13.0/nios2eds/bin/gnu/h-i686-mingw32/bin/../lib/gcc/nios2-elf/4.1.2/../../../../nios2-elf/lib\libc.a(lib_a-fputc.o)
 .data          0x0084b6ac        0x0 c:/altera/13.0/nios2eds/bin/gnu/h-i686-mingw32/bin/../lib/gcc/nios2-elf/4.1.2/../../../../nios2-elf/lib\libc.a(lib_a-fputs.o)
 .data          0x0084b6ac        0x0 c:/altera/13.0/nios2eds/bin/gnu/h-i686-mingw32/bin/../lib/gcc/nios2-elf/4.1.2/../../../../nios2-elf/lib\libc.a(lib_a-freer.o)
 .data          0x0084b6ac        0x0 c:/altera/13.0/nios2eds/bin/gnu/h-i686-mingw32/bin/../lib/gcc/nios2-elf/4.1.2/../../../../nios2-elf/lib\libc.a(lib_a-fvwrite.o)
 .data          0x0084b6ac        0x0 c:/altera/13.0/nios2eds/bin/gnu/h-i686-mingw32/bin/../lib/gcc/nios2-elf/4.1.2/../../../../nios2-elf/lib\libc.a(lib_a-fwalk.o)
 .data          0x0084b6ac        0xc c:/altera/13.0/nios2eds/bin/gnu/h-i686-mingw32/bin/../lib/gcc/nios2-elf/4.1.2/../../../../nios2-elf/lib\libc.a(lib_a-locale.o)
                0x0084b6ac                __lc_ctype
 .data          0x0084b6b8        0x0 c:/altera/13.0/nios2eds/bin/gnu/h-i686-mingw32/bin/../lib/gcc/nios2-elf/4.1.2/../../../../nios2-elf/lib\libc.a(lib_a-makebuf.o)
 .data          0x0084b6b8      0x408 c:/altera/13.0/nios2eds/bin/gnu/h-i686-mingw32/bin/../lib/gcc/nios2-elf/4.1.2/../../../../nios2-elf/lib\libc.a(lib_a-mallocr.o)
                0x0084b6b8                __malloc_av_
 .data          0x0084bac0        0x0 c:/altera/13.0/nios2eds/bin/gnu/h-i686-mingw32/bin/../lib/gcc/nios2-elf/4.1.2/../../../../nios2-elf/lib\libc.a(lib_a-memchr.o)
 .data          0x0084bac0        0x0 c:/altera/13.0/nios2eds/bin/gnu/h-i686-mingw32/bin/../lib/gcc/nios2-elf/4.1.2/../../../../nios2-elf/lib\libc.a(lib_a-mprec.o)
 .data          0x0084bac0        0x0 c:/altera/13.0/nios2eds/bin/gnu/h-i686-mingw32/bin/../lib/gcc/nios2-elf/4.1.2/../../../../nios2-elf/lib\libc.a(lib_a-reallocr.o)
 .data          0x0084bac0        0x0 c:/altera/13.0/nios2eds/bin/gnu/h-i686-mingw32/bin/../lib/gcc/nios2-elf/4.1.2/../../../../nios2-elf/lib\libc.a(lib_a-refill.o)
 .data          0x0084bac0        0x0 c:/altera/13.0/nios2eds/bin/gnu/h-i686-mingw32/bin/../lib/gcc/nios2-elf/4.1.2/../../../../nios2-elf/lib\libc.a(lib_a-s_isinfd.o)
 .data          0x0084bac0        0x0 c:/altera/13.0/nios2eds/bin/gnu/h-i686-mingw32/bin/../lib/gcc/nios2-elf/4.1.2/../../../../nios2-elf/lib\libc.a(lib_a-s_isnand.o)
 .data          0x0084bac0        0x0 c:/altera/13.0/nios2eds/bin/gnu/h-i686-mingw32/bin/../lib/gcc/nios2-elf/4.1.2/../../../../nios2-elf/lib\libc.a(lib_a-sbrkr.o)
 .data          0x0084bac0        0x0 c:/altera/13.0/nios2eds/bin/gnu/h-i686-mingw32/bin/../lib/gcc/nios2-elf/4.1.2/../../../../nios2-elf/lib\libc.a(lib_a-stdio.o)
 .data          0x0084bac0        0x0 c:/altera/13.0/nios2eds/bin/gnu/h-i686-mingw32/bin/../lib/gcc/nios2-elf/4.1.2/../../../../nios2-elf/lib\libc.a(lib_a-strcmp.o)
 .data          0x0084bac0        0x0 c:/altera/13.0/nios2eds/bin/gnu/h-i686-mingw32/bin/../lib/gcc/nios2-elf/4.1.2/../../../../nios2-elf/lib\libc.a(lib_a-writer.o)
 .data          0x0084bac0        0x0 c:/altera/13.0/nios2eds/bin/gnu/h-i686-mingw32/bin/../lib/gcc/nios2-elf/4.1.2/../../../../nios2-elf/lib\libc.a(lib_a-callocr.o)
 .data          0x0084bac0        0x0 c:/altera/13.0/nios2eds/bin/gnu/h-i686-mingw32/bin/../lib/gcc/nios2-elf/4.1.2/../../../../nios2-elf/lib\libc.a(lib_a-closer.o)
 .data          0x0084bac0        0x0 c:/altera/13.0/nios2eds/bin/gnu/h-i686-mingw32/bin/../lib/gcc/nios2-elf/4.1.2/../../../../nios2-elf/lib\libc.a(lib_a-fclose.o)
 .data          0x0084bac0        0x0 c:/altera/13.0/nios2eds/bin/gnu/h-i686-mingw32/bin/../lib/gcc/nios2-elf/4.1.2/../../../../nios2-elf/lib\libc.a(lib_a-fstatr.o)
 .data          0x0084bac0        0x0 c:/altera/13.0/nios2eds/bin/gnu/h-i686-mingw32/bin/../lib/gcc/nios2-elf/4.1.2/../../../../nios2-elf/lib\libc.a(lib_a-int_errno.o)
 .data          0x0084bac0        0x0 c:/altera/13.0/nios2eds/bin/gnu/h-i686-mingw32/bin/../lib/gcc/nios2-elf/4.1.2/../../../../nios2-elf/lib\libc.a(lib_a-isattyr.o)
 .data          0x0084bac0        0x0 c:/altera/13.0/nios2eds/bin/gnu/h-i686-mingw32/bin/../lib/gcc/nios2-elf/4.1.2/../../../../nios2-elf/lib\libc.a(lib_a-lseekr.o)
 .data          0x0084bac0        0x0 c:/altera/13.0/nios2eds/bin/gnu/h-i686-mingw32/bin/../lib/gcc/nios2-elf/4.1.2/../../../../nios2-elf/lib\libc.a(lib_a-readr.o)
 .data          0x0084bac0        0x0 c:/altera/13.0/nios2eds/bin/gnu/h-i686-mingw32/bin/../lib/gcc/nios2-elf/4.1.2\libgcc.a(_udivdi3.o)
 .data          0x0084bac0        0x0 c:/altera/13.0/nios2eds/bin/gnu/h-i686-mingw32/bin/../lib/gcc/nios2-elf/4.1.2\libgcc.a(_umoddi3.o)
 .data          0x0084bac0        0x0 c:/altera/13.0/nios2eds/bin/gnu/h-i686-mingw32/bin/../lib/gcc/nios2-elf/4.1.2\libgcc.a(_div_df.o)
 .data          0x0084bac0        0x0 c:/altera/13.0/nios2eds/bin/gnu/h-i686-mingw32/bin/../lib/gcc/nios2-elf/4.1.2\libgcc.a(_eq_df.o)