Archive member included because of file (symbol)

c:/altera/13.0/nios2eds/bin/gnu/h-i686-mingw32/bin/../lib/gcc/nios2-elf/4.1.2\libgcc.a(_fixunsdfsi.o)
                              obj/default/dm9000a.o (__fixunsdfsi)
c:/altera/13.0/nios2eds/bin/gnu/h-i686-mingw32/bin/../lib/gcc/nios2-elf/4.1.2\libgcc.a(_addsub_df.o)
                              c:/altera/13.0/nios2eds/bin/gnu/h-i686-mingw32/bin/../lib/gcc/nios2-elf/4.1.2\libgcc.a(_fixunsdfsi.o) (__subdf3)
c:/altera/13.0/nios2eds/bin/gnu/h-i686-mingw32/bin/../lib/gcc/nios2-elf/4.1.2\libgcc.a(_mul_df.o)
                              obj/default/dm9000a.o (__muldf3)
c:/altera/13.0/nios2eds/bin/gnu/h-i686-mingw32/bin/../lib/gcc/nios2-elf/4.1.2\libgcc.a(_ge_df.o)
                              c:/altera/13.0/nios2eds/bin/gnu/h-i686-mingw32/bin/../lib/gcc/nios2-elf/4.1.2\libgcc.a(_fixunsdfsi.o) (__gedf2)
c:/altera/13.0/nios2eds/bin/gnu/h-i686-mingw32/bin/../lib/gcc/nios2-elf/4.1.2\libgcc.a(_df_to_si.o)
                              c:/altera/13.0/nios2eds/bin/gnu/h-i686-mingw32/bin/../lib/gcc/nios2-elf/4.1.2\libgcc.a(_fixunsdfsi.o) (__fixdfsi)
c:/altera/13.0/nios2eds/bin/gnu/h-i686-mingw32/bin/../lib/gcc/nios2-elf/4.1.2\libgcc.a(_thenan_df.o)
                              c:/altera/13.0/nios2eds/bin/gnu/h-i686-mingw32/bin/../lib/gcc/nios2-elf/4.1.2\libgcc.a(_addsub_df.o) (__thenan_df)
c:/altera/13.0/nios2eds/bin/gnu/h-i686-mingw32/bin/../lib/gcc/nios2-elf/4.1.2\libgcc.a(_usi_to_df.o)
                              obj/default/dm9000a.o (__floatunsidf)
c:/altera/13.0/nios2eds/bin/gnu/h-i686-mingw32/bin/../lib/gcc/nios2-elf/4.1.2\libgcc.a(_muldi3.o)
                              c:/altera/13.0/nios2eds/bin/gnu/h-i686-mingw32/bin/../lib/gcc/nios2-elf/4.1.2\libgcc.a(_mul_df.o) (__muldi3)
c:/altera/13.0/nios2eds/bin/gnu/h-i686-mingw32/bin/../lib/gcc/nios2-elf/4.1.2\libgcc.a(_clzsi2.o)
                              c:/altera/13.0/nios2eds/bin/gnu/h-i686-mingw32/bin/../lib/gcc/nios2-elf/4.1.2\libgcc.a(_usi_to_df.o) (__clzsi2)
c:/altera/13.0/nios2eds/bin/gnu/h-i686-mingw32/bin/../lib/gcc/nios2-elf/4.1.2\libgcc.a(_pack_df.o)
                              c:/altera/13.0/nios2eds/bin/gnu/h-i686-mingw32/bin/../lib/gcc/nios2-elf/4.1.2\libgcc.a(_addsub_df.o) (__pack_d)
c:/altera/13.0/nios2eds/bin/gnu/h-i686-mingw32/bin/../lib/gcc/nios2-elf/4.1.2\libgcc.a(_unpack_df.o)
                              c:/altera/13.0/nios2eds/bin/gnu/h-i686-mingw32/bin/../lib/gcc/nios2-elf/4.1.2\libgcc.a(_addsub_df.o) (__unpack_d)
c:/altera/13.0/nios2eds/bin/gnu/h-i686-mingw32/bin/../lib/gcc/nios2-elf/4.1.2\libgcc.a(_fpcmp_parts_df.o)
                              c:/altera/13.0/nios2eds/bin/gnu/h-i686-mingw32/bin/../lib/gcc/nios2-elf/4.1.2\libgcc.a(_ge_df.o) (__fpcmp_parts_d)
c:/altera/13.0/nios2eds/bin/gnu/h-i686-mingw32/bin/../lib/gcc/nios2-elf/4.1.2\libgcc.a(_clz.o)
                              c:/altera/13.0/nios2eds/bin/gnu/h-i686-mingw32/bin/../lib/gcc/nios2-elf/4.1.2\libgcc.a(_clzsi2.o) (__clz_tab)
c:/altera/13.0/nios2eds/bin/gnu/h-i686-mingw32/bin/../lib/gcc/nios2-elf/4.1.2/../../../../nios2-elf/lib\libc.a(lib_a-ctype_.o)
                              obj/default/network_utilities.o (__ctype_ptr)
c:/altera/13.0/nios2eds/bin/gnu/h-i686-mingw32/bin/../lib/gcc/nios2-elf/4.1.2/../../../../nios2-elf/lib\libc.a(lib_a-exit.o)
                              obj/default/simple_socket_server.o (exit)
c:/altera/13.0/nios2eds/bin/gnu/h-i686-mingw32/bin/../lib/gcc/nios2-elf/4.1.2/../../../../nios2-elf/lib\libc.a(lib_a-fprintf.o)
                              obj/default/alt_error_handler.o (fprintf)
c:/altera/13.0/nios2eds/bin/gnu/h-i686-mingw32/bin/../lib/gcc/nios2-elf/4.1.2/../../../../nios2-elf/lib\libc.a(lib_a-fwrite.o)
                              obj/default/alt_error_handler.o (fwrite)
c:/altera/13.0/nios2eds/bin/gnu/h-i686-mingw32/bin/../lib/gcc/nios2-elf/4.1.2/../../../../nios2-elf/lib\libc.a(lib_a-getc.o)
                              obj/default/network_utilities.o (getc)
c:/altera/13.0/nios2eds/bin/gnu/h-i686-mingw32/bin/../lib/gcc/nios2-elf/4.1.2/../../../../nios2-elf/lib\libc.a(lib_a-impure.o)
                              obj/default/alt_error_handler.o (_impure_ptr)
c:/altera/13.0/nios2eds/bin/gnu/h-i686-mingw32/bin/../lib/gcc/nios2-elf/4.1.2/../../../../nios2-elf/lib\libc.a(lib_a-memcpy.o)
                              obj/default/simple_socket_server.o (memcpy)
c:/altera/13.0/nios2eds/bin/gnu/h-i686-mingw32/bin/../lib/gcc/nios2-elf/4.1.2/../../../../nios2-elf/lib\libc.a(lib_a-memmove.o)
                              obj/default/simple_socket_server.o (memmove)
c:/altera/13.0/nios2eds/bin/gnu/h-i686-mingw32/bin/../lib/gcc/nios2-elf/4.1.2/../../../../nios2-elf/lib\libc.a(lib_a-memset.o)
                              obj/default/simple_socket_server.o (memset)
c:/altera/13.0/nios2eds/bin/gnu/h-i686-mingw32/bin/../lib/gcc/nios2-elf/4.1.2/../../../../nios2-elf/lib\libc.a(lib_a-perror.o)
                              obj/default/alt_error_handler.o (perror)
[...]
Memory Configuration

Name             Origin             Length             Attributes
sdram_0_BEFORE_EXCEPTION 0x00800000         0x00000020
sdram_0          0x00800020         0x007fffe0
reset            0x01400000         0x00000020
cfi_flash_0      0x01400020         0x003fffe0
sram_0           0x01a00000         0x00080000
epcs_controller  0x01a81800         0x00000800
*default*        0x00000000         0xffffffff

Linker script and memory map

LOAD ../socket_simples_bsp//obj/HAL/src/crt0.o
LOAD obj/default/LCD.o
LOAD obj/default/SSS_DE2_115.o
LOAD obj/default/alt_error_handler.o
LOAD obj/default/dm9000a.o
LOAD obj/default/iniche_init.o
LOAD obj/default/led.o
LOAD obj/default/network_utilities.o
LOAD obj/default/simple_socket_server.o
LOAD obj/default/tse_my_system.o
LOAD c:/altera/13.0/nios2eds/bin/gnu/h-i686-mingw32/bin/../lib/gcc/nios2-elf/4.1.2/../../../../nios2-elf/lib\libstdc++.a
LOAD c:/altera/13.0/nios2eds/bin/gnu/h-i686-mingw32/bin/../lib/gcc/nios2-elf/4.1.2/../../../../nios2-elf/lib\libm.a
LOAD c:/altera/13.0/nios2eds/bin/gnu/h-i686-mingw32/bin/../lib/gcc/nios2-elf/4.1.2\libgcc.a
START GROUP
LOAD c:/altera/13.0/nios2eds/bin/gnu/h-i686-mingw32/bin/../lib/gcc/nios2-elf/4.1.2/../../../../nios2-elf/lib\libc.a
LOAD c:/altera/13.0/nios2eds/bin/gnu/h-i686-mingw32/bin/../lib/gcc/nios2-elf/4.1.2\libgcc.a
LOAD ../socket_simples_bsp/\libucosii_bsp.a
END GROUP
LOAD c:/altera/13.0/nios2eds/bin/gnu/h-i686-mingw32/bin/../lib/gcc/nios2-elf/4.1.2\libgcc.a
                0x00800000                __alt_mem_sdram_0 = 0x800000
                0x01400000                __alt_mem_cfi_flash_0 = 0x1400000
                0x01a00000                __alt_mem_sram_0 = 0x1a00000
                0x01a81800                __alt_mem_epcs_controller = 0x1a81800

.entry          0x01400000        0x0
 *(.entry)
 .entry         0x01400000        0x0 ../socket_simples_bsp//obj/HAL/src/crt0.o
                0x01400000                __reset

.exceptions     0x00800020      0x19c
                0x00800020                PROVIDE (__ram_exceptions_start, ABSOLUTE (.))
                0x00800020                . = ALIGN (0x20)
 *(.irq)
 *(.exceptions.entry.label)
 .exceptions.entry.label
                0x00800020        0x0 ../socket_simples_bsp/\libucosii_bsp.a(alt_irq_entry.o)
                0x00800020                alt_irq_entry
 .exceptions.entry.label
                0x00800020        0x0 ../socket_simples_bsp/\libucosii_bsp.a(alt_exception_entry.o)
                0x00800020                alt_exception
 *(.exceptions.entry.user)
 *(.exceptions.entry)
 .exceptions.entry
                0x00800020       0x54 ../socket_simples_bsp/\libucosii_bsp.a(alt_exception_entry.o)
 *(.exceptions.irqtest.user)
 *(.exceptions.irqtest)
 .exceptions.irqtest
                0x00800074       0x10 ../socket_simples_bsp/\libucosii_bsp.a(alt_irq_entry.o)
 *(.exceptions.irqhandler.user)
 *(.exceptions.irqhandler)
 .exceptions.irqhandler
                0x00800084        0x4 ../socket_simples_bsp/\libucosii_bsp.a(alt_irq_entry.o)
 *(.exceptions.irqreturn.user)
 *(.exceptions.irqreturn)
 .exceptions.irqreturn
                0x00800088        0x4 ../socket_simples_bsp/\libucosii_bsp.a(alt_irq_entry.o)
 *(.exceptions.notirq.label)
 .exceptions.notirq.label
                0x0080008c        0x0 ../socket_simples_bsp/\libucosii_bsp.a(alt_irq_entry.o)
 *(.exceptions.notirq.user)
 *(.exceptions.notirq)
 .exceptions.notirq
                0x0080008c        0x8 ../socket_simples_bsp/\libucosii_bsp.a(alt_exception_entry.o)
 *(.exceptions.soft.user)
 *(.exceptions.soft)
 *(.exceptions.unknown.user)
 *(.exceptions.unknown)
 .exceptions.unknown
                0x00800094        0x4 ../socket_simples_bsp/\libucosii_bsp.a(alt_exception_entry.o)
 *(.exceptions.exit.label)
 .exceptions.exit.label
                0x00800098        0x0 ../socket_simples_bsp/\libucosii_bsp.a(alt_irq_entry.o)
 .exceptions.exit.label
                0x00800098        0x0 ../socket_simples_bsp/\libucosii_bsp.a(alt_exception_entry.o)
 *(.exceptions.exit.user)
 *(.exceptions.exit)
 .exceptions.exit
                0x00800098       0x54 ../socket_simples_bsp/\libucosii_bsp.a(alt_exception_entry.o)
 *(.exceptions)
 .exceptions    0x008000ec       0xd0 ../socket_simples_bsp/\libucosii_bsp.a(alt_irq_handler.o)
                0x008000ec                alt_irq_handler
                0x008001bc                PROVIDE (__ram_exceptions_end, ABSOLUTE (.))
                0x00800020                PROVIDE (__flash_exceptions_start, LOADADDR (.exceptions))

.text           0x008001bc    0x46d4c
                0x008001bc                PROVIDE (stext, ABSOLUTE (.))
 *(.interp)
 *(.hash)
 *(.dynsym)
 *(.dynstr)
 *(.gnu.version)
 *(.gnu.version_d)
 *(.gnu.version_r)
 *(.rel.init)
 *(.rela.init)
 *(.rel.text .rel.text.* .rel.gnu.linkonce.t.*)
 *(.rela.text .rela.text.* .rela.gnu.linkonce.t.*)
 *(.rel.fini)
 *(.rela.fini)
 *(.rel.rodata .rel.rodata.* .rel.gnu.linkonce.r.*)
 *(.rela.rodata .rela.rodata.* .rela.gnu.linkonce.r.*)
 *(.rel.data .rel.data.* .rel.gnu.linkonce.d.*)
 *(.rela.data .rela.data.* .rela.gnu.linkonce.d.*)
 *(.rel.tdata .rel.tdata.* .rel.gnu.linkonce.td.*)
 *(.rela.tdata .rela.tdata.* .rela.gnu.linkonce.td.*)
 *(.rel.tbss .rel.tbss.* .rel.gnu.linkonce.tb.*)
 *(.rela.tbss .rela.tbss.* .rela.gnu.linkonce.tb.*)
 *(.rel.ctors)
 *(.rela.ctors)
 *(.rel.dtors)
 *(.rela.dtors)
 *(.rel.got)
 *(.rela.got)
 *(.rel.sdata .rel.sdata.* .rel.gnu.linkonce.s.*)
 *(.rela.sdata .rela.sdata.* .rela.gnu.linkonce.s.*)
 *(.rel.sbss .rel.sbss.* .rel.gnu.linkonce.sb.*)
 *(.rela.sbss .rela.sbss.* .rela.gnu.linkonce.sb.*)
 *(.rel.sdata2 .rel.sdata2.* .rel.gnu.linkonce.s2.*)
 *(.rela.sdata2 .rela.sdata2.* .rela.gnu.linkonce.s2.*)
 *(.rel.sbss2 .rel.sbss2.* .rel.gnu.linkonce.sb2.*)
 *(.rela.sbss2 .rela.sbss2.* .rela.gnu.linkonce.sb2.*)
 *(.rel.bss .rel.bss.* .rel.gnu.linkonce.b.*)
 *(.rela.bss .rela.bss.* .rela.gnu.linkonce.b.*)
 *(.rel.plt)
 *(.rela.plt)
 *(.rel.dyn)
 *(.init)
 *(.plt)
 *(.text .stub .text.* .gnu.linkonce.t.*)
 .text          0x008001bc       0x48 ../socket_simples_bsp//obj/HAL/src/crt0.o
                0x008001bc                _start
 .text          0x00800204      0x2dc obj/default/LCD.o
                0x00800204                LCD_Init
                0x008002a0                LCD_Show_Text
                0x00800328                LCD_Line2
                0x00800364                LCD_Line1
                0x008003a0                LCD_Clear
                0x008003dc                LCD_Test
 .text          0x008004e0      0x2ec obj/default/SSS_DE2_115.o
                0x008004e0                get_DE2_115_mac_addr
                0x00800688                FindLastFlashSectorOffset
 .text          0x008007cc      0xba8 obj/default/alt_error_handler.o
                0x008007cc                alt_uCOSIIErrorHandler
                0x00800df0                alt_NetworkErrorHandler
                0x00801088                alt_SSSErrorHandler
 .text          0x00801374      0xe48 obj/default/dm9000a.o
                0x00801374                dm9000a_iow
                0x008013c8                dm9000a_ior
                0x00801414                phy_write
                0x008014b0                dm9000a_reset
                0x00801674                TransmitPacket
                0x00801790                prep_dm9000a
                0x008019ac                dm9000a_init
                0x00801dfc                dm9Ka_isr_wrap
                0x00801e3c                dm9ka_init
                0x00801f34                dm9ka_close
                0x00802044                dm9ka_stats
                0x008020a0                dm9ka_pkt_send
 .text          0x008021bc      0x49c obj/default/iniche_init.o
                0x008021bc                SSSInitialTask
                0x0080241c                main
                0x00802518                delay
                0x00802564                toInt
 .text          0x00802658      0x324 obj/default/led.o
                0x00802658                led_bit_toggle
                0x00802724                LED7SegLightshowTask
                0x00802798                LEDManagementTask
 .text          0x0080297c      0x73c obj/default/network_utilities.o
                0x0080297c                get_mac_addr
                0x008029d4                get_ip_addr
                0x00802a40                get_serial_number
                0x00802c1c                generate_and_store_mac_addr
                0x00802de8                generate_mac_addr
                0x00802f24                get_board_mac_addr
 .text          0x008030b8      0x9f8 obj/default/simple_socket_server.o
                0x008030b8                SSSCreateOSDataStructs
                0x00803160                SSSCreateTasks
                0x00803224                sss_reset_connection
                0x00803294                sss_send_menu
                0x00803424                sss_handle_accept
                0x008034e4                sss_exec_command
                0x00803658                sss_handle_receive
                0x00803844                SSSSimpleSocketServerTask
 .text          0x00803ab0        0x0 obj/default/tse_my_system.o
 .text          0x00803ab0       0xa4 c:/altera/13.0/nios2eds/bin/gnu/h-i686-mingw32/bin/../lib/gcc/nios2-elf/4.1.2\libgcc.a(_fixunsdfsi.o)
                0x00803ab0                __fixunsdfsi
 .text          0x00803b54      0x504 c:/altera/13.0/nios2eds/bin/gnu/h-i686-mingw32/bin/../lib/gcc/nios2-elf/4.1.2\libgcc.a(_addsub_df.o)
                0x00803f64                __subdf3
                0x00803fe4                __adddf3
 .text          0x00804058      0x3c4 c:/altera/13.0/nios2eds/bin/gnu/h-i686-mingw32/bin/../lib/gcc/nios2-elf/4.1.2\libgcc.a(_mul_df.o)
                0x00804058                __muldf3
 .text          0x0080441c       0x88 c:/altera/13.0/nios2eds/bin/gnu/h-i686-mingw32/bin/../lib/gcc/nios2-elf/4.1.2\libgcc.a(_ge_df.o)
                0x0080441c                __gedf2
 .text          0x008044a4       0xd8 c:/altera/13.0/nios2eds/bin/gnu/h-i686-mingw32/bin/../lib/gcc/nios2-elf/4.1.2\libgcc.a(_df_to_si.o)
                0x008044a4                __fixdfsi
 .text          0x0080457c        0x0 c:/altera/13.0/nios2eds/bin/gnu/h-i686-mingw32/bin/../lib/gcc/nios2-elf/4.1.2\libgcc.a(_thenan_df.o)
 .text          0x0080457c      0x194 c:/altera/13.0/nios2eds/bin/gnu/h-i686-mingw32/bin/../lib/gcc/nios2-elf/4.1.2\libgcc.a(_usi_to_df.o)
                0x0080457c                __floatunsidf
 .text          0x00804710       0x98 c:/altera/13.0/nios2eds/bin/gnu/h-i686-mingw32/bin/../lib/gcc/nios2-elf/4.1.2\libgcc.a(_muldi3.o)
                0x00804710                __muldi3
 .text          0x008047a8       0x80 c:/altera/13.0/nios2eds/bin/gnu/h-i686-mingw32/bin/../lib/gcc/nios2-elf/4.1.2\libgcc.a(_clzsi2.o)
                0x008047a8                __clzsi2
 .text          0x00804828      0x314 c:/altera/13.0/nios2eds/bin/gnu/h-i686-mingw32/bin/../lib/gcc/nios2-elf/4.1.2\libgcc.a(_pack_df.o)
                0x00804828                __pack_d
 .text          0x00804b3c      0x138 c:/altera/13.0/nios2eds/bin/gnu/h-i686-mingw32/bin/../lib/gcc/nios2-elf/4.1.2\libgcc.a(_unpack_df.o)
                0x00804b3c                __unpack_d
 .text          0x00804c74       0xc8 c:/altera/13.0/nios2eds/bin/gnu/h-i686-mingw32/bin/../lib/gcc/nios2-elf/4.1.2\libgcc.a(_fpcmp_parts_df.o)
                0x00804c74                __fpcmp_parts_d
 .text          0x00804d3c        0x0 c:/altera/13.0/nios2eds/bin/gnu/h-i686-mingw32/bin/../lib/gcc/nios2-elf/4.1.2\libgcc.a(_clz.o)
 .text          0x00804d3c        0x0 c:/altera/13.0/nios2eds/bin/gnu/h-i686-mingw32/bin/../lib/gcc/nios2-elf/4.1.2/../../../../nios2-elf/lib\libc.a(lib_a-ctype_.o)
 .text          0x00804d3c       0x38 c:/altera/13.0/nios2eds/bin/gnu/h-i686-mingw32/bin/../lib/gcc/nios2-elf/4.1.2/../../../../nios2-elf/lib\libc.a(lib_a-exit.o)
                0x00804d3c                exit
 .text          0x00804d74       0x60 c:/altera/13.0/nios2eds/bin/gnu/h-i686-mingw32/bin/../lib/gcc/nios2-elf/4.1.2/../../../../nios2-elf/lib\libc.a(lib_a-fprintf.o)
                0x00804d74                fprintf
                0x00804da0                _fprintf_r
 .text          0x00804dd4       0xdc c:/altera/13.0/nios2eds/bin/gnu/h-i686-mingw32/bin/../lib/gcc/nios2-elf/4.1.2/../../../../nios2-elf/lib\libc.a(lib_a-fwrite.o)
                0x00804dd4                _fwrite_r
                0x00804e70                fwrite
 .text          0x00804eb0      0x128 c:/altera/13.0/nios2eds/bin/gnu/h-i686-mingw32/bin/../lib/gcc/nios2-elf/4.1.2/../../../../nios2-elf/lib\libc.a(lib_a-getc.o)
                0x00804eb0                getc
                0x00804f48                _getc_r
 .text          0x00804fd8        0x0 c:/altera/13.0/nios2eds/bin/gnu/h-i686-mingw32/bin/../lib/gcc/nios2-elf/4.1.2/../../../../nios2-elf/lib\libc.a(lib_a-impure.o)
 .text          0x00804fd8       0xa0 c:/altera/13.0/nios2eds/bin/gnu/h-i686-mingw32/bin/../lib/gcc/nios2-elf/4.1.2/../../../../nios2-elf/lib\libc.a(lib_a-memcpy.o)
                0x00804fd8                memcpy
 .text          0x00805078       0xe0 c:/altera/13.0/nios2eds/bin/gnu/h-i686-mingw32/bin/../lib/gcc/nios2-elf/4.1.2/../../../../nios2-elf/lib\libc.a(lib_a-memmove.o)
                0x00805078                memmove
 .text          0x00805158       0x98 c:/altera/13.0/nios2eds/bin/gnu/h-i686-mingw32/bin/../lib/gcc/nios2-elf/4.1.2/../../../../nios2-elf/lib\libc.a(lib_a-memset.o)
                0x00805158                memset
 .text          0x008051f0       0x80 c:/altera/13.0/nios2eds/bin/gnu/h-i686-mingw32/bin/../lib/gcc/nios2-elf/4.1.2/../../../../nios2-elf/lib\libc.a(lib_a-perror.o)
                0x008051f0                _perror_r
                0x0080525c                perror
 .text          0x00805270       0x78 c:/altera/13.0/nios2eds/bin/gnu/h-i686-mingw32/bin/../lib/gcc/nios2-elf/4.1.2/../../../../nios2-elf/lib\libc.a(lib_a-printf.o)
                0x00805270                printf
                0x008052b4                _printf_r
 .text          0x008052e8      0x1ec c:/altera/13.0/nios2eds/bin/gnu/h-i686-mingw32/bin/../lib/gcc/nios2-elf/4.1.2/../../../../nios2-elf/lib\libc.a(lib_a-putc.o)
                0x008052e8                putc
                0x008053ec                _putc_r
 .text          0x008054d4       0x24 c:/altera/13.0/nios2eds/bin/gnu/h-i686-mingw32/bin/../lib/gcc/nios2-elf/4.1.2/../../../../nios2-elf/lib\libc.a(lib_a-putchar.o)
                0x008054d4                putchar
                0x008054f0                _putchar_r
 .text          0x008054f8       0xb4 c:/altera/13.0/nios2eds/bin/gnu/h-i686-mingw32/bin/../lib/gcc/nios2-elf/4.1.2/../../../../nios2-elf/lib\libc.a(lib_a-puts.o)
                0x008054f8                _puts_r
                0x00805598                puts
 .text          0x008055ac       0x60 c:/altera/13.0/nios2eds/bin/gnu/h-i686-mingw32/bin/../lib/gcc/nios2-elf/4.1.2/../../../../nios2-elf/lib\libc.a(lib_a-rget.o)
                0x008055ac                __srget_r
                0x008055f8                __srget
 .text          0x0080560c       0xe0 c:/altera/13.0/nios2eds/bin/gnu/h-i686-mingw32/bin/../lib/gcc/nios2-elf/4.1.2/../../../../nios2-elf/lib\libc.a(lib_a-strchr.o)
                0x0080560c                strchr
 .text          0x008056ec      0x674 c:/altera/13.0/nios2eds/bin/gnu/h-i686-mingw32/bin/../lib/gcc/nios2-elf/4.1.2/../../../../nios2-elf/lib\libc.a(lib_a-strerror.o)
                0x008056ec                strerror
 .text          0x00805d60       0x74 c:/altera/13.0/nios2eds/bin/gnu/h-i686-mingw32/bin/../lib/gcc/nios2-elf/4.1.2/../../../../nios2-elf/lib\libc.a(lib_a-strlen.o)
                0x00805d60                strlen
 .text          0x00805dd4        0x8 c:/altera/13.0/nios2eds/bin/gnu/h-i686-mingw32/bin/../lib/gcc/nios2-elf/4.1.2/../../../../nios2-elf/lib\libc.a(lib_a-u_strerr.o)
                0x00805dd4                _user_strerror
 .text          0x00805ddc     0x1f28 c:/altera/13.0/nios2eds/bin/gnu/h-i686-mingw32/bin/../lib/gcc/nios2-elf/4.1.2/../../../../nios2-elf/lib\libc.a(lib_a-vfprintf.o)
                0x00805e34                ___vfprintf_internal_r
                0x00807ce0                __vfprintf_internal
 .text          0x00807d04      0x14c c:/altera/13.0/nios2eds/bin/gnu/h-i686-mingw32/bin/../lib/gcc/nios2-elf/4.1.2/../../../../nios2-elf/lib\libc.a(lib_a-wbuf.o)
                0x00807d04                __swbuf_r
                0x00807e34                __swbuf
 .text          0x00807e50      0x13c c:/altera/13.0/nios2eds/bin/gnu/h-i686-mingw32/bin/../lib/gcc/nios2-elf/4.1.2/../../../../nios2-elf/lib\libc.a(lib_a-wsetup.o)
                0x00807e50                __swsetup_r
 .text          0x00807f8c      0x1b4 c:/altera/13.0/nios2eds/bin/gnu/h-i686-mingw32/bin/../lib/gcc/nios2-elf/4.1.2/../../../../nios2-elf/lib\libc.a(lib_a-__call_atexit.o)
                0x00807f90                __call_exitprocs
 .text          0x00808140     0x17cc c:/altera/13.0/nios2eds/bin/gnu/h-i686-mingw32/bin/../lib/gcc/nios2-elf/4.1.2/../../../../nios2-elf/lib\libc.a(lib_a-dtoa.o)
                0x00808358                _dtoa_r
 .text          0x0080990c      0x230 c:/altera/13.0/nios2eds/bin/gnu/h-i686-mingw32/bin/../lib/gcc/nios2-elf/4.1.2/../../../../nios2-elf/lib\libc.a(lib_a-fflush.o)
                0x0080990c                _fflush_r
                0x00809b08                fflush
 .text          0x00809b3c      0x2c0 c:/altera/13.0/nios2eds/bin/gnu/h-i686-mingw32/bin/../lib/gcc/nios2-elf/4.1.2/../../../../nios2-elf/lib\libc.a(lib_a-findfp.o)
                0x00809b94                __sfp_lock_acquire
                0x00809b98                __sfp_lock_release
                0x00809b9c                __sinit_lock_acquire
                0x00809ba0                __sinit_lock_release
                0x00809ba4                __sinit
                0x00809c58                __fp_unlock_all
                0x00809c70                __fp_lock_all
                0x00809c88                _cleanup_r
                0x00809c94                _cleanup
                0x00809ca4                __sfmoreglue
                0x00809d0c                __sfp
 .text          0x00809dfc       0xbc c:/altera/13.0/nios2eds/bin/gnu/h-i686-mingw32/bin/../lib/gcc/nios2-elf/4.1.2/../../../../nios2-elf/lib\libc.a(lib_a-fputc.o)
                0x00809dfc                fputc
                0x00809e60                _fputc_r
 .text          0x00809eb8       0x90 c:/altera/13.0/nios2eds/bin/gnu/h-i686-mingw32/bin/../lib/gcc/nios2-elf/4.1.2/../../../../nios2-elf/lib\libc.a(lib_a-fputs.o)
                0x00809eb8                _fputs_r
                0x00809f2c                fputs
 .text          0x00809f48      0x440 c:/altera/13.0/nios2eds/bin/gnu/h-i686-mingw32/bin/../lib/gcc/nios2-elf/4.1.2/../../../../nios2-elf/lib\libc.a(lib_a-freer.o)
                0x00809f48                _malloc_trim_r
                0x0080a074                _free_r
 .text          0x0080a388      0x49c c:/altera/13.0/nios2eds/bin/gnu/h-i686-mingw32/bin/../lib/gcc/nios2-elf/4.1.2/../../../../nios2-elf/lib\libc.a(lib_a-fvwrite.o)
                0x0080a388                __sfvwrite_r
 .text          0x0080a824      0x180 c:/altera/13.0/nios2eds/bin/gnu/h-i686-mingw32/bin/../lib/gcc/nios2-elf/4.1.2/../../../../nios2-elf/lib\libc.a(lib_a-fwalk.o)
                0x0080a824                _fwalk_reent
                0x0080a8ec                _fwalk
 .text          0x0080a9a4       0xc4 c:/altera/13.0/nios2eds/bin/gnu/h-i686-mingw32/bin/../lib/gcc/nios2-elf/4.1.2/../../../../nios2-elf/lib\libc.a(lib_a-locale.o)
                0x0080a9a4                __locale_charset
                0x0080a9ac                _localeconv_r
                0x0080a9b8                localeconv
                0x0080a9c8                _setlocale_r
                0x0080aa4c                setlocale
 .text          0x0080aa68      0x194 c:/altera/13.0/nios2eds/bin/gnu/h-i686-mingw32/bin/../lib/gcc/nios2-elf/4.1.2/../../../../nios2-elf/lib\libc.a(lib_a-makebuf.o)
                0x0080aa68                __smakebuf_r
 .text          0x0080abfc      0x740 c:/altera/13.0/nios2eds/bin/gnu/h-i686-mingw32/bin/../lib/gcc/nios2-elf/4.1.2/../../../../nios2-elf/lib\libc.a(lib_a-mallocr.o)
                0x0080abfc                _malloc_r
 .text          0x0080b33c       0xe4 c:/altera/13.0/nios2eds/bin/gnu/h-i686-mingw32/bin/../lib/gcc/nios2-elf/4.1.2/../../../../nios2-elf/lib\libc.a(lib_a-memchr.o)
                0x0080b33c                memchr
 .text          0x0080b420      0xff4 c:/altera/13.0/nios2eds/bin/gnu/h-i686-mingw32/bin/../lib/gcc/nios2-elf/4.1.2/../../../../nios2-elf/lib\libc.a(lib_a-mprec.o)
                0x0080b420                _Bfree
                0x0080b448                __hi0bits
                0x0080b4b8                __lo0bits
                0x0080b57c                __mcmp
                0x0080b5dc                __ulp
                0x0080b65c                __b2d
                0x0080b77c                __ratio
                0x0080b82c                _mprec_log10
                0x0080b8c0                __copybits
                0x0080b918                __any_on
                0x0080b9a0                _Balloc
                0x0080ba5c                __d2b
                0x0080bbd8                __mdiff
                0x0080bd64                __lshift
                0x0080beb0                __multiply
                0x0080c098                __i2b
                0x0080c0d4                __multadd
                0x0080c1d4                __pow5mult
                0x0080c2f4                __s2b
 .text          0x0080c414      0x5f4 c:/altera/13.0/nios2eds/bin/gnu/h-i686-mingw32/bin/../lib/gcc/nios2-elf/4.1.2/../../../../nios2-elf/lib\libc.a(lib_a-reallocr.o)
                0x0080c414                _realloc_r
 .text          0x0080ca08      0x1e0 c:/altera/13.0/nios2eds/bin/gnu/h-i686-mingw32/bin/../lib/gcc/nios2-elf/4.1.2/../../../../nios2-elf/lib\libc.a(lib_a-refill.o)
                0x0080ca08                __srefill_r
 .text          0x0080cbe8       0x40 c:/altera/13.0/nios2eds/bin/gnu/h-i686-mingw32/bin/../lib/gcc/nios2-elf/4.1.2/../../../../nios2-elf/lib\libc.a(lib_a-s_isinfd.o)
                0x0080cbe8                __isinfd
 .text          0x0080cc28       0x30 c:/altera/13.0/nios2eds/bin/gnu/h-i686-mingw32/bin/../lib/gcc/nios2-elf/4.1.2/../../../../nios2-elf/lib\libc.a(lib_a-s_isnand.o)
                0x0080cc28                __isnand
 .text          0x0080cc58       0x70 c:/altera/13.0/nios2eds/bin/gnu/h-i686-mingw32/bin/../lib/gcc/nios2-elf/4.1.2/../../../../nios2-elf/lib\libc.a(lib_a-sbrkr.o)
                0x0080cc58                _sbrk_r
 .text          0x0080ccc8      0x14c c:/altera/13.0/nios2eds/bin/gnu/h-i686-mingw32/bin/../lib/gcc/nios2-elf/4.1.2/../../../../nios2-elf/lib\libc.a(lib_a-stdio.o)
                0x0080ccc8                __sclose
                0x0080ccd0                __sseek
                0x0080cd38                __swrite
                0x0080cdb4                __sread
 .text          0x0080ce14       0xbc c:/altera/13.0/nios2eds/bin/gnu/h-i686-mingw32/bin/../lib/gcc/nios2-elf/4.1.2/../../../../nios2-elf/lib\libc.a(lib_a-strcmp.o)
                0x0080ce14                strcmp
 .text          0x0080ced0       0x78 c:/altera/13.0/nios2eds/bin/gnu/h-i686-mingw32/bin/../lib/gcc/nios2-elf/4.1.2/../../../../nios2-elf/lib\libc.a(lib_a-writer.o)
                0x0080ced0                _write_r
 .text          0x0080cf48       0xb4 c:/altera/13.0/nios2eds/bin/gnu/h-i686-mingw32/bin/../lib/gcc/nios2-elf/4.1.2/../../../../nios2-elf/lib\libc.a(lib_a-callocr.o)
                0x0080cf48                _calloc_r
 .text          0x0080cffc       0x70 c:/altera/13.0/nios2eds/bin/gnu/h-i686-mingw32/bin/../lib/gcc/nios2-elf/4.1.2/../../../../nios2-elf/lib\libc.a(lib_a-closer.o)
                0x0080cffc                _close_r
 .text          0x0080d06c      0x124 c:/altera/13.0/nios2eds/bin/gnu/h-i686-mingw32/bin/../lib/gcc/nios2-elf/4.1.2/../../../../nios2-elf/lib\libc.a(lib_a-fclose.o)
                0x0080d06c                _fclose_r
                0x0080d17c                fclose
 .text          0x0080d190       0x74 c:/altera/13.0/nios2eds/bin/gnu/h-i686-mingw32/bin/../lib/gcc/nios2-elf/4.1.2/../../../../nios2-elf/lib\libc.a(lib_a-fstatr.o)
                0x0080d190                _fstat_r
 .text          0x0080d204        0x0 c:/altera/13.0/nios2eds/bin/gnu/h-i686-mingw32/bin/../lib/gcc/nios2-elf/4.1.2/../../../../nios2-elf/lib\libc.a(lib_a-int_errno.o)
 .text          0x0080d204       0x70 c:/altera/13.0/nios2eds/bin/gnu/h-i686-mingw32/bin/../lib/gcc/nios2-elf/4.1.2/../../../../nios2-elf/lib\libc.a(lib_a-isattyr.o)
                0x0080d204                _isatty_r
 .text          0x0080d274       0x78 c:/altera/13.0/nios2eds/bin/gnu/h-i686-mingw32/bin/../lib/gcc/nios2-elf/4.1.2/../../../../nios2-elf/lib\libc.a(lib_a-lseekr.o)
                0x0080d274                _lseek_r
 .text          0x0080d2ec       0x78 c:/altera/13.0/nios2eds/bin/gnu/h-i686-mingw32/bin/../lib/gcc/nios2-elf/4.1.2/../../../../nios2-elf/lib\libc.a(lib_a-readr.o)
                0x0080d2ec                _read_r
 .text          0x0080d364      0x5dc c:/altera/13.0/nios2eds/bin/gnu/h-i686-mingw32/bin/../lib/gcc/nios2-elf/4.1.2\libgcc.a(_udivdi3.o)
                0x0080d364                __udivdi3
 .text          0x0080d940      0x5b0 c:/altera/13.0/nios2eds/bin/gnu/h-i686-mingw32/bin/../lib/gcc/nios2-elf/4.1.2\libgcc.a(_umoddi3.o)
                0x0080d940                __umoddi3
 .text          0x0080def0      0x258 c:/altera/13.0/nios2eds/bin/gnu/h-i686-mingw32/bin/../lib/gcc/nios2-elf/4.1.2\libgcc.a(_div_df.o)
                0x0080def0                __divdf3
 .text          0x0080e148       0x88 c:/altera/13.0/nios2eds/bin/gnu/h-i686-mingw32/bin/../lib/gcc/nios2-elf/4.1.2\libgcc.a(_eq_df.o)
                0x0080e148                __eqdf2
 .text          0x0080e1d0       0x88 c:/altera/13.0/nios2eds/bin/gnu/h-i686-mingw32/bin/../lib/gcc/nios2-elf/4.1.2\libgcc.a(_ne_df.o)
                0x0080e1d0                __nedf2
 .text          0x0080e258       0x88 c:/altera/13.0/nios2eds/bin/gnu/h-i686-mingw32/bin/../lib/gcc/nios2-elf/4.1.2\libgcc.a(_gt_df.o)
                0x0080e258                __gtdf2
 .text          0x0080e2e0       0x88 c:/altera/13.0/nios2eds/bin/gnu/h-i686-mingw32/bin/../lib/gcc/nios2-elf/4.1.2\libgcc.a(_lt_df.o)
                0x0080e2e0                __ltdf2
 .text          0x0080e368       0xf8 c:/altera/13.0/nios2eds/bin/gnu/h-i686-mingw32/bin/../lib/gcc/nios2-elf/4.1.2\libgcc.a(_si_to_df.o)
                0x0080e368                __floatsidf
 .text          0x0080e460      0x14c c:/altera/13.0/nios2eds/bin/gnu/h-i686-mingw32/bin/../lib/gcc/nios2-elf/4.1.2\libgcc.a(lib2-divmod.o)
                0x0080e4dc                __divsi3
                0x0080e53c                __modsi3
                0x0080e59c                __udivsi3
                0x0080e5a4                __umodsi3
 .text          0x0080e5ac       0x6c ../socket_simples_bsp/\libucosii_bsp.a(alt_exit.o)
                0x0080e5ec                _exit
 .text          0x0080e618       0xd0 ../socket_simples_bsp/\libucosii_bsp.a(alt_flash_dev.o)
                0x0080e618                alt_flash_open_dev
                0x0080e694                alt_flash_close_dev
 .text          0x0080e6e8      0x134 ../socket_simples_bsp/\libucosii_bsp.a(alt_fstat.o)
                0x0080e6e8                fstat
 .text          0x0080e81c      0x1c0 ../socket_simples_bsp/\libucosii_bsp.a(alt_irq_register.o)
                0x0080e81c                alt_irq_register
 .text          0x0080e9dc        0x0 ../socket_simples_bsp/\libucosii_bsp.a(alt_irq_vars.o)
 .text          0x0080e9dc      0x120 ../socket_simples_bsp/\libucosii_bsp.a(alt_isatty.o)
                0x0080e9dc                isatty
 .text          0x0080eafc      0x150 ../socket_simples_bsp/\libucosii_bsp.a(alt_lseek.o)
                0x0080eafc                lseek
 .text          0x0080ec4c       0xc8 ../socket_simples_bsp/\libucosii_bsp.a(alt_main.o)
                0x0080ec4c                alt_main
 .text          0x0080ed14       0xbc ../socket_simples_bsp/\libucosii_bsp.a(alt_sbrk.o)
                0x0080ed14                sbrk
 .text          0x0080edd0      0x118 ../socket_simples_bsp/\libucosii_bsp.a(alt_usleep.o)
                0x0080edd0                usleep
 .text          0x0080eee8      0x108 ../socket_simples_bsp/\libucosii_bsp.a(alt_env_lock.o)
                0x0080eee8                __env_lock
                0x0080ef94                __env_unlock
 .text          0x0080eff0      0x1d8 ../socket_simples_bsp/\libucosii_bsp.a(alt_malloc_lock.o)
                0x0080eff0                __malloc_lock
                0x0080f0f8                __malloc_unlock
 .text          0x0080f1c8     0x2128 ../socket_simples_bsp/\libucosii_bsp.a(os_core.o)
                0x0080f1c8                OSEventNameGet
                0x0080f2f8                OSEventNameSet
                0x0080f43c                OSEventPendMulti
                0x0080faf0                OSInit
                0x0080fb44                OSIntEnter
                0x0080fbc0                OSIntExit
                0x0080fcc0                OSSchedLock
                0x0080fd4c                OSSchedUnlock
                0x0080fe30                OSStart
                0x0080fea0                OSStatInit
                0x0080ff4c                OSTimeTick
                0x0081018c                OSVersion
                0x008101ac                OS_Dummy
                0x008101c8                OS_EventTaskRdy
                0x0081035c                OS_EventTaskWait
                0x0081046c                OS_EventTaskWaitMulti
                0x008105c0                OS_EventTaskRemove
                0x00810678                OS_EventTaskRemoveMulti
                0x0081077c                OS_EventWaitListInit
                0x00810b48                OS_MemClr
                0x00810b9c                OS_MemCopy
                0x00810c08                OS_Sched
                0x00810d4c                OS_StrCopy
                0x00810dcc                OS_StrLen
                0x00810e24                OS_TaskIdle
                0x00810e80                OS_TaskStat
                0x00810f48                OS_TaskStatStkChk
                0x00811010                OS_TCBInit
 .text          0x008112f0      0x18c ../socket_simples_bsp/\libucosii_bsp.a(os_dbg.o)
                0x008112f0                OSDebugInit
 .text          0x0081147c     0x193c ../socket_simples_bsp/\libucosii_bsp.a(os_flag.o)
                0x0081147c                OSFlagAccept
                0x008117b0                OSFlagCreate
                0x008118ec                OSFlagDel
                0x00811b94                OSFlagNameGet
                0x00811cd8                OSFlagNameSet
                0x00811e2c                OSFlagPend
                0x00812470                OSFlagPendGetFlagsRdy
                0x008124d8                OSFlagPost
                0x00812880                OSFlagQuery
                0x00812b18                OS_FlagInit
                0x00812d0c                OS_FlagUnlink
 .text          0x00812db8      0x808 ../socket_simples_bsp/\libucosii_bsp.a(os_mem.o)
                0x00812db8                OSMemCreate
                0x00812fd4                OSMemGet
                0x008130d8                OSMemNameGet
                0x008131e4                OSMemNameSet
                0x00813304                OSMemPut
                0x008133f4                OSMemQuery
                0x008134f0                OS_MemInit
 .text          0x008135c0     0x1334 ../socket_simples_bsp/\libucosii_bsp.a(os_q.o)
                0x008135c0                OSQAccept
                0x00813714                OSQCreate
                0x00813928                OSQDel
                0x00813c28                OSQFlush
                0x00813cf0                OSQPend
                0x00814010                OSQPendAbort
                0x0081418c                OSQPost
                0x0081430c                OSQPostFront
                0x00814494                OSQPostOpt
                0x008146c8                OSQQuery
                0x00814848                OS_QInit
 .text          0x008148f4      0xbc8 ../socket_simples_bsp/\libucosii_bsp.a(os_sem.o)
                0x008148f4                OSSemAccept
                0x008149b4                OSSemCreate
                0x00814ac8                OSSemDel
                0x00814d68                OSSemPend
                0x00814fe4                OSSemPendAbort
                0x00815160                OSSemPost
                0x00815288                OSSemQuery
                0x008153b8                OSSemSet
 .text          0x008154bc     0x1a40 ../socket_simples_bsp/\libucosii_bsp.a(os_task.o)
                0x008154bc                OSTaskChangePrio
                0x00815a30                OSTaskCreate
                0x00815c04                OSTaskCreateExt
                0x00815e04                OSTaskDel
                0x00816210                OSTaskDelReq
                0x00816380                OSTaskNameGet
                0x00816538                OSTaskNameSet
                0x008166fc                OSTaskResume
                0x00816914                OSTaskStkChk
                0x00816b10                OSTaskSuspend
                0x00816d3c                OSTaskQuery
                0x00816e80                OS_TaskStkClr
 .text          0x00816efc      0x670 ../socket_simples_bsp/\libucosii_bsp.a(os_time.o)
                0x00816efc                OSTimeDly
                0x00817048                OSTimeDlyHMSM
                0x00817294                OSTimeDlyResume
                0x008174a4                OSTimeGet
                0x00817508                OSTimeSet
 .text          0x0081756c      0x118 ../socket_simples_bsp/\libucosii_bsp.a(alt_sys_init.o)
                0x0081756c                alt_irq_init
                0x008175a0                alt_sys_init
 .text          0x00817684      0x8c8 ../socket_simples_bsp/\libucosii_bsp.a(altera_avalon_cfi_flash.o)
                0x00817684                alt_flash_cfi_init
                0x00817758                alt_flash_cfi_write
                0x00817a18                alt_flash_cfi_get_info
                0x00817aa8                alt_flash_cfi_read
                0x00817b10                alt_write_value_to_flash
                0x00817c74                alt_flash_program_block
 .text          0x00817f4c     0x14a8 ../socket_simples_bsp/\libucosii_bsp.a(altera_avalon_cfi_flash_table.o)
                0x00817f4c                alt_read_query_entry_8bit
                0x00817f8c                alt_read_query_entry_16bit
                0x00817fd0                alt_read_query_entry_32bit
                0x00818018                alt_write_flash_command_8bit_device_8bit_mode
                0x00818054                alt_write_flash_command_16bit_device_8bit_mode
                0x008180d0                alt_write_flash_command_32bit_device_8bit_mode
                0x00818118                alt_write_flash_command_16bit_device_16bit_mode
                0x0081815c                alt_write_flash_command_32bit_device_16bit_mode
                0x008181a4                alt_write_flash_command_32bit_device_32bit_mode
                0x008181ec                alt_write_native_8bit
                0x00818220                alt_write_native_16bit
                0x00818254                alt_write_native_32bit
                0x00818284                alt_set_flash_width_func
                0x00818464                alt_set_flash_algorithm_func
                0x0081858c                alt_read_cfi_table
                0x00818b6c                alt_read_cfi_width
                0x00819318                alt_check_primary_table
 .text          0x008193f4      0x9e4 ../socket_simples_bsp/\libucosii_bsp.a(altera_avalon_epcs_flash_controller.o)
                0x008193f4                alt_epcs_flash_init
                0x00819810                alt_epcs_flash_write
                0x00819a90                alt_epcs_flash_get_info
                0x00819b20                alt_epcs_flash_erase_block
                0x00819c24                alt_epcs_flash_write_block
                0x00819d40                alt_epcs_flash_read
 .text          0x00819dd8      0x148 ../socket_simples_bsp/\libucosii_bsp.a(altera_avalon_jtag_uart_fd.o)
                0x00819dd8                altera_avalon_jtag_uart_read_fd
                0x00819e30                altera_avalon_jtag_uart_write_fd
                0x00819e88                altera_avalon_jtag_uart_close_fd
                0x00819ed0                altera_avalon_jtag_uart_ioctl_fd
 .text          0x00819f20      0x584 ../socket_simples_bsp/\libucosii_bsp.a(altera_avalon_jtag_uart_init.o)
                0x00819f20                altera_avalon_jtag_uart_init
                0x0081a430                altera_avalon_jtag_uart_close
 .text          0x0081a4a4       0xf4 ../socket_simples_bsp/\libucosii_bsp.a(altera_avalon_jtag_uart_ioctl.o)
                0x0081a4a4                altera_avalon_jtag_uart_ioctl
 .text          0x0081a598      0x2c0 ../socket_simples_bsp/\libucosii_bsp.a(altera_avalon_jtag_uart_read.o)
                0x0081a598                altera_avalon_jtag_uart_read
 .text          0x0081a858      0x2dc ../socket_simples_bsp/\libucosii_bsp.a(altera_avalon_jtag_uart_write.o)
                0x0081a858                altera_avalon_jtag_uart_write
 .text          0x0081ab34      0xf3c ../socket_simples_bsp/\libucosii_bsp.a(altera_avalon_lcd_16207.o)
                0x0081b308                altera_avalon_lcd_16207_write
                0x0081b90c                altera_avalon_lcd_16207_init
 .text          0x0081ba70       0x58 ../socket_simples_bsp/\libucosii_bsp.a(altera_avalon_lcd_16207_fd.o)
                0x0081ba70                altera_avalon_lcd_16207_write_fd
 .text          0x0081bac8      0x100 ../socket_simples_bsp/\libucosii_bsp.a(altera_avalon_timer_sc.o)
                0x0081bb38                alt_avalon_timer_sc_init
 .text          0x0081bbc8       0xf8 ../socket_simples_bsp/\libucosii_bsp.a(altera_avalon_uart_fd.o)
                0x0081bbc8                altera_avalon_uart_read_fd
                0x0081bc20                altera_avalon_uart_write_fd
                0x0081bc78                altera_avalon_uart_close_fd
 .text          0x0081bcc0      0x57c ../socket_simples_bsp/\libucosii_bsp.a(altera_avalon_uart_init.o)
                0x0081bcc0                altera_avalon_uart_init
                0x0081c1dc                altera_avalon_uart_close
 .text          0x0081c23c      0x310 ../socket_simples_bsp/\libucosii_bsp.a(altera_avalon_uart_read.o)
                0x0081c23c                altera_avalon_uart_read
 .text          0x0081c54c      0x2a8 ../socket_simples_bsp/\libucosii_bsp.a(altera_avalon_uart_write.o)
                0x0081c54c                altera_avalon_uart_write
 .text          0x0081c7f4      0x6d4 ../socket_simples_bsp/\libucosii_bsp.a(epcs_commands.o)
                0x0081c7f4                epcs_read_status_register
                0x0081c854                epcs_sector_erase
                0x0081c9bc                epcs_read_buffer
                0x0081cb08                epcs_write_enable
                0x0081cb58                epcs_write_status_register
                0x0081cbbc                epcs_write_buffer
                0x0081cd2c                epcs_read_electronic_signature
                0x0081cd98                epcs_read_device_id
                0x0081ce18                epcs_enter_4_bytes_mode
                0x0081ce70                epcs_exit_4_bytes_mode
 .text          0x0081cec8       0x54 ../socket_simples_bsp/\libucosii_bsp.a(alt_iniche_close.o)
                0x0081cec8                close
 .text          0x0081cf1c      0x144 ../socket_simples_bsp/\libucosii_bsp.a(alt_iniche_dev.o)
                0x0081cf1c                iniche_devices_init
 .text          0x0081d060       0x78 ../socket_simples_bsp/\libucosii_bsp.a(alt_iniche_read.o)
                0x0081d060                read
 .text          0x0081d0d8       0x70 ../socket_simples_bsp/\libucosii_bsp.a(alt_iniche_write.o)
                0x0081d0d8                write
 .text          0x0081d148      0xedc ../socket_simples_bsp/\libucosii_bsp.a(ipnet.o)
                0x0081d148                Netinit
                0x0081d794                fixup_subnet_mask
                0x0081d8f4                netclose
                0x0081d9dc                pktdemux
                0x0081ddb0                c_older
                0x0081de80                ip2mac
 .text          0x0081e024      0x4b0 ../socket_simples_bsp/\libucosii_bsp.a(ipstart.o)
                0x0081e024                ip_startup
                0x0081e308                exit_hook
                0x0081e374                ip_exit
                0x0081e444                if_netnumber
 .text          0x0081e4d4     0x10e8 ../socket_simples_bsp/\libucosii_bsp.a(igmp_cmn.o)
                0x0081e4d4                igmp_init
                0x0081e5c4                igmp_input
                0x0081e6bc                igmp_fasttimo
                0x0081e8f0                igmp_send
                0x0081eb98                igmp_joingroup
                0x0081ee04                igmp_leavegroup
                0x0081ee80                igmp_validate
                0x0081f1dc                igmp_print_stats
 .text          0x0081f5bc      0xbc8 ../socket_simples_bsp/\libucosii_bsp.a(bsdsock.o)
                0x0081f5bc                bsd_accept
                0x0081f6f4                bsd_getpeername
                0x0081f820                bsd_getsockname
                0x0081f94c                bsd_i_sockoptlen
                0x0081fb04                bsd_getsockopt
                0x0081fc24                bsd_ioctl
                0x0081fd28                bsd_inet_ntoa
                0x0081fd58                bsd_recvfrom
                0x0081feb8                bsd_select
                0x00820098                bsd_setsockopt
 .text          0x00820184      0x118 ../socket_simples_bsp/\libucosii_bsp.a(cksum.o)
                0x00820184                ccksum
                0x00820234                cksum
 .text          0x0082029c      0xa9c ../socket_simples_bsp/\libucosii_bsp.a(in_utils.o)
                0x0082029c                do_trap
                0x008202c8                nextarg
                0x00820344                hexdump
                0x0082048c                print_ipad
                0x00820500                print_uptime
                0x0082062c                panic
                0x00820670                print_eth
                0x008207d4                uslash
                0x00820854                ns_printf
                0x008209d8                std_out
                0x00820a1c                con_page
                0x00820b0c                parse_args
 .text          0x00820d38      0x1c8 ../socket_simples_bsp/\libucosii_bsp.a(netmain.o)
                0x00820d38                netmain
                0x00820e2c                tk_netmain
                0x00820eb4                tk_nettick
 .text          0x00820f00      0x810 ../socket_simples_bsp/\libucosii_bsp.a(parseip.o)
                0x00820f00                parse_ipad
                0x0082121c                inet_addr
                0x00821284                hextoa
                0x008212f4                inet_pton
                0x008213a0                inet_ntop
                0x0082142c                print46_addr
                0x0082148c                inet46_addr
                0x00821550                inet_setport
                0x008215c4                convert_ip
 .text          0x00821710      0x5e8 ../socket_simples_bsp/\libucosii_bsp.a(tk_crnos.o)
                0x00821710                TK_OSTimeDly
                0x0082173c                TK_OSTaskResume
                0x008217ac                tcp_sleep
                0x0082194c                tcp_wakeup
                0x00821a50                TK_OSTaskQuery
                0x00821ac4                tk_yield
                0x00821af0                tk_stats
 .text          0x00821cf8     0x3294 ../socket_simples_bsp/\libucosii_bsp.a(dhcpclnt.o)
                0x00821cf8                dhc_get_srv_ipaddr
                0x00821d88                dhc_init
                0x00821e44                dhc_set_callback
                0x00821e88                dhc_upcall
                0x008226b8                dhc_buildheader
                0x008228d4                dhc_discover
                0x00822dec                dhc_rx_offer
                0x00822ef0                dhc_request
                0x00823a2c                dhc_setip
                0x00823cac                dhc_resetip
                0x00823d90                dhc_decline
                0x00823f74                dhc_extract_opts
                0x00824230                dhc_second
                0x00824b20                dhc_halt
                0x00824ba8                dhc_reclaim
                0x00824d78                dhc_state_init
                0x00824dd8                dhc_alldone
                0x00824e68                dhc_ifacedone
                0x00824edc                dhc_set_state
 .text          0x00824f8c       0xcc ../socket_simples_bsp/\libucosii_bsp.a(dhcputil.o)
                0x00824f8c                find_opt
 .text          0x00825058      0x79c ../socket_simples_bsp/\libucosii_bsp.a(pktalloc.o)
                0x00825058                pk_init
                0x008252e8                pk_alloc
                0x008253c4                pk_validate
                0x0082567c                pk_free
                0x00825728                pk_get_max_intrsafe_buf_len
                0x00825748                dump_buf_estats
 .text          0x008257f4      0x288 ../socket_simples_bsp/\libucosii_bsp.a(q.o)
                0x008257f4                getq
                0x008258bc                putq
                0x0082596c                qdel
 .text          0x00825a7c      0x31c ../socket_simples_bsp/\libucosii_bsp.a(udp_open.o)
                0x00825a7c                udp_open
                0x00825cb4                udp_close
 .text          0x00825d98      0x194 ../socket_simples_bsp/\libucosii_bsp.a(asm_cksum.o)
                0x00825d98                asm_cksum
 .text          0x00825f2c      0x2e4 ../socket_simples_bsp/\libucosii_bsp.a(brdutils.o)
                0x00825f2c                dtrap
                0x00825f5c                kbhit
                0x00826008                getch
                0x00826068                clock_init
                0x008260a4                clock_c
                0x008260c0                cticks_hook
                0x00826170                irq_Mask
                0x008261cc                irq_Unmask
 .text          0x00826210      0x488 ../socket_simples_bsp/\libucosii_bsp.a(osportco.o)
                0x00826210                LOCK_NET_RESOURCE
                0x008262d0                UNLOCK_NET_RESOURCE
                0x00826358                TK_NEWTASK
                0x0082656c                wait_app_sem
                0x00826620                post_app_sem
 .text          0x00826698      0x568 ../socket_simples_bsp/\libucosii_bsp.a(targnios.o)
                0x00826698                alt_iniche_init
                0x008268b4                pre_task_setup
                0x00826928                post_task_setup
                0x00826948                prep_armintcp
                0x00826980                calloc2
                0x008269b4                npalloc
                0x00826aa8                npfree
                0x00826b60                ncpalloc
                0x00826bb4                ncpfree
 .text          0x00826c00     0x19b8 ../socket_simples_bsp/\libucosii_bsp.a(nptcp.o)
                0x00826c00                pffindtype
                0x00826ca0                pffindproto
                0x00826d70                m_getnbuf
                0x00826f18                m_free
                0x0082704c                m_freem
                0x00827090                m_copy
                0x008273b4                m_adj
                0x00827584                mbuf_len
                0x008275dc                dtom
                0x00827684                remque
                0x008276f4                insque
                0x00827770                nptcp_init
                0x00827894                tcp_rcv
                0x00827a80                ip_output
                0x00828078                in_broadcast
                0x008280b8                np_stripoptions
                0x008281a0                so_icmpdu
                0x008284f8                tcp_tick
 .text          0x008285b8      0xa2c ../socket_simples_bsp/\libucosii_bsp.a(rawsock.o)
                0x008285b8                rawip_lookup
                0x00828628                rawip_soinput
                0x008287fc                rawip_usrreq
 .text          0x00828fe4     0x17fc ../socket_simples_bsp/\libucosii_bsp.a(sockcall.o)
                0x00828fe4                DOMAIN_CHECK
                0x00829030                t_socket
                0x008290c0                t_bind
                0x0082923c                t_listen
                0x00829320                t_accept
                0x008295b8                t_connect
                0x00829860                t_getpeername
                0x008298a4                t_getsockname
                0x00829ae4                t_setsockopt
                0x00829cc0                t_getsockopt
                0x00829e64                t_recv
                0x00829f54                t_recvfrom
                0x0082a0a4                t_sendto
                0x0082a2d0                t_send
                0x0082a4f8                t_shutdown
                0x0082a5dc                t_socketclose
                0x0082a744                t_errno
 .text          0x0082a7e0     0x23ec ../socket_simples_bsp/\libucosii_bsp.a(socket.o)
                0x0082a7e0                socreate
                0x0082a9ac                sobind
                0x0082aa08                solisten
                0x0082aaf8                sofree
                0x0082ac28                soclose
                0x0082af94                soabort
                0x0082afe4                soaccept
                0x0082b080                soconnect
                0x0082b154                sodisconnect
                0x0082b1f4                sosend
                0x0082b7fc                soreceive
                0x0082bfe0                soshutdown
                0x0082c088                sorflush
                0x0082c188                sosetopt
                0x0082c648                sogetopt
                0x0082cb88                sohasoutofband
 .text          0x0082cbcc     0x12f8 ../socket_simples_bsp/\libucosii_bsp.a(socket2.o)
                0x0082cbcc                soisconnecting
                0x0082cc38                soisconnected
                0x0082cd34                soisdisconnecting
                0x0082cdc0                soisdisconnected
                0x0082ce7c                sonewconn
                0x0082d098                soqinsque
                0x0082d144                soqremque
                0x0082d264                socantsendmore
                0x0082d2b4                socantrcvmore
                0x0082d304                sbselqueue
                0x0082d33c                sbwait
                0x0082d3a4                sbwakeup
                0x0082d440                soreserve
                0x0082d4c0                sbreserve
                0x0082d520                sbrelease
                0x0082d568                sbappend
                0x0082d610                sbappendrecord
                0x0082d6f0                sbappendaddr
                0x0082d8d8                sbcompress
                0x0082dac0                sbflush
                0x0082db50                sbdrop
                0x0082dd20                sbdropend
                0x0082de30                sbdroprecord
 .text          0x0082dec4      0x914 ../socket_simples_bsp/\libucosii_bsp.a(soselect.o)
                0x0082dec4                t_select
                0x0082e0e4                sock_selscan
                0x0082e23c                sock_select
                0x0082e450                in_pcbnotify
                0x0082e51c                tcp_notify
                0x0082e584                ifd_clr
                0x0082e674                ifd_set
                0x0082e6e8                ifd_isset
                0x0082e768                ifd_get
 .text          0x0082e7d8     0x3020 ../socket_simples_bsp/\libucosii_bsp.a(tcp_in.o)
                0x0082e7d8                tcp_reass
                0x0082ebe0                tcp_input
                0x00831134                tcp_dooptions
                0x008312c4                tcp_pulloutofband
                0x008313f0                tcp_xmit_timer
                0x00831694                ip4_tcpmss
                0x008316dc                tcp_mss
 .text          0x008317f8     0x1360 ../socket_simples_bsp/\libucosii_bsp.a(tcp_out.o)
                0x008317f8                tcp_output
                0x00832974                tcp_setpersist
 .text          0x00832b58      0x9e8 ../socket_simples_bsp/\libucosii_bsp.a(tcp_subr.o)
                0x00832b58                tcp_init
                0x00832bb0                tcp_template
                0x00832cc8                tcp_respond
                0x00833150                tcp_newtcpcb
                0x00833268                tcp_drop
                0x00833314                tcp_close
                0x008333fc                tcp_quench
                0x00833448                tcp_putseq
                0x008334c8                tcp_getseq
 .text          0x00833540      0x798 ../socket_simples_bsp/\libucosii_bsp.a(tcp_timr.o)
                0x00833540                tcp_slowtimo
                0x008337e0                tcp_canceltimers
                0x0083383c                tcp_timers
 .text          0x00833cd8      0x9ec ../socket_simples_bsp/\libucosii_bsp.a(tcp_usr.o)
                0x00833cd8                tcp_usrreq
                0x008343dc                tcp_attach
                0x00834510                tcp_disconnect
                0x008345e4                tcp_usrclosed
 .text          0x008346c4       0x4c ../socket_simples_bsp/\libucosii_bsp.a(tcpport.o)
                0x008346c4                tcpinit
 .text          0x00834710      0xd20 ../socket_simples_bsp/\libucosii_bsp.a(udpsock.o)
                0x00834710                udp_lookup
                0x00834780                udp_soinput
                0x00834938                udp_usrreq
                0x00834bbc                udp4_sockbind
                0x00834ef8                udp4_socksend
                0x008352d4                udp4_sockaddr
 .text          0x00835430      0x154 ../socket_simples_bsp/\libucosii_bsp.a(alt_alarm_start.o)
                0x00835430                alt_alarm_start
 .text          0x00835584      0x14c ../socket_simples_bsp/\libucosii_bsp.a(alt_busy_sleep.o)
                0x00835584                alt_busy_sleep
 .text          0x008356d0      0x15c ../socket_simples_bsp/\libucosii_bsp.a(alt_close.o)
                0x008356d0                alt_close
 .text          0x0083582c       0x78 ../socket_simples_bsp/\libucosii_bsp.a(alt_dcache_flush.o)
                0x0083582c                alt_dcache_flush
 .text          0x008358a4       0x2c ../socket_simples_bsp/\libucosii_bsp.a(alt_dev.o)
 .text          0x008358d0      0x114 ../socket_simples_bsp/\libucosii_bsp.a(alt_dev_llist_insert.o)
                0x008358d0                alt_dev_llist_insert
 .text          0x008359e4       0x64 ../socket_simples_bsp/\libucosii_bsp.a(alt_do_ctors.o)
                0x008359e4                _do_ctors
 .text          0x00835a48       0x64 ../socket_simples_bsp/\libucosii_bsp.a(alt_do_dtors.o)
                0x00835a48                _do_dtors
 .text          0x00835aac        0x0 ../socket_simples_bsp/\libucosii_bsp.a(alt_errno.o)
 .text          0x00835aac       0x94 ../socket_simples_bsp/\libucosii_bsp.a(alt_find_dev.o)
                0x00835aac                alt_find_dev
 .text          0x00835b40      0x1d4 ../socket_simples_bsp/\libucosii_bsp.a(alt_iic.o)
                0x00835b40                alt_ic_isr_register
                0x00835b90                alt_ic_irq_enable
                0x00835c2c                alt_ic_irq_disable
                0x00835ccc                alt_ic_irq_enabled
 .text          0x00835d14       0xf8 ../socket_simples_bsp/\libucosii_bsp.a(alt_iic_isr_register.o)
                0x00835d14                alt_iic_isr_register
 .text          0x00835e0c      0x13c ../socket_simples_bsp/\libucosii_bsp.a(alt_io_redirect.o)
                0x00835ed0                alt_io_redirect
 .text          0x00835f48        0x0 ../socket_simples_bsp/\libucosii_bsp.a(alt_irq_entry.o)
 .text          0x00835f48        0x0 ../socket_simples_bsp/\libucosii_bsp.a(alt_irq_handler.o)
 .text          0x00835f48      0x2c4 ../socket_simples_bsp/\libucosii_bsp.a(alt_open.o)
                0x00836024                open
 .text          0x0083620c      0x180 ../socket_simples_bsp/\libucosii_bsp.a(alt_read.o)
                0x0083620c                alt_read
 .text          0x0083638c       0x60 ../socket_simples_bsp/\libucosii_bsp.a(alt_release_fd.o)
                0x0083638c                alt_release_fd
 .text          0x008363ec       0x38 ../socket_simples_bsp/\libucosii_bsp.a(alt_remap_cached.o)
                0x008363ec                alt_remap_cached
 .text          0x00836424       0x40 ../socket_simples_bsp/\libucosii_bsp.a(alt_remap_uncached.o)
                0x00836424                alt_remap_uncached
 .text          0x00836464      0x1a8 ../socket_simples_bsp/\libucosii_bsp.a(alt_tick.o)
                0x00836464                alt_alarm_stop
                0x008364fc                alt_tick
 .text          0x0083660c      0x180 ../socket_simples_bsp/\libucosii_bsp.a(alt_write.o)
                0x0083660c                alt_write
 .text          0x0083678c       0x20 ../socket_simples_bsp/\libucosii_bsp.a(altera_nios2_qsys_irq.o)
                0x0083678c                altera_nios2_qsys_irq_init
 .text          0x008367ac       0xd0 ../socket_simples_bsp/\libucosii_bsp.a(os_cpu_a.o)
                0x008367ac                OSCtxSw
                0x008367ac                OSIntCtxSw
                0x00836838                OSStartHighRdy
                0x00836858                OSStartTsk
 .text          0x0083687c      0x424 ../socket_simples_bsp/\libucosii_bsp.a(os_cpu_c.o)
                0x0083687c                OSTaskStkInit
                0x00836b8c                OSTaskCreateHook
                0x00836bac                OSTaskDelHook
                0x00836bcc                OSTaskSwHook
                0x00836be8                OSTaskStatHook
                0x00836c04                OSTimeTickHook
                0x00836c2c                OSInitHookBegin
                0x00836c48                OSInitHookEnd
                0x00836c64                OSTaskIdleHook
                0x00836c80                OSTCBInitHook
 .text          0x00836ca0      0x460 ../socket_simples_bsp/\libucosii_bsp.a(altera_avalon_cfi_flash_amd.o)
                0x00836ca0                alt_program_amd
                0x00836d08                alt_erase_block_amd
 .text          0x00837100      0x460 ../socket_simples_bsp/\libucosii_bsp.a(altera_avalon_cfi_flash_intel.o)
                0x00837100                alt_program_intel
                0x00837184                alt_erase_block_intel
 .text          0x00837560      0x238 ../socket_simples_bsp/\libucosii_bsp.a(altera_avalon_spi.o)
                0x00837560                alt_avalon_spi_command
 .text          0x00837798      0x444 ../socket_simples_bsp/\libucosii_bsp.a(allports.o)
                0x00837798                netmain_init
                0x00837894                icmp_port_du
                0x0083791c                station_state
                0x00837a80                sysuptime
                0x00837b14                packet_check
                0x00837b60                mcastlist
                0x00837b84                prep_modules
 .text          0x00837bdc      0x580 ../socket_simples_bsp/\libucosii_bsp.a(timeouts.o)
                0x00837bdc                inet_timer
                0x00837edc                in_timerset
                0x008380b4                in_timerkill
 .text          0x0083815c       0xa4 ../socket_simples_bsp/\libucosii_bsp.a(tk_misc.o)
                0x0083815c                create_apptasks
                0x00838180                task_stats
 .text          0x00838200       0xb0 ../socket_simples_bsp/\libucosii_bsp.a(alt_iniche_fcntl.o)
                0x00838200                fcntl
 .text          0x008382b0     0x15b0 ../socket_simples_bsp/\libucosii_bsp.a(et_arp.o)
                0x008382b0                etainit
                0x00838304                et_send
                0x00838480                arp_free_pending
                0x00838508                arp_send_pending
                0x0083857c                send_arp
                0x00838a14                find_oldest_arp
                0x00838c10                make_arp_entry
                0x00838d24                arpReply
                0x00838fb8                arprcv
                0x00839218                send_via_arp
                0x008393e8                cb_arpent_tmo
                0x00839594                grat_arp
 .text          0x00839860      0x298 ../socket_simples_bsp/\libucosii_bsp.a(iface.o)
                0x00839860                if_getbynum
                0x008398e4                isbcast
                0x008399c4                reg_type
                0x00839a60                if_killsocks
 .text          0x00839af8     0x22a4 ../socket_simples_bsp/\libucosii_bsp.a(ip.o)
                0x00839af8                ip_init
                0x00839bf4                ip_bldhead
                0x00839d98                ip_write_internal
                0x0083a518                ip_write
                0x0083a760                ip_write2
                0x0083ab10                ip_raw_write
                0x0083abe8                ip_fragment_lc
                0x0083b070                ip_fragment
                0x0083b694                ip_mymach
                0x0083b740                ip_dump
                0x0083b9f8                iproute
                0x0083bc64                ip_copypkt
 .text          0x0083bd9c     0x1e08 ../socket_simples_bsp/\libucosii_bsp.a(ip_reasm.o)
                0x0083bd9c                ip_reasm_match_frag_with_ire
                0x0083be6c                ip_reasm_determine_type_of_frag
                0x0083bf58                ip_reasm_check_mem_useage
                0x0083bff0                ip_reasm_incr_mem_useage
                0x0083c098                ip_reasm_decr_mem_useage
                0x0083c138                ip_reasm_process_first_fragment
                0x0083c418                ip_reassm
                0x0083c4b8                ip_reasm_compute_overlap
                0x0083ca48                ip_reasm_process_subsequent_fragments
                0x0083cfdc                ip_reasm_find_ire
                0x0083d040                ip_reasm_copy_queued_fragments_into_reassy_buffer
                0x0083d39c                ip_reasm_process_timer_tick
                0x0083d4bc                ip_reasm_delete_ire
                0x0083d684                ip_reasm_mark_compact_rfq
                0x0083d7cc                ipr_stats
                0x0083db50                ip_reasm_send_icmp_timex
 .text          0x0083dba4      0xe3c ../socket_simples_bsp/\libucosii_bsp.a(ipdemux.o)
                0x0083dba4                ip_rcv
                0x0083dfa4                ip_rcv_phase2
                0x0083e5b0                ip_demux
 .text          0x0083e9e0      0x2f0 ../socket_simples_bsp/\libucosii_bsp.a(ipmc.o)
                0x0083e9e0                in_addmulti
                0x0083eb48                in_delmulti
                0x0083ec60                lookup_mcast
 .text          0x0083ecd0       0xe4 ../socket_simples_bsp/\libucosii_bsp.a(ipport.o)
                0x0083ecd0                prep_ifaces
                0x0083ed64                netexit
                0x0083ed8c                evtmap_setup
 .text          0x0083edb4      0x550 ../socket_simples_bsp/\libucosii_bsp.a(ipraw.o)
                0x0083edb4                ip_raw_open
                0x0083eea4                ip_raw_close
                0x0083ef64                ip_raw_input
                0x0083f19c                ip_raw_alloc
                0x0083f268                ip_raw_free
                0x0083f2a8                ip_raw_maxalloc
 .text          0x0083f304      0x6f0 ../socket_simples_bsp/\libucosii_bsp.a(iproute.o)
                0x0083f304                rt_lookup
                0x0083f488                add_route
                0x0083f8b0                del_route
 .text          0x0083f9f4      0xe3c ../socket_simples_bsp/\libucosii_bsp.a(udp.o)
                0x0083f9f4                udpdemux
                0x0084024c                udp_send
                0x00840504                udpswap
                0x00840634                udp_socket
                0x00840704                udp_alloc
                0x008407c4                udp_maxalloc
                0x008407f0                udp_free
 .text          0x00840830      0x2e8 ../socket_simples_bsp/\libucosii_bsp.a(igmp.o)
                0x00840830                igmpv1_input
 .text          0x00840b18      0x7c0 ../socket_simples_bsp/\libucosii_bsp.a(igmp2.o)
                0x00840b18                igmpv2_input
                0x00840c78                igmpv2_process_report
                0x00840dc4                igmpv2_process_query
                0x00841010                igmpv2_chk_set_timer
                0x00841168                igmpv2_chk4_rtr_alert_opt
 .text          0x008412d8      0x8fc ../socket_simples_bsp/\libucosii_bsp.a(ipopt.o)
                0x008412d8                IPADDR_TO_NETP
                0x00841420                ip_setmoptions
                0x00841a10                ip_getmoptions
                0x00841b50                ip_freemoptions
 .text          0x00841bd4      0x6e8 ../socket_simples_bsp/\libucosii_bsp.a(u_mctest.o)
                0x00841bd4                u_mctest_init
                0x00841c04                u_mctest_run
 .text          0x008422bc      0x3d0 ../socket_simples_bsp/\libucosii_bsp.a(dhcsetup.o)
                0x008422bc                dhc_setup
                0x00842588                dhc_main_ipset
 .text          0x0084268c      0x40c ../socket_simples_bsp/\libucosii_bsp.a(memdev.o)
                0x0084268c                init_memdev
                0x00842704                md_fopen
                0x0084272c                md_fclose
                0x0084274c                md_fread
                0x008428cc                md_fwrite
                0x0084294c                md_fseek
                0x00842978                md_ftell
                0x0084299c                md_fgetc
                0x00842a74                md_unlink
 .text          0x00842a98      0x1cc ../socket_simples_bsp/\libucosii_bsp.a(tcpcksum.o)
                0x00842a98                tcp_cksum
 .text          0x00842c64      0x900 ../socket_simples_bsp/\libucosii_bsp.a(in_pcb.o)
                0x00842c64                in_pcballoc
                0x00842cf8                in_pcbdetach
                0x00842d4c                in_pcbbind
                0x00842fa0                in_pcbconnect
                0x008431b0                in_pcbdisconnect
                0x00843210                in_setsockaddr
                0x0084328c                in_setpeeraddr
                0x00843308                in_pcblookup
 .text          0x00843564     0x1a74 ../socket_simples_bsp/\libucosii_bsp.a(vfsfiles.o)
                0x00843564                set_vfopen_error
                0x0084358c                get_vfopen_error
                0x008435ac                vf_alloc_and_link_vop
                0x00843628                vf_alloc_buffer
                0x00843700                vf_free_buffer
                0x00843750                vfopen_locked
                0x00843ab8                vfopen
                0x00843b08                vfclose_locked
                0x00843cb0                vfclose
                0x00843cf0                vfflush
                0x00843d38                vfgets
                0x00843e1c                vfeof
                0x00843e74                vunlink_flag_open_files
                0x00843ed0                vunlink
                0x008440f0                vfread
                0x0084429c                vfwrite_locked
                0x00844684                vfwrite
                0x008446e4                vfseek
                0x00844860                vftell
                0x00844994                vgetc_locked
                0x00844ab4                vgetc
                0x00844afc                vfslookup_locked
                0x00844c34                vfslookup
                0x00844c7c                strippath
                0x00844e64                isvfile_locked
                0x00844ec8                isvfile
                0x00844f10                vferror
                0x00844f7c                vclearerr
 .text          0x00844fd8       0x24 ../socket_simples_bsp/\libucosii_bsp.a(vfsport.o)
                0x00844fd8                prep_vfs
 .text          0x00844ffc        0x0 ../socket_simples_bsp/\libucosii_bsp.a(alt_exception_entry.o)
 .text          0x00844ffc      0x1b4 ../socket_simples_bsp/\libucosii_bsp.a(alt_fcntl.o)
                0x00844ffc                alt_fcntl
 .text          0x008451b0      0x120 ../socket_simples_bsp/\libucosii_bsp.a(alt_find_file.o)
                0x008451b0                alt_find_file
 .text          0x008452d0       0xf4 ../socket_simples_bsp/\libucosii_bsp.a(alt_get_fd.o)
                0x008452d0                alt_get_fd
 .text          0x008453c4     0x130c ../socket_simples_bsp/\libucosii_bsp.a(icmp.o)
                0x008453c4                icmprcv
                0x00845ff8                icmp_destun
                0x00846348                icmp_timex
                0x0084667c                icmp_du
 .text          0x008466d0       0x14 c:/altera/13.0/nios2eds/bin/gnu/h-i686-mingw32/bin/../lib/gcc/nios2-elf/4.1.2/../../../../nios2-elf/lib\libc.a(lib_a-atexit.o)
                0x008466d0                atexit
 .text          0x008466e4       0x18 c:/altera/13.0/nios2eds/bin/gnu/h-i686-mingw32/bin/../lib/gcc/nios2-elf/4.1.2/../../../../nios2-elf/lib\libc.a(lib_a-atoi.o)
                0x008466e4                _atoi_r
                0x008466f0                atoi
 .text          0x008466fc       0x1c c:/altera/13.0/nios2eds/bin/gnu/h-i686-mingw32/bin/../lib/gcc/nios2-elf/4.1.2/../../../../nios2-elf/lib\libc.a(lib_a-calloc.o)
                0x008466fc                calloc
 .text          0x00846718       0x28 c:/altera/13.0/nios2eds/bin/gnu/h-i686-mingw32/bin/../lib/gcc/nios2-elf/4.1.2/../../../../nios2-elf/lib\libc.a(lib_a-malloc.o)
                0x00846718                free
                0x0084672c                malloc
 .text          0x00846740       0x74 c:/altera/13.0/nios2eds/bin/gnu/h-i686-mingw32/bin/../lib/gcc/nios2-elf/4.1.2/../../../../nios2-elf/lib\libc.a(lib_a-memcmp.o)
                0x00846740                memcmp
 .text          0x008467b4       0xd4 c:/altera/13.0/nios2eds/bin/gnu/h-i686-mingw32/bin/../lib/gcc/nios2-elf/4.1.2/../../../../nios2-elf/lib\libc.a(lib_a-sprintf.o)
                0x008467b4                sprintf
                0x00846828                _sprintf_r
 .text          0x00846888       0x8c c:/altera/13.0/nios2eds/bin/gnu/h-i686-mingw32/bin/../lib/gcc/nios2-elf/4.1.2/../../../../nios2-elf/lib\libc.a(lib_a-strcpy.o)
                0x00846888                strcpy
 .text          0x00846914       0xf0 c:/altera/13.0/nios2eds/bin/gnu/h-i686-mingw32/bin/../lib/gcc/nios2-elf/4.1.2/../../../../nios2-elf/lib\libc.a(lib_a-strncmp.o)
                0x00846914                strncmp
 .text          0x00846a04       0xbc c:/altera/13.0/nios2eds/bin/gnu/h-i686-mingw32/bin/../lib/gcc/nios2-elf/4.1.2/../../../../nios2-elf/lib\libc.a(lib_a-strncpy.o)
                0x00846a04                strncpy
 .text          0x00846ac0      0x268 c:/altera/13.0/nios2eds/bin/gnu/h-i686-mingw32/bin/../lib/gcc/nios2-elf/4.1.2/../../../../nios2-elf/lib\libc.a(lib_a-strtol.o)
                0x00846ac0                _strtol_r
                0x00846d04                strtol
 .text          0x00846d28       0x34 c:/altera/13.0/nios2eds/bin/gnu/h-i686-mingw32/bin/../lib/gcc/nios2-elf/4.1.2/../../../../nios2-elf/lib\libc.a(lib_a-vprintf.o)
                0x00846d28                _vprintf_r
                0x00846d3c                vprintf
 .text          0x00846d5c       0x74 c:/altera/13.0/nios2eds/bin/gnu/h-i686-mingw32/bin/../lib/gcc/nios2-elf/4.1.2/../../../../nios2-elf/lib\libc.a(lib_a-vsprintf.o)
                0x00846d5c                _vsprintf_r
                0x00846dac                vsprintf
 .text          0x00846dd0      0x134 c:/altera/13.0/nios2eds/bin/gnu/h-i686-mingw32/bin/../lib/gcc/nios2-elf/4.1.2/../../../../nios2-elf/lib\libc.a(lib_a-__atexit.o)
                0x00846dd0                __register_exitproc
 *(.gnu.warning.*)
 *(.fini)
                0x00846f04                PROVIDE (__etext, ABSOLUTE (.))
                0x00846f04                PROVIDE (_etext, ABSOLUTE (.))
                0x00846f04                PROVIDE (etext, ABSOLUTE (.))
 *(.eh_frame_hdr)
                0x00846f04                . = ALIGN (0x4)
                0x00846f04                PROVIDE (__preinit_array_start, ABSOLUTE (.))
 *(.preinit_array)
                0x00846f04                PROVIDE (__preinit_array_end, ABSOLUTE (.))
                0x00846f04                PROVIDE (__init_array_start, ABSOLUTE (.))
 *(.init_array)
                0x00846f04                PROVIDE (__init_array_end, ABSOLUTE (.))
                0x00846f04                PROVIDE (__fini_array_start, ABSOLUTE (.))
 *(.fini_array)
                0x00846f04                PROVIDE (__fini_array_end, ABSOLUTE (.))
 *(.eh_frame)
 *(.gcc_except_table)
 *(.dynamic)
                0x00846f04                PROVIDE (__CTOR_LIST__, ABSOLUTE (.))
 *(.ctors)
 *(SORT(.ctors.*))
 .ctors.65535   0x00846f04        0x4 c:/altera/13.0/nios2eds/bin/gnu/h-i686-mingw32/bin/../lib/gcc/nios2-elf/4.1.2/../../../../nios2-elf/lib\libc.a(lib_a-__call_atexit.o)
                0x00846f08                PROVIDE (__CTOR_END__, ABSOLUTE (.))
                0x00846f08                PROVIDE (__DTOR_LIST__, ABSOLUTE (.))
 *(.dtors)
 *(SORT(.dtors.*))
                0x00846f08                PROVIDE (__DTOR_END__, ABSOLUTE (.))
 *(.jcr)
                0x00846f08                . = ALIGN (0x4)

.rodata         0x00846f08     0x4208
                0x00846f08                PROVIDE (__ram_rodata_start, ABSOLUTE (.))
                0x00846f08                . = ALIGN (0x4)
 *(.rodata .rodata.* .gnu.linkonce.r.*)
 .rodata        0x00846f08       0x60 obj/default/LCD.o
 .rodata        0x00846f68       0xa8 obj/default/SSS_DE2_115.o
 .rodata        0x00847010      0xba4 obj/default/alt_error_handler.o
 .rodata        0x00847bb4       0x64 obj/default/dm9000a.o
 .rodata        0x00847c18       0xec obj/default/iniche_init.o
 .rodata        0x00847d04      0x234 obj/default/network_utilities.o
 .rodata        0x00847f38      0x2e0 obj/default/simple_socket_server.o
 .rodata        0x00848218       0x14 c:/altera/13.0/nios2eds/bin/gnu/h-i686-mingw32/bin/../lib/gcc/nios2-elf/4.1.2\libgcc.a(_thenan_df.o)
                0x00848218                __thenan_df
 .rodata        0x0084822c      0x100 c:/altera/13.0/nios2eds/bin/gnu/h-i686-mingw32/bin/../lib/gcc/nios2-elf/4.1.2\libgcc.a(_clz.o)
                0x0084822c                __clz_tab
 .rodata        0x0084832c      0x284 c:/altera/13.0/nios2eds/bin/gnu/h-i686-mingw32/bin/../lib/gcc/nios2-elf/4.1.2/../../../../nios2-elf/lib\libc.a(lib_a-ctype_.o)
                0x0084832c                _ctype_
 .rodata.str1.4
                0x008485b0        0x2 c:/altera/13.0/nios2eds/bin/gnu/h-i686-mingw32/bin/../lib/gcc/nios2-elf/4.1.2/../../../../nios2-elf/lib\libc.a(lib_a-impure.o)
                                  0x4 (size before relaxing)
 *fill*         0x008485b2        0x2 00
 .rodata.str1.4
                0x008485b4        0x3 c:/altera/13.0/nios2eds/bin/gnu/h-i686-mingw32/bin/../lib/gcc/nios2-elf/4.1.2/../../../../nios2-elf/lib\libc.a(lib_a-perror.o)
                                  0x4 (size before relaxing)
 *fill*         0x008485b7        0x1 00
 .rodata.str1.4
                0x008485b8        0x2 c:/altera/13.0/nios2eds/bin/gnu/h-i686-mingw32/bin/../lib/gcc/nios2-elf/4.1.2/../../../../nios2-elf/lib\libc.a(lib_a-puts.o)
                                  0x4 (size before relaxing)
 *fill*         0x008485ba        0x2 00
 .rodata.str1.4
                0x008485bc      0x7a2 c:/altera/13.0/nios2eds/bin/gnu/h-i686-mingw32/bin/../lib/gcc/nios2-elf/4.1.2/../../../../nios2-elf/lib\libc.a(lib_a-strerror.o)
                                0x7a8 (size before relaxing)
 *fill*         0x00848d5e        0x2 00
 .rodata.str1.4
                0x00848d60       0x5e c:/altera/13.0/nios2eds/bin/gnu/h-i686-mingw32/bin/../lib/gcc/nios2-elf/4.1.2/../../../../nios2-elf/lib\libc.a(lib_a-vfprintf.o)
                                 0x60 (size before relaxing)
 *fill*         0x00848dbe        0x2 00
 .rodata        0x00848dc0       0x20 c:/altera/13.0/nios2eds/bin/gnu/h-i686-mingw32/bin/../lib/gcc/nios2-elf/4.1.2/../../../../nios2-elf/lib\libc.a(lib_a-vfprintf.o)
 .rodata.str1.4
                0x00848de0       0x10 c:/altera/13.0/nios2eds/bin/gnu/h-i686-mingw32/bin/../lib/gcc/nios2-elf/4.1.2/../../../../nios2-elf/lib\libc.a(lib_a-dtoa.o)
                                 0x14 (size before relaxing)
 .rodata.str1.4
                0x00848df0       0x10 c:/altera/13.0/nios2eds/bin/gnu/h-i686-mingw32/bin/../lib/gcc/nios2-elf/4.1.2/../../../../nios2-elf/lib\libc.a(lib_a-locale.o)
                                 0x18 (size before relaxing)
 .rodata        0x00848e00       0x30 c:/altera/13.0/nios2eds/bin/gnu/h-i686-mingw32/bin/../lib/gcc/nios2-elf/4.1.2/../../../../nios2-elf/lib\libc.a(lib_a-locale.o)
 .rodata        0x00848e30      0x124 c:/altera/13.0/nios2eds/bin/gnu/h-i686-mingw32/bin/../lib/gcc/nios2-elf/4.1.2/../../../../nios2-elf/lib\libc.a(lib_a-mprec.o)
                0x00848e30                __mprec_tens
                0x00848ef8                __mprec_bigtens
                0x00848f20                __mprec_tinytens
 .rodata        0x00848f54       0x14 ../socket_simples_bsp/\libucosii_bsp.a(alt_main.o)
 .rodata        0x00848f68      0x120 ../socket_simples_bsp/\libucosii_bsp.a(os_core.o)
                0x00848f68                OSUnMapTbl
 .rodata        0x00849088       0x60 ../socket_simples_bsp/\libucosii_bsp.a(alt_sys_init.o)
 .rodata        0x008490e8       0xd8 ../socket_simples_bsp/\libucosii_bsp.a(ipnet.o)
 .rodata        0x008491c0       0xec ../socket_simples_bsp/\libucosii_bsp.a(ipstart.o)
 .rodata        0x008492ac      0x54c ../socket_simples_bsp/\libucosii_bsp.a(igmp_cmn.o)
 .rodata        0x008497f8       0xb8 ../socket_simples_bsp/\libucosii_bsp.a(in_utils.o)
 .rodata        0x008498b0       0x34 ../socket_simples_bsp/\libucosii_bsp.a(netmain.o)
 .rodata        0x008498e4       0x94 ../socket_simples_bsp/\libucosii_bsp.a(parseip.o)
 .rodata        0x00849978      0x1a8 ../socket_simples_bsp/\libucosii_bsp.a(tk_crnos.o)
 .rodata        0x00849b20        0x8 ../socket_simples_bsp/\libucosii_bsp.a(dhcpclnt.o)
 .rodata        0x00849b28      0x118 ../socket_simples_bsp/\libucosii_bsp.a(pktalloc.o)
 .rodata        0x00849c40       0x84 ../socket_simples_bsp/\libucosii_bsp.a(udp_open.o)
 .rodata        0x00849cc4       0x2c ../socket_simples_bsp/\libucosii_bsp.a(brdutils.o)
 .rodata        0x00849cf0      0x26c ../socket_simples_bsp/\libucosii_bsp.a(osportco.o)
 .rodata        0x00849f5c       0xa0 ../socket_simples_bsp/\libucosii_bsp.a(targnios.o)
 .rodata        0x00849ffc       0x90 ../socket_simples_bsp/\libucosii_bsp.a(nptcp.o)
 .rodata        0x0084a08c        0x8 ../socket_simples_bsp/\libucosii_bsp.a(sockcall.o)
 .rodata        0x0084a094       0x50 ../socket_simples_bsp/\libucosii_bsp.a(socket.o)
 .rodata        0x0084a0e4       0x40 ../socket_simples_bsp/\libucosii_bsp.a(socket2.o)
 .rodata        0x0084a124       0x20 ../socket_simples_bsp/\libucosii_bsp.a(tcp_in.o)
 .rodata        0x0084a144       0x40 ../socket_simples_bsp/\libucosii_bsp.a(tcp_out.o)
 .rodata        0x0084a184       0x24 ../socket_simples_bsp/\libucosii_bsp.a(tcp_subr.o)
 .rodata        0x0084a1a8       0x2c ../socket_simples_bsp/\libucosii_bsp.a(tcp_usr.o)
 .rodata        0x0084a1d4        0xc ../socket_simples_bsp/\libucosii_bsp.a(alt_dev.o)
 .rodata        0x0084a1e0        0x4 ../socket_simples_bsp/\libucosii_bsp.a(os_cpu_c.o)
 .rodata        0x0084a1e4      0x1d4 ../socket_simples_bsp/\libucosii_bsp.a(allports.o)
 .rodata        0x0084a3b8       0x34 ../socket_simples_bsp/\libucosii_bsp.a(tk_misc.o)
 .rodata        0x0084a3ec       0x44 ../socket_simples_bsp/\libucosii_bsp.a(et_arp.o)
 .rodata        0x0084a430      0x1dc ../socket_simples_bsp/\libucosii_bsp.a(ip.o)
 .rodata        0x0084a60c      0x158 ../socket_simples_bsp/\libucosii_bsp.a(ip_reasm.o)
 .rodata        0x0084a764      0x120 ../socket_simples_bsp/\libucosii_bsp.a(ipdemux.o)
 .rodata        0x0084a884       0x34 ../socket_simples_bsp/\libucosii_bsp.a(ipport.o)
 .rodata        0x0084a8b8       0x24 ../socket_simples_bsp/\libucosii_bsp.a(ipraw.o)
 .rodata        0x0084a8dc       0x38 ../socket_simples_bsp/\libucosii_bsp.a(iproute.o)
 .rodata        0x0084a914       0xe8 ../socket_simples_bsp/\libucosii_bsp.a(udp.o)
 .rodata        0x0084a9fc      0x2d0 ../socket_simples_bsp/\libucosii_bsp.a(u_mctest.o)
 .rodata        0x0084accc       0xf8 ../socket_simples_bsp/\libucosii_bsp.a(dhcsetup.o)
 .rodata        0x0084adc4       0x34 ../socket_simples_bsp/\libucosii_bsp.a(vfsfiles.o)
 .rodata        0x0084adf8      0x318 ../socket_simples_bsp/\libucosii_bsp.a(icmp.o)
 *(.rodata1)
                0x0084b110                . = ALIGN (0x4)
                0x0084b110                PROVIDE (__ram_rodata_end, ABSOLUTE (.))
                0x00846f08                PROVIDE (__flash_rodata_start, LOADADDR (.rodata))

.rwdata         0x0084b110     0x2140
                0x0084b110                PROVIDE (__ram_rwdata_start, ABSOLUTE (.))
                0x0084b110                . = ALIGN (0x4)
 *(.got.plt)
 *(.got)
 *(.data1)
 *(.data .data.* .gnu.linkonce.d.*)
 .data          0x0084b110        0x0 ../socket_simples_bsp//obj/HAL/src/crt0.o
 .data          0x0084b110        0x0 obj/default/LCD.o
 .data          0x0084b110        0x0 obj/default/SSS_DE2_115.o
 .data          0x0084b110        0x0 obj/default/alt_error_handler.o
 .data          0x0084b110        0x0 obj/default/dm9000a.o
 .data          0x0084b110       0x18 obj/default/iniche_init.o
                0x0084b110                ssstask
 .data          0x0084b128        0x0 obj/default/led.o
 .data          0x0084b128        0x0 obj/default/network_utilities.o
 .data          0x0084b128        0x0 obj/default/simple_socket_server.o
 .data          0x0084b128        0x0 obj/default/tse_my_system.o
 .data          0x0084b128        0x0 c:/altera/13.0/nios2eds/bin/gnu/h-i686-mingw32/bin/../lib/gcc/nios2-elf/4.1.2\libgcc.a(_fixunsdfsi.o)
 .data          0x0084b128        0x0 c:/altera/13.0/nios2eds/bin/gnu/h-i686-mingw32/bin/../lib/gcc/nios2-elf/4.1.2\libgcc.a(_addsub_df.o)
 .data          0x0084b128        0x0 c:/altera/13.0/nios2eds/bin/gnu/h-i686-mingw32/bin/../lib/gcc/nios2-elf/4.1.2\libgcc.a(_mul_df.o)
 .data          0x0084b128        0x0 c:/altera/13.0/nios2eds/bin/gnu/h-i686-mingw32/bin/../lib/gcc/nios2-elf/4.1.2\libgcc.a(_ge_df.o)
 .data          0x0084b128        0x0 c:/altera/13.0/nios2eds/bin/gnu/h-i686-mingw32/bin/../lib/gcc/nios2-elf/4.1.2\libgcc.a(_df_to_si.o)
 .data          0x0084b128        0x0 c:/altera/13.0/nios2eds/bin/gnu/h-i686-mingw32/bin/../lib/gcc/nios2-elf/4.1.2\libgcc.a(_thenan_df.o)
 .data          0x0084b128        0x0 c:/altera/13.0/nios2eds/bin/gnu/h-i686-mingw32/bin/../lib/gcc/nios2-elf/4.1.2\libgcc.a(_usi_to_df.o)
 .data          0x0084b128        0x0 c:/altera/13.0/nios2eds/bin/gnu/h-i686-mingw32/bin/../lib/gcc/nios2-elf/4.1.2\libgcc.a(_muldi3.o)
 .data          0x0084b128        0x0 c:/altera/13.0/nios2eds/bin/gnu/h-i686-mingw32/bin/../lib/gcc/nios2-elf/4.1.2\libgcc.a(_clzsi2.o)
 .data          0x0084b128        0x0 c:/altera/13.0/nios2eds/bin/gnu/h-i686-mingw32/bin/../lib/gcc/nios2-elf/4.1.2\libgcc.a(_pack_df.o)
 .data          0x0084b128        0x0 c:/altera/13.0/nios2eds/bin/gnu/h-i686-mingw32/bin/../lib/gcc/nios2-elf/4.1.2\libgcc.a(_unpack_df.o)
 .data          0x0084b128        0x0 c:/altera/13.0/nios2eds/bin/gnu/h-i686-mingw32/bin/../lib/gcc/nios2-elf/4.1.2\libgcc.a(_fpcmp_parts_df.o)
 .data          0x0084b128        0x0 c:/altera/13.0/nios2eds/bin/gnu/h-i686-mingw32/bin/../lib/gcc/nios2-elf/4.1.2\libgcc.a(_clz.o)
 .data          0x0084b128        0x0 c:/altera/13.0/nios2eds/bin/gnu/h-i686-mingw32/bin/../lib/gcc/nios2-elf/4.1.2/../../../../nios2-elf/lib\libc.a(lib_a-ctype_.o)
 .data          0x0084b128        0x0 c:/altera/13.0/nios2eds/bin/gnu/h-i686-mingw32/bin/../lib/gcc/nios2-elf/4.1.2/../../../../nios2-elf/lib\libc.a(lib_a-exit.o)
 .data          0x0084b128        0x0 c:/altera/13.0/nios2eds/bin/gnu/h-i686-mingw32/bin/../lib/gcc/nios2-elf/4.1.2/../../../../nios2-elf/lib\libc.a(lib_a-fprintf.o)
 .data          0x0084b128        0x0 c:/altera/13.0/nios2eds/bin/gnu/h-i686-mingw32/bin/../lib/gcc/nios2-elf/4.1.2/../../../../nios2-elf/lib\libc.a(lib_a-fwrite.o)
 .data          0x0084b128        0x0 c:/altera/13.0/nios2eds/bin/gnu/h-i686-mingw32/bin/../lib/gcc/nios2-elf/4.1.2/../../../../nios2-elf/lib\libc.a(lib_a-getc.o)
 .data          0x0084b128      0x400 c:/altera/13.0/nios2eds/bin/gnu/h-i686-mingw32/bin/../lib/gcc/nios2-elf/4.1.2/../../../../nios2-elf/lib\libc.a(lib_a-impure.o)
 .data          0x0084b528        0x0 c:/altera/13.0/nios2eds/bin/gnu/h-i686-mingw32/bin/../lib/gcc/nios2-elf/4.1.2/../../../../nios2-elf/lib\libc.a(lib_a-memcpy.o)
 .data          0x0084b528        0x0 c:/altera/13.0/nios2eds/bin/gnu/h-i686-mingw32/bin/../lib/gcc/nios2-elf/4.1.2/../../../../nios2-elf/lib\libc.a(lib_a-memmove.o)
 .data          0x0084b528        0x0 c:/altera/13.0/nios2eds/bin/gnu/h-i686-mingw32/bin/../lib/gcc/nios2-elf/4.1.2/../../../../nios2-elf/lib\libc.a(lib_a-memset.o)
 .data          0x0084b528        0x0 c:/altera/13.0/nios2eds/bin/gnu/h-i686-mingw32/bin/../lib/gcc/nios2-elf/4.1.2/../../../../nios2-elf/lib\libc.a(lib_a-perror.o)
 .data          0x0084b528        0x0 c:/altera/13.0/nios2eds/bin/gnu/h-i686-mingw32/bin/../lib/gcc/nios2-elf/4.1.2/../../../../nios2-elf/lib\libc.a(lib_a-printf.o)
 .data          0x0084b528        0x0 c:/altera/13.0/nios2eds/bin/gnu/h-i686-mingw32/bin/../lib/gcc/nios2-elf/4.1.2/../../../../nios2-elf/lib\libc.a(lib_a-putc.o)
 .data          0x0084b528        0x0 c:/altera/13.0/nios2eds/bin/gnu/h-i686-mingw32/bin/../lib/gcc/nios2-elf/4.1.2/../../../../nios2-elf/lib\libc.a(lib_a-putchar.o)
 .data          0x0084b528        0x0 c:/altera/13.0/nios2eds/bin/gnu/h-i686-mingw32/bin/../lib/gcc/nios2-elf/4.1.2/../../../../nios2-elf/lib\libc.a(lib_a-puts.o)
 .data          0x0084b528        0x0 c:/altera/13.0/nios2eds/bin/gnu/h-i686-mingw32/bin/../lib/gcc/nios2-elf/4.1.2/../../../../nios2-elf/lib\libc.a(lib_a-rget.o)
 .data          0x0084b528        0x0 c:/altera/13.0/nios2eds/bin/gnu/h-i686-mingw32/bin/../lib/gcc/nios2-elf/4.1.2/../../../../nios2-elf/lib\libc.a(lib_a-strchr.o)
 .data          0x0084b528        0x0 c:/altera/13.0/nios2eds/bin/gnu/h-i686-mingw32/bin/../lib/gcc/nios2-elf/4.1.2/../../../../nios2-elf/lib\libc.a(lib_a-strerror.o)
 .data          0x0084b528        0x0 c:/altera/13.0/nios2eds/bin/gnu/h-i686-mingw32/bin/../lib/gcc/nios2-elf/4.1.2/../../../../nios2-elf/lib\libc.a(lib_a-strlen.o)
 .data          0x0084b528        0x0 c:/altera/13.0/nios2eds/bin/gnu/h-i686-mingw32/bin/../lib/gcc/nios2-elf/4.1.2/../../../../nios2-elf/lib\libc.a(lib_a-u_strerr.o)
 .data          0x0084b528        0x0 c:/altera/13.0/nios2eds/bin/gnu/h-i686-mingw32/bin/../lib/gcc/nios2-elf/4.1.2/../../../../nios2-elf/lib\libc.a(lib_a-vfprintf.o)
 .data          0x0084b528        0x0 c:/altera/13.0/nios2eds/bin/gnu/h-i686-mingw32/bin/../lib/gcc/nios2-elf/4.1.2/../../../../nios2-elf/lib\libc.a(lib_a-wbuf.o)
 .data          0x0084b528        0x0 c:/altera/13.0/nios2eds/bin/gnu/h-i686-mingw32/bin/../lib/gcc/nios2-elf/4.1.2/../../../../nios2-elf/lib\libc.a(lib_a-wsetup.o)
 .data          0x0084b528        0x0 c:/altera/13.0/nios2eds/bin/gnu/h-i686-mingw32/bin/../lib/gcc/nios2-elf/4.1.2/../../../../nios2-elf/lib\libc.a(lib_a-__call_atexit.o)
 .data          0x0084b528        0x0 c:/altera/13.0/nios2eds/bin/gnu/h-i686-mingw32/bin/../lib/gcc/nios2-elf/4.1.2/../../../../nios2-elf/lib\libc.a(lib_a-dtoa.o)
 .data          0x0084b528        0x0 c:/altera/13.0/nios2eds/bin/gnu/h-i686-mingw32/bin/../lib/gcc/nios2-elf/4.1.2/../../../../nios2-elf/lib\libc.a(lib_a-fflush.o)
 .data          0x0084b528        0x0 c:/altera/13.0/nios2eds/bin/gnu/h-i686-mingw32/bin/../lib/gcc/nios2-elf/4.1.2/../../../../nios2-elf/lib\libc.a(lib_a-findfp.o)
 .data          0x0084b528        0x0 c:/altera/13.0/nios2eds/bin/gnu/h-i686-mingw32/bin/../lib/gcc/nios2-elf/4.1.2/../../../../nios2-elf/lib\libc.a(lib_a-fputc.o)
 .data          0x0084b528        0x0 c:/altera/13.0/nios2eds/bin/gnu/h-i686-mingw32/bin/../lib/gcc/nios2-elf/4.1.2/../../../../nios2-elf/lib\libc.a(lib_a-fputs.o)
 .data          0x0084b528        0x0 c:/altera/13.0/nios2eds/bin/gnu/h-i686-mingw32/bin/../lib/gcc/nios2-elf/4.1.2/../../../../nios2-elf/lib\libc.a(lib_a-freer.o)
 .data          0x0084b528        0x0 c:/altera/13.0/nios2eds/bin/gnu/h-i686-mingw32/bin/../lib/gcc/nios2-elf/4.1.2/../../../../nios2-elf/lib\libc.a(lib_a-fvwrite.o)
 .data          0x0084b528        0x0 c:/altera/13.0/nios2eds/bin/gnu/h-i686-mingw32/bin/../lib/gcc/nios2-elf/4.1.2/../../../../nios2-elf/lib\libc.a(lib_a-fwalk.o)
 .data          0x0084b528        0xc c:/altera/13.0/nios2eds/bin/gnu/h-i686-mingw32/bin/../lib/gcc/nios2-elf/4.1.2/../../../../nios2-elf/lib\libc.a(lib_a-locale.o)
                0x0084b528                __lc_ctype
 .data          0x0084b534        0x0 c:/altera/13.0/nios2eds/bin/gnu/h-i686-mingw32/bin/../lib/gcc/nios2-elf/4.1.2/../../../../nios2-elf/lib\libc.a(lib_a-makebuf.o)
 .data          0x0084b534      0x408 c:/altera/13.0/nios2eds/bin/gnu/h-i686-mingw32/bin/../lib/gcc/nios2-elf/4.1.2/../../../../nios2-elf/lib\libc.a(lib_a-mallocr.o)
                0x0084b534                __malloc_av_
 .data          0x0084b93c        0x0 c:/altera/13.0/nios2eds/bin/gnu/h-i686-mingw32/bin/../lib/gcc/nios2-elf/4.1.2/../../../../nios2-elf/lib\libc.a(lib_a-memchr.o)
 .data          0x0084b93c        0x0 c:/altera/13.0/nios2eds/bin/gnu/h-i686-mingw32/bin/../lib/gcc/nios2-elf/4.1.2/../../../../nios2-elf/lib\libc.a(lib_a-mprec.o)
 .data          0x0084b93c        0x0 c:/altera/13.0/nios2eds/bin/gnu/h-i686-mingw32/bin/../lib/gcc/nios2-elf/4.1.2/../../../../nios2-elf/lib\libc.a(lib_a-reallocr.o)
 .data          0x0084b93c        0x0 c:/altera/13.0/nios2eds/bin/gnu/h-i686-mingw32/bin/../lib/gcc/nios2-elf/4.1.2/../../../../nios2-elf/lib\libc.a(lib_a-refill.o)
 .data          0x0084b93c        0x0 c:/altera/13.0/nios2eds/bin/gnu/h-i686-mingw32/bin/../lib/gcc/nios2-elf/4.1.2/../../../../nios2-elf/lib\libc.a(lib_a-s_isinfd.o)
 .data          0x0084b93c        0x0 c:/altera/13.0/nios2eds/bin/gnu/h-i686-mingw32/bin/../lib/gcc/nios2-elf/4.1.2/../../../../nios2-elf/lib\libc.a(lib_a-s_isnand.o)
 .data          0x0084b93c        0x0 c:/altera/13.0/nios2eds/bin/gnu/h-i686-mingw32/bin/../lib/gcc/nios2-elf/4.1.2/../../../../nios2-elf/lib\libc.a(lib_a-sbrkr.o)
 .data          0x0084b93c        0x0 c:/altera/13.0/nios2eds/bin/gnu/h-i686-mingw32/bin/../lib/gcc/nios2-elf/4.1.2/../../../../nios2-elf/lib\libc.a(lib_a-stdio.o)
 .data          0x0084b93c        0x0 c:/altera/13.0/nios2eds/bin/gnu/h-i686-mingw32/bin/../lib/gcc/nios2-elf/4.1.2/../../../../nios2-elf/lib\libc.a(lib_a-strcmp.o)
 .data          0x0084b93c        0x0 c:/altera/13.0/nios2eds/bin/gnu/h-i686-mingw32/bin/../lib/gcc/nios2-elf/4.1.2/../../../../nios2-elf/lib\libc.a(lib_a-writer.o)
 .data          0x0084b93c        0x0 c:/altera/13.0/nios2eds/bin/gnu/h-i686-mingw32/bin/../lib/gcc/nios2-elf/4.1.2/../../../../nios2-elf/lib\libc.a(lib_a-callocr.o)
 .data          0x0084b93c        0x0 c:/altera/13.0/nios2eds/bin/gnu/h-i686-mingw32/bin/../lib/gcc/nios2-elf/4.1.2/../../../../nios2-elf/lib\libc.a(lib_a-closer.o)
 .data          0x0084b93c        0x0 c:/altera/13.0/nios2eds/bin/gnu/h-i686-mingw32/bin/../lib/gcc/nios2-elf/4.1.2/../../../../nios2-elf/lib\libc.a(lib_a-fclose.o)