Archive member included because of file (symbol)

c:/altera/13.0/nios2eds/bin/gnu/h-i686-mingw32/bin/../lib/gcc/nios2-elf/4.1.2\libgcc.a(_fixunsdfsi.o)
                              obj/default/dm9000a.o (__fixunsdfsi)
c:/altera/13.0/nios2eds/bin/gnu/h-i686-mingw32/bin/../lib/gcc/nios2-elf/4.1.2\libgcc.a(_addsub_df.o)
                              c:/altera/13.0/nios2eds/bin/gnu/h-i686-mingw32/bin/../lib/gcc/nios2-elf/4.1.2\libgcc.a(_fixunsdfsi.o) (__subdf3)
c:/altera/13.0/nios2eds/bin/gnu/h-i686-mingw32/bin/../lib/gcc/nios2-elf/4.1.2\libgcc.a(_mul_df.o)
                              obj/default/dm9000a.o (__muldf3)
c:/altera/13.0/nios2eds/bin/gnu/h-i686-mingw32/bin/../lib/gcc/nios2-elf/4.1.2\libgcc.a(_ge_df.o)
                              c:/altera/13.0/nios2eds/bin/gnu/h-i686-mingw32/bin/../lib/gcc/nios2-elf/4.1.2\libgcc.a(_fixunsdfsi.o) (__gedf2)
c:/altera/13.0/nios2eds/bin/gnu/h-i686-mingw32/bin/../lib/gcc/nios2-elf/4.1.2\libgcc.a(_df_to_si.o)
                              c:/altera/13.0/nios2eds/bin/gnu/h-i686-mingw32/bin/../lib/gcc/nios2-elf/4.1.2\libgcc.a(_fixunsdfsi.o) (__fixdfsi)
c:/altera/13.0/nios2eds/bin/gnu/h-i686-mingw32/bin/../lib/gcc/nios2-elf/4.1.2\libgcc.a(_thenan_df.o)
                              c:/altera/13.0/nios2eds/bin/gnu/h-i686-mingw32/bin/../lib/gcc/nios2-elf/4.1.2\libgcc.a(_addsub_df.o) (__thenan_df)
c:/altera/13.0/nios2eds/bin/gnu/h-i686-mingw32/bin/../lib/gcc/nios2-elf/4.1.2\libgcc.a(_usi_to_df.o)
                              obj/default/dm9000a.o (__floatunsidf)
c:/altera/13.0/nios2eds/bin/gnu/h-i686-mingw32/bin/../lib/gcc/nios2-elf/4.1.2\libgcc.a(_muldi3.o)
                              c:/altera/13.0/nios2eds/bin/gnu/h-i686-mingw32/bin/../lib/gcc/nios2-elf/4.1.2\libgcc.a(_mul_df.o) (__muldi3)
c:/altera/13.0/nios2eds/bin/gnu/h-i686-mingw32/bin/../lib/gcc/nios2-elf/4.1.2\libgcc.a(_clzsi2.o)
                              c:/altera/13.0/nios2eds/bin/gnu/h-i686-mingw32/bin/../lib/gcc/nios2-elf/4.1.2\libgcc.a(_usi_to_df.o) (__clzsi2)
c:/altera/13.0/nios2eds/bin/gnu/h-i686-mingw32/bin/../lib/gcc/nios2-elf/4.1.2\libgcc.a(_pack_df.o)
                              c:/altera/13.0/nios2eds/bin/gnu/h-i686-mingw32/bin/../lib/gcc/nios2-elf/4.1.2\libgcc.a(_addsub_df.o) (__pack_d)
c:/altera/13.0/nios2eds/bin/gnu/h-i686-mingw32/bin/../lib/gcc/nios2-elf/4.1.2\libgcc.a(_unpack_df.o)
                              c:/altera/13.0/nios2eds/bin/gnu/h-i686-mingw32/bin/../lib/gcc/nios2-elf/4.1.2\libgcc.a(_addsub_df.o) (__unpack_d)
c:/altera/13.0/nios2eds/bin/gnu/h-i686-mingw32/bin/../lib/gcc/nios2-elf/4.1.2\libgcc.a(_fpcmp_parts_df.o)
                              c:/altera/13.0/nios2eds/bin/gnu/h-i686-mingw32/bin/../lib/gcc/nios2-elf/4.1.2\libgcc.a(_ge_df.o) (__fpcmp_parts_d)
c:/altera/13.0/nios2eds/bin/gnu/h-i686-mingw32/bin/../lib/gcc/nios2-elf/4.1.2\libgcc.a(_clz.o)
                              c:/altera/13.0/nios2eds/bin/gnu/h-i686-mingw32/bin/../lib/gcc/nios2-elf/4.1.2\libgcc.a(_clzsi2.o) (__clz_tab)
c:/altera/13.0/nios2eds/bin/gnu/h-i686-mingw32/bin/../lib/gcc/nios2-elf/4.1.2/../../../../nios2-elf/lib\libc.a(lib_a-ctype_.o)
                              obj/default/network_utilities.o (__ctype_ptr)
c:/altera/13.0/nios2eds/bin/gnu/h-i686-mingw32/bin/../lib/gcc/nios2-elf/4.1.2/../../../../nios2-elf/lib\libc.a(lib_a-exit.o)
                              obj/default/simple_socket_server.o (exit)
c:/altera/13.0/nios2eds/bin/gnu/h-i686-mingw32/bin/../lib/gcc/nios2-elf/4.1.2/../../../../nios2-elf/lib\libc.a(lib_a-fprintf.o)
                              obj/default/alt_error_handler.o (fprintf)
c:/altera/13.0/nios2eds/bin/gnu/h-i686-mingw32/bin/../lib/gcc/nios2-elf/4.1.2/../../../../nios2-elf/lib\libc.a(lib_a-fwrite.o)
                              obj/default/alt_error_handler.o (fwrite)
c:/altera/13.0/nios2eds/bin/gnu/h-i686-mingw32/bin/../lib/gcc/nios2-elf/4.1.2/../../../../nios2-elf/lib\libc.a(lib_a-getc.o)
                              obj/default/network_utilities.o (getc)
c:/altera/13.0/nios2eds/bin/gnu/h-i686-mingw32/bin/../lib/gcc/nios2-elf/4.1.2/../../../../nios2-elf/lib\libc.a(lib_a-impure.o)
                              obj/default/alt_error_handler.o (_impure_ptr)
c:/altera/13.0/nios2eds/bin/gnu/h-i686-mingw32/bin/../lib/gcc/nios2-elf/4.1.2/../../../../nios2-elf/lib\libc.a(lib_a-memcpy.o)
                              obj/default/simple_socket_server.o (memcpy)
c:/altera/13.0/nios2eds/bin/gnu/h-i686-mingw32/bin/../lib/gcc/nios2-elf/4.1.2/../../../../nios2-elf/lib\libc.a(lib_a-memmove.o)
                              obj/default/simple_socket_server.o (memmove)
c:/altera/13.0/nios2eds/bin/gnu/h-i686-mingw32/bin/../lib/gcc/nios2-elf/4.1.2/../../../../nios2-elf/lib\libc.a(lib_a-memset.o)
                              obj/default/simple_socket_server.o (memset)
c:/altera/13.0/nios2eds/bin/gnu/h-i686-mingw32/bin/../lib/gcc/nios2-elf/4.1.2/../../../../nios2-elf/lib\libc.a(lib_a-perror.o)
                              obj/default/alt_error_handler.o (perror)
[...]
Memory Configuration

Name             Origin             Length             Attributes
sdram_0_BEFORE_EXCEPTION 0x00800000         0x00000020
sdram_0          0x00800020         0x007fffe0
reset            0x01400000         0x00000020
cfi_flash_0      0x01400020         0x003fffe0
sram_0           0x01a00000         0x00080000
epcs_controller  0x01a81000         0x00000800
*default*        0x00000000         0xffffffff

Linker script and memory map

LOAD ../server_bsp//obj/HAL/src/crt0.o
LOAD obj/default/LCD.o
LOAD obj/default/SSS_DE2_115.o
LOAD obj/default/alt_error_handler.o
LOAD obj/default/dm9000a.o
LOAD obj/default/iniche_init.o
LOAD obj/default/led.o
LOAD obj/default/network_utilities.o
LOAD obj/default/simple_socket_server.o
LOAD obj/default/tse_my_system.o
LOAD c:/altera/13.0/nios2eds/bin/gnu/h-i686-mingw32/bin/../lib/gcc/nios2-elf/4.1.2/../../../../nios2-elf/lib\libstdc++.a
LOAD c:/altera/13.0/nios2eds/bin/gnu/h-i686-mingw32/bin/../lib/gcc/nios2-elf/4.1.2/../../../../nios2-elf/lib\libm.a
LOAD c:/altera/13.0/nios2eds/bin/gnu/h-i686-mingw32/bin/../lib/gcc/nios2-elf/4.1.2\libgcc.a
START GROUP
LOAD c:/altera/13.0/nios2eds/bin/gnu/h-i686-mingw32/bin/../lib/gcc/nios2-elf/4.1.2/../../../../nios2-elf/lib\libc.a
LOAD c:/altera/13.0/nios2eds/bin/gnu/h-i686-mingw32/bin/../lib/gcc/nios2-elf/4.1.2\libgcc.a
LOAD ../server_bsp/\libucosii_bsp.a
END GROUP
LOAD c:/altera/13.0/nios2eds/bin/gnu/h-i686-mingw32/bin/../lib/gcc/nios2-elf/4.1.2\libgcc.a
                0x00800000                __alt_mem_sdram_0 = 0x800000
                0x01400000                __alt_mem_cfi_flash_0 = 0x1400000
                0x01a00000                __alt_mem_sram_0 = 0x1a00000
                0x01a81000                __alt_mem_epcs_controller = 0x1a81000

.entry          0x01400000        0x0
 *(.entry)
 .entry         0x01400000        0x0 ../server_bsp//obj/HAL/src/crt0.o
                0x01400000                __reset

.exceptions     0x00800020      0x19c
                0x00800020                PROVIDE (__ram_exceptions_start, ABSOLUTE (.))
                0x00800020                . = ALIGN (0x20)
 *(.irq)
 *(.exceptions.entry.label)
 .exceptions.entry.label
                0x00800020        0x0 ../server_bsp/\libucosii_bsp.a(alt_irq_entry.o)
                0x00800020                alt_irq_entry
 .exceptions.entry.label
                0x00800020        0x0 ../server_bsp/\libucosii_bsp.a(alt_exception_entry.o)
                0x00800020                alt_exception
 *(.exceptions.entry.user)
 *(.exceptions.entry)
 .exceptions.entry
                0x00800020       0x54 ../server_bsp/\libucosii_bsp.a(alt_exception_entry.o)
 *(.exceptions.irqtest.user)
 *(.exceptions.irqtest)
 .exceptions.irqtest
                0x00800074       0x10 ../server_bsp/\libucosii_bsp.a(alt_irq_entry.o)
 *(.exceptions.irqhandler.user)
 *(.exceptions.irqhandler)
 .exceptions.irqhandler
                0x00800084        0x4 ../server_bsp/\libucosii_bsp.a(alt_irq_entry.o)
 *(.exceptions.irqreturn.user)
 *(.exceptions.irqreturn)
 .exceptions.irqreturn
                0x00800088        0x4 ../server_bsp/\libucosii_bsp.a(alt_irq_entry.o)
 *(.exceptions.notirq.label)
 .exceptions.notirq.label
                0x0080008c        0x0 ../server_bsp/\libucosii_bsp.a(alt_irq_entry.o)
 *(.exceptions.notirq.user)
 *(.exceptions.notirq)
 .exceptions.notirq
                0x0080008c        0x8 ../server_bsp/\libucosii_bsp.a(alt_exception_entry.o)
 *(.exceptions.soft.user)
 *(.exceptions.soft)
 *(.exceptions.unknown.user)
 *(.exceptions.unknown)
 .exceptions.unknown
                0x00800094        0x4 ../server_bsp/\libucosii_bsp.a(alt_exception_entry.o)
 *(.exceptions.exit.label)
 .exceptions.exit.label
                0x00800098        0x0 ../server_bsp/\libucosii_bsp.a(alt_irq_entry.o)
 .exceptions.exit.label
                0x00800098        0x0 ../server_bsp/\libucosii_bsp.a(alt_exception_entry.o)
 *(.exceptions.exit.user)
 *(.exceptions.exit)
 .exceptions.exit
                0x00800098       0x54 ../server_bsp/\libucosii_bsp.a(alt_exception_entry.o)
 *(.exceptions)
 .exceptions    0x008000ec       0xd0 ../server_bsp/\libucosii_bsp.a(alt_irq_handler.o)
                0x008000ec                alt_irq_handler
                0x008001bc                PROVIDE (__ram_exceptions_end, ABSOLUTE (.))
                0x00800020                PROVIDE (__flash_exceptions_start, LOADADDR (.exceptions))

.text           0x008001bc    0x46d54
                0x008001bc                PROVIDE (stext, ABSOLUTE (.))
 *(.interp)
 *(.hash)
 *(.dynsym)
 *(.dynstr)
 *(.gnu.version)
 *(.gnu.version_d)
 *(.gnu.version_r)
 *(.rel.init)
 *(.rela.init)
 *(.rel.text .rel.text.* .rel.gnu.linkonce.t.*)
 *(.rela.text .rela.text.* .rela.gnu.linkonce.t.*)
 *(.rel.fini)
 *(.rela.fini)
 *(.rel.rodata .rel.rodata.* .rel.gnu.linkonce.r.*)
 *(.rela.rodata .rela.rodata.* .rela.gnu.linkonce.r.*)
 *(.rel.data .rel.data.* .rel.gnu.linkonce.d.*)
 *(.rela.data .rela.data.* .rela.gnu.linkonce.d.*)
 *(.rel.tdata .rel.tdata.* .rel.gnu.linkonce.td.*)
 *(.rela.tdata .rela.tdata.* .rela.gnu.linkonce.td.*)
 *(.rel.tbss .rel.tbss.* .rel.gnu.linkonce.tb.*)
 *(.rela.tbss .rela.tbss.* .rela.gnu.linkonce.tb.*)
 *(.rel.ctors)
 *(.rela.ctors)
 *(.rel.dtors)
 *(.rela.dtors)
 *(.rel.got)
 *(.rela.got)
 *(.rel.sdata .rel.sdata.* .rel.gnu.linkonce.s.*)
 *(.rela.sdata .rela.sdata.* .rela.gnu.linkonce.s.*)
 *(.rel.sbss .rel.sbss.* .rel.gnu.linkonce.sb.*)
 *(.rela.sbss .rela.sbss.* .rela.gnu.linkonce.sb.*)
 *(.rel.sdata2 .rel.sdata2.* .rel.gnu.linkonce.s2.*)
 *(.rela.sdata2 .rela.sdata2.* .rela.gnu.linkonce.s2.*)
 *(.rel.sbss2 .rel.sbss2.* .rel.gnu.linkonce.sb2.*)
 *(.rela.sbss2 .rela.sbss2.* .rela.gnu.linkonce.sb2.*)
 *(.rel.bss .rel.bss.* .rel.gnu.linkonce.b.*)
 *(.rela.bss .rela.bss.* .rela.gnu.linkonce.b.*)
 *(.rel.plt)
 *(.rela.plt)
 *(.rel.dyn)
 *(.init)
 *(.plt)
 *(.text .stub .text.* .gnu.linkonce.t.*)
 .text          0x008001bc       0x48 ../server_bsp//obj/HAL/src/crt0.o
                0x008001bc                _start
 .text          0x00800204      0x2dc obj/default/LCD.o
                0x00800204                LCD_Init
                0x008002a0                LCD_Show_Text
                0x00800328                LCD_Line2
                0x00800364                LCD_Line1
                0x008003a0                LCD_Clear
                0x008003dc                LCD_Test
 .text          0x008004e0      0x2ec obj/default/SSS_DE2_115.o
                0x008004e0                get_DE2_115_mac_addr
                0x00800688                FindLastFlashSectorOffset
 .text          0x008007cc      0xba8 obj/default/alt_error_handler.o
                0x008007cc                alt_uCOSIIErrorHandler
                0x00800df0                alt_NetworkErrorHandler
                0x00801088                alt_SSSErrorHandler
 .text          0x00801374      0xe48 obj/default/dm9000a.o
                0x00801374                dm9000a_iow
                0x008013c8                dm9000a_ior
                0x00801414                phy_write
                0x008014b0                dm9000a_reset
                0x00801674                TransmitPacket
                0x00801790                prep_dm9000a
                0x008019ac                dm9000a_init
                0x00801dfc                dm9Ka_isr_wrap
                0x00801e3c                dm9ka_init
                0x00801f34                dm9ka_close
                0x00802044                dm9ka_stats
                0x008020a0                dm9ka_pkt_send
 .text          0x008021bc      0x4a4 obj/default/iniche_init.o
                0x008021bc                SSSInitialTask
                0x00802424                main
                0x00802520                delay
                0x0080256c                toInt
 .text          0x00802660      0x324 obj/default/led.o
                0x00802660                led_bit_toggle
                0x0080272c                LED7SegLightshowTask
                0x008027a0                LEDManagementTask
 .text          0x00802984      0x73c obj/default/network_utilities.o
                0x00802984                get_mac_addr
                0x008029dc                get_ip_addr
                0x00802a48                get_serial_number
                0x00802c24                generate_and_store_mac_addr
                0x00802df0                generate_mac_addr
                0x00802f2c                get_board_mac_addr
 .text          0x008030c0      0x9f8 obj/default/simple_socket_server.o
                0x008030c0                SSSCreateOSDataStructs
                0x00803168                SSSCreateTasks
                0x0080322c                sss_reset_connection
                0x0080329c                sss_send_menu
                0x0080342c                sss_handle_accept
                0x008034ec                sss_exec_command
                0x00803660                sss_handle_receive
                0x0080384c                SSSSimpleSocketServerTask
 .text          0x00803ab8        0x0 obj/default/tse_my_system.o
 .text          0x00803ab8       0xa4 c:/altera/13.0/nios2eds/bin/gnu/h-i686-mingw32/bin/../lib/gcc/nios2-elf/4.1.2\libgcc.a(_fixunsdfsi.o)
                0x00803ab8                __fixunsdfsi
 .text          0x00803b5c      0x504 c:/altera/13.0/nios2eds/bin/gnu/h-i686-mingw32/bin/../lib/gcc/nios2-elf/4.1.2\libgcc.a(_addsub_df.o)
                0x00803f6c                __subdf3
                0x00803fec                __adddf3
 .text          0x00804060      0x3c4 c:/altera/13.0/nios2eds/bin/gnu/h-i686-mingw32/bin/../lib/gcc/nios2-elf/4.1.2\libgcc.a(_mul_df.o)
                0x00804060                __muldf3
 .text          0x00804424       0x88 c:/altera/13.0/nios2eds/bin/gnu/h-i686-mingw32/bin/../lib/gcc/nios2-elf/4.1.2\libgcc.a(_ge_df.o)
                0x00804424                __gedf2
 .text          0x008044ac       0xd8 c:/altera/13.0/nios2eds/bin/gnu/h-i686-mingw32/bin/../lib/gcc/nios2-elf/4.1.2\libgcc.a(_df_to_si.o)
                0x008044ac                __fixdfsi
 .text          0x00804584        0x0 c:/altera/13.0/nios2eds/bin/gnu/h-i686-mingw32/bin/../lib/gcc/nios2-elf/4.1.2\libgcc.a(_thenan_df.o)
 .text          0x00804584      0x194 c:/altera/13.0/nios2eds/bin/gnu/h-i686-mingw32/bin/../lib/gcc/nios2-elf/4.1.2\libgcc.a(_usi_to_df.o)
                0x00804584                __floatunsidf
 .text          0x00804718       0x98 c:/altera/13.0/nios2eds/bin/gnu/h-i686-mingw32/bin/../lib/gcc/nios2-elf/4.1.2\libgcc.a(_muldi3.o)
                0x00804718                __muldi3
 .text          0x008047b0       0x80 c:/altera/13.0/nios2eds/bin/gnu/h-i686-mingw32/bin/../lib/gcc/nios2-elf/4.1.2\libgcc.a(_clzsi2.o)
                0x008047b0                __clzsi2
 .text          0x00804830      0x314 c:/altera/13.0/nios2eds/bin/gnu/h-i686-mingw32/bin/../lib/gcc/nios2-elf/4.1.2\libgcc.a(_pack_df.o)
                0x00804830                __pack_d
 .text          0x00804b44      0x138 c:/altera/13.0/nios2eds/bin/gnu/h-i686-mingw32/bin/../lib/gcc/nios2-elf/4.1.2\libgcc.a(_unpack_df.o)
                0x00804b44                __unpack_d
 .text          0x00804c7c       0xc8 c:/altera/13.0/nios2eds/bin/gnu/h-i686-mingw32/bin/../lib/gcc/nios2-elf/4.1.2\libgcc.a(_fpcmp_parts_df.o)
                0x00804c7c                __fpcmp_parts_d
 .text          0x00804d44        0x0 c:/altera/13.0/nios2eds/bin/gnu/h-i686-mingw32/bin/../lib/gcc/nios2-elf/4.1.2\libgcc.a(_clz.o)
 .text          0x00804d44        0x0 c:/altera/13.0/nios2eds/bin/gnu/h-i686-mingw32/bin/../lib/gcc/nios2-elf/4.1.2/../../../../nios2-elf/lib\libc.a(lib_a-ctype_.o)
 .text          0x00804d44       0x38 c:/altera/13.0/nios2eds/bin/gnu/h-i686-mingw32/bin/../lib/gcc/nios2-elf/4.1.2/../../../../nios2-elf/lib\libc.a(lib_a-exit.o)
                0x00804d44                exit
 .text          0x00804d7c       0x60 c:/altera/13.0/nios2eds/bin/gnu/h-i686-mingw32/bin/../lib/gcc/nios2-elf/4.1.2/../../../../nios2-elf/lib\libc.a(lib_a-fprintf.o)
                0x00804d7c                fprintf
                0x00804da8                _fprintf_r
 .text          0x00804ddc       0xdc c:/altera/13.0/nios2eds/bin/gnu/h-i686-mingw32/bin/../lib/gcc/nios2-elf/4.1.2/../../../../nios2-elf/lib\libc.a(lib_a-fwrite.o)
                0x00804ddc                _fwrite_r
                0x00804e78                fwrite
 .text          0x00804eb8      0x128 c:/altera/13.0/nios2eds/bin/gnu/h-i686-mingw32/bin/../lib/gcc/nios2-elf/4.1.2/../../../../nios2-elf/lib\libc.a(lib_a-getc.o)
                0x00804eb8                getc
                0x00804f50                _getc_r
 .text          0x00804fe0        0x0 c:/altera/13.0/nios2eds/bin/gnu/h-i686-mingw32/bin/../lib/gcc/nios2-elf/4.1.2/../../../../nios2-elf/lib\libc.a(lib_a-impure.o)
 .text          0x00804fe0       0xa0 c:/altera/13.0/nios2eds/bin/gnu/h-i686-mingw32/bin/../lib/gcc/nios2-elf/4.1.2/../../../../nios2-elf/lib\libc.a(lib_a-memcpy.o)
                0x00804fe0                memcpy
 .text          0x00805080       0xe0 c:/altera/13.0/nios2eds/bin/gnu/h-i686-mingw32/bin/../lib/gcc/nios2-elf/4.1.2/../../../../nios2-elf/lib\libc.a(lib_a-memmove.o)
                0x00805080                memmove
 .text          0x00805160       0x98 c:/altera/13.0/nios2eds/bin/gnu/h-i686-mingw32/bin/../lib/gcc/nios2-elf/4.1.2/../../../../nios2-elf/lib\libc.a(lib_a-memset.o)
                0x00805160                memset
 .text          0x008051f8       0x80 c:/altera/13.0/nios2eds/bin/gnu/h-i686-mingw32/bin/../lib/gcc/nios2-elf/4.1.2/../../../../nios2-elf/lib\libc.a(lib_a-perror.o)
                0x008051f8                _perror_r
                0x00805264                perror
 .text          0x00805278       0x78 c:/altera/13.0/nios2eds/bin/gnu/h-i686-mingw32/bin/../lib/gcc/nios2-elf/4.1.2/../../../../nios2-elf/lib\libc.a(lib_a-printf.o)
                0x00805278                printf
                0x008052bc                _printf_r
 .text          0x008052f0      0x1ec c:/altera/13.0/nios2eds/bin/gnu/h-i686-mingw32/bin/../lib/gcc/nios2-elf/4.1.2/../../../../nios2-elf/lib\libc.a(lib_a-putc.o)
                0x008052f0                putc
                0x008053f4                _putc_r
 .text          0x008054dc       0x24 c:/altera/13.0/nios2eds/bin/gnu/h-i686-mingw32/bin/../lib/gcc/nios2-elf/4.1.2/../../../../nios2-elf/lib\libc.a(lib_a-putchar.o)
                0x008054dc                putchar
                0x008054f8                _putchar_r
 .text          0x00805500       0xb4 c:/altera/13.0/nios2eds/bin/gnu/h-i686-mingw32/bin/../lib/gcc/nios2-elf/4.1.2/../../../../nios2-elf/lib\libc.a(lib_a-puts.o)
                0x00805500                _puts_r
                0x008055a0                puts
 .text          0x008055b4       0x60 c:/altera/13.0/nios2eds/bin/gnu/h-i686-mingw32/bin/../lib/gcc/nios2-elf/4.1.2/../../../../nios2-elf/lib\libc.a(lib_a-rget.o)
                0x008055b4                __srget_r
                0x00805600                __srget
 .text          0x00805614       0xe0 c:/altera/13.0/nios2eds/bin/gnu/h-i686-mingw32/bin/../lib/gcc/nios2-elf/4.1.2/../../../../nios2-elf/lib\libc.a(lib_a-strchr.o)
                0x00805614                strchr
 .text          0x008056f4      0x674 c:/altera/13.0/nios2eds/bin/gnu/h-i686-mingw32/bin/../lib/gcc/nios2-elf/4.1.2/../../../../nios2-elf/lib\libc.a(lib_a-strerror.o)
                0x008056f4                strerror
 .text          0x00805d68       0x74 c:/altera/13.0/nios2eds/bin/gnu/h-i686-mingw32/bin/../lib/gcc/nios2-elf/4.1.2/../../../../nios2-elf/lib\libc.a(lib_a-strlen.o)
                0x00805d68                strlen
 .text          0x00805ddc        0x8 c:/altera/13.0/nios2eds/bin/gnu/h-i686-mingw32/bin/../lib/gcc/nios2-elf/4.1.2/../../../../nios2-elf/lib\libc.a(lib_a-u_strerr.o)
                0x00805ddc                _user_strerror
 .text          0x00805de4     0x1f28 c:/altera/13.0/nios2eds/bin/gnu/h-i686-mingw32/bin/../lib/gcc/nios2-elf/4.1.2/../../../../nios2-elf/lib\libc.a(lib_a-vfprintf.o)
                0x00805e3c                ___vfprintf_internal_r
                0x00807ce8                __vfprintf_internal
 .text          0x00807d0c      0x14c c:/altera/13.0/nios2eds/bin/gnu/h-i686-mingw32/bin/../lib/gcc/nios2-elf/4.1.2/../../../../nios2-elf/lib\libc.a(lib_a-wbuf.o)
                0x00807d0c                __swbuf_r
                0x00807e3c                __swbuf
 .text          0x00807e58      0x13c c:/altera/13.0/nios2eds/bin/gnu/h-i686-mingw32/bin/../lib/gcc/nios2-elf/4.1.2/../../../../nios2-elf/lib\libc.a(lib_a-wsetup.o)
                0x00807e58                __swsetup_r
 .text          0x00807f94      0x1b4 c:/altera/13.0/nios2eds/bin/gnu/h-i686-mingw32/bin/../lib/gcc/nios2-elf/4.1.2/../../../../nios2-elf/lib\libc.a(lib_a-__call_atexit.o)
                0x00807f98                __call_exitprocs
 .text          0x00808148     0x17cc c:/altera/13.0/nios2eds/bin/gnu/h-i686-mingw32/bin/../lib/gcc/nios2-elf/4.1.2/../../../../nios2-elf/lib\libc.a(lib_a-dtoa.o)
                0x00808360                _dtoa_r
 .text          0x00809914      0x230 c:/altera/13.0/nios2eds/bin/gnu/h-i686-mingw32/bin/../lib/gcc/nios2-elf/4.1.2/../../../../nios2-elf/lib\libc.a(lib_a-fflush.o)
                0x00809914                _fflush_r
                0x00809b10                fflush
 .text          0x00809b44      0x2c0 c:/altera/13.0/nios2eds/bin/gnu/h-i686-mingw32/bin/../lib/gcc/nios2-elf/4.1.2/../../../../nios2-elf/lib\libc.a(lib_a-findfp.o)
                0x00809b9c                __sfp_lock_acquire
                0x00809ba0                __sfp_lock_release
                0x00809ba4                __sinit_lock_acquire
                0x00809ba8                __sinit_lock_release
                0x00809bac                __sinit
                0x00809c60                __fp_unlock_all
                0x00809c78                __fp_lock_all
                0x00809c90                _cleanup_r
                0x00809c9c                _cleanup
                0x00809cac                __sfmoreglue
                0x00809d14                __sfp
 .text          0x00809e04       0xbc c:/altera/13.0/nios2eds/bin/gnu/h-i686-mingw32/bin/../lib/gcc/nios2-elf/4.1.2/../../../../nios2-elf/lib\libc.a(lib_a-fputc.o)
                0x00809e04                fputc
                0x00809e68                _fputc_r
 .text          0x00809ec0       0x90 c:/altera/13.0/nios2eds/bin/gnu/h-i686-mingw32/bin/../lib/gcc/nios2-elf/4.1.2/../../../../nios2-elf/lib\libc.a(lib_a-fputs.o)
                0x00809ec0                _fputs_r
                0x00809f34                fputs
 .text          0x00809f50      0x440 c:/altera/13.0/nios2eds/bin/gnu/h-i686-mingw32/bin/../lib/gcc/nios2-elf/4.1.2/../../../../nios2-elf/lib\libc.a(lib_a-freer.o)
                0x00809f50                _malloc_trim_r
                0x0080a07c                _free_r
 .text          0x0080a390      0x49c c:/altera/13.0/nios2eds/bin/gnu/h-i686-mingw32/bin/../lib/gcc/nios2-elf/4.1.2/../../../../nios2-elf/lib\libc.a(lib_a-fvwrite.o)
                0x0080a390                __sfvwrite_r
 .text          0x0080a82c      0x180 c:/altera/13.0/nios2eds/bin/gnu/h-i686-mingw32/bin/../lib/gcc/nios2-elf/4.1.2/../../../../nios2-elf/lib\libc.a(lib_a-fwalk.o)
                0x0080a82c                _fwalk_reent
                0x0080a8f4                _fwalk
 .text          0x0080a9ac       0xc4 c:/altera/13.0/nios2eds/bin/gnu/h-i686-mingw32/bin/../lib/gcc/nios2-elf/4.1.2/../../../../nios2-elf/lib\libc.a(lib_a-locale.o)
                0x0080a9ac                __locale_charset
                0x0080a9b4                _localeconv_r
                0x0080a9c0                localeconv
                0x0080a9d0                _setlocale_r
                0x0080aa54                setlocale
 .text          0x0080aa70      0x194 c:/altera/13.0/nios2eds/bin/gnu/h-i686-mingw32/bin/../lib/gcc/nios2-elf/4.1.2/../../../../nios2-elf/lib\libc.a(lib_a-makebuf.o)
                0x0080aa70                __smakebuf_r
 .text          0x0080ac04      0x740 c:/altera/13.0/nios2eds/bin/gnu/h-i686-mingw32/bin/../lib/gcc/nios2-elf/4.1.2/../../../../nios2-elf/lib\libc.a(lib_a-mallocr.o)
                0x0080ac04                _malloc_r
 .text          0x0080b344       0xe4 c:/altera/13.0/nios2eds/bin/gnu/h-i686-mingw32/bin/../lib/gcc/nios2-elf/4.1.2/../../../../nios2-elf/lib\libc.a(lib_a-memchr.o)
                0x0080b344                memchr
 .text          0x0080b428      0xff4 c:/altera/13.0/nios2eds/bin/gnu/h-i686-mingw32/bin/../lib/gcc/nios2-elf/4.1.2/../../../../nios2-elf/lib\libc.a(lib_a-mprec.o)
                0x0080b428                _Bfree
                0x0080b450                __hi0bits
                0x0080b4c0                __lo0bits
                0x0080b584                __mcmp
                0x0080b5e4                __ulp
                0x0080b664                __b2d
                0x0080b784                __ratio
                0x0080b834                _mprec_log10
                0x0080b8c8                __copybits
                0x0080b920                __any_on
                0x0080b9a8                _Balloc
                0x0080ba64                __d2b
                0x0080bbe0                __mdiff
                0x0080bd6c                __lshift
                0x0080beb8                __multiply
                0x0080c0a0                __i2b
                0x0080c0dc                __multadd
                0x0080c1dc                __pow5mult
                0x0080c2fc                __s2b
 .text          0x0080c41c      0x5f4 c:/altera/13.0/nios2eds/bin/gnu/h-i686-mingw32/bin/../lib/gcc/nios2-elf/4.1.2/../../../../nios2-elf/lib\libc.a(lib_a-reallocr.o)
                0x0080c41c                _realloc_r
 .text          0x0080ca10      0x1e0 c:/altera/13.0/nios2eds/bin/gnu/h-i686-mingw32/bin/../lib/gcc/nios2-elf/4.1.2/../../../../nios2-elf/lib\libc.a(lib_a-refill.o)
                0x0080ca10                __srefill_r
 .text          0x0080cbf0       0x40 c:/altera/13.0/nios2eds/bin/gnu/h-i686-mingw32/bin/../lib/gcc/nios2-elf/4.1.2/../../../../nios2-elf/lib\libc.a(lib_a-s_isinfd.o)
                0x0080cbf0                __isinfd
 .text          0x0080cc30       0x30 c:/altera/13.0/nios2eds/bin/gnu/h-i686-mingw32/bin/../lib/gcc/nios2-elf/4.1.2/../../../../nios2-elf/lib\libc.a(lib_a-s_isnand.o)
                0x0080cc30                __isnand
 .text          0x0080cc60       0x70 c:/altera/13.0/nios2eds/bin/gnu/h-i686-mingw32/bin/../lib/gcc/nios2-elf/4.1.2/../../../../nios2-elf/lib\libc.a(lib_a-sbrkr.o)
                0x0080cc60                _sbrk_r
 .text          0x0080ccd0      0x14c c:/altera/13.0/nios2eds/bin/gnu/h-i686-mingw32/bin/../lib/gcc/nios2-elf/4.1.2/../../../../nios2-elf/lib\libc.a(lib_a-stdio.o)
                0x0080ccd0                __sclose
                0x0080ccd8                __sseek
                0x0080cd40                __swrite
                0x0080cdbc                __sread
 .text          0x0080ce1c       0xbc c:/altera/13.0/nios2eds/bin/gnu/h-i686-mingw32/bin/../lib/gcc/nios2-elf/4.1.2/../../../../nios2-elf/lib\libc.a(lib_a-strcmp.o)
                0x0080ce1c                strcmp
 .text          0x0080ced8       0x78 c:/altera/13.0/nios2eds/bin/gnu/h-i686-mingw32/bin/../lib/gcc/nios2-elf/4.1.2/../../../../nios2-elf/lib\libc.a(lib_a-writer.o)
                0x0080ced8                _write_r
 .text          0x0080cf50       0xb4 c:/altera/13.0/nios2eds/bin/gnu/h-i686-mingw32/bin/../lib/gcc/nios2-elf/4.1.2/../../../../nios2-elf/lib\libc.a(lib_a-callocr.o)
                0x0080cf50                _calloc_r
 .text          0x0080d004       0x70 c:/altera/13.0/nios2eds/bin/gnu/h-i686-mingw32/bin/../lib/gcc/nios2-elf/4.1.2/../../../../nios2-elf/lib\libc.a(lib_a-closer.o)
                0x0080d004                _close_r
 .text          0x0080d074      0x124 c:/altera/13.0/nios2eds/bin/gnu/h-i686-mingw32/bin/../lib/gcc/nios2-elf/4.1.2/../../../../nios2-elf/lib\libc.a(lib_a-fclose.o)
                0x0080d074                _fclose_r
                0x0080d184                fclose
 .text          0x0080d198       0x74 c:/altera/13.0/nios2eds/bin/gnu/h-i686-mingw32/bin/../lib/gcc/nios2-elf/4.1.2/../../../../nios2-elf/lib\libc.a(lib_a-fstatr.o)
                0x0080d198                _fstat_r
 .text          0x0080d20c        0x0 c:/altera/13.0/nios2eds/bin/gnu/h-i686-mingw32/bin/../lib/gcc/nios2-elf/4.1.2/../../../../nios2-elf/lib\libc.a(lib_a-int_errno.o)
 .text          0x0080d20c       0x70 c:/altera/13.0/nios2eds/bin/gnu/h-i686-mingw32/bin/../lib/gcc/nios2-elf/4.1.2/../../../../nios2-elf/lib\libc.a(lib_a-isattyr.o)
                0x0080d20c                _isatty_r
 .text          0x0080d27c       0x78 c:/altera/13.0/nios2eds/bin/gnu/h-i686-mingw32/bin/../lib/gcc/nios2-elf/4.1.2/../../../../nios2-elf/lib\libc.a(lib_a-lseekr.o)
                0x0080d27c                _lseek_r
 .text          0x0080d2f4       0x78 c:/altera/13.0/nios2eds/bin/gnu/h-i686-mingw32/bin/../lib/gcc/nios2-elf/4.1.2/../../../../nios2-elf/lib\libc.a(lib_a-readr.o)
                0x0080d2f4                _read_r
 .text          0x0080d36c      0x5dc c:/altera/13.0/nios2eds/bin/gnu/h-i686-mingw32/bin/../lib/gcc/nios2-elf/4.1.2\libgcc.a(_udivdi3.o)
                0x0080d36c                __udivdi3
 .text          0x0080d948      0x5b0 c:/altera/13.0/nios2eds/bin/gnu/h-i686-mingw32/bin/../lib/gcc/nios2-elf/4.1.2\libgcc.a(_umoddi3.o)
                0x0080d948                __umoddi3
 .text          0x0080def8      0x258 c:/altera/13.0/nios2eds/bin/gnu/h-i686-mingw32/bin/../lib/gcc/nios2-elf/4.1.2\libgcc.a(_div_df.o)
                0x0080def8                __divdf3
 .text          0x0080e150       0x88 c:/altera/13.0/nios2eds/bin/gnu/h-i686-mingw32/bin/../lib/gcc/nios2-elf/4.1.2\libgcc.a(_eq_df.o)
                0x0080e150                __eqdf2
 .text          0x0080e1d8       0x88 c:/altera/13.0/nios2eds/bin/gnu/h-i686-mingw32/bin/../lib/gcc/nios2-elf/4.1.2\libgcc.a(_ne_df.o)
                0x0080e1d8                __nedf2
 .text          0x0080e260       0x88 c:/altera/13.0/nios2eds/bin/gnu/h-i686-mingw32/bin/../lib/gcc/nios2-elf/4.1.2\libgcc.a(_gt_df.o)
                0x0080e260                __gtdf2
 .text          0x0080e2e8       0x88 c:/altera/13.0/nios2eds/bin/gnu/h-i686-mingw32/bin/../lib/gcc/nios2-elf/4.1.2\libgcc.a(_lt_df.o)
                0x0080e2e8                __ltdf2
 .text          0x0080e370       0xf8 c:/altera/13.0/nios2eds/bin/gnu/h-i686-mingw32/bin/../lib/gcc/nios2-elf/4.1.2\libgcc.a(_si_to_df.o)
                0x0080e370                __floatsidf
 .text          0x0080e468      0x14c c:/altera/13.0/nios2eds/bin/gnu/h-i686-mingw32/bin/../lib/gcc/nios2-elf/4.1.2\libgcc.a(lib2-divmod.o)
                0x0080e4e4                __divsi3
                0x0080e544                __modsi3
                0x0080e5a4                __udivsi3
                0x0080e5ac                __umodsi3
 .text          0x0080e5b4       0x6c ../server_bsp/\libucosii_bsp.a(alt_exit.o)
                0x0080e5f4                _exit
 .text          0x0080e620       0xd0 ../server_bsp/\libucosii_bsp.a(alt_flash_dev.o)
                0x0080e620                alt_flash_open_dev
                0x0080e69c                alt_flash_close_dev
 .text          0x0080e6f0      0x134 ../server_bsp/\libucosii_bsp.a(alt_fstat.o)
                0x0080e6f0                fstat
 .text          0x0080e824      0x1c0 ../server_bsp/\libucosii_bsp.a(alt_irq_register.o)
                0x0080e824                alt_irq_register
 .text          0x0080e9e4        0x0 ../server_bsp/\libucosii_bsp.a(alt_irq_vars.o)
 .text          0x0080e9e4      0x120 ../server_bsp/\libucosii_bsp.a(alt_isatty.o)
                0x0080e9e4                isatty
 .text          0x0080eb04      0x150 ../server_bsp/\libucosii_bsp.a(alt_lseek.o)
                0x0080eb04                lseek
 .text          0x0080ec54       0xc8 ../server_bsp/\libucosii_bsp.a(alt_main.o)
                0x0080ec54                alt_main
 .text          0x0080ed1c       0xbc ../server_bsp/\libucosii_bsp.a(alt_sbrk.o)
                0x0080ed1c                sbrk
 .text          0x0080edd8      0x118 ../server_bsp/\libucosii_bsp.a(alt_usleep.o)
                0x0080edd8                usleep
 .text          0x0080eef0      0x108 ../server_bsp/\libucosii_bsp.a(alt_env_lock.o)
                0x0080eef0                __env_lock
                0x0080ef9c                __env_unlock
 .text          0x0080eff8      0x1d8 ../server_bsp/\libucosii_bsp.a(alt_malloc_lock.o)
                0x0080eff8                __malloc_lock
                0x0080f100                __malloc_unlock
 .text          0x0080f1d0     0x2128 ../server_bsp/\libucosii_bsp.a(os_core.o)
                0x0080f1d0                OSEventNameGet
                0x0080f300                OSEventNameSet
                0x0080f444                OSEventPendMulti
                0x0080faf8                OSInit
                0x0080fb4c                OSIntEnter
                0x0080fbc8                OSIntExit
                0x0080fcc8                OSSchedLock
                0x0080fd54                OSSchedUnlock
                0x0080fe38                OSStart
                0x0080fea8                OSStatInit
                0x0080ff54                OSTimeTick
                0x00810194                OSVersion
                0x008101b4                OS_Dummy
                0x008101d0                OS_EventTaskRdy
                0x00810364                OS_EventTaskWait
                0x00810474                OS_EventTaskWaitMulti
                0x008105c8                OS_EventTaskRemove
                0x00810680                OS_EventTaskRemoveMulti
                0x00810784                OS_EventWaitListInit
                0x00810b50                OS_MemClr
                0x00810ba4                OS_MemCopy
                0x00810c10                OS_Sched
                0x00810d54                OS_StrCopy
                0x00810dd4                OS_StrLen
                0x00810e2c                OS_TaskIdle
                0x00810e88                OS_TaskStat
                0x00810f50                OS_TaskStatStkChk
                0x00811018                OS_TCBInit
 .text          0x008112f8      0x18c ../server_bsp/\libucosii_bsp.a(os_dbg.o)
                0x008112f8                OSDebugInit
 .text          0x00811484     0x193c ../server_bsp/\libucosii_bsp.a(os_flag.o)
                0x00811484                OSFlagAccept
                0x008117b8                OSFlagCreate
                0x008118f4                OSFlagDel
                0x00811b9c                OSFlagNameGet
                0x00811ce0                OSFlagNameSet
                0x00811e34                OSFlagPend
                0x00812478                OSFlagPendGetFlagsRdy
                0x008124e0                OSFlagPost
                0x00812888                OSFlagQuery
                0x00812b20                OS_FlagInit
                0x00812d14                OS_FlagUnlink
 .text          0x00812dc0      0x808 ../server_bsp/\libucosii_bsp.a(os_mem.o)
                0x00812dc0                OSMemCreate
                0x00812fdc                OSMemGet
                0x008130e0                OSMemNameGet
                0x008131ec                OSMemNameSet
                0x0081330c                OSMemPut
                0x008133fc                OSMemQuery
                0x008134f8                OS_MemInit
 .text          0x008135c8     0x1334 ../server_bsp/\libucosii_bsp.a(os_q.o)
                0x008135c8                OSQAccept
                0x0081371c                OSQCreate
                0x00813930                OSQDel
                0x00813c30                OSQFlush
                0x00813cf8                OSQPend
                0x00814018                OSQPendAbort
                0x00814194                OSQPost
                0x00814314                OSQPostFront
                0x0081449c                OSQPostOpt
                0x008146d0                OSQQuery
                0x00814850                OS_QInit
 .text          0x008148fc      0xbc8 ../server_bsp/\libucosii_bsp.a(os_sem.o)
                0x008148fc                OSSemAccept
                0x008149bc                OSSemCreate
                0x00814ad0                OSSemDel
                0x00814d70                OSSemPend
                0x00814fec                OSSemPendAbort
                0x00815168                OSSemPost
                0x00815290                OSSemQuery
                0x008153c0                OSSemSet
 .text          0x008154c4     0x1a40 ../server_bsp/\libucosii_bsp.a(os_task.o)
                0x008154c4                OSTaskChangePrio
                0x00815a38                OSTaskCreate
                0x00815c0c                OSTaskCreateExt
                0x00815e0c                OSTaskDel
                0x00816218                OSTaskDelReq
                0x00816388                OSTaskNameGet
                0x00816540                OSTaskNameSet
                0x00816704                OSTaskResume
                0x0081691c                OSTaskStkChk
                0x00816b18                OSTaskSuspend
                0x00816d44                OSTaskQuery
                0x00816e88                OS_TaskStkClr
 .text          0x00816f04      0x670 ../server_bsp/\libucosii_bsp.a(os_time.o)
                0x00816f04                OSTimeDly
                0x00817050                OSTimeDlyHMSM
                0x0081729c                OSTimeDlyResume
                0x008174ac                OSTimeGet
                0x00817510                OSTimeSet
 .text          0x00817574      0x118 ../server_bsp/\libucosii_bsp.a(alt_sys_init.o)
                0x00817574                alt_irq_init
                0x008175a8                alt_sys_init
 .text          0x0081768c      0x8c8 ../server_bsp/\libucosii_bsp.a(altera_avalon_cfi_flash.o)
                0x0081768c                alt_flash_cfi_init
                0x00817760                alt_flash_cfi_write
                0x00817a20                alt_flash_cfi_get_info
                0x00817ab0                alt_flash_cfi_read
                0x00817b18                alt_write_value_to_flash
                0x00817c7c                alt_flash_program_block
 .text          0x00817f54     0x14a8 ../server_bsp/\libucosii_bsp.a(altera_avalon_cfi_flash_table.o)
                0x00817f54                alt_read_query_entry_8bit
                0x00817f94                alt_read_query_entry_16bit
                0x00817fd8                alt_read_query_entry_32bit
                0x00818020                alt_write_flash_command_8bit_device_8bit_mode
                0x0081805c                alt_write_flash_command_16bit_device_8bit_mode
                0x008180d8                alt_write_flash_command_32bit_device_8bit_mode
                0x00818120                alt_write_flash_command_16bit_device_16bit_mode
                0x00818164                alt_write_flash_command_32bit_device_16bit_mode
                0x008181ac                alt_write_flash_command_32bit_device_32bit_mode
                0x008181f4                alt_write_native_8bit
                0x00818228                alt_write_native_16bit
                0x0081825c                alt_write_native_32bit
                0x0081828c                alt_set_flash_width_func
                0x0081846c                alt_set_flash_algorithm_func
                0x00818594                alt_read_cfi_table
                0x00818b74                alt_read_cfi_width
                0x00819320                alt_check_primary_table
 .text          0x008193fc      0x9e4 ../server_bsp/\libucosii_bsp.a(altera_avalon_epcs_flash_controller.o)
                0x008193fc                alt_epcs_flash_init
                0x00819818                alt_epcs_flash_write
                0x00819a98                alt_epcs_flash_get_info
                0x00819b28                alt_epcs_flash_erase_block
                0x00819c2c                alt_epcs_flash_write_block
                0x00819d48                alt_epcs_flash_read
 .text          0x00819de0      0x148 ../server_bsp/\libucosii_bsp.a(altera_avalon_jtag_uart_fd.o)
                0x00819de0                altera_avalon_jtag_uart_read_fd
                0x00819e38                altera_avalon_jtag_uart_write_fd
                0x00819e90                altera_avalon_jtag_uart_close_fd
                0x00819ed8                altera_avalon_jtag_uart_ioctl_fd
 .text          0x00819f28      0x584 ../server_bsp/\libucosii_bsp.a(altera_avalon_jtag_uart_init.o)
                0x00819f28                altera_avalon_jtag_uart_init
                0x0081a438                altera_avalon_jtag_uart_close
 .text          0x0081a4ac       0xf4 ../server_bsp/\libucosii_bsp.a(altera_avalon_jtag_uart_ioctl.o)
                0x0081a4ac                altera_avalon_jtag_uart_ioctl
 .text          0x0081a5a0      0x2c0 ../server_bsp/\libucosii_bsp.a(altera_avalon_jtag_uart_read.o)
                0x0081a5a0                altera_avalon_jtag_uart_read
 .text          0x0081a860      0x2dc ../server_bsp/\libucosii_bsp.a(altera_avalon_jtag_uart_write.o)
                0x0081a860                altera_avalon_jtag_uart_write
 .text          0x0081ab3c      0xf3c ../server_bsp/\libucosii_bsp.a(altera_avalon_lcd_16207.o)
                0x0081b310                altera_avalon_lcd_16207_write
                0x0081b914                altera_avalon_lcd_16207_init
 .text          0x0081ba78       0x58 ../server_bsp/\libucosii_bsp.a(altera_avalon_lcd_16207_fd.o)
                0x0081ba78                altera_avalon_lcd_16207_write_fd
 .text          0x0081bad0      0x100 ../server_bsp/\libucosii_bsp.a(altera_avalon_timer_sc.o)
                0x0081bb40                alt_avalon_timer_sc_init
 .text          0x0081bbd0       0xf8 ../server_bsp/\libucosii_bsp.a(altera_avalon_uart_fd.o)
                0x0081bbd0                altera_avalon_uart_read_fd
                0x0081bc28                altera_avalon_uart_write_fd
                0x0081bc80                altera_avalon_uart_close_fd
 .text          0x0081bcc8      0x57c ../server_bsp/\libucosii_bsp.a(altera_avalon_uart_init.o)
                0x0081bcc8                altera_avalon_uart_init
                0x0081c1e4                altera_avalon_uart_close
 .text          0x0081c244      0x310 ../server_bsp/\libucosii_bsp.a(altera_avalon_uart_read.o)
                0x0081c244                altera_avalon_uart_read
 .text          0x0081c554      0x2a8 ../server_bsp/\libucosii_bsp.a(altera_avalon_uart_write.o)
                0x0081c554                altera_avalon_uart_write
 .text          0x0081c7fc      0x6d4 ../server_bsp/\libucosii_bsp.a(epcs_commands.o)
                0x0081c7fc                epcs_read_status_register
                0x0081c85c                epcs_sector_erase
                0x0081c9c4                epcs_read_buffer
                0x0081cb10                epcs_write_enable
                0x0081cb60                epcs_write_status_register
                0x0081cbc4                epcs_write_buffer
                0x0081cd34                epcs_read_electronic_signature
                0x0081cda0                epcs_read_device_id
                0x0081ce20                epcs_enter_4_bytes_mode
                0x0081ce78                epcs_exit_4_bytes_mode
 .text          0x0081ced0       0x54 ../server_bsp/\libucosii_bsp.a(alt_iniche_close.o)
                0x0081ced0                close
 .text          0x0081cf24      0x144 ../server_bsp/\libucosii_bsp.a(alt_iniche_dev.o)
                0x0081cf24                iniche_devices_init
 .text          0x0081d068       0x78 ../server_bsp/\libucosii_bsp.a(alt_iniche_read.o)
                0x0081d068                read
 .text          0x0081d0e0       0x70 ../server_bsp/\libucosii_bsp.a(alt_iniche_write.o)
                0x0081d0e0                write
 .text          0x0081d150      0xedc ../server_bsp/\libucosii_bsp.a(ipnet.o)
                0x0081d150                Netinit
                0x0081d79c                fixup_subnet_mask
                0x0081d8fc                netclose
                0x0081d9e4                pktdemux
                0x0081ddb8                c_older
                0x0081de88                ip2mac
 .text          0x0081e02c      0x4b0 ../server_bsp/\libucosii_bsp.a(ipstart.o)
                0x0081e02c                ip_startup
                0x0081e310                exit_hook
                0x0081e37c                ip_exit
                0x0081e44c                if_netnumber
 .text          0x0081e4dc     0x10e8 ../server_bsp/\libucosii_bsp.a(igmp_cmn.o)
                0x0081e4dc                igmp_init
                0x0081e5cc                igmp_input
                0x0081e6c4                igmp_fasttimo
                0x0081e8f8                igmp_send
                0x0081eba0                igmp_joingroup
                0x0081ee0c                igmp_leavegroup
                0x0081ee88                igmp_validate
                0x0081f1e4                igmp_print_stats
 .text          0x0081f5c4      0xbc8 ../server_bsp/\libucosii_bsp.a(bsdsock.o)
                0x0081f5c4                bsd_accept
                0x0081f6fc                bsd_getpeername
                0x0081f828                bsd_getsockname
                0x0081f954                bsd_i_sockoptlen
                0x0081fb0c                bsd_getsockopt
                0x0081fc2c                bsd_ioctl
                0x0081fd30                bsd_inet_ntoa
                0x0081fd60                bsd_recvfrom
                0x0081fec0                bsd_select
                0x008200a0                bsd_setsockopt
 .text          0x0082018c      0x118 ../server_bsp/\libucosii_bsp.a(cksum.o)
                0x0082018c                ccksum
                0x0082023c                cksum
 .text          0x008202a4      0xa9c ../server_bsp/\libucosii_bsp.a(in_utils.o)
                0x008202a4                do_trap
                0x008202d0                nextarg
                0x0082034c                hexdump
                0x00820494                print_ipad
                0x00820508                print_uptime
                0x00820634                panic
                0x00820678                print_eth
                0x008207dc                uslash
                0x0082085c                ns_printf
                0x008209e0                std_out
                0x00820a24                con_page
                0x00820b14                parse_args
 .text          0x00820d40      0x1c8 ../server_bsp/\libucosii_bsp.a(netmain.o)
                0x00820d40                netmain
                0x00820e34                tk_netmain
                0x00820ebc                tk_nettick
 .text          0x00820f08      0x810 ../server_bsp/\libucosii_bsp.a(parseip.o)
                0x00820f08                parse_ipad
                0x00821224                inet_addr
                0x0082128c                hextoa
                0x008212fc                inet_pton
                0x008213a8                inet_ntop
                0x00821434                print46_addr
                0x00821494                inet46_addr
                0x00821558                inet_setport
                0x008215cc                convert_ip
 .text          0x00821718      0x5e8 ../server_bsp/\libucosii_bsp.a(tk_crnos.o)
                0x00821718                TK_OSTimeDly
                0x00821744                TK_OSTaskResume
                0x008217b4                tcp_sleep
                0x00821954                tcp_wakeup
                0x00821a58                TK_OSTaskQuery
                0x00821acc                tk_yield
                0x00821af8                tk_stats
 .text          0x00821d00     0x3294 ../server_bsp/\libucosii_bsp.a(dhcpclnt.o)
                0x00821d00                dhc_get_srv_ipaddr
                0x00821d90                dhc_init
                0x00821e4c                dhc_set_callback
                0x00821e90                dhc_upcall
                0x008226c0                dhc_buildheader
                0x008228dc                dhc_discover
                0x00822df4                dhc_rx_offer
                0x00822ef8                dhc_request
                0x00823a34                dhc_setip
                0x00823cb4                dhc_resetip
                0x00823d98                dhc_decline
                0x00823f7c                dhc_extract_opts
                0x00824238                dhc_second
                0x00824b28                dhc_halt
                0x00824bb0                dhc_reclaim
                0x00824d80                dhc_state_init
                0x00824de0                dhc_alldone
                0x00824e70                dhc_ifacedone
                0x00824ee4                dhc_set_state
 .text          0x00824f94       0xcc ../server_bsp/\libucosii_bsp.a(dhcputil.o)
                0x00824f94                find_opt
 .text          0x00825060      0x79c ../server_bsp/\libucosii_bsp.a(pktalloc.o)
                0x00825060                pk_init
                0x008252f0                pk_alloc
                0x008253cc                pk_validate
                0x00825684                pk_free
                0x00825730                pk_get_max_intrsafe_buf_len
                0x00825750                dump_buf_estats
 .text          0x008257fc      0x288 ../server_bsp/\libucosii_bsp.a(q.o)
                0x008257fc                getq
                0x008258c4                putq
                0x00825974                qdel
 .text          0x00825a84      0x31c ../server_bsp/\libucosii_bsp.a(udp_open.o)
                0x00825a84                udp_open
                0x00825cbc                udp_close
 .text          0x00825da0      0x194 ../server_bsp/\libucosii_bsp.a(asm_cksum.o)
                0x00825da0                asm_cksum
 .text          0x00825f34      0x2e4 ../server_bsp/\libucosii_bsp.a(brdutils.o)
                0x00825f34                dtrap
                0x00825f64                kbhit
                0x00826010                getch
                0x00826070                clock_init
                0x008260ac                clock_c
                0x008260c8                cticks_hook
                0x00826178                irq_Mask
                0x008261d4                irq_Unmask
 .text          0x00826218      0x488 ../server_bsp/\libucosii_bsp.a(osportco.o)
                0x00826218                LOCK_NET_RESOURCE
                0x008262d8                UNLOCK_NET_RESOURCE
                0x00826360                TK_NEWTASK
                0x00826574                wait_app_sem
                0x00826628                post_app_sem
 .text          0x008266a0      0x568 ../server_bsp/\libucosii_bsp.a(targnios.o)
                0x008266a0                alt_iniche_init
                0x008268bc                pre_task_setup
                0x00826930                post_task_setup
                0x00826950                prep_armintcp
                0x00826988                calloc2
                0x008269bc                npalloc
                0x00826ab0                npfree
                0x00826b68                ncpalloc
                0x00826bbc                ncpfree
 .text          0x00826c08     0x19b8 ../server_bsp/\libucosii_bsp.a(nptcp.o)
                0x00826c08                pffindtype
                0x00826ca8                pffindproto
                0x00826d78                m_getnbuf
                0x00826f20                m_free
                0x00827054                m_freem
                0x00827098                m_copy
                0x008273bc                m_adj
                0x0082758c                mbuf_len
                0x008275e4                dtom
                0x0082768c                remque
                0x008276fc                insque
                0x00827778                nptcp_init
                0x0082789c                tcp_rcv
                0x00827a88                ip_output
                0x00828080                in_broadcast
                0x008280c0                np_stripoptions
                0x008281a8                so_icmpdu
                0x00828500                tcp_tick
 .text          0x008285c0      0xa2c ../server_bsp/\libucosii_bsp.a(rawsock.o)
                0x008285c0                rawip_lookup
                0x00828630                rawip_soinput
                0x00828804                rawip_usrreq
 .text          0x00828fec     0x17fc ../server_bsp/\libucosii_bsp.a(sockcall.o)
                0x00828fec                DOMAIN_CHECK
                0x00829038                t_socket
                0x008290c8                t_bind
                0x00829244                t_listen
                0x00829328                t_accept
                0x008295c0                t_connect
                0x00829868                t_getpeername
                0x008298ac                t_getsockname
                0x00829aec                t_setsockopt
                0x00829cc8                t_getsockopt
                0x00829e6c                t_recv
                0x00829f5c                t_recvfrom
                0x0082a0ac                t_sendto
                0x0082a2d8                t_send
                0x0082a500                t_shutdown
                0x0082a5e4                t_socketclose
                0x0082a74c                t_errno
 .text          0x0082a7e8     0x23ec ../server_bsp/\libucosii_bsp.a(socket.o)
                0x0082a7e8                socreate
                0x0082a9b4                sobind
                0x0082aa10                solisten
                0x0082ab00                sofree
                0x0082ac30                soclose
                0x0082af9c                soabort
                0x0082afec                soaccept
                0x0082b088                soconnect
                0x0082b15c                sodisconnect
                0x0082b1fc                sosend
                0x0082b804                soreceive
                0x0082bfe8                soshutdown
                0x0082c090                sorflush
                0x0082c190                sosetopt
                0x0082c650                sogetopt
                0x0082cb90                sohasoutofband
 .text          0x0082cbd4     0x12f8 ../server_bsp/\libucosii_bsp.a(socket2.o)
                0x0082cbd4                soisconnecting
                0x0082cc40                soisconnected
                0x0082cd3c                soisdisconnecting
                0x0082cdc8                soisdisconnected
                0x0082ce84                sonewconn
                0x0082d0a0                soqinsque
                0x0082d14c                soqremque
                0x0082d26c                socantsendmore
                0x0082d2bc                socantrcvmore
                0x0082d30c                sbselqueue
                0x0082d344                sbwait
                0x0082d3ac                sbwakeup
                0x0082d448                soreserve
                0x0082d4c8                sbreserve
                0x0082d528                sbrelease
                0x0082d570                sbappend
                0x0082d618                sbappendrecord
                0x0082d6f8                sbappendaddr
                0x0082d8e0                sbcompress
                0x0082dac8                sbflush
                0x0082db58                sbdrop
                0x0082dd28                sbdropend
                0x0082de38                sbdroprecord
 .text          0x0082decc      0x914 ../server_bsp/\libucosii_bsp.a(soselect.o)
                0x0082decc                t_select
                0x0082e0ec                sock_selscan
                0x0082e244                sock_select
                0x0082e458                in_pcbnotify
                0x0082e524                tcp_notify
                0x0082e58c                ifd_clr
                0x0082e67c                ifd_set
                0x0082e6f0                ifd_isset
                0x0082e770                ifd_get
 .text          0x0082e7e0     0x3020 ../server_bsp/\libucosii_bsp.a(tcp_in.o)
                0x0082e7e0                tcp_reass
                0x0082ebe8                tcp_input
                0x0083113c                tcp_dooptions
                0x008312cc                tcp_pulloutofband
                0x008313f8                tcp_xmit_timer
                0x0083169c                ip4_tcpmss
                0x008316e4                tcp_mss
 .text          0x00831800     0x1360 ../server_bsp/\libucosii_bsp.a(tcp_out.o)
                0x00831800                tcp_output
                0x0083297c                tcp_setpersist
 .text          0x00832b60      0x9e8 ../server_bsp/\libucosii_bsp.a(tcp_subr.o)
                0x00832b60                tcp_init
                0x00832bb8                tcp_template
                0x00832cd0                tcp_respond
                0x00833158                tcp_newtcpcb
                0x00833270                tcp_drop
                0x0083331c                tcp_close
                0x00833404                tcp_quench
                0x00833450                tcp_putseq
                0x008334d0                tcp_getseq
 .text          0x00833548      0x798 ../server_bsp/\libucosii_bsp.a(tcp_timr.o)
                0x00833548                tcp_slowtimo
                0x008337e8                tcp_canceltimers
                0x00833844                tcp_timers
 .text          0x00833ce0      0x9ec ../server_bsp/\libucosii_bsp.a(tcp_usr.o)
                0x00833ce0                tcp_usrreq
                0x008343e4                tcp_attach
                0x00834518                tcp_disconnect
                0x008345ec                tcp_usrclosed
 .text          0x008346cc       0x4c ../server_bsp/\libucosii_bsp.a(tcpport.o)
                0x008346cc                tcpinit
 .text          0x00834718      0xd20 ../server_bsp/\libucosii_bsp.a(udpsock.o)
                0x00834718                udp_lookup
                0x00834788                udp_soinput
                0x00834940                udp_usrreq
                0x00834bc4                udp4_sockbind
                0x00834f00                udp4_socksend
                0x008352dc                udp4_sockaddr
 .text          0x00835438      0x154 ../server_bsp/\libucosii_bsp.a(alt_alarm_start.o)
                0x00835438                alt_alarm_start
 .text          0x0083558c      0x14c ../server_bsp/\libucosii_bsp.a(alt_busy_sleep.o)
                0x0083558c                alt_busy_sleep
 .text          0x008356d8      0x15c ../server_bsp/\libucosii_bsp.a(alt_close.o)
                0x008356d8                alt_close
 .text          0x00835834       0x78 ../server_bsp/\libucosii_bsp.a(alt_dcache_flush.o)
                0x00835834                alt_dcache_flush
 .text          0x008358ac       0x2c ../server_bsp/\libucosii_bsp.a(alt_dev.o)
 .text          0x008358d8      0x114 ../server_bsp/\libucosii_bsp.a(alt_dev_llist_insert.o)
                0x008358d8                alt_dev_llist_insert
 .text          0x008359ec       0x64 ../server_bsp/\libucosii_bsp.a(alt_do_ctors.o)
                0x008359ec                _do_ctors
 .text          0x00835a50       0x64 ../server_bsp/\libucosii_bsp.a(alt_do_dtors.o)
                0x00835a50                _do_dtors
 .text          0x00835ab4        0x0 ../server_bsp/\libucosii_bsp.a(alt_errno.o)
 .text          0x00835ab4       0x94 ../server_bsp/\libucosii_bsp.a(alt_find_dev.o)
                0x00835ab4                alt_find_dev
 .text          0x00835b48      0x1d4 ../server_bsp/\libucosii_bsp.a(alt_iic.o)
                0x00835b48                alt_ic_isr_register
                0x00835b98                alt_ic_irq_enable
                0x00835c34                alt_ic_irq_disable
                0x00835cd4                alt_ic_irq_enabled
 .text          0x00835d1c       0xf8 ../server_bsp/\libucosii_bsp.a(alt_iic_isr_register.o)
                0x00835d1c                alt_iic_isr_register
 .text          0x00835e14      0x13c ../server_bsp/\libucosii_bsp.a(alt_io_redirect.o)
                0x00835ed8                alt_io_redirect
 .text          0x00835f50        0x0 ../server_bsp/\libucosii_bsp.a(alt_irq_entry.o)
 .text          0x00835f50        0x0 ../server_bsp/\libucosii_bsp.a(alt_irq_handler.o)
 .text          0x00835f50      0x2c4 ../server_bsp/\libucosii_bsp.a(alt_open.o)
                0x0083602c                open
 .text          0x00836214      0x180 ../server_bsp/\libucosii_bsp.a(alt_read.o)
                0x00836214                alt_read
 .text          0x00836394       0x60 ../server_bsp/\libucosii_bsp.a(alt_release_fd.o)
                0x00836394                alt_release_fd
 .text          0x008363f4       0x38 ../server_bsp/\libucosii_bsp.a(alt_remap_cached.o)
                0x008363f4                alt_remap_cached
 .text          0x0083642c       0x40 ../server_bsp/\libucosii_bsp.a(alt_remap_uncached.o)
                0x0083642c                alt_remap_uncached
 .text          0x0083646c      0x1a8 ../server_bsp/\libucosii_bsp.a(alt_tick.o)
                0x0083646c                alt_alarm_stop
                0x00836504                alt_tick
 .text          0x00836614      0x180 ../server_bsp/\libucosii_bsp.a(alt_write.o)
                0x00836614                alt_write
 .text          0x00836794       0x20 ../server_bsp/\libucosii_bsp.a(altera_nios2_qsys_irq.o)
                0x00836794                altera_nios2_qsys_irq_init
 .text          0x008367b4       0xd0 ../server_bsp/\libucosii_bsp.a(os_cpu_a.o)
                0x008367b4                OSCtxSw
                0x008367b4                OSIntCtxSw
                0x00836840                OSStartHighRdy
                0x00836860                OSStartTsk
 .text          0x00836884      0x424 ../server_bsp/\libucosii_bsp.a(os_cpu_c.o)
                0x00836884                OSTaskStkInit
                0x00836b94                OSTaskCreateHook
                0x00836bb4                OSTaskDelHook
                0x00836bd4                OSTaskSwHook
                0x00836bf0                OSTaskStatHook
                0x00836c0c                OSTimeTickHook
                0x00836c34                OSInitHookBegin
                0x00836c50                OSInitHookEnd
                0x00836c6c                OSTaskIdleHook
                0x00836c88                OSTCBInitHook
 .text          0x00836ca8      0x460 ../server_bsp/\libucosii_bsp.a(altera_avalon_cfi_flash_amd.o)
                0x00836ca8                alt_program_amd
                0x00836d10                alt_erase_block_amd
 .text          0x00837108      0x460 ../server_bsp/\libucosii_bsp.a(altera_avalon_cfi_flash_intel.o)
                0x00837108                alt_program_intel
                0x0083718c                alt_erase_block_intel
 .text          0x00837568      0x238 ../server_bsp/\libucosii_bsp.a(altera_avalon_spi.o)
                0x00837568                alt_avalon_spi_command
 .text          0x008377a0      0x444 ../server_bsp/\libucosii_bsp.a(allports.o)
                0x008377a0                netmain_init
                0x0083789c                icmp_port_du
                0x00837924                station_state
                0x00837a88                sysuptime
                0x00837b1c                packet_check
                0x00837b68                mcastlist
                0x00837b8c                prep_modules
 .text          0x00837be4      0x580 ../server_bsp/\libucosii_bsp.a(timeouts.o)
                0x00837be4                inet_timer
                0x00837ee4                in_timerset
                0x008380bc                in_timerkill
 .text          0x00838164       0xa4 ../server_bsp/\libucosii_bsp.a(tk_misc.o)
                0x00838164                create_apptasks
                0x00838188                task_stats
 .text          0x00838208       0xb0 ../server_bsp/\libucosii_bsp.a(alt_iniche_fcntl.o)
                0x00838208                fcntl
 .text          0x008382b8     0x15b0 ../server_bsp/\libucosii_bsp.a(et_arp.o)
                0x008382b8                etainit
                0x0083830c                et_send
                0x00838488                arp_free_pending
                0x00838510                arp_send_pending
                0x00838584                send_arp
                0x00838a1c                find_oldest_arp
                0x00838c18                make_arp_entry
                0x00838d2c                arpReply
                0x00838fc0                arprcv
                0x00839220                send_via_arp
                0x008393f0                cb_arpent_tmo
                0x0083959c                grat_arp
 .text          0x00839868      0x298 ../server_bsp/\libucosii_bsp.a(iface.o)
                0x00839868                if_getbynum
                0x008398ec                isbcast
                0x008399cc                reg_type
                0x00839a68                if_killsocks
 .text          0x00839b00     0x22a4 ../server_bsp/\libucosii_bsp.a(ip.o)
                0x00839b00                ip_init
                0x00839bfc                ip_bldhead
                0x00839da0                ip_write_internal
                0x0083a520                ip_write
                0x0083a768                ip_write2
                0x0083ab18                ip_raw_write
                0x0083abf0                ip_fragment_lc
                0x0083b078                ip_fragment
                0x0083b69c                ip_mymach
                0x0083b748                ip_dump
                0x0083ba00                iproute
                0x0083bc6c                ip_copypkt
 .text          0x0083bda4     0x1e08 ../server_bsp/\libucosii_bsp.a(ip_reasm.o)
                0x0083bda4                ip_reasm_match_frag_with_ire
                0x0083be74                ip_reasm_determine_type_of_frag
                0x0083bf60                ip_reasm_check_mem_useage
                0x0083bff8                ip_reasm_incr_mem_useage
                0x0083c0a0                ip_reasm_decr_mem_useage
                0x0083c140                ip_reasm_process_first_fragment
                0x0083c420                ip_reassm
                0x0083c4c0                ip_reasm_compute_overlap
                0x0083ca50                ip_reasm_process_subsequent_fragments
                0x0083cfe4                ip_reasm_find_ire
                0x0083d048                ip_reasm_copy_queued_fragments_into_reassy_buffer
                0x0083d3a4                ip_reasm_process_timer_tick
                0x0083d4c4                ip_reasm_delete_ire
                0x0083d68c                ip_reasm_mark_compact_rfq
                0x0083d7d4                ipr_stats
                0x0083db58                ip_reasm_send_icmp_timex
 .text          0x0083dbac      0xe3c ../server_bsp/\libucosii_bsp.a(ipdemux.o)
                0x0083dbac                ip_rcv
                0x0083dfac                ip_rcv_phase2
                0x0083e5b8                ip_demux
 .text          0x0083e9e8      0x2f0 ../server_bsp/\libucosii_bsp.a(ipmc.o)
                0x0083e9e8                in_addmulti
                0x0083eb50                in_delmulti
                0x0083ec68                lookup_mcast
 .text          0x0083ecd8       0xe4 ../server_bsp/\libucosii_bsp.a(ipport.o)
                0x0083ecd8                prep_ifaces
                0x0083ed6c                netexit
                0x0083ed94                evtmap_setup
 .text          0x0083edbc      0x550 ../server_bsp/\libucosii_bsp.a(ipraw.o)
                0x0083edbc                ip_raw_open
                0x0083eeac                ip_raw_close
                0x0083ef6c                ip_raw_input
                0x0083f1a4                ip_raw_alloc
                0x0083f270                ip_raw_free
                0x0083f2b0                ip_raw_maxalloc
 .text          0x0083f30c      0x6f0 ../server_bsp/\libucosii_bsp.a(iproute.o)
                0x0083f30c                rt_lookup
                0x0083f490                add_route
                0x0083f8b8                del_route
 .text          0x0083f9fc      0xe3c ../server_bsp/\libucosii_bsp.a(udp.o)
                0x0083f9fc                udpdemux
                0x00840254                udp_send
                0x0084050c                udpswap
                0x0084063c                udp_socket
                0x0084070c                udp_alloc
                0x008407cc                udp_maxalloc
                0x008407f8                udp_free
 .text          0x00840838      0x2e8 ../server_bsp/\libucosii_bsp.a(igmp.o)
                0x00840838                igmpv1_input
 .text          0x00840b20      0x7c0 ../server_bsp/\libucosii_bsp.a(igmp2.o)
                0x00840b20                igmpv2_input
                0x00840c80                igmpv2_process_report
                0x00840dcc                igmpv2_process_query
                0x00841018                igmpv2_chk_set_timer
                0x00841170                igmpv2_chk4_rtr_alert_opt
 .text          0x008412e0      0x8fc ../server_bsp/\libucosii_bsp.a(ipopt.o)
                0x008412e0                IPADDR_TO_NETP
                0x00841428                ip_setmoptions
                0x00841a18                ip_getmoptions
                0x00841b58                ip_freemoptions
 .text          0x00841bdc      0x6e8 ../server_bsp/\libucosii_bsp.a(u_mctest.o)
                0x00841bdc                u_mctest_init
                0x00841c0c                u_mctest_run
 .text          0x008422c4      0x3d0 ../server_bsp/\libucosii_bsp.a(dhcsetup.o)
                0x008422c4                dhc_setup
                0x00842590                dhc_main_ipset
 .text          0x00842694      0x40c ../server_bsp/\libucosii_bsp.a(memdev.o)
                0x00842694                init_memdev
                0x0084270c                md_fopen
                0x00842734                md_fclose
                0x00842754                md_fread
                0x008428d4                md_fwrite
                0x00842954                md_fseek
                0x00842980                md_ftell
                0x008429a4                md_fgetc
                0x00842a7c                md_unlink
 .text          0x00842aa0      0x1cc ../server_bsp/\libucosii_bsp.a(tcpcksum.o)
                0x00842aa0                tcp_cksum
 .text          0x00842c6c      0x900 ../server_bsp/\libucosii_bsp.a(in_pcb.o)
                0x00842c6c                in_pcballoc
                0x00842d00                in_pcbdetach
                0x00842d54                in_pcbbind
                0x00842fa8                in_pcbconnect
                0x008431b8                in_pcbdisconnect
                0x00843218                in_setsockaddr
                0x00843294                in_setpeeraddr
                0x00843310                in_pcblookup
 .text          0x0084356c     0x1a74 ../server_bsp/\libucosii_bsp.a(vfsfiles.o)
                0x0084356c                set_vfopen_error
                0x00843594                get_vfopen_error
                0x008435b4                vf_alloc_and_link_vop
                0x00843630                vf_alloc_buffer
                0x00843708                vf_free_buffer
                0x00843758                vfopen_locked
                0x00843ac0                vfopen
                0x00843b10                vfclose_locked
                0x00843cb8                vfclose
                0x00843cf8                vfflush
                0x00843d40                vfgets
                0x00843e24                vfeof
                0x00843e7c                vunlink_flag_open_files
                0x00843ed8                vunlink
                0x008440f8                vfread
                0x008442a4                vfwrite_locked
                0x0084468c                vfwrite
                0x008446ec                vfseek
                0x00844868                vftell
                0x0084499c                vgetc_locked
                0x00844abc                vgetc
                0x00844b04                vfslookup_locked
                0x00844c3c                vfslookup
                0x00844c84                strippath
                0x00844e6c                isvfile_locked
                0x00844ed0                isvfile
                0x00844f18                vferror
                0x00844f84                vclearerr
 .text          0x00844fe0       0x24 ../server_bsp/\libucosii_bsp.a(vfsport.o)
                0x00844fe0                prep_vfs
 .text          0x00845004        0x0 ../server_bsp/\libucosii_bsp.a(alt_exception_entry.o)
 .text          0x00845004      0x1b4 ../server_bsp/\libucosii_bsp.a(alt_fcntl.o)
                0x00845004                alt_fcntl
 .text          0x008451b8      0x120 ../server_bsp/\libucosii_bsp.a(alt_find_file.o)
                0x008451b8                alt_find_file
 .text          0x008452d8       0xf4 ../server_bsp/\libucosii_bsp.a(alt_get_fd.o)
                0x008452d8                alt_get_fd
 .text          0x008453cc     0x130c ../server_bsp/\libucosii_bsp.a(icmp.o)
                0x008453cc                icmprcv
                0x00846000                icmp_destun
                0x00846350                icmp_timex
                0x00846684                icmp_du
 .text          0x008466d8       0x14 c:/altera/13.0/nios2eds/bin/gnu/h-i686-mingw32/bin/../lib/gcc/nios2-elf/4.1.2/../../../../nios2-elf/lib\libc.a(lib_a-atexit.o)
                0x008466d8                atexit
 .text          0x008466ec       0x18 c:/altera/13.0/nios2eds/bin/gnu/h-i686-mingw32/bin/../lib/gcc/nios2-elf/4.1.2/../../../../nios2-elf/lib\libc.a(lib_a-atoi.o)
                0x008466ec                _atoi_r
                0x008466f8                atoi
 .text          0x00846704       0x1c c:/altera/13.0/nios2eds/bin/gnu/h-i686-mingw32/bin/../lib/gcc/nios2-elf/4.1.2/../../../../nios2-elf/lib\libc.a(lib_a-calloc.o)
                0x00846704                calloc
 .text          0x00846720       0x28 c:/altera/13.0/nios2eds/bin/gnu/h-i686-mingw32/bin/../lib/gcc/nios2-elf/4.1.2/../../../../nios2-elf/lib\libc.a(lib_a-malloc.o)
                0x00846720                free
                0x00846734                malloc
 .text          0x00846748       0x74 c:/altera/13.0/nios2eds/bin/gnu/h-i686-mingw32/bin/../lib/gcc/nios2-elf/4.1.2/../../../../nios2-elf/lib\libc.a(lib_a-memcmp.o)
                0x00846748                memcmp
 .text          0x008467bc       0xd4 c:/altera/13.0/nios2eds/bin/gnu/h-i686-mingw32/bin/../lib/gcc/nios2-elf/4.1.2/../../../../nios2-elf/lib\libc.a(lib_a-sprintf.o)
                0x008467bc                sprintf
                0x00846830                _sprintf_r
 .text          0x00846890       0x8c c:/altera/13.0/nios2eds/bin/gnu/h-i686-mingw32/bin/../lib/gcc/nios2-elf/4.1.2/../../../../nios2-elf/lib\libc.a(lib_a-strcpy.o)
                0x00846890                strcpy
 .text          0x0084691c       0xf0 c:/altera/13.0/nios2eds/bin/gnu/h-i686-mingw32/bin/../lib/gcc/nios2-elf/4.1.2/../../../../nios2-elf/lib\libc.a(lib_a-strncmp.o)
                0x0084691c                strncmp
 .text          0x00846a0c       0xbc c:/altera/13.0/nios2eds/bin/gnu/h-i686-mingw32/bin/../lib/gcc/nios2-elf/4.1.2/../../../../nios2-elf/lib\libc.a(lib_a-strncpy.o)
                0x00846a0c                strncpy
 .text          0x00846ac8      0x268 c:/altera/13.0/nios2eds/bin/gnu/h-i686-mingw32/bin/../lib/gcc/nios2-elf/4.1.2/../../../../nios2-elf/lib\libc.a(lib_a-strtol.o)
                0x00846ac8                _strtol_r
                0x00846d0c                strtol
 .text          0x00846d30       0x34 c:/altera/13.0/nios2eds/bin/gnu/h-i686-mingw32/bin/../lib/gcc/nios2-elf/4.1.2/../../../../nios2-elf/lib\libc.a(lib_a-vprintf.o)
                0x00846d30                _vprintf_r
                0x00846d44                vprintf
 .text          0x00846d64       0x74 c:/altera/13.0/nios2eds/bin/gnu/h-i686-mingw32/bin/../lib/gcc/nios2-elf/4.1.2/../../../../nios2-elf/lib\libc.a(lib_a-vsprintf.o)
                0x00846d64                _vsprintf_r
                0x00846db4                vsprintf
 .text          0x00846dd8      0x134 c:/altera/13.0/nios2eds/bin/gnu/h-i686-mingw32/bin/../lib/gcc/nios2-elf/4.1.2/../../../../nios2-elf/lib\libc.a(lib_a-__atexit.o)
                0x00846dd8                __register_exitproc
 *(.gnu.warning.*)
 *(.fini)
                0x00846f0c                PROVIDE (__etext, ABSOLUTE (.))
                0x00846f0c                PROVIDE (_etext, ABSOLUTE (.))
                0x00846f0c                PROVIDE (etext, ABSOLUTE (.))
 *(.eh_frame_hdr)
                0x00846f0c                . = ALIGN (0x4)
                0x00846f0c                PROVIDE (__preinit_array_start, ABSOLUTE (.))
 *(.preinit_array)
                0x00846f0c                PROVIDE (__preinit_array_end, ABSOLUTE (.))
                0x00846f0c                PROVIDE (__init_array_start, ABSOLUTE (.))
 *(.init_array)
                0x00846f0c                PROVIDE (__init_array_end, ABSOLUTE (.))
                0x00846f0c                PROVIDE (__fini_array_start, ABSOLUTE (.))
 *(.fini_array)
                0x00846f0c                PROVIDE (__fini_array_end, ABSOLUTE (.))
 *(.eh_frame)
 *(.gcc_except_table)
 *(.dynamic)
                0x00846f0c                PROVIDE (__CTOR_LIST__, ABSOLUTE (.))
 *(.ctors)
 *(SORT(.ctors.*))
 .ctors.65535   0x00846f0c        0x4 c:/altera/13.0/nios2eds/bin/gnu/h-i686-mingw32/bin/../lib/gcc/nios2-elf/4.1.2/../../../../nios2-elf/lib\libc.a(lib_a-__call_atexit.o)
                0x00846f10                PROVIDE (__CTOR_END__, ABSOLUTE (.))
                0x00846f10                PROVIDE (__DTOR_LIST__, ABSOLUTE (.))
 *(.dtors)
 *(SORT(.dtors.*))
                0x00846f10                PROVIDE (__DTOR_END__, ABSOLUTE (.))
 *(.jcr)
                0x00846f10                . = ALIGN (0x4)

.rodata         0x00846f10     0x4208
                0x00846f10                PROVIDE (__ram_rodata_start, ABSOLUTE (.))
                0x00846f10                . = ALIGN (0x4)
 *(.rodata .rodata.* .gnu.linkonce.r.*)
 .rodata        0x00846f10       0x60 obj/default/LCD.o
 .rodata        0x00846f70       0xa8 obj/default/SSS_DE2_115.o
 .rodata        0x00847018      0xba4 obj/default/alt_error_handler.o
 .rodata        0x00847bbc       0x64 obj/default/dm9000a.o
 .rodata        0x00847c20       0xec obj/default/iniche_init.o
 .rodata        0x00847d0c      0x234 obj/default/network_utilities.o
 .rodata        0x00847f40      0x2e0 obj/default/simple_socket_server.o
 .rodata        0x00848220       0x14 c:/altera/13.0/nios2eds/bin/gnu/h-i686-mingw32/bin/../lib/gcc/nios2-elf/4.1.2\libgcc.a(_thenan_df.o)
                0x00848220                __thenan_df
 .rodata        0x00848234      0x100 c:/altera/13.0/nios2eds/bin/gnu/h-i686-mingw32/bin/../lib/gcc/nios2-elf/4.1.2\libgcc.a(_clz.o)
                0x00848234                __clz_tab
 .rodata        0x00848334      0x284 c:/altera/13.0/nios2eds/bin/gnu/h-i686-mingw32/bin/../lib/gcc/nios2-elf/4.1.2/../../../../nios2-elf/lib\libc.a(lib_a-ctype_.o)
                0x00848334                _ctype_
 .rodata.str1.4
                0x008485b8        0x2 c:/altera/13.0/nios2eds/bin/gnu/h-i686-mingw32/bin/../lib/gcc/nios2-elf/4.1.2/../../../../nios2-elf/lib\libc.a(lib_a-impure.o)
                                  0x4 (size before relaxing)
 *fill*         0x008485ba        0x2 00
 .rodata.str1.4
                0x008485bc        0x3 c:/altera/13.0/nios2eds/bin/gnu/h-i686-mingw32/bin/../lib/gcc/nios2-elf/4.1.2/../../../../nios2-elf/lib\libc.a(lib_a-perror.o)
                                  0x4 (size before relaxing)
 *fill*         0x008485bf        0x1 00
 .rodata.str1.4
                0x008485c0        0x2 c:/altera/13.0/nios2eds/bin/gnu/h-i686-mingw32/bin/../lib/gcc/nios2-elf/4.1.2/../../../../nios2-elf/lib\libc.a(lib_a-puts.o)
                                  0x4 (size before relaxing)
 *fill*         0x008485c2        0x2 00
 .rodata.str1.4
                0x008485c4      0x7a2 c:/altera/13.0/nios2eds/bin/gnu/h-i686-mingw32/bin/../lib/gcc/nios2-elf/4.1.2/../../../../nios2-elf/lib\libc.a(lib_a-strerror.o)
                                0x7a8 (size before relaxing)
 *fill*         0x00848d66        0x2 00
 .rodata.str1.4
                0x00848d68       0x5e c:/altera/13.0/nios2eds/bin/gnu/h-i686-mingw32/bin/../lib/gcc/nios2-elf/4.1.2/../../../../nios2-elf/lib\libc.a(lib_a-vfprintf.o)
                                 0x60 (size before relaxing)
 *fill*         0x00848dc6        0x2 00
 .rodata        0x00848dc8       0x20 c:/altera/13.0/nios2eds/bin/gnu/h-i686-mingw32/bin/../lib/gcc/nios2-elf/4.1.2/../../../../nios2-elf/lib\libc.a(lib_a-vfprintf.o)
 .rodata.str1.4
                0x00848de8       0x10 c:/altera/13.0/nios2eds/bin/gnu/h-i686-mingw32/bin/../lib/gcc/nios2-elf/4.1.2/../../../../nios2-elf/lib\libc.a(lib_a-dtoa.o)
                                 0x14 (size before relaxing)
 .rodata.str1.4
                0x00848df8       0x10 c:/altera/13.0/nios2eds/bin/gnu/h-i686-mingw32/bin/../lib/gcc/nios2-elf/4.1.2/../../../../nios2-elf/lib\libc.a(lib_a-locale.o)
                                 0x18 (size before relaxing)
 .rodata        0x00848e08       0x30 c:/altera/13.0/nios2eds/bin/gnu/h-i686-mingw32/bin/../lib/gcc/nios2-elf/4.1.2/../../../../nios2-elf/lib\libc.a(lib_a-locale.o)
 .rodata        0x00848e38      0x124 c:/altera/13.0/nios2eds/bin/gnu/h-i686-mingw32/bin/../lib/gcc/nios2-elf/4.1.2/../../../../nios2-elf/lib\libc.a(lib_a-mprec.o)
                0x00848e38                __mprec_tens
                0x00848f00                __mprec_bigtens
                0x00848f28                __mprec_tinytens
 .rodata        0x00848f5c       0x14 ../server_bsp/\libucosii_bsp.a(alt_main.o)
 .rodata        0x00848f70      0x120 ../server_bsp/\libucosii_bsp.a(os_core.o)
                0x00848f70                OSUnMapTbl
 .rodata        0x00849090       0x60 ../server_bsp/\libucosii_bsp.a(alt_sys_init.o)
 .rodata        0x008490f0       0xd8 ../server_bsp/\libucosii_bsp.a(ipnet.o)
 .rodata        0x008491c8       0xec ../server_bsp/\libucosii_bsp.a(ipstart.o)
 .rodata        0x008492b4      0x54c ../server_bsp/\libucosii_bsp.a(igmp_cmn.o)
 .rodata        0x00849800       0xb8 ../server_bsp/\libucosii_bsp.a(in_utils.o)
 .rodata        0x008498b8       0x34 ../server_bsp/\libucosii_bsp.a(netmain.o)
 .rodata        0x008498ec       0x94 ../server_bsp/\libucosii_bsp.a(parseip.o)
 .rodata        0x00849980      0x1a8 ../server_bsp/\libucosii_bsp.a(tk_crnos.o)
 .rodata        0x00849b28        0x8 ../server_bsp/\libucosii_bsp.a(dhcpclnt.o)
 .rodata        0x00849b30      0x118 ../server_bsp/\libucosii_bsp.a(pktalloc.o)
 .rodata        0x00849c48       0x84 ../server_bsp/\libucosii_bsp.a(udp_open.o)
 .rodata        0x00849ccc       0x2c ../server_bsp/\libucosii_bsp.a(brdutils.o)
 .rodata        0x00849cf8      0x26c ../server_bsp/\libucosii_bsp.a(osportco.o)
 .rodata        0x00849f64       0xa0 ../server_bsp/\libucosii_bsp.a(targnios.o)
 .rodata        0x0084a004       0x90 ../server_bsp/\libucosii_bsp.a(nptcp.o)
 .rodata        0x0084a094        0x8 ../server_bsp/\libucosii_bsp.a(sockcall.o)
 .rodata        0x0084a09c       0x50 ../server_bsp/\libucosii_bsp.a(socket.o)
 .rodata        0x0084a0ec       0x40 ../server_bsp/\libucosii_bsp.a(socket2.o)
 .rodata        0x0084a12c       0x20 ../server_bsp/\libucosii_bsp.a(tcp_in.o)
 .rodata        0x0084a14c       0x40 ../server_bsp/\libucosii_bsp.a(tcp_out.o)
 .rodata        0x0084a18c       0x24 ../server_bsp/\libucosii_bsp.a(tcp_subr.o)
 .rodata        0x0084a1b0       0x2c ../server_bsp/\libucosii_bsp.a(tcp_usr.o)
 .rodata        0x0084a1dc        0xc ../server_bsp/\libucosii_bsp.a(alt_dev.o)
 .rodata        0x0084a1e8        0x4 ../server_bsp/\libucosii_bsp.a(os_cpu_c.o)
 .rodata        0x0084a1ec      0x1d4 ../server_bsp/\libucosii_bsp.a(allports.o)
 .rodata        0x0084a3c0       0x34 ../server_bsp/\libucosii_bsp.a(tk_misc.o)
 .rodata        0x0084a3f4       0x44 ../server_bsp/\libucosii_bsp.a(et_arp.o)
 .rodata        0x0084a438      0x1dc ../server_bsp/\libucosii_bsp.a(ip.o)
 .rodata        0x0084a614      0x158 ../server_bsp/\libucosii_bsp.a(ip_reasm.o)
 .rodata        0x0084a76c      0x120 ../server_bsp/\libucosii_bsp.a(ipdemux.o)
 .rodata        0x0084a88c       0x34 ../server_bsp/\libucosii_bsp.a(ipport.o)
 .rodata        0x0084a8c0       0x24 ../server_bsp/\libucosii_bsp.a(ipraw.o)
 .rodata        0x0084a8e4       0x38 ../server_bsp/\libucosii_bsp.a(iproute.o)
 .rodata        0x0084a91c       0xe8 ../server_bsp/\libucosii_bsp.a(udp.o)
 .rodata        0x0084aa04      0x2d0 ../server_bsp/\libucosii_bsp.a(u_mctest.o)
 .rodata        0x0084acd4       0xf8 ../server_bsp/\libucosii_bsp.a(dhcsetup.o)
 .rodata        0x0084adcc       0x34 ../server_bsp/\libucosii_bsp.a(vfsfiles.o)
 .rodata        0x0084ae00      0x318 ../server_bsp/\libucosii_bsp.a(icmp.o)
 *(.rodata1)
                0x0084b118                . = ALIGN (0x4)
                0x0084b118                PROVIDE (__ram_rodata_end, ABSOLUTE (.))
                0x00846f10                PROVIDE (__flash_rodata_start, LOADADDR (.rodata))

.rwdata         0x0084b118     0x2140
                0x0084b118                PROVIDE (__ram_rwdata_start, ABSOLUTE (.))
                0x0084b118                . = ALIGN (0x4)
 *(.got.plt)
 *(.got)
 *(.data1)
 *(.data .data.* .gnu.linkonce.d.*)
 .data          0x0084b118        0x0 ../server_bsp//obj/HAL/src/crt0.o
 .data          0x0084b118        0x0 obj/default/LCD.o
 .data          0x0084b118        0x0 obj/default/SSS_DE2_115.o
 .data          0x0084b118        0x0 obj/default/alt_error_handler.o
 .data          0x0084b118        0x0 obj/default/dm9000a.o
 .data          0x0084b118       0x18 obj/default/iniche_init.o
                0x0084b118                ssstask
 .data          0x0084b130        0x0 obj/default/led.o
 .data          0x0084b130        0x0 obj/default/network_utilities.o
 .data          0x0084b130        0x0 obj/default/simple_socket_server.o
 .data          0x0084b130        0x0 obj/default/tse_my_system.o
 .data          0x0084b130        0x0 c:/altera/13.0/nios2eds/bin/gnu/h-i686-mingw32/bin/../lib/gcc/nios2-elf/4.1.2\libgcc.a(_fixunsdfsi.o)
 .data          0x0084b130        0x0 c:/altera/13.0/nios2eds/bin/gnu/h-i686-mingw32/bin/../lib/gcc/nios2-elf/4.1.2\libgcc.a(_addsub_df.o)
 .data          0x0084b130        0x0 c:/altera/13.0/nios2eds/bin/gnu/h-i686-mingw32/bin/../lib/gcc/nios2-elf/4.1.2\libgcc.a(_mul_df.o)
 .data          0x0084b130        0x0 c:/altera/13.0/nios2eds/bin/gnu/h-i686-mingw32/bin/../lib/gcc/nios2-elf/4.1.2\libgcc.a(_ge_df.o)
 .data          0x0084b130        0x0 c:/altera/13.0/nios2eds/bin/gnu/h-i686-mingw32/bin/../lib/gcc/nios2-elf/4.1.2\libgcc.a(_df_to_si.o)
 .data          0x0084b130        0x0 c:/altera/13.0/nios2eds/bin/gnu/h-i686-mingw32/bin/../lib/gcc/nios2-elf/4.1.2\libgcc.a(_thenan_df.o)
 .data          0x0084b130        0x0 c:/altera/13.0/nios2eds/bin/gnu/h-i686-mingw32/bin/../lib/gcc/nios2-elf/4.1.2\libgcc.a(_usi_to_df.o)
 .data          0x0084b130        0x0 c:/altera/13.0/nios2eds/bin/gnu/h-i686-mingw32/bin/../lib/gcc/nios2-elf/4.1.2\libgcc.a(_muldi3.o)
 .data          0x0084b130        0x0 c:/altera/13.0/nios2eds/bin/gnu/h-i686-mingw32/bin/../lib/gcc/nios2-elf/4.1.2\libgcc.a(_clzsi2.o)
 .data          0x0084b130        0x0 c:/altera/13.0/nios2eds/bin/gnu/h-i686-mingw32/bin/../lib/gcc/nios2-elf/4.1.2\libgcc.a(_pack_df.o)
 .data          0x0084b130        0x0 c:/altera/13.0/nios2eds/bin/gnu/h-i686-mingw32/bin/../lib/gcc/nios2-elf/4.1.2\libgcc.a(_unpack_df.o)
 .data          0x0084b130        0x0 c:/altera/13.0/nios2eds/bin/gnu/h-i686-mingw32/bin/../lib/gcc/nios2-elf/4.1.2\libgcc.a(_fpcmp_parts_df.o)
 .data          0x0084b130        0x0 c:/altera/13.0/nios2eds/bin/gnu/h-i686-mingw32/bin/../lib/gcc/nios2-elf/4.1.2\libgcc.a(_clz.o)
 .data          0x0084b130        0x0 c:/altera/13.0/nios2eds/bin/gnu/h-i686-mingw32/bin/../lib/gcc/nios2-elf/4.1.2/../../../../nios2-elf/lib\libc.a(lib_a-ctype_.o)
 .data          0x0084b130        0x0 c:/altera/13.0/nios2eds/bin/gnu/h-i686-mingw32/bin/../lib/gcc/nios2-elf/4.1.2/../../../../nios2-elf/lib\libc.a(lib_a-exit.o)
 .data          0x0084b130        0x0 c:/altera/13.0/nios2eds/bin/gnu/h-i686-mingw32/bin/../lib/gcc/nios2-elf/4.1.2/../../../../nios2-elf/lib\libc.a(lib_a-fprintf.o)
 .data          0x0084b130        0x0 c:/altera/13.0/nios2eds/bin/gnu/h-i686-mingw32/bin/../lib/gcc/nios2-elf/4.1.2/../../../../nios2-elf/lib\libc.a(lib_a-fwrite.o)
 .data          0x0084b130        0x0 c:/altera/13.0/nios2eds/bin/gnu/h-i686-mingw32/bin/../lib/gcc/nios2-elf/4.1.2/../../../../nios2-elf/lib\libc.a(lib_a-getc.o)
 .data          0x0084b130      0x400 c:/altera/13.0/nios2eds/bin/gnu/h-i686-mingw32/bin/../lib/gcc/nios2-elf/4.1.2/../../../../nios2-elf/lib\libc.a(lib_a-impure.o)
 .data          0x0084b530        0x0 c:/altera/13.0/nios2eds/bin/gnu/h-i686-mingw32/bin/../lib/gcc/nios2-elf/4.1.2/../../../../nios2-elf/lib\libc.a(lib_a-memcpy.o)
 .data          0x0084b530        0x0 c:/altera/13.0/nios2eds/bin/gnu/h-i686-mingw32/bin/../lib/gcc/nios2-elf/4.1.2/../../../../nios2-elf/lib\libc.a(lib_a-memmove.o)
 .data          0x0084b530        0x0 c:/altera/13.0/nios2eds/bin/gnu/h-i686-mingw32/bin/../lib/gcc/nios2-elf/4.1.2/../../../../nios2-elf/lib\libc.a(lib_a-memset.o)
 .data          0x0084b530        0x0 c:/altera/13.0/nios2eds/bin/gnu/h-i686-mingw32/bin/../lib/gcc/nios2-elf/4.1.2/../../../../nios2-elf/lib\libc.a(lib_a-perror.o)
 .data          0x0084b530        0x0 c:/altera/13.0/nios2eds/bin/gnu/h-i686-mingw32/bin/../lib/gcc/nios2-elf/4.1.2/../../../../nios2-elf/lib\libc.a(lib_a-printf.o)
 .data          0x0084b530        0x0 c:/altera/13.0/nios2eds/bin/gnu/h-i686-mingw32/bin/../lib/gcc/nios2-elf/4.1.2/../../../../nios2-elf/lib\libc.a(lib_a-putc.o)
 .data          0x0084b530        0x0 c:/altera/13.0/nios2eds/bin/gnu/h-i686-mingw32/bin/../lib/gcc/nios2-elf/4.1.2/../../../../nios2-elf/lib\libc.a(lib_a-putchar.o)
 .data          0x0084b530        0x0 c:/altera/13.0/nios2eds/bin/gnu/h-i686-mingw32/bin/../lib/gcc/nios2-elf/4.1.2/../../../../nios2-elf/lib\libc.a(lib_a-puts.o)
 .data          0x0084b530        0x0 c:/altera/13.0/nios2eds/bin/gnu/h-i686-mingw32/bin/../lib/gcc/nios2-elf/4.1.2/../../../../nios2-elf/lib\libc.a(lib_a-rget.o)
 .data          0x0084b530        0x0 c:/altera/13.0/nios2eds/bin/gnu/h-i686-mingw32/bin/../lib/gcc/nios2-elf/4.1.2/../../../../nios2-elf/lib\libc.a(lib_a-strchr.o)
 .data          0x0084b530        0x0 c:/altera/13.0/nios2eds/bin/gnu/h-i686-mingw32/bin/../lib/gcc/nios2-elf/4.1.2/../../../../nios2-elf/lib\libc.a(lib_a-strerror.o)
 .data          0x0084b530        0x0 c:/altera/13.0/nios2eds/bin/gnu/h-i686-mingw32/bin/../lib/gcc/nios2-elf/4.1.2/../../../../nios2-elf/lib\libc.a(lib_a-strlen.o)
 .data          0x0084b530        0x0 c:/altera/13.0/nios2eds/bin/gnu/h-i686-mingw32/bin/../lib/gcc/nios2-elf/4.1.2/../../../../nios2-elf/lib\libc.a(lib_a-u_strerr.o)
 .data          0x0084b530        0x0 c:/altera/13.0/nios2eds/bin/gnu/h-i686-mingw32/bin/../lib/gcc/nios2-elf/4.1.2/../../../../nios2-elf/lib\libc.a(lib_a-vfprintf.o)
 .data          0x0084b530        0x0 c:/altera/13.0/nios2eds/bin/gnu/h-i686-mingw32/bin/../lib/gcc/nios2-elf/4.1.2/../../../../nios2-elf/lib\libc.a(lib_a-wbuf.o)
 .data          0x0084b530        0x0 c:/altera/13.0/nios2eds/bin/gnu/h-i686-mingw32/bin/../lib/gcc/nios2-elf/4.1.2/../../../../nios2-elf/lib\libc.a(lib_a-wsetup.o)
 .data          0x0084b530        0x0 c:/altera/13.0/nios2eds/bin/gnu/h-i686-mingw32/bin/../lib/gcc/nios2-elf/4.1.2/../../../../nios2-elf/lib\libc.a(lib_a-__call_atexit.o)
 .data          0x0084b530        0x0 c:/altera/13.0/nios2eds/bin/gnu/h-i686-mingw32/bin/../lib/gcc/nios2-elf/4.1.2/../../../../nios2-elf/lib\libc.a(lib_a-dtoa.o)
 .data          0x0084b530        0x0 c:/altera/13.0/nios2eds/bin/gnu/h-i686-mingw32/bin/../lib/gcc/nios2-elf/4.1.2/../../../../nios2-elf/lib\libc.a(lib_a-fflush.o)
 .data          0x0084b530        0x0 c:/altera/13.0/nios2eds/bin/gnu/h-i686-mingw32/bin/../lib/gcc/nios2-elf/4.1.2/../../../../nios2-elf/lib\libc.a(lib_a-findfp.o)
 .data          0x0084b530        0x0 c:/altera/13.0/nios2eds/bin/gnu/h-i686-mingw32/bin/../lib/gcc/nios2-elf/4.1.2/../../../../nios2-elf/lib\libc.a(lib_a-fputc.o)
 .data          0x0084b530        0x0 c:/altera/13.0/nios2eds/bin/gnu/h-i686-mingw32/bin/../lib/gcc/nios2-elf/4.1.2/../../../../nios2-elf/lib\libc.a(lib_a-fputs.o)
 .data          0x0084b530        0x0 c:/altera/13.0/nios2eds/bin/gnu/h-i686-mingw32/bin/../lib/gcc/nios2-elf/4.1.2/../../../../nios2-elf/lib\libc.a(lib_a-freer.o)
 .data          0x0084b530        0x0 c:/altera/13.0/nios2eds/bin/gnu/h-i686-mingw32/bin/../lib/gcc/nios2-elf/4.1.2/../../../../nios2-elf/lib\libc.a(lib_a-fvwrite.o)
 .data          0x0084b530        0x0 c:/altera/13.0/nios2eds/bin/gnu/h-i686-mingw32/bin/../lib/gcc/nios2-elf/4.1.2/../../../../nios2-elf/lib\libc.a(lib_a-fwalk.o)
 .data          0x0084b530        0xc c:/altera/13.0/nios2eds/bin/gnu/h-i686-mingw32/bin/../lib/gcc/nios2-elf/4.1.2/../../../../nios2-elf/lib\libc.a(lib_a-locale.o)
                0x0084b530                __lc_ctype
 .data          0x0084b53c        0x0 c:/altera/13.0/nios2eds/bin/gnu/h-i686-mingw32/bin/../lib/gcc/nios2-elf/4.1.2/../../../../nios2-elf/lib\libc.a(lib_a-makebuf.o)
 .data          0x0084b53c      0x408 c:/altera/13.0/nios2eds/bin/gnu/h-i686-mingw32/bin/../lib/gcc/nios2-elf/4.1.2/../../../../nios2-elf/lib\libc.a(lib_a-mallocr.o)
                0x0084b53c                __malloc_av_
 .data          0x0084b944        0x0 c:/altera/13.0/nios2eds/bin/gnu/h-i686-mingw32/bin/../lib/gcc/nios2-elf/4.1.2/../../../../nios2-elf/lib\libc.a(lib_a-memchr.o)
 .data          0x0084b944        0x0 c:/altera/13.0/nios2eds/bin/gnu/h-i686-mingw32/bin/../lib/gcc/nios2-elf/4.1.2/../../../../nios2-elf/lib\libc.a(lib_a-mprec.o)
 .data          0x0084b944        0x0 c:/altera/13.0/nios2eds/bin/gnu/h-i686-mingw32/bin/../lib/gcc/nios2-elf/4.1.2/../../../../nios2-elf/lib\libc.a(lib_a-reallocr.o)
 .data          0x0084b944        0x0 c:/altera/13.0/nios2eds/bin/gnu/h-i686-mingw32/bin/../lib/gcc/nios2-elf/4.1.2/../../../../nios2-elf/lib\libc.a(lib_a-refill.o)
 .data          0x0084b944        0x0 c:/altera/13.0/nios2eds/bin/gnu/h-i686-mingw32/bin/../lib/gcc/nios2-elf/4.1.2/../../../../nios2-elf/lib\libc.a(lib_a-s_isinfd.o)
 .data          0x0084b944        0x0 c:/altera/13.0/nios2eds/bin/gnu/h-i686-mingw32/bin/../lib/gcc/nios2-elf/4.1.2/../../../../nios2-elf/lib\libc.a(lib_a-s_isnand.o)
 .data          0x0084b944        0x0 c:/altera/13.0/nios2eds/bin/gnu/h-i686-mingw32/bin/../lib/gcc/nios2-elf/4.1.2/../../../../nios2-elf/lib\libc.a(lib_a-sbrkr.o)
 .data          0x0084b944        0x0 c:/altera/13.0/nios2eds/bin/gnu/h-i686-mingw32/bin/../lib/gcc/nios2-elf/4.1.2/../../../../nios2-elf/lib\libc.a(lib_a-stdio.o)
 .data          0x0084b944        0x0 c:/altera/13.0/nios2eds/bin/gnu/h-i686-mingw32/bin/../lib/gcc/nios2-elf/4.1.2/../../../../nios2-elf/lib\libc.a(lib_a-strcmp.o)
 .data          0x0084b944        0x0 c:/altera/13.0/nios2eds/bin/gnu/h-i686-mingw32/bin/../lib/gcc/nios2-elf/4.1.2/../../../../nios2-elf/lib\libc.a(lib_a-writer.o)
 .data          0x0084b944        0x0 c:/altera/13.0/nios2eds/bin/gnu/h-i686-mingw32/bin/../lib/gcc/nios2-elf/4.1.2/../../../../nios2-elf/lib\libc.a(lib_a-callocr.o)
 .data          0x0084b944        0x0 c:/altera/13.0/nios2eds/bin/gnu/h-i686-mingw32/bin/../lib/gcc/nios2-elf/4.1.2/../../../../nios2-elf/lib\libc.a(lib_a-closer.o)
 .data          0x0084b944        0x0 c:/altera/13.0/nios2eds/bin/gnu/h-i686-mingw32/bin/../lib/gcc/nios2-elf/4.1.2/../../../../nios2-elf/lib\libc.a(lib_a-fclose.o)
 .data          0x0084b944        0x0 c:/altera/13.0/nios2eds/bin/gnu/h-i686-mingw32/bin/../lib/gcc/nios2-elf/4.1.2/../../../../nios2-elf/lib\libc.a(lib_a-fstatr.o)
 .data          0x0084b944        0x0 c:/altera/13.0/nios2eds/bin/gnu/h-i686-mingw32/bin/../lib/gcc/nios2-elf/4.1.2/../../../../nios2-elf/lib\libc.a(lib_a-int_errno.o)
 .data          0x0084b944        0x0 c:/altera/13.0/nios2eds/bin/gnu/h-i686-mingw32/bin/../lib/gcc/nios2-elf/4.1.2/../../../../nios2-elf/lib\libc.a(lib_a-isattyr.o)
 .data          0x0084b944        0x0 c:/altera/13.0/nios2eds/bin/gnu/h-i686-mingw32/bin/../lib/gcc/nios2-elf/4.1.2/../../../../nios2-elf/lib\libc.a(lib_a-lseekr.o)
 .data          0x0084b944        0x0 c:/altera/13.0/nios2eds/bin/gnu/h-i686-mingw32/bin/../lib/gcc/nios2-elf/4.1.2/../../../../nios2-elf/lib\libc.a(lib_a-readr.o)
 .data          0x0084b944        0x0 c:/altera/13.0/nios2eds/bin/gnu/h-i686-mingw32/bin/../lib/gcc/nios2-elf/4.1.2\libgcc.a(_udivdi3.o)
 .data          0x0084b944        0x0 c:/altera/13.0/nios2eds/bin/gnu/h-i686-mingw32/bin/../lib/gcc/nios2-elf/4.1.2\libgcc.a(_umoddi3.o)
 .data          0x0084b944        0x0 c:/altera/13.0/nios2eds/bin/gnu/h-i686-mingw32/bin/../lib/gcc/nios2-elf/4.1.2\libgcc.a(_div_df.o)
 .data          0x0084b944        0x0 c:/altera/13.0/nios2eds/bin/gnu/h-i686-mingw32/bin/../lib/gcc/nios2-elf/4.1.2\libgcc.a(_eq_df.o)