------------------------------------------------------------
TimeQuest Timing Analyzer Summary
------------------------------------------------------------

Type  : Slow 1200mV 85C Model Setup 'user_hardware:user_hw|divisor:div|div'
Slack : -6.622
TNS   : -202.944

Type  : Slow 1200mV 85C Model Setup 'clock'
Slack : -2.020
TNS   : -30.510

Type  : Slow 1200mV 85C Model Setup 'resetn'
Slack : -0.295
TNS   : -0.443

Type  : Slow 1200mV 85C Model Hold 'resetn'
Slack : -0.664
TNS   : -17.670

Type  : Slow 1200mV 85C Model Hold 'clock'
Slack : 0.018
TNS   : 0.000

Type  : Slow 1200mV 85C Model Hold 'user_hardware:user_hw|divisor:div|div'
Slack : 0.499
TNS   : 0.000

Type  : Slow 1200mV 85C Model Recovery 'user_hardware:user_hw|divisor:div|div'
Slack : -1.730
TNS   : -53.206

Type  : Slow 1200mV 85C Model Recovery 'resetn'
Slack : -0.421
TNS   : -0.990

Type  : Slow 1200mV 85C Model Recovery 'clock'
Slack : -0.051
TNS   : -0.510

Type  : Slow 1200mV 85C Model Removal 'resetn'
Slack : -0.539
TNS   : -15.002

Type  : Slow 1200mV 85C Model Removal 'clock'
Slack : -0.184
TNS   : -2.092

Type  : Slow 1200mV 85C Model Removal 'user_hardware:user_hw|divisor:div|div'
Slack : 0.218
TNS   : 0.000

Type  : Slow 1200mV 85C Model Minimum Pulse Width 'clock'
Slack : -3.000
TNS   : -52.000

Type  : Slow 1200mV 85C Model Minimum Pulse Width 'resetn'
Slack : -3.000
TNS   : -3.000

Type  : Slow 1200mV 85C Model Minimum Pulse Width 'user_hardware:user_hw|divisor:div|div'
Slack : -1.000
TNS   : -34.000

Type  : Slow 1200mV 0C Model Setup 'user_hardware:user_hw|divisor:div|div'
Slack : -5.870
TNS   : -179.717

Type  : Slow 1200mV 0C Model Setup 'clock'
Slack : -1.678
TNS   : -24.667

Type  : Slow 1200mV 0C Model Setup 'resetn'
Slack : -0.244
TNS   : -0.348

Type  : Slow 1200mV 0C Model Hold 'resetn'
Slack : -0.505
TNS   : -13.179

Type  : Slow 1200mV 0C Model Hold 'clock'
Slack : 0.052
TNS   : 0.000

Type  : Slow 1200mV 0C Model Hold 'user_hardware:user_hw|divisor:div|div'
Slack : 0.449
TNS   : 0.000

Type  : Slow 1200mV 0C Model Recovery 'user_hardware:user_hw|divisor:div|div'
Slack : -1.487
TNS   : -45.342

Type  : Slow 1200mV 0C Model Recovery 'resetn'
Slack : -0.350
TNS   : -0.605

Type  : Slow 1200mV 0C Model Recovery 'clock'
Slack : -0.003
TNS   : -0.030

Type  : Slow 1200mV 0C Model Removal 'resetn'
Slack : -0.551
TNS   : -15.562

Type  : Slow 1200mV 0C Model Removal 'clock'
Slack : -0.128
TNS   : -1.064

Type  : Slow 1200mV 0C Model Removal 'user_hardware:user_hw|divisor:div|div'
Slack : 0.243
TNS   : 0.000

Type  : Slow 1200mV 0C Model Minimum Pulse Width 'clock'
Slack : -3.000
TNS   : -52.000

Type  : Slow 1200mV 0C Model Minimum Pulse Width 'resetn'
Slack : -3.000
TNS   : -3.000

Type  : Slow 1200mV 0C Model Minimum Pulse Width 'user_hardware:user_hw|divisor:div|div'
Slack : -1.000
TNS   : -34.000

Type  : Fast 1200mV 0C Model Setup 'user_hardware:user_hw|divisor:div|div'
Slack : -3.888
TNS   : -119.404

Type  : Fast 1200mV 0C Model Setup 'clock'
Slack : -0.687
TNS   : -11.071

Type  : Fast 1200mV 0C Model Setup 'resetn'
Slack : 0.370
TNS   : 0.000

Type  : Fast 1200mV 0C Model Hold 'resetn'
Slack : -0.580
TNS   : -16.037

Type  : Fast 1200mV 0C Model Hold 'clock'
Slack : -0.187
TNS   : -0.187

Type  : Fast 1200mV 0C Model Hold 'user_hardware:user_hw|divisor:div|div'
Slack : 0.248
TNS   : 0.000

Type  : Fast 1200mV 0C Model Recovery 'user_hardware:user_hw|divisor:div|div'
Slack : -0.601
TNS   : -17.030

Type  : Fast 1200mV 0C Model Recovery 'clock'
Slack : -0.089
TNS   : -1.074

Type  : Fast 1200mV 0C Model Recovery 'resetn'
Slack : 0.250
TNS   : 0.000

Type  : Fast 1200mV 0C Model Removal 'resetn'
Slack : -0.464
TNS   : -13.350

Type  : Fast 1200mV 0C Model Removal 'clock'
Slack : -0.223
TNS   : -3.324

Type  : Fast 1200mV 0C Model Removal 'user_hardware:user_hw|divisor:div|div'
Slack : 0.003
TNS   : 0.000

Type  : Fast 1200mV 0C Model Minimum Pulse Width 'clock'
Slack : -3.000
TNS   : -53.257

Type  : Fast 1200mV 0C Model Minimum Pulse Width 'resetn'
Slack : -3.000
TNS   : -3.000

Type  : Fast 1200mV 0C Model Minimum Pulse Width 'user_hardware:user_hw|divisor:div|div'
Slack : -1.000
TNS   : -34.000

------------------------------------------------------------
